----------------
; Command Info ;
----------------
Report Timing: Found 2 setup paths (0 violated).  Worst case slack is 2.730 

Tcl Command:
    report_timing -setup -file /home/vash/mister-builds/entry675/results/b_transform_iq_non_intra_weight_output.rpt -from [get_registers {*|mpeg2_h262_p_non_intra_transform:b_transform|iq_non_intra_weight*}] -npaths 2 -detail full_path

Options:
    -from [get_registers {*|mpeg2_h262_p_non_intra_transform:b_transform|iq_non_intra_weight*}] 
    -setup 
    -npaths 2 
    -detail full_path 
    -file {/home/vash/mister-builds/entry675/results/b_transform_iq_non_intra_weight_output.rpt} 

Delay Model:
    Slow 1100mV 100C Model

+-------------------------------------------------------------------------------------------------------------------------------------------------------------------------------------------------------------------------------------------------------------------------------------------------------------------------------------------------------------------------------------------------------------------------------------------------------------------------------------------------------------------------------------------------------------------------------------------+
; Summary of Paths                                                                                                                                                                                                                                                                                                                                                                                                                                                                                                                                                                          ;
+-------+----------------------------------------------------------------------------------------------------------------------------------------------------------------------------+---------------------------------------------------------------------------------------------------------------------------------------------------------------------------------------------------------+-------------------------------------------------------------------------+-------------------------------------------------------------------------+--------------+------------+------------+
; Slack ; From Node                                                                                                                                                                  ; To Node                                                                                                                                                                                                 ; Launch Clock                                                            ; Latch Clock                                                             ; Relationship ; Clock Skew ; Data Delay ;
+-------+----------------------------------------------------------------------------------------------------------------------------------------------------------------------------+---------------------------------------------------------------------------------------------------------------------------------------------------------------------------------------------------------+-------------------------------------------------------------------------+-------------------------------------------------------------------------+--------------+------------+------------+
; 2.730 ; emu:emu|mpeg2_h262_two_picture_probe:mpeg2_h262_two_picture_probe|mpeg2_h262_b_core_probe:b_controller|mpeg2_h262_p_non_intra_transform:b_transform|iq_non_intra_weight[5] ; emu:emu|mpeg2_h262_two_picture_probe:mpeg2_h262_two_picture_probe|mpeg2_h262_b_core_probe:b_controller|mpeg2_h262_p_non_intra_transform:b_transform|idct_coeff_value[5]_OTERM8886_OTERM11149_OTERM16718 ; emu|pll|pll_inst|altera_pll_i|general[2].gpll~PLL_OUTPUT_COUNTER|divclk ; emu|pll|pll_inst|altera_pll_i|general[2].gpll~PLL_OUTPUT_COUNTER|divclk ; 16.666       ; -0.123     ; 13.693     ;
; 2.900 ; emu:emu|mpeg2_h262_two_picture_probe:mpeg2_h262_two_picture_probe|mpeg2_h262_b_core_probe:b_controller|mpeg2_h262_p_non_intra_transform:b_transform|iq_non_intra_weight[5] ; emu:emu|mpeg2_h262_two_picture_probe:mpeg2_h262_two_picture_probe|mpeg2_h262_b_core_probe:b_controller|mpeg2_h262_p_non_intra_transform:b_transform|idct_coeff_value[5]_OTERM8886_OTERM11149_OTERM16718 ; emu|pll|pll_inst|altera_pll_i|general[2].gpll~PLL_OUTPUT_COUNTER|divclk ; emu|pll|pll_inst|altera_pll_i|general[2].gpll~PLL_OUTPUT_COUNTER|divclk ; 16.666       ; -0.123     ; 13.523     ;
+-------+----------------------------------------------------------------------------------------------------------------------------------------------------------------------------+---------------------------------------------------------------------------------------------------------------------------------------------------------------------------------------------------------+-------------------------------------------------------------------------+-------------------------------------------------------------------------+--------------+------------+------------+

Path #1: Setup slack is 2.730 
===============================================================================
+------------------------------------------------------------------------------------------------------------------------------------------------------------------------------------------------------------------------------+
; Path Summary                                                                                                                                                                                                                 ;
+--------------------+---------------------------------------------------------------------------------------------------------------------------------------------------------------------------------------------------------+
; Property           ; Value                                                                                                                                                                                                   ;
+--------------------+---------------------------------------------------------------------------------------------------------------------------------------------------------------------------------------------------------+
; From Node          ; emu:emu|mpeg2_h262_two_picture_probe:mpeg2_h262_two_picture_probe|mpeg2_h262_b_core_probe:b_controller|mpeg2_h262_p_non_intra_transform:b_transform|iq_non_intra_weight[5]                              ;
; To Node            ; emu:emu|mpeg2_h262_two_picture_probe:mpeg2_h262_two_picture_probe|mpeg2_h262_b_core_probe:b_controller|mpeg2_h262_p_non_intra_transform:b_transform|idct_coeff_value[5]_OTERM8886_OTERM11149_OTERM16718 ;
; Launch Clock       ; emu|pll|pll_inst|altera_pll_i|general[2].gpll~PLL_OUTPUT_COUNTER|divclk                                                                                                                                 ;
; Latch Clock        ; emu|pll|pll_inst|altera_pll_i|general[2].gpll~PLL_OUTPUT_COUNTER|divclk                                                                                                                                 ;
; Data Arrival Time  ; 18.332                                                                                                                                                                                                  ;
; Data Required Time ; 21.062                                                                                                                                                                                                  ;
; Slack              ; 2.730                                                                                                                                                                                                   ;
+--------------------+---------------------------------------------------------------------------------------------------------------------------------------------------------------------------------------------------------+

+--------------------------------------------------------------------------------------+
; Statistics                                                                           ;
+------------------------+--------+-------+-------------+------------+--------+--------+
; Property               ; Value  ; Count ; Total Delay ; % of Total ; Min    ; Max    ;
+------------------------+--------+-------+-------------+------------+--------+--------+
; Setup Relationship     ; 16.666 ;       ;             ;            ;        ;        ;
; Clock Skew             ; -0.123 ;       ;             ;            ;        ;        ;
; Data Delay             ; 13.693 ;       ;             ;            ;        ;        ;
; Number of Logic Levels ;        ; 8     ;             ;            ;        ;        ;
; Physical Delays        ;        ;       ;             ;            ;        ;        ;
;  Arrival Path          ;        ;       ;             ;            ;        ;        ;
;   Clock                ;        ;       ;             ;            ;        ;        ;
;    IC                  ;        ; 6     ; 4.686       ; 56         ; 0.000  ; 2.312  ;
;    Cell                ;        ; 5     ; 3.721       ; 44         ; 0.304  ; 1.746  ;
;    PLL Compensation    ;        ; 1     ; -3.768      ; 0          ; -3.768 ; -3.768 ;
;   Data                 ;        ;       ;             ;            ;        ;        ;
;    IC                  ;        ; 29    ; 5.230       ; 38         ; 0.000  ; 1.116  ;
;    Cell                ;        ; 30    ; 8.463       ; 62         ; 0.000  ; 3.882  ;
;    uTco                ;        ; 1     ; 0.000       ; 0          ; 0.000  ; 0.000  ;
;  Required Path         ;        ;       ;             ;            ;        ;        ;
;   Clock                ;        ;       ;             ;            ;        ;        ;
;    IC                  ;        ; 6     ; 3.966       ; 54         ; 0.000  ; 1.887  ;
;    Cell                ;        ; 5     ; 3.317       ; 46         ; 0.279  ; 1.468  ;
;    PLL Compensation    ;        ; 1     ; -4.932      ; 0          ; -4.932 ; -4.932 ;
+------------------------+--------+-------+-------------+------------+--------+--------+
Note: Negative delays are omitted from totals when calculating percentages

+---------------------------------------------------------------------------------------------------------------------------------------------------------------------------------------------------------------------------------------------------------------------------------+
; Data Arrival Path                                                                                                                                                                                                                                                               ;
+----------+----------+----+------+--------+----------------------------+---------------------------------------------------------------------------------------------------------------------------------------------------------------------------------------------------------+
; Total    ; Incr     ; RF ; Type ; Fanout ; Location                   ; Element                                                                                                                                                                                                 ;
+----------+----------+----+------+--------+----------------------------+---------------------------------------------------------------------------------------------------------------------------------------------------------------------------------------------------------+
; 0.000    ; 0.000    ;    ;      ;        ;                            ; launch edge time                                                                                                                                                                                        ;
; 4.639    ; 4.639    ;    ;      ;        ;                            ; clock path                                                                                                                                                                                              ;
;   0.000  ;   0.000  ;    ;      ;        ;                            ; source latency                                                                                                                                                                                          ;
;   0.000  ;   0.000  ;    ;      ; 1      ; PIN_Y13                    ; FPGA_CLK2_50                                                                                                                                                                                            ;
;   0.000  ;   0.000  ; RR ; IC   ; 1      ; IOIBUF_X56_Y0_N1           ; FPGA_CLK2_50~input|i                                                                                                                                                                                    ;
;   0.761  ;   0.761  ; RR ; CELL ; 2      ; IOIBUF_X56_Y0_N1           ; FPGA_CLK2_50~input|o                                                                                                                                                                                    ;
;   2.096  ;   1.335  ; RR ; IC   ; 1      ; PLLREFCLKSELECT_X89_Y7_N0  ; emu|pll|pll_inst|altera_pll_i|general[0].gpll~PLL_REFCLK_SELECT|clkin[0]                                                                                                                                ;
;   2.429  ;   0.333  ; RR ; CELL ; 1      ; PLLREFCLKSELECT_X89_Y7_N0  ; emu|pll|pll_inst|altera_pll_i|general[0].gpll~PLL_REFCLK_SELECT|clkout                                                                                                                                  ;
;   2.429  ;   0.000  ; RR ; IC   ; 10     ; FRACTIONALPLL_X89_Y1_N0    ; emu|pll|pll_inst|altera_pll_i|general[0].gpll~FRACTIONAL_PLL|refclkin                                                                                                                                   ;
;   -1.339 ;   -3.768 ; RR ; COMP ; 3      ; FRACTIONALPLL_X89_Y1_N0    ; emu|pll|pll_inst|altera_pll_i|general[0].gpll~FRACTIONAL_PLL|vcoph[0]                                                                                                                                   ;
;   -1.339 ;   0.000  ; RR ; IC   ; 1      ; PLLOUTPUTCOUNTER_X89_Y6_N1 ; emu|pll|pll_inst|altera_pll_i|general[2].gpll~PLL_OUTPUT_COUNTER|vco0ph[0]                                                                                                                              ;
;   0.407  ;   1.746  ; RR ; CELL ; 1      ; PLLOUTPUTCOUNTER_X89_Y6_N1 ; emu|pll|pll_inst|altera_pll_i|general[2].gpll~PLL_OUTPUT_COUNTER|divclk                                                                                                                                 ;
;   1.446  ;   1.039  ; RR ; IC   ; 1      ; CLKCTRL_G6                 ; emu|pll|pll_inst|altera_pll_i|outclk_wire[2]~CLKENA0|inclk                                                                                                                                              ;
;   1.750  ;   0.304  ; RR ; CELL ; 36211  ; CLKCTRL_G6                 ; emu|pll|pll_inst|altera_pll_i|outclk_wire[2]~CLKENA0|outclk                                                                                                                                             ;
;   4.062  ;   2.312  ; RR ; IC   ; 1      ; FF_X31_Y2_N31              ; emu|mpeg2_h262_two_picture_probe|b_controller|b_transform|iq_non_intra_weight[5]|clk                                                                                                                    ;
;   4.639  ;   0.577  ; RR ; CELL ; 1      ; FF_X31_Y2_N31              ; emu:emu|mpeg2_h262_two_picture_probe:mpeg2_h262_two_picture_probe|mpeg2_h262_b_core_probe:b_controller|mpeg2_h262_p_non_intra_transform:b_transform|iq_non_intra_weight[5]                              ;
; 18.332   ; 13.693   ;    ;      ;        ;                            ; data path                                                                                                                                                                                               ;
;   4.639  ;   0.000  ;    ; uTco ; 1      ; FF_X31_Y2_N31              ; emu:emu|mpeg2_h262_two_picture_probe:mpeg2_h262_two_picture_probe|mpeg2_h262_b_core_probe:b_controller|mpeg2_h262_p_non_intra_transform:b_transform|iq_non_intra_weight[5]                              ;
;   4.639  ;   0.000  ; FF ; CELL ; 1      ; FF_X31_Y2_N31              ; emu|mpeg2_h262_two_picture_probe|b_controller|b_transform|iq_non_intra_weight[5]|q                                                                                                                      ;
;   5.275  ;   0.636  ; FF ; IC   ; 1      ; LABCELL_X31_Y2_N57         ; emu|mpeg2_h262_two_picture_probe|b_controller|b_transform|iq_multiplier_b[5]~6|datac                                                                                                                    ;
;   5.753  ;   0.478  ; FF ; CELL ; 1      ; LABCELL_X31_Y2_N57         ; emu|mpeg2_h262_two_picture_probe|b_controller|b_transform|iq_multiplier_b[5]~6|combout                                                                                                                  ;
;   5.994  ;   0.241  ; FF ; IC   ; 1      ; LABCELL_X31_Y2_N0          ; emu|mpeg2_h262_two_picture_probe|b_controller|b_transform|iq_multiplier_b[5]~8|datad                                                                                                                    ;
;   6.502  ;   0.508  ; FF ; CELL ; 1      ; LABCELL_X31_Y2_N0          ; emu|mpeg2_h262_two_picture_probe|b_controller|b_transform|iq_multiplier_b[5]~8|combout                                                                                                                  ;
;   7.340  ;   0.838  ; FF ; IC   ; 32     ; DSP_X32_Y2_N0              ; emu|mpeg2_h262_two_picture_probe|b_controller|b_transform|Mult0~mac|ay[5]                                                                                                                               ;
;   11.222 ;   3.882  ; FF ; CELL ; 3      ; DSP_X32_Y2_N0              ; emu|mpeg2_h262_two_picture_probe|b_controller|b_transform|Mult0~mac|resulta[2]                                                                                                                          ;
;   12.338 ;   1.116  ; FF ; IC   ; 1      ; LABCELL_X33_Y2_N24         ; emu|mpeg2_h262_two_picture_probe|b_controller|b_transform|WideOr0~0|dataa                                                                                                                               ;
;   12.878 ;   0.540  ; FR ; CELL ; 1      ; LABCELL_X33_Y2_N24         ; emu|mpeg2_h262_two_picture_probe|b_controller|b_transform|WideOr0~0|combout                                                                                                                             ;
;   13.459 ;   0.581  ; RR ; IC   ; 1      ; LABCELL_X35_Y2_N0          ; emu|mpeg2_h262_two_picture_probe|b_controller|b_transform|Add2~118|datac                                                                                                                                ;
;   14.281 ;   0.822  ; RF ; CELL ; 1      ; LABCELL_X35_Y2_N0          ; emu|mpeg2_h262_two_picture_probe|b_controller|b_transform|Add2~118|cout                                                                                                                                 ;
;   14.281 ;   0.000  ; FF ; IC   ; 2      ; LABCELL_X35_Y2_N3          ; emu|mpeg2_h262_two_picture_probe|b_controller|b_transform|Add2~85|cin                                                                                                                                   ;
;   14.281 ;   0.000  ; FF ; CELL ; 1      ; LABCELL_X35_Y2_N3          ; emu|mpeg2_h262_two_picture_probe|b_controller|b_transform|Add2~85|cout                                                                                                                                  ;
;   14.281 ;   0.000  ; FF ; IC   ; 2      ; LABCELL_X35_Y2_N6          ; emu|mpeg2_h262_two_picture_probe|b_controller|b_transform|Add2~81|cin                                                                                                                                   ;
;   14.326 ;   0.045  ; FF ; CELL ; 1      ; LABCELL_X35_Y2_N6          ; emu|mpeg2_h262_two_picture_probe|b_controller|b_transform|Add2~81|cout                                                                                                                                  ;
;   14.326 ;   0.000  ; FF ; IC   ; 2      ; LABCELL_X35_Y2_N9          ; emu|mpeg2_h262_two_picture_probe|b_controller|b_transform|Add2~113|cin                                                                                                                                  ;
;   14.326 ;   0.000  ; FF ; CELL ; 1      ; LABCELL_X35_Y2_N9          ; emu|mpeg2_h262_two_picture_probe|b_controller|b_transform|Add2~113|cout                                                                                                                                 ;
;   14.326 ;   0.000  ; FF ; IC   ; 2      ; LABCELL_X35_Y2_N12         ; emu|mpeg2_h262_two_picture_probe|b_controller|b_transform|Add2~109|cin                                                                                                                                  ;
;   14.371 ;   0.045  ; FF ; CELL ; 1      ; LABCELL_X35_Y2_N12         ; emu|mpeg2_h262_two_picture_probe|b_controller|b_transform|Add2~109|cout                                                                                                                                 ;
;   14.371 ;   0.000  ; FF ; IC   ; 2      ; LABCELL_X35_Y2_N15         ; emu|mpeg2_h262_two_picture_probe|b_controller|b_transform|Add2~77|cin                                                                                                                                   ;
;   14.371 ;   0.000  ; FF ; CELL ; 1      ; LABCELL_X35_Y2_N15         ; emu|mpeg2_h262_two_picture_probe|b_controller|b_transform|Add2~77|cout                                                                                                                                  ;
;   14.371 ;   0.000  ; FF ; IC   ; 2      ; LABCELL_X35_Y2_N18         ; emu|mpeg2_h262_two_picture_probe|b_controller|b_transform|Add2~1|cin                                                                                                                                    ;
;   14.416 ;   0.045  ; FF ; CELL ; 1      ; LABCELL_X35_Y2_N18         ; emu|mpeg2_h262_two_picture_probe|b_controller|b_transform|Add2~1|cout                                                                                                                                   ;
;   14.416 ;   0.000  ; FF ; IC   ; 2      ; LABCELL_X35_Y2_N21         ; emu|mpeg2_h262_two_picture_probe|b_controller|b_transform|Add2~101|cin                                                                                                                                  ;
;   14.416 ;   0.000  ; FF ; CELL ; 1      ; LABCELL_X35_Y2_N21         ; emu|mpeg2_h262_two_picture_probe|b_controller|b_transform|Add2~101|cout                                                                                                                                 ;
;   14.416 ;   0.000  ; FF ; IC   ; 2      ; LABCELL_X35_Y2_N24         ; emu|mpeg2_h262_two_picture_probe|b_controller|b_transform|Add2~97|cin                                                                                                                                   ;
;   14.473 ;   0.057  ; FF ; CELL ; 1      ; LABCELL_X35_Y2_N24         ; emu|mpeg2_h262_two_picture_probe|b_controller|b_transform|Add2~97|cout                                                                                                                                  ;
;   14.473 ;   0.000  ; FF ; IC   ; 2      ; LABCELL_X35_Y2_N27         ; emu|mpeg2_h262_two_picture_probe|b_controller|b_transform|Add2~93|cin                                                                                                                                   ;
;   14.473 ;   0.000  ; FF ; CELL ; 1      ; LABCELL_X35_Y2_N27         ; emu|mpeg2_h262_two_picture_probe|b_controller|b_transform|Add2~93|cout                                                                                                                                  ;
;   14.473 ;   0.000  ; FF ; IC   ; 2      ; LABCELL_X35_Y2_N30         ; emu|mpeg2_h262_two_picture_probe|b_controller|b_transform|Add2~105|cin                                                                                                                                  ;
;   14.591 ;   0.118  ; FF ; CELL ; 1      ; LABCELL_X35_Y2_N30         ; emu|mpeg2_h262_two_picture_probe|b_controller|b_transform|Add2~105|cout                                                                                                                                 ;
;   14.591 ;   0.000  ; FF ; IC   ; 2      ; LABCELL_X35_Y2_N33         ; emu|mpeg2_h262_two_picture_probe|b_controller|b_transform|Add2~89|cin                                                                                                                                   ;
;   14.591 ;   0.000  ; FF ; CELL ; 1      ; LABCELL_X35_Y2_N33         ; emu|mpeg2_h262_two_picture_probe|b_controller|b_transform|Add2~89|cout                                                                                                                                  ;
;   14.591 ;   0.000  ; FF ; IC   ; 2      ; LABCELL_X35_Y2_N36         ; emu|mpeg2_h262_two_picture_probe|b_controller|b_transform|Add2~65|cin                                                                                                                                   ;
;   14.636 ;   0.045  ; FF ; CELL ; 1      ; LABCELL_X35_Y2_N36         ; emu|mpeg2_h262_two_picture_probe|b_controller|b_transform|Add2~65|cout                                                                                                                                  ;
;   14.636 ;   0.000  ; FF ; IC   ; 2      ; LABCELL_X35_Y2_N39         ; emu|mpeg2_h262_two_picture_probe|b_controller|b_transform|Add2~69|cin                                                                                                                                   ;
;   14.636 ;   0.000  ; FF ; CELL ; 1      ; LABCELL_X35_Y2_N39         ; emu|mpeg2_h262_two_picture_probe|b_controller|b_transform|Add2~69|cout                                                                                                                                  ;
;   14.636 ;   0.000  ; FF ; IC   ; 2      ; LABCELL_X35_Y2_N42         ; emu|mpeg2_h262_two_picture_probe|b_controller|b_transform|Add2~25|cin                                                                                                                                   ;
;   14.681 ;   0.045  ; FF ; CELL ; 1      ; LABCELL_X35_Y2_N42         ; emu|mpeg2_h262_two_picture_probe|b_controller|b_transform|Add2~25|cout                                                                                                                                  ;
;   14.681 ;   0.000  ; FF ; IC   ; 2      ; LABCELL_X35_Y2_N45         ; emu|mpeg2_h262_two_picture_probe|b_controller|b_transform|Add2~29|cin                                                                                                                                   ;
;   14.681 ;   0.000  ; FF ; CELL ; 1      ; LABCELL_X35_Y2_N45         ; emu|mpeg2_h262_two_picture_probe|b_controller|b_transform|Add2~29|cout                                                                                                                                  ;
;   14.681 ;   0.000  ; FF ; IC   ; 2      ; LABCELL_X35_Y2_N48         ; emu|mpeg2_h262_two_picture_probe|b_controller|b_transform|Add2~33|cin                                                                                                                                   ;
;   14.726 ;   0.045  ; FF ; CELL ; 1      ; LABCELL_X35_Y2_N48         ; emu|mpeg2_h262_two_picture_probe|b_controller|b_transform|Add2~33|cout                                                                                                                                  ;
;   14.726 ;   0.000  ; FF ; IC   ; 2      ; LABCELL_X35_Y2_N51         ; emu|mpeg2_h262_two_picture_probe|b_controller|b_transform|Add2~37|cin                                                                                                                                   ;
;   14.726 ;   0.000  ; FF ; CELL ; 1      ; LABCELL_X35_Y2_N51         ; emu|mpeg2_h262_two_picture_probe|b_controller|b_transform|Add2~37|cout                                                                                                                                  ;
;   14.726 ;   0.000  ; FF ; IC   ; 2      ; LABCELL_X35_Y2_N54         ; emu|mpeg2_h262_two_picture_probe|b_controller|b_transform|Add2~49|cin                                                                                                                                   ;
;   14.769 ;   0.043  ; FF ; CELL ; 1      ; LABCELL_X35_Y2_N54         ; emu|mpeg2_h262_two_picture_probe|b_controller|b_transform|Add2~49|cout                                                                                                                                  ;
;   14.769 ;   0.000  ; FF ; IC   ; 2      ; LABCELL_X35_Y2_N57         ; emu|mpeg2_h262_two_picture_probe|b_controller|b_transform|Add2~53|cin                                                                                                                                   ;
;   14.769 ;   0.000  ; FF ; CELL ; 1      ; LABCELL_X35_Y2_N57         ; emu|mpeg2_h262_two_picture_probe|b_controller|b_transform|Add2~53|cout                                                                                                                                  ;
;   14.769 ;   0.000  ; FF ; IC   ; 2      ; LABCELL_X35_Y1_N30         ; emu|mpeg2_h262_two_picture_probe|b_controller|b_transform|Add2~73|cin                                                                                                                                   ;
;   15.305 ;   0.536  ; FR ; CELL ; 1      ; LABCELL_X35_Y1_N30         ; emu|mpeg2_h262_two_picture_probe|b_controller|b_transform|Add2~73|sumout                                                                                                                                ;
;   15.861 ;   0.556  ; RR ; IC   ; 1      ; MLABCELL_X34_Y1_N0         ; emu|mpeg2_h262_two_picture_probe|b_controller|b_transform|iq_unclipped[19]~22|dataf                                                                                                                     ;
;   15.957 ;   0.096  ; RF ; CELL ; 4      ; MLABCELL_X34_Y1_N0         ; emu|mpeg2_h262_two_picture_probe|b_controller|b_transform|iq_unclipped[19]~22|combout                                                                                                                   ;
;   16.780 ;   0.823  ; FF ; IC   ; 1      ; LABCELL_X30_Y1_N36         ; emu|mpeg2_h262_two_picture_probe|b_controller|b_transform|LessThan2~3_Duplicate_Duplicate_RESYN16697|datad                                                                                              ;
;   17.133 ;   0.353  ; FF ; CELL ; 1      ; LABCELL_X30_Y1_N36         ; emu|mpeg2_h262_two_picture_probe|b_controller|b_transform|LessThan2~3_Duplicate_Duplicate_RESYN16697|combout                                                                                            ;
;   17.346 ;   0.213  ; FF ; IC   ; 1      ; LABCELL_X30_Y1_N30         ; emu|mpeg2_h262_two_picture_probe|b_controller|b_transform|LessThan2~3_Duplicate_Duplicate|datae                                                                                                         ;
;   17.568 ;   0.222  ; FF ; CELL ; 2      ; LABCELL_X30_Y1_N30         ; emu|mpeg2_h262_two_picture_probe|b_controller|b_transform|LessThan2~3_Duplicate_Duplicate|combout                                                                                                       ;
;   17.794 ;   0.226  ; FF ; IC   ; 1      ; FF_X30_Y1_N37              ; emu|mpeg2_h262_two_picture_probe|b_controller|b_transform|idct_coeff_value[5]_OTERM8886_OTERM11149_NEW_REG16717|asdata                                                                                  ;
;   18.332 ;   0.538  ; FF ; CELL ; 1      ; FF_X30_Y1_N37              ; emu:emu|mpeg2_h262_two_picture_probe:mpeg2_h262_two_picture_probe|mpeg2_h262_b_core_probe:b_controller|mpeg2_h262_p_non_intra_transform:b_transform|idct_coeff_value[5]_OTERM8886_OTERM11149_OTERM16718 ;
+----------+----------+----+------+--------+----------------------------+---------------------------------------------------------------------------------------------------------------------------------------------------------------------------------------------------------+

+---------------------------------------------------------------------------------------------------------------------------------------------------------------------------------------------------------------------------------------------------------------------------------+
; Data Required Path                                                                                                                                                                                                                                                              ;
+----------+----------+----+------+--------+----------------------------+---------------------------------------------------------------------------------------------------------------------------------------------------------------------------------------------------------+
; Total    ; Incr     ; RF ; Type ; Fanout ; Location                   ; Element                                                                                                                                                                                                 ;
+----------+----------+----+------+--------+----------------------------+---------------------------------------------------------------------------------------------------------------------------------------------------------------------------------------------------------+
; 16.666   ; 16.666   ;    ;      ;        ;                            ; latch edge time                                                                                                                                                                                         ;
; 21.182   ; 4.516    ;    ;      ;        ;                            ; clock path                                                                                                                                                                                              ;
;   16.666 ;   0.000  ;    ;      ;        ;                            ; source latency                                                                                                                                                                                          ;
;   16.666 ;   0.000  ;    ;      ; 1      ; PIN_Y13                    ; FPGA_CLK2_50                                                                                                                                                                                            ;
;   16.666 ;   0.000  ; RR ; IC   ; 1      ; IOIBUF_X56_Y0_N1           ; FPGA_CLK2_50~input|i                                                                                                                                                                                    ;
;   17.427 ;   0.761  ; RR ; CELL ; 2      ; IOIBUF_X56_Y0_N1           ; FPGA_CLK2_50~input|o                                                                                                                                                                                    ;
;   18.598 ;   1.171  ; RR ; IC   ; 1      ; PLLREFCLKSELECT_X89_Y7_N0  ; emu|pll|pll_inst|altera_pll_i|general[0].gpll~PLL_REFCLK_SELECT|clkin[0]                                                                                                                                ;
;   18.906 ;   0.308  ; RR ; CELL ; 1      ; PLLREFCLKSELECT_X89_Y7_N0  ; emu|pll|pll_inst|altera_pll_i|general[0].gpll~PLL_REFCLK_SELECT|clkout                                                                                                                                  ;
;   18.906 ;   0.000  ; RR ; IC   ; 10     ; FRACTIONALPLL_X89_Y1_N0    ; emu|pll|pll_inst|altera_pll_i|general[0].gpll~FRACTIONAL_PLL|refclkin                                                                                                                                   ;
;   13.974 ;   -4.932 ; RR ; COMP ; 3      ; FRACTIONALPLL_X89_Y1_N0    ; emu|pll|pll_inst|altera_pll_i|general[0].gpll~FRACTIONAL_PLL|vcoph[0]                                                                                                                                   ;
;   13.974 ;   0.000  ; RR ; IC   ; 1      ; PLLOUTPUTCOUNTER_X89_Y6_N1 ; emu|pll|pll_inst|altera_pll_i|general[2].gpll~PLL_OUTPUT_COUNTER|vco0ph[0]                                                                                                                              ;
;   15.442 ;   1.468  ; RR ; CELL ; 1      ; PLLOUTPUTCOUNTER_X89_Y6_N1 ; emu|pll|pll_inst|altera_pll_i|general[2].gpll~PLL_OUTPUT_COUNTER|divclk                                                                                                                                 ;
;   16.350 ;   0.908  ; RR ; IC   ; 1      ; CLKCTRL_G6                 ; emu|pll|pll_inst|altera_pll_i|outclk_wire[2]~CLKENA0|inclk                                                                                                                                              ;
;   16.629 ;   0.279  ; RR ; CELL ; 36211  ; CLKCTRL_G6                 ; emu|pll|pll_inst|altera_pll_i|outclk_wire[2]~CLKENA0|outclk                                                                                                                                             ;
;   18.516 ;   1.887  ; RR ; IC   ; 1      ; FF_X30_Y1_N37              ; emu|mpeg2_h262_two_picture_probe|b_controller|b_transform|idct_coeff_value[5]_OTERM8886_OTERM11149_NEW_REG16717|clk                                                                                     ;
;   19.017 ;   0.501  ; RR ; CELL ; 1      ; FF_X30_Y1_N37              ; emu:emu|mpeg2_h262_two_picture_probe:mpeg2_h262_two_picture_probe|mpeg2_h262_b_core_probe:b_controller|mpeg2_h262_p_non_intra_transform:b_transform|idct_coeff_value[5]_OTERM8886_OTERM11149_OTERM16718 ;
;   21.182 ;   2.165  ;    ;      ;        ;                            ; clock pessimism removed                                                                                                                                                                                 ;
; 21.062   ; -0.120   ;    ;      ;        ;                            ; clock uncertainty                                                                                                                                                                                       ;
; 21.062   ; 0.000    ;    ; uTsu ; 1      ; FF_X30_Y1_N37              ; emu:emu|mpeg2_h262_two_picture_probe:mpeg2_h262_two_picture_probe|mpeg2_h262_b_core_probe:b_controller|mpeg2_h262_p_non_intra_transform:b_transform|idct_coeff_value[5]_OTERM8886_OTERM11149_OTERM16718 ;
+----------+----------+----+------+--------+----------------------------+---------------------------------------------------------------------------------------------------------------------------------------------------------------------------------------------------------+

----------------------------
; Extra Fitter Information ;
----------------------------
HTML report is unavailable in plain text report export.


Path #2: Setup slack is 2.900 
===============================================================================
+------------------------------------------------------------------------------------------------------------------------------------------------------------------------------------------------------------------------------+
; Path Summary                                                                                                                                                                                                                 ;
+--------------------+---------------------------------------------------------------------------------------------------------------------------------------------------------------------------------------------------------+
; Property           ; Value                                                                                                                                                                                                   ;
+--------------------+---------------------------------------------------------------------------------------------------------------------------------------------------------------------------------------------------------+
; From Node          ; emu:emu|mpeg2_h262_two_picture_probe:mpeg2_h262_two_picture_probe|mpeg2_h262_b_core_probe:b_controller|mpeg2_h262_p_non_intra_transform:b_transform|iq_non_intra_weight[5]                              ;
; To Node            ; emu:emu|mpeg2_h262_two_picture_probe:mpeg2_h262_two_picture_probe|mpeg2_h262_b_core_probe:b_controller|mpeg2_h262_p_non_intra_transform:b_transform|idct_coeff_value[5]_OTERM8886_OTERM11149_OTERM16718 ;
; Launch Clock       ; emu|pll|pll_inst|altera_pll_i|general[2].gpll~PLL_OUTPUT_COUNTER|divclk                                                                                                                                 ;
; Latch Clock        ; emu|pll|pll_inst|altera_pll_i|general[2].gpll~PLL_OUTPUT_COUNTER|divclk                                                                                                                                 ;
; Data Arrival Time  ; 18.162                                                                                                                                                                                                  ;
; Data Required Time ; 21.062                                                                                                                                                                                                  ;
; Slack              ; 2.900                                                                                                                                                                                                   ;
+--------------------+---------------------------------------------------------------------------------------------------------------------------------------------------------------------------------------------------------+

+--------------------------------------------------------------------------------------+
; Statistics                                                                           ;
+------------------------+--------+-------+-------------+------------+--------+--------+
; Property               ; Value  ; Count ; Total Delay ; % of Total ; Min    ; Max    ;
+------------------------+--------+-------+-------------+------------+--------+--------+
; Setup Relationship     ; 16.666 ;       ;             ;            ;        ;        ;
; Clock Skew             ; -0.123 ;       ;             ;            ;        ;        ;
; Data Delay             ; 13.523 ;       ;             ;            ;        ;        ;
; Number of Logic Levels ;        ; 8     ;             ;            ;        ;        ;
; Physical Delays        ;        ;       ;             ;            ;        ;        ;
;  Arrival Path          ;        ;       ;             ;            ;        ;        ;
;   Clock                ;        ;       ;             ;            ;        ;        ;
;    IC                  ;        ; 6     ; 4.686       ; 56         ; 0.000  ; 2.312  ;
;    Cell                ;        ; 5     ; 3.721       ; 44         ; 0.304  ; 1.746  ;
;    PLL Compensation    ;        ; 1     ; -3.768      ; 0          ; -3.768 ; -3.768 ;
;   Data                 ;        ;       ;             ;            ;        ;        ;
;    IC                  ;        ; 29    ; 5.056       ; 37         ; 0.000  ; 0.942  ;
;    Cell                ;        ; 30    ; 8.467       ; 63         ; 0.000  ; 3.882  ;
;    uTco                ;        ; 1     ; 0.000       ; 0          ; 0.000  ; 0.000  ;
;  Required Path         ;        ;       ;             ;            ;        ;        ;
;   Clock                ;        ;       ;             ;            ;        ;        ;
;    IC                  ;        ; 6     ; 3.966       ; 54         ; 0.000  ; 1.887  ;
;    Cell                ;        ; 5     ; 3.317       ; 46         ; 0.279  ; 1.468  ;
;    PLL Compensation    ;        ; 1     ; -4.932      ; 0          ; -4.932 ; -4.932 ;
+------------------------+--------+-------+-------------+------------+--------+--------+
Note: Negative delays are omitted from totals when calculating percentages

+---------------------------------------------------------------------------------------------------------------------------------------------------------------------------------------------------------------------------------------------------------------------------------+
; Data Arrival Path                                                                                                                                                                                                                                                               ;
+----------+----------+----+------+--------+----------------------------+---------------------------------------------------------------------------------------------------------------------------------------------------------------------------------------------------------+
; Total    ; Incr     ; RF ; Type ; Fanout ; Location                   ; Element                                                                                                                                                                                                 ;
+----------+----------+----+------+--------+----------------------------+---------------------------------------------------------------------------------------------------------------------------------------------------------------------------------------------------------+
; 0.000    ; 0.000    ;    ;      ;        ;                            ; launch edge time                                                                                                                                                                                        ;
; 4.639    ; 4.639    ;    ;      ;        ;                            ; clock path                                                                                                                                                                                              ;
;   0.000  ;   0.000  ;    ;      ;        ;                            ; source latency                                                                                                                                                                                          ;
;   0.000  ;   0.000  ;    ;      ; 1      ; PIN_Y13                    ; FPGA_CLK2_50                                                                                                                                                                                            ;
;   0.000  ;   0.000  ; RR ; IC   ; 1      ; IOIBUF_X56_Y0_N1           ; FPGA_CLK2_50~input|i                                                                                                                                                                                    ;
;   0.761  ;   0.761  ; RR ; CELL ; 2      ; IOIBUF_X56_Y0_N1           ; FPGA_CLK2_50~input|o                                                                                                                                                                                    ;
;   2.096  ;   1.335  ; RR ; IC   ; 1      ; PLLREFCLKSELECT_X89_Y7_N0  ; emu|pll|pll_inst|altera_pll_i|general[0].gpll~PLL_REFCLK_SELECT|clkin[0]                                                                                                                                ;
;   2.429  ;   0.333  ; RR ; CELL ; 1      ; PLLREFCLKSELECT_X89_Y7_N0  ; emu|pll|pll_inst|altera_pll_i|general[0].gpll~PLL_REFCLK_SELECT|clkout                                                                                                                                  ;
;   2.429  ;   0.000  ; RR ; IC   ; 10     ; FRACTIONALPLL_X89_Y1_N0    ; emu|pll|pll_inst|altera_pll_i|general[0].gpll~FRACTIONAL_PLL|refclkin                                                                                                                                   ;
;   -1.339 ;   -3.768 ; RR ; COMP ; 3      ; FRACTIONALPLL_X89_Y1_N0    ; emu|pll|pll_inst|altera_pll_i|general[0].gpll~FRACTIONAL_PLL|vcoph[0]                                                                                                                                   ;
;   -1.339 ;   0.000  ; RR ; IC   ; 1      ; PLLOUTPUTCOUNTER_X89_Y6_N1 ; emu|pll|pll_inst|altera_pll_i|general[2].gpll~PLL_OUTPUT_COUNTER|vco0ph[0]                                                                                                                              ;
;   0.407  ;   1.746  ; RR ; CELL ; 1      ; PLLOUTPUTCOUNTER_X89_Y6_N1 ; emu|pll|pll_inst|altera_pll_i|general[2].gpll~PLL_OUTPUT_COUNTER|divclk                                                                                                                                 ;
;   1.446  ;   1.039  ; RR ; IC   ; 1      ; CLKCTRL_G6                 ; emu|pll|pll_inst|altera_pll_i|outclk_wire[2]~CLKENA0|inclk                                                                                                                                              ;
;   1.750  ;   0.304  ; RR ; CELL ; 36211  ; CLKCTRL_G6                 ; emu|pll|pll_inst|altera_pll_i|outclk_wire[2]~CLKENA0|outclk                                                                                                                                             ;
;   4.062  ;   2.312  ; RR ; IC   ; 1      ; FF_X31_Y2_N31              ; emu|mpeg2_h262_two_picture_probe|b_controller|b_transform|iq_non_intra_weight[5]|clk                                                                                                                    ;
;   4.639  ;   0.577  ; RR ; CELL ; 1      ; FF_X31_Y2_N31              ; emu:emu|mpeg2_h262_two_picture_probe:mpeg2_h262_two_picture_probe|mpeg2_h262_b_core_probe:b_controller|mpeg2_h262_p_non_intra_transform:b_transform|iq_non_intra_weight[5]                              ;
; 18.162   ; 13.523   ;    ;      ;        ;                            ; data path                                                                                                                                                                                               ;
;   4.639  ;   0.000  ;    ; uTco ; 1      ; FF_X31_Y2_N31              ; emu:emu|mpeg2_h262_two_picture_probe:mpeg2_h262_two_picture_probe|mpeg2_h262_b_core_probe:b_controller|mpeg2_h262_p_non_intra_transform:b_transform|iq_non_intra_weight[5]                              ;
;   4.639  ;   0.000  ; FF ; CELL ; 1      ; FF_X31_Y2_N31              ; emu|mpeg2_h262_two_picture_probe|b_controller|b_transform|iq_non_intra_weight[5]|q                                                                                                                      ;
;   5.275  ;   0.636  ; FF ; IC   ; 1      ; LABCELL_X31_Y2_N57         ; emu|mpeg2_h262_two_picture_probe|b_controller|b_transform|iq_multiplier_b[5]~6|datac                                                                                                                    ;
;   5.753  ;   0.478  ; FF ; CELL ; 1      ; LABCELL_X31_Y2_N57         ; emu|mpeg2_h262_two_picture_probe|b_controller|b_transform|iq_multiplier_b[5]~6|combout                                                                                                                  ;
;   5.994  ;   0.241  ; FF ; IC   ; 1      ; LABCELL_X31_Y2_N0          ; emu|mpeg2_h262_two_picture_probe|b_controller|b_transform|iq_multiplier_b[5]~8|datad                                                                                                                    ;
;   6.502  ;   0.508  ; FF ; CELL ; 1      ; LABCELL_X31_Y2_N0          ; emu|mpeg2_h262_two_picture_probe|b_controller|b_transform|iq_multiplier_b[5]~8|combout                                                                                                                  ;
;   7.340  ;   0.838  ; FF ; IC   ; 32     ; DSP_X32_Y2_N0              ; emu|mpeg2_h262_two_picture_probe|b_controller|b_transform|Mult0~mac|ay[5]                                                                                                                               ;
;   11.222 ;   3.882  ; FF ; CELL ; 3      ; DSP_X32_Y2_N0              ; emu|mpeg2_h262_two_picture_probe|b_controller|b_transform|Mult0~mac|resulta[0]                                                                                                                          ;
;   12.164 ;   0.942  ; FF ; IC   ; 1      ; LABCELL_X33_Y2_N24         ; emu|mpeg2_h262_two_picture_probe|b_controller|b_transform|WideOr0~0|datab                                                                                                                               ;
;   12.708 ;   0.544  ; FR ; CELL ; 1      ; LABCELL_X33_Y2_N24         ; emu|mpeg2_h262_two_picture_probe|b_controller|b_transform|WideOr0~0|combout                                                                                                                             ;
;   13.289 ;   0.581  ; RR ; IC   ; 1      ; LABCELL_X35_Y2_N0          ; emu|mpeg2_h262_two_picture_probe|b_controller|b_transform|Add2~118|datac                                                                                                                                ;
;   14.111 ;   0.822  ; RF ; CELL ; 1      ; LABCELL_X35_Y2_N0          ; emu|mpeg2_h262_two_picture_probe|b_controller|b_transform|Add2~118|cout                                                                                                                                 ;
;   14.111 ;   0.000  ; FF ; IC   ; 2      ; LABCELL_X35_Y2_N3          ; emu|mpeg2_h262_two_picture_probe|b_controller|b_transform|Add2~85|cin                                                                                                                                   ;
;   14.111 ;   0.000  ; FF ; CELL ; 1      ; LABCELL_X35_Y2_N3          ; emu|mpeg2_h262_two_picture_probe|b_controller|b_transform|Add2~85|cout                                                                                                                                  ;
;   14.111 ;   0.000  ; FF ; IC   ; 2      ; LABCELL_X35_Y2_N6          ; emu|mpeg2_h262_two_picture_probe|b_controller|b_transform|Add2~81|cin                                                                                                                                   ;
;   14.156 ;   0.045  ; FF ; CELL ; 1      ; LABCELL_X35_Y2_N6          ; emu|mpeg2_h262_two_picture_probe|b_controller|b_transform|Add2~81|cout                                                                                                                                  ;
;   14.156 ;   0.000  ; FF ; IC   ; 2      ; LABCELL_X35_Y2_N9          ; emu|mpeg2_h262_two_picture_probe|b_controller|b_transform|Add2~113|cin                                                                                                                                  ;
;   14.156 ;   0.000  ; FF ; CELL ; 1      ; LABCELL_X35_Y2_N9          ; emu|mpeg2_h262_two_picture_probe|b_controller|b_transform|Add2~113|cout                                                                                                                                 ;
;   14.156 ;   0.000  ; FF ; IC   ; 2      ; LABCELL_X35_Y2_N12         ; emu|mpeg2_h262_two_picture_probe|b_controller|b_transform|Add2~109|cin                                                                                                                                  ;
;   14.201 ;   0.045  ; FF ; CELL ; 1      ; LABCELL_X35_Y2_N12         ; emu|mpeg2_h262_two_picture_probe|b_controller|b_transform|Add2~109|cout                                                                                                                                 ;
;   14.201 ;   0.000  ; FF ; IC   ; 2      ; LABCELL_X35_Y2_N15         ; emu|mpeg2_h262_two_picture_probe|b_controller|b_transform|Add2~77|cin                                                                                                                                   ;
;   14.201 ;   0.000  ; FF ; CELL ; 1      ; LABCELL_X35_Y2_N15         ; emu|mpeg2_h262_two_picture_probe|b_controller|b_transform|Add2~77|cout                                                                                                                                  ;
;   14.201 ;   0.000  ; FF ; IC   ; 2      ; LABCELL_X35_Y2_N18         ; emu|mpeg2_h262_two_picture_probe|b_controller|b_transform|Add2~1|cin                                                                                                                                    ;
;   14.246 ;   0.045  ; FF ; CELL ; 1      ; LABCELL_X35_Y2_N18         ; emu|mpeg2_h262_two_picture_probe|b_controller|b_transform|Add2~1|cout                                                                                                                                   ;
;   14.246 ;   0.000  ; FF ; IC   ; 2      ; LABCELL_X35_Y2_N21         ; emu|mpeg2_h262_two_picture_probe|b_controller|b_transform|Add2~101|cin                                                                                                                                  ;
;   14.246 ;   0.000  ; FF ; CELL ; 1      ; LABCELL_X35_Y2_N21         ; emu|mpeg2_h262_two_picture_probe|b_controller|b_transform|Add2~101|cout                                                                                                                                 ;
;   14.246 ;   0.000  ; FF ; IC   ; 2      ; LABCELL_X35_Y2_N24         ; emu|mpeg2_h262_two_picture_probe|b_controller|b_transform|Add2~97|cin                                                                                                                                   ;
;   14.303 ;   0.057  ; FF ; CELL ; 1      ; LABCELL_X35_Y2_N24         ; emu|mpeg2_h262_two_picture_probe|b_controller|b_transform|Add2~97|cout                                                                                                                                  ;
;   14.303 ;   0.000  ; FF ; IC   ; 2      ; LABCELL_X35_Y2_N27         ; emu|mpeg2_h262_two_picture_probe|b_controller|b_transform|Add2~93|cin                                                                                                                                   ;
;   14.303 ;   0.000  ; FF ; CELL ; 1      ; LABCELL_X35_Y2_N27         ; emu|mpeg2_h262_two_picture_probe|b_controller|b_transform|Add2~93|cout                                                                                                                                  ;
;   14.303 ;   0.000  ; FF ; IC   ; 2      ; LABCELL_X35_Y2_N30         ; emu|mpeg2_h262_two_picture_probe|b_controller|b_transform|Add2~105|cin                                                                                                                                  ;
;   14.421 ;   0.118  ; FF ; CELL ; 1      ; LABCELL_X35_Y2_N30         ; emu|mpeg2_h262_two_picture_probe|b_controller|b_transform|Add2~105|cout                                                                                                                                 ;
;   14.421 ;   0.000  ; FF ; IC   ; 2      ; LABCELL_X35_Y2_N33         ; emu|mpeg2_h262_two_picture_probe|b_controller|b_transform|Add2~89|cin                                                                                                                                   ;
;   14.421 ;   0.000  ; FF ; CELL ; 1      ; LABCELL_X35_Y2_N33         ; emu|mpeg2_h262_two_picture_probe|b_controller|b_transform|Add2~89|cout                                                                                                                                  ;
;   14.421 ;   0.000  ; FF ; IC   ; 2      ; LABCELL_X35_Y2_N36         ; emu|mpeg2_h262_two_picture_probe|b_controller|b_transform|Add2~65|cin                                                                                                                                   ;
;   14.466 ;   0.045  ; FF ; CELL ; 1      ; LABCELL_X35_Y2_N36         ; emu|mpeg2_h262_two_picture_probe|b_controller|b_transform|Add2~65|cout                                                                                                                                  ;
;   14.466 ;   0.000  ; FF ; IC   ; 2      ; LABCELL_X35_Y2_N39         ; emu|mpeg2_h262_two_picture_probe|b_controller|b_transform|Add2~69|cin                                                                                                                                   ;
;   14.466 ;   0.000  ; FF ; CELL ; 1      ; LABCELL_X35_Y2_N39         ; emu|mpeg2_h262_two_picture_probe|b_controller|b_transform|Add2~69|cout                                                                                                                                  ;
;   14.466 ;   0.000  ; FF ; IC   ; 2      ; LABCELL_X35_Y2_N42         ; emu|mpeg2_h262_two_picture_probe|b_controller|b_transform|Add2~25|cin                                                                                                                                   ;
;   14.511 ;   0.045  ; FF ; CELL ; 1      ; LABCELL_X35_Y2_N42         ; emu|mpeg2_h262_two_picture_probe|b_controller|b_transform|Add2~25|cout                                                                                                                                  ;
;   14.511 ;   0.000  ; FF ; IC   ; 2      ; LABCELL_X35_Y2_N45         ; emu|mpeg2_h262_two_picture_probe|b_controller|b_transform|Add2~29|cin                                                                                                                                   ;
;   14.511 ;   0.000  ; FF ; CELL ; 1      ; LABCELL_X35_Y2_N45         ; emu|mpeg2_h262_two_picture_probe|b_controller|b_transform|Add2~29|cout                                                                                                                                  ;
;   14.511 ;   0.000  ; FF ; IC   ; 2      ; LABCELL_X35_Y2_N48         ; emu|mpeg2_h262_two_picture_probe|b_controller|b_transform|Add2~33|cin                                                                                                                                   ;
;   14.556 ;   0.045  ; FF ; CELL ; 1      ; LABCELL_X35_Y2_N48         ; emu|mpeg2_h262_two_picture_probe|b_controller|b_transform|Add2~33|cout                                                                                                                                  ;
;   14.556 ;   0.000  ; FF ; IC   ; 2      ; LABCELL_X35_Y2_N51         ; emu|mpeg2_h262_two_picture_probe|b_controller|b_transform|Add2~37|cin                                                                                                                                   ;
;   14.556 ;   0.000  ; FF ; CELL ; 1      ; LABCELL_X35_Y2_N51         ; emu|mpeg2_h262_two_picture_probe|b_controller|b_transform|Add2~37|cout                                                                                                                                  ;
;   14.556 ;   0.000  ; FF ; IC   ; 2      ; LABCELL_X35_Y2_N54         ; emu|mpeg2_h262_two_picture_probe|b_controller|b_transform|Add2~49|cin                                                                                                                                   ;
;   14.599 ;   0.043  ; FF ; CELL ; 1      ; LABCELL_X35_Y2_N54         ; emu|mpeg2_h262_two_picture_probe|b_controller|b_transform|Add2~49|cout                                                                                                                                  ;
;   14.599 ;   0.000  ; FF ; IC   ; 2      ; LABCELL_X35_Y2_N57         ; emu|mpeg2_h262_two_picture_probe|b_controller|b_transform|Add2~53|cin                                                                                                                                   ;
;   14.599 ;   0.000  ; FF ; CELL ; 1      ; LABCELL_X35_Y2_N57         ; emu|mpeg2_h262_two_picture_probe|b_controller|b_transform|Add2~53|cout                                                                                                                                  ;
;   14.599 ;   0.000  ; FF ; IC   ; 2      ; LABCELL_X35_Y1_N30         ; emu|mpeg2_h262_two_picture_probe|b_controller|b_transform|Add2~73|cin                                                                                                                                   ;
;   15.135 ;   0.536  ; FR ; CELL ; 1      ; LABCELL_X35_Y1_N30         ; emu|mpeg2_h262_two_picture_probe|b_controller|b_transform|Add2~73|sumout                                                                                                                                ;
;   15.691 ;   0.556  ; RR ; IC   ; 1      ; MLABCELL_X34_Y1_N0         ; emu|mpeg2_h262_two_picture_probe|b_controller|b_transform|iq_unclipped[19]~22|dataf                                                                                                                     ;
;   15.787 ;   0.096  ; RF ; CELL ; 4      ; MLABCELL_X34_Y1_N0         ; emu|mpeg2_h262_two_picture_probe|b_controller|b_transform|iq_unclipped[19]~22|combout                                                                                                                   ;
;   16.610 ;   0.823  ; FF ; IC   ; 1      ; LABCELL_X30_Y1_N36         ; emu|mpeg2_h262_two_picture_probe|b_controller|b_transform|LessThan2~3_Duplicate_Duplicate_RESYN16697|datad                                                                                              ;
;   16.963 ;   0.353  ; FF ; CELL ; 1      ; LABCELL_X30_Y1_N36         ; emu|mpeg2_h262_two_picture_probe|b_controller|b_transform|LessThan2~3_Duplicate_Duplicate_RESYN16697|combout                                                                                            ;
;   17.176 ;   0.213  ; FF ; IC   ; 1      ; LABCELL_X30_Y1_N30         ; emu|mpeg2_h262_two_picture_probe|b_controller|b_transform|LessThan2~3_Duplicate_Duplicate|datae                                                                                                         ;
;   17.398 ;   0.222  ; FF ; CELL ; 2      ; LABCELL_X30_Y1_N30         ; emu|mpeg2_h262_two_picture_probe|b_controller|b_transform|LessThan2~3_Duplicate_Duplicate|combout                                                                                                       ;
;   17.624 ;   0.226  ; FF ; IC   ; 1      ; FF_X30_Y1_N37              ; emu|mpeg2_h262_two_picture_probe|b_controller|b_transform|idct_coeff_value[5]_OTERM8886_OTERM11149_NEW_REG16717|asdata                                                                                  ;
;   18.162 ;   0.538  ; FF ; CELL ; 1      ; FF_X30_Y1_N37              ; emu:emu|mpeg2_h262_two_picture_probe:mpeg2_h262_two_picture_probe|mpeg2_h262_b_core_probe:b_controller|mpeg2_h262_p_non_intra_transform:b_transform|idct_coeff_value[5]_OTERM8886_OTERM11149_OTERM16718 ;
+----------+----------+----+------+--------+----------------------------+---------------------------------------------------------------------------------------------------------------------------------------------------------------------------------------------------------+

+---------------------------------------------------------------------------------------------------------------------------------------------------------------------------------------------------------------------------------------------------------------------------------+
; Data Required Path                                                                                                                                                                                                                                                              ;
+----------+----------+----+------+--------+----------------------------+---------------------------------------------------------------------------------------------------------------------------------------------------------------------------------------------------------+
; Total    ; Incr     ; RF ; Type ; Fanout ; Location                   ; Element                                                                                                                                                                                                 ;
+----------+----------+----+------+--------+----------------------------+---------------------------------------------------------------------------------------------------------------------------------------------------------------------------------------------------------+
; 16.666   ; 16.666   ;    ;      ;        ;                            ; latch edge time                                                                                                                                                                                         ;
; 21.182   ; 4.516    ;    ;      ;        ;                            ; clock path                                                                                                                                                                                              ;
;   16.666 ;   0.000  ;    ;      ;        ;                            ; source latency                                                                                                                                                                                          ;
;   16.666 ;   0.000  ;    ;      ; 1      ; PIN_Y13                    ; FPGA_CLK2_50                                                                                                                                                                                            ;
;   16.666 ;   0.000  ; RR ; IC   ; 1      ; IOIBUF_X56_Y0_N1           ; FPGA_CLK2_50~input|i                                                                                                                                                                                    ;
;   17.427 ;   0.761  ; RR ; CELL ; 2      ; IOIBUF_X56_Y0_N1           ; FPGA_CLK2_50~input|o                                                                                                                                                                                    ;
;   18.598 ;   1.171  ; RR ; IC   ; 1      ; PLLREFCLKSELECT_X89_Y7_N0  ; emu|pll|pll_inst|altera_pll_i|general[0].gpll~PLL_REFCLK_SELECT|clkin[0]                                                                                                                                ;
;   18.906 ;   0.308  ; RR ; CELL ; 1      ; PLLREFCLKSELECT_X89_Y7_N0  ; emu|pll|pll_inst|altera_pll_i|general[0].gpll~PLL_REFCLK_SELECT|clkout                                                                                                                                  ;
;   18.906 ;   0.000  ; RR ; IC   ; 10     ; FRACTIONALPLL_X89_Y1_N0    ; emu|pll|pll_inst|altera_pll_i|general[0].gpll~FRACTIONAL_PLL|refclkin                                                                                                                                   ;
;   13.974 ;   -4.932 ; RR ; COMP ; 3      ; FRACTIONALPLL_X89_Y1_N0    ; emu|pll|pll_inst|altera_pll_i|general[0].gpll~FRACTIONAL_PLL|vcoph[0]                                                                                                                                   ;
;   13.974 ;   0.000  ; RR ; IC   ; 1      ; PLLOUTPUTCOUNTER_X89_Y6_N1 ; emu|pll|pll_inst|altera_pll_i|general[2].gpll~PLL_OUTPUT_COUNTER|vco0ph[0]                                                                                                                              ;
;   15.442 ;   1.468  ; RR ; CELL ; 1      ; PLLOUTPUTCOUNTER_X89_Y6_N1 ; emu|pll|pll_inst|altera_pll_i|general[2].gpll~PLL_OUTPUT_COUNTER|divclk                                                                                                                                 ;
;   16.350 ;   0.908  ; RR ; IC   ; 1      ; CLKCTRL_G6                 ; emu|pll|pll_inst|altera_pll_i|outclk_wire[2]~CLKENA0|inclk                                                                                                                                              ;
;   16.629 ;   0.279  ; RR ; CELL ; 36211  ; CLKCTRL_G6                 ; emu|pll|pll_inst|altera_pll_i|outclk_wire[2]~CLKENA0|outclk                                                                                                                                             ;
;   18.516 ;   1.887  ; RR ; IC   ; 1      ; FF_X30_Y1_N37              ; emu|mpeg2_h262_two_picture_probe|b_controller|b_transform|idct_coeff_value[5]_OTERM8886_OTERM11149_NEW_REG16717|clk                                                                                     ;
;   19.017 ;   0.501  ; RR ; CELL ; 1      ; FF_X30_Y1_N37              ; emu:emu|mpeg2_h262_two_picture_probe:mpeg2_h262_two_picture_probe|mpeg2_h262_b_core_probe:b_controller|mpeg2_h262_p_non_intra_transform:b_transform|idct_coeff_value[5]_OTERM8886_OTERM11149_OTERM16718 ;
;   21.182 ;   2.165  ;    ;      ;        ;                            ; clock pessimism removed                                                                                                                                                                                 ;
; 21.062   ; -0.120   ;    ;      ;        ;                            ; clock uncertainty                                                                                                                                                                                       ;
; 21.062   ; 0.000    ;    ; uTsu ; 1      ; FF_X30_Y1_N37              ; emu:emu|mpeg2_h262_two_picture_probe:mpeg2_h262_two_picture_probe|mpeg2_h262_b_core_probe:b_controller|mpeg2_h262_p_non_intra_transform:b_transform|idct_coeff_value[5]_OTERM8886_OTERM11149_OTERM16718 ;
+----------+----------+----+------+--------+----------------------------+---------------------------------------------------------------------------------------------------------------------------------------------------------------------------------------------------------+

----------------------------
; Extra Fitter Information ;
----------------------------
HTML report is unavailable in plain text report export.


