----------------
; Command Info ;
----------------
Report Timing: Found 2 setup paths (0 violated).  Worst case slack is 2.692 

Tcl Command:
    report_timing -setup -file /home/vash/mister-builds/entry681/results/transform_iq_intra_weight_output.rpt -from [get_registers {*|mpeg2_h262_p_non_intra_transform:transform|iq_intra_weight*}] -npaths 2 -detail full_path

Options:
    -from [get_registers {*|mpeg2_h262_p_non_intra_transform:transform|iq_intra_weight*}] 
    -setup 
    -npaths 2 
    -detail full_path 
    -file {/home/vash/mister-builds/entry681/results/transform_iq_intra_weight_output.rpt} 

Delay Model:
    Slow 1100mV 100C Model

+--------------------------------------------------------------------------------------------------------------------------------------------------------------------------------------------------------------------------------------------------------------------------------------------------------------------------------------------------------------------------------------------------------------------------------------------------------------------------------------------------------------------------------------------------------------------------------------------------------------------------------------------------------------------------------------+
; Summary of Paths                                                                                                                                                                                                                                                                                                                                                                                                                                                                                                                                                                                                                                                                     ;
+-------+----------------------------------------------------------------------------------------------------------------------------------------------------------------------------------------------------------------------------+----------------------------------------------------------------------------------------------------------------------------------------------------------------------------------------------------------------------------------------------------+-------------------------------------------------------------------------+-------------------------------------------------------------------------+--------------+------------+------------+
; Slack ; From Node                                                                                                                                                                                                                  ; To Node                                                                                                                                                                                                                                            ; Launch Clock                                                            ; Latch Clock                                                             ; Relationship ; Clock Skew ; Data Delay ;
+-------+----------------------------------------------------------------------------------------------------------------------------------------------------------------------------------------------------------------------------+----------------------------------------------------------------------------------------------------------------------------------------------------------------------------------------------------------------------------------------------------+-------------------------------------------------------------------------+-------------------------------------------------------------------------+--------------+------------+------------+
; 2.692 ; emu:emu|mpeg2_h262_two_picture_probe:mpeg2_h262_two_picture_probe|mpeg2_h262_p_diagnostic_controller:p_controller|mpeg2_h262_p_residual_probe:residual_probe|mpeg2_h262_p_non_intra_transform:transform|iq_intra_weight[2] ; emu:emu|mpeg2_h262_two_picture_probe:mpeg2_h262_two_picture_probe|mpeg2_h262_p_diagnostic_controller:p_controller|mpeg2_h262_p_residual_probe:residual_probe|mpeg2_h262_p_non_intra_transform:transform|y0_f00_proven_OTERM97_OTERM9299_OTERM11813 ; emu|pll|pll_inst|altera_pll_i|general[2].gpll~PLL_OUTPUT_COUNTER|divclk ; emu|pll|pll_inst|altera_pll_i|general[2].gpll~PLL_OUTPUT_COUNTER|divclk ; 16.666       ; -0.116     ; 13.738     ;
; 2.720 ; emu:emu|mpeg2_h262_two_picture_probe:mpeg2_h262_two_picture_probe|mpeg2_h262_p_diagnostic_controller:p_controller|mpeg2_h262_p_residual_probe:residual_probe|mpeg2_h262_p_non_intra_transform:transform|iq_intra_weight[3] ; emu:emu|mpeg2_h262_two_picture_probe:mpeg2_h262_two_picture_probe|mpeg2_h262_p_diagnostic_controller:p_controller|mpeg2_h262_p_residual_probe:residual_probe|mpeg2_h262_p_non_intra_transform:transform|y0_f00_proven_OTERM97_OTERM9299_OTERM11813 ; emu|pll|pll_inst|altera_pll_i|general[2].gpll~PLL_OUTPUT_COUNTER|divclk ; emu|pll|pll_inst|altera_pll_i|general[2].gpll~PLL_OUTPUT_COUNTER|divclk ; 16.666       ; -0.091     ; 13.735     ;
+-------+----------------------------------------------------------------------------------------------------------------------------------------------------------------------------------------------------------------------------+----------------------------------------------------------------------------------------------------------------------------------------------------------------------------------------------------------------------------------------------------+-------------------------------------------------------------------------+-------------------------------------------------------------------------+--------------+------------+------------+

Path #1: Setup slack is 2.692 
===============================================================================
+-------------------------------------------------------------------------------------------------------------------------------------------------------------------------------------------------------------------------------------------------------------------------+
; Path Summary                                                                                                                                                                                                                                                            ;
+--------------------+----------------------------------------------------------------------------------------------------------------------------------------------------------------------------------------------------------------------------------------------------+
; Property           ; Value                                                                                                                                                                                                                                              ;
+--------------------+----------------------------------------------------------------------------------------------------------------------------------------------------------------------------------------------------------------------------------------------------+
; From Node          ; emu:emu|mpeg2_h262_two_picture_probe:mpeg2_h262_two_picture_probe|mpeg2_h262_p_diagnostic_controller:p_controller|mpeg2_h262_p_residual_probe:residual_probe|mpeg2_h262_p_non_intra_transform:transform|iq_intra_weight[2]                         ;
; To Node            ; emu:emu|mpeg2_h262_two_picture_probe:mpeg2_h262_two_picture_probe|mpeg2_h262_p_diagnostic_controller:p_controller|mpeg2_h262_p_residual_probe:residual_probe|mpeg2_h262_p_non_intra_transform:transform|y0_f00_proven_OTERM97_OTERM9299_OTERM11813 ;
; Launch Clock       ; emu|pll|pll_inst|altera_pll_i|general[2].gpll~PLL_OUTPUT_COUNTER|divclk                                                                                                                                                                            ;
; Latch Clock        ; emu|pll|pll_inst|altera_pll_i|general[2].gpll~PLL_OUTPUT_COUNTER|divclk                                                                                                                                                                            ;
; Data Arrival Time  ; 18.191                                                                                                                                                                                                                                             ;
; Data Required Time ; 20.883                                                                                                                                                                                                                                             ;
; Slack              ; 2.692                                                                                                                                                                                                                                              ;
+--------------------+----------------------------------------------------------------------------------------------------------------------------------------------------------------------------------------------------------------------------------------------------+

+--------------------------------------------------------------------------------------+
; Statistics                                                                           ;
+------------------------+--------+-------+-------------+------------+--------+--------+
; Property               ; Value  ; Count ; Total Delay ; % of Total ; Min    ; Max    ;
+------------------------+--------+-------+-------------+------------+--------+--------+
; Setup Relationship     ; 16.666 ;       ;             ;            ;        ;        ;
; Clock Skew             ; -0.116 ;       ;             ;            ;        ;        ;
; Data Delay             ; 13.738 ;       ;             ;            ;        ;        ;
; Number of Logic Levels ;        ; 8     ;             ;            ;        ;        ;
; Physical Delays        ;        ;       ;             ;            ;        ;        ;
;  Arrival Path          ;        ;       ;             ;            ;        ;        ;
;   Clock                ;        ;       ;             ;            ;        ;        ;
;    IC                  ;        ; 6     ; 4.693       ; 57         ; 0.000  ; 2.340  ;
;    Cell                ;        ; 5     ; 3.528       ; 43         ; 0.322  ; 1.535  ;
;    PLL Compensation    ;        ; 1     ; -3.768      ; 0          ; -3.768 ; -3.768 ;
;   Data                 ;        ;       ;             ;            ;        ;        ;
;    IC                  ;        ; 35    ; 5.315       ; 39         ; 0.000  ; 0.951  ;
;    Cell                ;        ; 36    ; 8.423       ; 61         ; 0.000  ; 3.882  ;
;    uTco                ;        ; 1     ; 0.000       ; 0          ; 0.000  ; 0.000  ;
;  Required Path         ;        ;       ;             ;            ;        ;        ;
;   Clock                ;        ;       ;             ;            ;        ;        ;
;    IC                  ;        ; 6     ; 4.018       ; 56         ; 0.000  ; 1.903  ;
;    Cell                ;        ; 5     ; 3.146       ; 44         ; 0.296  ; 1.268  ;
;    PLL Compensation    ;        ; 1     ; -4.932      ; 0          ; -4.932 ; -4.932 ;
+------------------------+--------+-------+-------------+------------+--------+--------+
Note: Negative delays are omitted from totals when calculating percentages

+----------------------------------------------------------------------------------------------------------------------------------------------------------------------------------------------------------------------------------------------------------------------------------------------------------------------------+
; Data Arrival Path                                                                                                                                                                                                                                                                                                          ;
+----------+----------+----+------+--------+----------------------------+----------------------------------------------------------------------------------------------------------------------------------------------------------------------------------------------------------------------------------------------------+
; Total    ; Incr     ; RF ; Type ; Fanout ; Location                   ; Element                                                                                                                                                                                                                                            ;
+----------+----------+----+------+--------+----------------------------+----------------------------------------------------------------------------------------------------------------------------------------------------------------------------------------------------------------------------------------------------+
; 0.000    ; 0.000    ;    ;      ;        ;                            ; launch edge time                                                                                                                                                                                                                                   ;
; 4.453    ; 4.453    ;    ;      ;        ;                            ; clock path                                                                                                                                                                                                                                         ;
;   0.000  ;   0.000  ;    ;      ;        ;                            ; source latency                                                                                                                                                                                                                                     ;
;   0.000  ;   0.000  ;    ;      ; 1      ; PIN_Y13                    ; FPGA_CLK2_50                                                                                                                                                                                                                                       ;
;   0.000  ;   0.000  ; RR ; IC   ; 1      ; IOIBUF_X56_Y0_N1           ; FPGA_CLK2_50~input|i                                                                                                                                                                                                                               ;
;   0.761  ;   0.761  ; RR ; CELL ; 2      ; IOIBUF_X56_Y0_N1           ; FPGA_CLK2_50~input|o                                                                                                                                                                                                                               ;
;   2.096  ;   1.335  ; RR ; IC   ; 1      ; PLLREFCLKSELECT_X89_Y7_N0  ; emu|pll|pll_inst|altera_pll_i|general[0].gpll~PLL_REFCLK_SELECT|clkin[0]                                                                                                                                                                           ;
;   2.429  ;   0.333  ; RR ; CELL ; 1      ; PLLREFCLKSELECT_X89_Y7_N0  ; emu|pll|pll_inst|altera_pll_i|general[0].gpll~PLL_REFCLK_SELECT|clkout                                                                                                                                                                             ;
;   2.429  ;   0.000  ; RR ; IC   ; 10     ; FRACTIONALPLL_X89_Y1_N0    ; emu|pll|pll_inst|altera_pll_i|general[0].gpll~FRACTIONAL_PLL|refclkin                                                                                                                                                                              ;
;   -1.339 ;   -3.768 ; RR ; COMP ; 3      ; FRACTIONALPLL_X89_Y1_N0    ; emu|pll|pll_inst|altera_pll_i|general[0].gpll~FRACTIONAL_PLL|vcoph[0]                                                                                                                                                                              ;
;   -1.339 ;   0.000  ; RR ; IC   ; 1      ; PLLOUTPUTCOUNTER_X89_Y0_N1 ; emu|pll|pll_inst|altera_pll_i|general[2].gpll~PLL_OUTPUT_COUNTER|vco0ph[0]                                                                                                                                                                         ;
;   0.196  ;   1.535  ; RR ; CELL ; 1      ; PLLOUTPUTCOUNTER_X89_Y0_N1 ; emu|pll|pll_inst|altera_pll_i|general[2].gpll~PLL_OUTPUT_COUNTER|divclk                                                                                                                                                                            ;
;   1.214  ;   1.018  ; RR ; IC   ; 1      ; CLKCTRL_G11                ; emu|pll|pll_inst|altera_pll_i|outclk_wire[2]~CLKENA0|inclk                                                                                                                                                                                         ;
;   1.536  ;   0.322  ; RR ; CELL ; 36256  ; CLKCTRL_G11                ; emu|pll|pll_inst|altera_pll_i|outclk_wire[2]~CLKENA0|outclk                                                                                                                                                                                        ;
;   3.876  ;   2.340  ; RR ; IC   ; 1      ; FF_X34_Y8_N28              ; emu|mpeg2_h262_two_picture_probe|p_controller|residual_probe|transform|iq_intra_weight[2]|clk                                                                                                                                                      ;
;   4.453  ;   0.577  ; RR ; CELL ; 1      ; FF_X34_Y8_N28              ; emu:emu|mpeg2_h262_two_picture_probe:mpeg2_h262_two_picture_probe|mpeg2_h262_p_diagnostic_controller:p_controller|mpeg2_h262_p_residual_probe:residual_probe|mpeg2_h262_p_non_intra_transform:transform|iq_intra_weight[2]                         ;
; 18.191   ; 13.738   ;    ;      ;        ;                            ; data path                                                                                                                                                                                                                                          ;
;   4.453  ;   0.000  ;    ; uTco ; 1      ; FF_X34_Y8_N28              ; emu:emu|mpeg2_h262_two_picture_probe:mpeg2_h262_two_picture_probe|mpeg2_h262_p_diagnostic_controller:p_controller|mpeg2_h262_p_residual_probe:residual_probe|mpeg2_h262_p_non_intra_transform:transform|iq_intra_weight[2]                         ;
;   4.453  ;   0.000  ; FF ; CELL ; 1      ; FF_X34_Y8_N28              ; emu|mpeg2_h262_two_picture_probe|p_controller|residual_probe|transform|iq_intra_weight[2]|q                                                                                                                                                        ;
;   5.404  ;   0.951  ; FF ; IC   ; 1      ; LABCELL_X33_Y10_N42        ; emu|mpeg2_h262_two_picture_probe|p_controller|residual_probe|transform|iq_multiplier_b[2]~27|datac                                                                                                                                                 ;
;   5.887  ;   0.483  ; FF ; CELL ; 1      ; LABCELL_X33_Y10_N42        ; emu|mpeg2_h262_two_picture_probe|p_controller|residual_probe|transform|iq_multiplier_b[2]~27|combout                                                                                                                                               ;
;   6.149  ;   0.262  ; FF ; IC   ; 1      ; LABCELL_X33_Y10_N18        ; emu|mpeg2_h262_two_picture_probe|p_controller|residual_probe|transform|iq_multiplier_b[2]~3|dataf                                                                                                                                                  ;
;   6.230  ;   0.081  ; FF ; CELL ; 1      ; LABCELL_X33_Y10_N18        ; emu|mpeg2_h262_two_picture_probe|p_controller|residual_probe|transform|iq_multiplier_b[2]~3|combout                                                                                                                                                ;
;   7.106  ;   0.876  ; FF ; IC   ; 32     ; DSP_X32_Y10_N0             ; emu|mpeg2_h262_two_picture_probe|p_controller|residual_probe|transform|Mult0~mac|ay[2]                                                                                                                                                             ;
;   10.988 ;   3.882  ; FF ; CELL ; 3      ; DSP_X32_Y10_N0             ; emu|mpeg2_h262_two_picture_probe|p_controller|residual_probe|transform|Mult0~mac|resulta[3]                                                                                                                                                        ;
;   11.882 ;   0.894  ; FF ; IC   ; 1      ; LABCELL_X31_Y10_N15        ; emu|mpeg2_h262_two_picture_probe|p_controller|residual_probe|transform|WideOr1|datac                                                                                                                                                               ;
;   12.360 ;   0.478  ; FF ; CELL ; 1      ; LABCELL_X31_Y10_N15        ; emu|mpeg2_h262_two_picture_probe|p_controller|residual_probe|transform|WideOr1|combout                                                                                                                                                             ;
;   12.570 ;   0.210  ; FF ; IC   ; 1      ; LABCELL_X31_Y10_N30        ; emu|mpeg2_h262_two_picture_probe|p_controller|residual_probe|transform|Add3~114|datab                                                                                                                                                              ;
;   13.546 ;   0.976  ; FF ; CELL ; 1      ; LABCELL_X31_Y10_N30        ; emu|mpeg2_h262_two_picture_probe|p_controller|residual_probe|transform|Add3~114|cout                                                                                                                                                               ;
;   13.546 ;   0.000  ; FF ; IC   ; 2      ; LABCELL_X31_Y10_N33        ; emu|mpeg2_h262_two_picture_probe|p_controller|residual_probe|transform|Add3~81|cin                                                                                                                                                                 ;
;   13.546 ;   0.000  ; FF ; CELL ; 1      ; LABCELL_X31_Y10_N33        ; emu|mpeg2_h262_two_picture_probe|p_controller|residual_probe|transform|Add3~81|cout                                                                                                                                                                ;
;   13.546 ;   0.000  ; FF ; IC   ; 2      ; LABCELL_X31_Y10_N36        ; emu|mpeg2_h262_two_picture_probe|p_controller|residual_probe|transform|Add3~93|cin                                                                                                                                                                 ;
;   13.591 ;   0.045  ; FF ; CELL ; 1      ; LABCELL_X31_Y10_N36        ; emu|mpeg2_h262_two_picture_probe|p_controller|residual_probe|transform|Add3~93|cout                                                                                                                                                                ;
;   13.591 ;   0.000  ; FF ; IC   ; 2      ; LABCELL_X31_Y10_N39        ; emu|mpeg2_h262_two_picture_probe|p_controller|residual_probe|transform|Add3~89|cin                                                                                                                                                                 ;
;   13.591 ;   0.000  ; FF ; CELL ; 1      ; LABCELL_X31_Y10_N39        ; emu|mpeg2_h262_two_picture_probe|p_controller|residual_probe|transform|Add3~89|cout                                                                                                                                                                ;
;   13.591 ;   0.000  ; FF ; IC   ; 2      ; LABCELL_X31_Y10_N42        ; emu|mpeg2_h262_two_picture_probe|p_controller|residual_probe|transform|Add3~85|cin                                                                                                                                                                 ;
;   13.636 ;   0.045  ; FF ; CELL ; 1      ; LABCELL_X31_Y10_N42        ; emu|mpeg2_h262_two_picture_probe|p_controller|residual_probe|transform|Add3~85|cout                                                                                                                                                                ;
;   13.636 ;   0.000  ; FF ; IC   ; 2      ; LABCELL_X31_Y10_N45        ; emu|mpeg2_h262_two_picture_probe|p_controller|residual_probe|transform|Add3~109|cin                                                                                                                                                                ;
;   13.636 ;   0.000  ; FF ; CELL ; 1      ; LABCELL_X31_Y10_N45        ; emu|mpeg2_h262_two_picture_probe|p_controller|residual_probe|transform|Add3~109|cout                                                                                                                                                               ;
;   13.636 ;   0.000  ; FF ; IC   ; 2      ; LABCELL_X31_Y10_N48        ; emu|mpeg2_h262_two_picture_probe|p_controller|residual_probe|transform|Add3~73|cin                                                                                                                                                                 ;
;   13.681 ;   0.045  ; FF ; CELL ; 1      ; LABCELL_X31_Y10_N48        ; emu|mpeg2_h262_two_picture_probe|p_controller|residual_probe|transform|Add3~73|cout                                                                                                                                                                ;
;   13.681 ;   0.000  ; FF ; IC   ; 2      ; LABCELL_X31_Y10_N51        ; emu|mpeg2_h262_two_picture_probe|p_controller|residual_probe|transform|Add3~105|cin                                                                                                                                                                ;
;   13.681 ;   0.000  ; FF ; CELL ; 1      ; LABCELL_X31_Y10_N51        ; emu|mpeg2_h262_two_picture_probe|p_controller|residual_probe|transform|Add3~105|cout                                                                                                                                                               ;
;   13.681 ;   0.000  ; FF ; IC   ; 2      ; LABCELL_X31_Y10_N54        ; emu|mpeg2_h262_two_picture_probe|p_controller|residual_probe|transform|Add3~101|cin                                                                                                                                                                ;
;   13.724 ;   0.043  ; FF ; CELL ; 1      ; LABCELL_X31_Y10_N54        ; emu|mpeg2_h262_two_picture_probe|p_controller|residual_probe|transform|Add3~101|cout                                                                                                                                                               ;
;   13.724 ;   0.000  ; FF ; IC   ; 2      ; LABCELL_X31_Y10_N57        ; emu|mpeg2_h262_two_picture_probe|p_controller|residual_probe|transform|Add3~1|cin                                                                                                                                                                  ;
;   13.724 ;   0.000  ; FF ; CELL ; 1      ; LABCELL_X31_Y10_N57        ; emu|mpeg2_h262_two_picture_probe|p_controller|residual_probe|transform|Add3~1|cout                                                                                                                                                                 ;
;   13.724 ;   0.000  ; FF ; IC   ; 2      ; LABCELL_X31_Y9_N0          ; emu|mpeg2_h262_two_picture_probe|p_controller|residual_probe|transform|Add3~97|cin                                                                                                                                                                 ;
;   13.851 ;   0.127  ; FF ; CELL ; 1      ; LABCELL_X31_Y9_N0          ; emu|mpeg2_h262_two_picture_probe|p_controller|residual_probe|transform|Add3~97|cout                                                                                                                                                                ;
;   13.851 ;   0.000  ; FF ; IC   ; 2      ; LABCELL_X31_Y9_N3          ; emu|mpeg2_h262_two_picture_probe|p_controller|residual_probe|transform|Add3~77|cin                                                                                                                                                                 ;
;   13.851 ;   0.000  ; FF ; CELL ; 1      ; LABCELL_X31_Y9_N3          ; emu|mpeg2_h262_two_picture_probe|p_controller|residual_probe|transform|Add3~77|cout                                                                                                                                                                ;
;   13.851 ;   0.000  ; FF ; IC   ; 2      ; LABCELL_X31_Y9_N6          ; emu|mpeg2_h262_two_picture_probe|p_controller|residual_probe|transform|Add3~29|cin                                                                                                                                                                 ;
;   13.896 ;   0.045  ; FF ; CELL ; 1      ; LABCELL_X31_Y9_N6          ; emu|mpeg2_h262_two_picture_probe|p_controller|residual_probe|transform|Add3~29|cout                                                                                                                                                                ;
;   13.896 ;   0.000  ; FF ; IC   ; 2      ; LABCELL_X31_Y9_N9          ; emu|mpeg2_h262_two_picture_probe|p_controller|residual_probe|transform|Add3~33|cin                                                                                                                                                                 ;
;   13.896 ;   0.000  ; FF ; CELL ; 1      ; LABCELL_X31_Y9_N9          ; emu|mpeg2_h262_two_picture_probe|p_controller|residual_probe|transform|Add3~33|cout                                                                                                                                                                ;
;   13.896 ;   0.000  ; FF ; IC   ; 2      ; LABCELL_X31_Y9_N12         ; emu|mpeg2_h262_two_picture_probe|p_controller|residual_probe|transform|Add3~61|cin                                                                                                                                                                 ;
;   13.941 ;   0.045  ; FF ; CELL ; 1      ; LABCELL_X31_Y9_N12         ; emu|mpeg2_h262_two_picture_probe|p_controller|residual_probe|transform|Add3~61|cout                                                                                                                                                                ;
;   13.941 ;   0.000  ; FF ; IC   ; 2      ; LABCELL_X31_Y9_N15         ; emu|mpeg2_h262_two_picture_probe|p_controller|residual_probe|transform|Add3~65|cin                                                                                                                                                                 ;
;   13.941 ;   0.000  ; FF ; CELL ; 1      ; LABCELL_X31_Y9_N15         ; emu|mpeg2_h262_two_picture_probe|p_controller|residual_probe|transform|Add3~65|cout                                                                                                                                                                ;
;   13.941 ;   0.000  ; FF ; IC   ; 2      ; LABCELL_X31_Y9_N18         ; emu|mpeg2_h262_two_picture_probe|p_controller|residual_probe|transform|Add3~53|cin                                                                                                                                                                 ;
;   13.986 ;   0.045  ; FF ; CELL ; 1      ; LABCELL_X31_Y9_N18         ; emu|mpeg2_h262_two_picture_probe|p_controller|residual_probe|transform|Add3~53|cout                                                                                                                                                                ;
;   13.986 ;   0.000  ; FF ; IC   ; 2      ; LABCELL_X31_Y9_N21         ; emu|mpeg2_h262_two_picture_probe|p_controller|residual_probe|transform|Add3~57|cin                                                                                                                                                                 ;
;   13.986 ;   0.000  ; FF ; CELL ; 1      ; LABCELL_X31_Y9_N21         ; emu|mpeg2_h262_two_picture_probe|p_controller|residual_probe|transform|Add3~57|cout                                                                                                                                                                ;
;   13.986 ;   0.000  ; FF ; IC   ; 2      ; LABCELL_X31_Y9_N24         ; emu|mpeg2_h262_two_picture_probe|p_controller|residual_probe|transform|Add3~17|cin                                                                                                                                                                 ;
;   14.043 ;   0.057  ; FF ; CELL ; 1      ; LABCELL_X31_Y9_N24         ; emu|mpeg2_h262_two_picture_probe|p_controller|residual_probe|transform|Add3~17|cout                                                                                                                                                                ;
;   14.043 ;   0.000  ; FF ; IC   ; 2      ; LABCELL_X31_Y9_N27         ; emu|mpeg2_h262_two_picture_probe|p_controller|residual_probe|transform|Add3~13|cin                                                                                                                                                                 ;
;   14.043 ;   0.000  ; FF ; CELL ; 1      ; LABCELL_X31_Y9_N27         ; emu|mpeg2_h262_two_picture_probe|p_controller|residual_probe|transform|Add3~13|cout                                                                                                                                                                ;
;   14.043 ;   0.000  ; FF ; IC   ; 2      ; LABCELL_X31_Y9_N30         ; emu|mpeg2_h262_two_picture_probe|p_controller|residual_probe|transform|Add3~25|cin                                                                                                                                                                 ;
;   14.161 ;   0.118  ; FF ; CELL ; 1      ; LABCELL_X31_Y9_N30         ; emu|mpeg2_h262_two_picture_probe|p_controller|residual_probe|transform|Add3~25|cout                                                                                                                                                                ;
;   14.161 ;   0.000  ; FF ; IC   ; 2      ; LABCELL_X31_Y9_N33         ; emu|mpeg2_h262_two_picture_probe|p_controller|residual_probe|transform|Add3~37|cin                                                                                                                                                                 ;
;   14.161 ;   0.000  ; FF ; CELL ; 1      ; LABCELL_X31_Y9_N33         ; emu|mpeg2_h262_two_picture_probe|p_controller|residual_probe|transform|Add3~37|cout                                                                                                                                                                ;
;   14.161 ;   0.000  ; FF ; IC   ; 2      ; LABCELL_X31_Y9_N36         ; emu|mpeg2_h262_two_picture_probe|p_controller|residual_probe|transform|Add3~21|cin                                                                                                                                                                 ;
;   14.206 ;   0.045  ; FF ; CELL ; 1      ; LABCELL_X31_Y9_N36         ; emu|mpeg2_h262_two_picture_probe|p_controller|residual_probe|transform|Add3~21|cout                                                                                                                                                                ;
;   14.206 ;   0.000  ; FF ; IC   ; 2      ; LABCELL_X31_Y9_N39         ; emu|mpeg2_h262_two_picture_probe|p_controller|residual_probe|transform|Add3~9|cin                                                                                                                                                                  ;
;   14.206 ;   0.000  ; FF ; CELL ; 1      ; LABCELL_X31_Y9_N39         ; emu|mpeg2_h262_two_picture_probe|p_controller|residual_probe|transform|Add3~9|cout                                                                                                                                                                 ;
;   14.206 ;   0.000  ; FF ; IC   ; 2      ; LABCELL_X31_Y9_N42         ; emu|mpeg2_h262_two_picture_probe|p_controller|residual_probe|transform|Add3~69|cin                                                                                                                                                                 ;
;   14.251 ;   0.045  ; FF ; CELL ; 1      ; LABCELL_X31_Y9_N42         ; emu|mpeg2_h262_two_picture_probe|p_controller|residual_probe|transform|Add3~69|cout                                                                                                                                                                ;
;   14.251 ;   0.000  ; FF ; IC   ; 2      ; LABCELL_X31_Y9_N45         ; emu|mpeg2_h262_two_picture_probe|p_controller|residual_probe|transform|Add3~49|cin                                                                                                                                                                 ;
;   14.251 ;   0.000  ; FF ; CELL ; 1      ; LABCELL_X31_Y9_N45         ; emu|mpeg2_h262_two_picture_probe|p_controller|residual_probe|transform|Add3~49|cout                                                                                                                                                                ;
;   14.251 ;   0.000  ; FF ; IC   ; 2      ; LABCELL_X31_Y9_N48         ; emu|mpeg2_h262_two_picture_probe|p_controller|residual_probe|transform|Add3~41|cin                                                                                                                                                                 ;
;   14.603 ;   0.352  ; FR ; CELL ; 1      ; LABCELL_X31_Y9_N48         ; emu|mpeg2_h262_two_picture_probe|p_controller|residual_probe|transform|Add3~41|sumout                                                                                                                                                              ;
;   15.283 ;   0.680  ; RR ; IC   ; 1      ; LABCELL_X30_Y8_N12         ; emu|mpeg2_h262_two_picture_probe|p_controller|residual_probe|transform|iq_unclipped[25]~15|dataa                                                                                                                                                   ;
;   15.876 ;   0.593  ; RF ; CELL ; 8      ; LABCELL_X30_Y8_N12         ; emu|mpeg2_h262_two_picture_probe|p_controller|residual_probe|transform|iq_unclipped[25]~15|combout                                                                                                                                                 ;
;   16.422 ;   0.546  ; FF ; IC   ; 1      ; LABCELL_X29_Y8_N45         ; emu|mpeg2_h262_two_picture_probe|p_controller|residual_probe|transform|LessThan2~3_Duplicate_Duplicate_Duplicate|datab                                                                                                                             ;
;   16.958 ;   0.536  ; FF ; CELL ; 2      ; LABCELL_X29_Y8_N45         ; emu|mpeg2_h262_two_picture_probe|p_controller|residual_probe|transform|LessThan2~3_Duplicate_Duplicate_Duplicate|combout                                                                                                                           ;
;   17.854 ;   0.896  ; FF ; IC   ; 1      ; LABCELL_X29_Y9_N42         ; emu|mpeg2_h262_two_picture_probe|p_controller|residual_probe|transform|iq_saturated[8]~25_Duplicate_Duplicate|dataf                                                                                                                                ;
;   17.931 ;   0.077  ; FF ; CELL ; 1      ; LABCELL_X29_Y9_N42         ; emu|mpeg2_h262_two_picture_probe|p_controller|residual_probe|transform|iq_saturated[8]~25_Duplicate_Duplicate|combout                                                                                                                              ;
;   17.931 ;   0.000  ; FF ; IC   ; 1      ; FF_X29_Y9_N43              ; emu|mpeg2_h262_two_picture_probe|p_controller|residual_probe|transform|y0_f00_proven_OTERM97_OTERM9299_NEW_REG11812|d                                                                                                                              ;
;   18.191 ;   0.260  ; FF ; CELL ; 1      ; FF_X29_Y9_N43              ; emu:emu|mpeg2_h262_two_picture_probe:mpeg2_h262_two_picture_probe|mpeg2_h262_p_diagnostic_controller:p_controller|mpeg2_h262_p_residual_probe:residual_probe|mpeg2_h262_p_non_intra_transform:transform|y0_f00_proven_OTERM97_OTERM9299_OTERM11813 ;
+----------+----------+----+------+--------+----------------------------+----------------------------------------------------------------------------------------------------------------------------------------------------------------------------------------------------------------------------------------------------+

+----------------------------------------------------------------------------------------------------------------------------------------------------------------------------------------------------------------------------------------------------------------------------------------------------------------------------+
; Data Required Path                                                                                                                                                                                                                                                                                                         ;
+----------+----------+----+------+--------+----------------------------+----------------------------------------------------------------------------------------------------------------------------------------------------------------------------------------------------------------------------------------------------+
; Total    ; Incr     ; RF ; Type ; Fanout ; Location                   ; Element                                                                                                                                                                                                                                            ;
+----------+----------+----+------+--------+----------------------------+----------------------------------------------------------------------------------------------------------------------------------------------------------------------------------------------------------------------------------------------------+
; 16.666   ; 16.666   ;    ;      ;        ;                            ; latch edge time                                                                                                                                                                                                                                    ;
; 21.003   ; 4.337    ;    ;      ;        ;                            ; clock path                                                                                                                                                                                                                                         ;
;   16.666 ;   0.000  ;    ;      ;        ;                            ; source latency                                                                                                                                                                                                                                     ;
;   16.666 ;   0.000  ;    ;      ; 1      ; PIN_Y13                    ; FPGA_CLK2_50                                                                                                                                                                                                                                       ;
;   16.666 ;   0.000  ; RR ; IC   ; 1      ; IOIBUF_X56_Y0_N1           ; FPGA_CLK2_50~input|i                                                                                                                                                                                                                               ;
;   17.427 ;   0.761  ; RR ; CELL ; 2      ; IOIBUF_X56_Y0_N1           ; FPGA_CLK2_50~input|o                                                                                                                                                                                                                               ;
;   18.598 ;   1.171  ; RR ; IC   ; 1      ; PLLREFCLKSELECT_X89_Y7_N0  ; emu|pll|pll_inst|altera_pll_i|general[0].gpll~PLL_REFCLK_SELECT|clkin[0]                                                                                                                                                                           ;
;   18.906 ;   0.308  ; RR ; CELL ; 1      ; PLLREFCLKSELECT_X89_Y7_N0  ; emu|pll|pll_inst|altera_pll_i|general[0].gpll~PLL_REFCLK_SELECT|clkout                                                                                                                                                                             ;
;   18.906 ;   0.000  ; RR ; IC   ; 10     ; FRACTIONALPLL_X89_Y1_N0    ; emu|pll|pll_inst|altera_pll_i|general[0].gpll~FRACTIONAL_PLL|refclkin                                                                                                                                                                              ;
;   13.974 ;   -4.932 ; RR ; COMP ; 3      ; FRACTIONALPLL_X89_Y1_N0    ; emu|pll|pll_inst|altera_pll_i|general[0].gpll~FRACTIONAL_PLL|vcoph[0]                                                                                                                                                                              ;
;   13.974 ;   0.000  ; RR ; IC   ; 1      ; PLLOUTPUTCOUNTER_X89_Y0_N1 ; emu|pll|pll_inst|altera_pll_i|general[2].gpll~PLL_OUTPUT_COUNTER|vco0ph[0]                                                                                                                                                                         ;
;   15.242 ;   1.268  ; RR ; CELL ; 1      ; PLLOUTPUTCOUNTER_X89_Y0_N1 ; emu|pll|pll_inst|altera_pll_i|general[2].gpll~PLL_OUTPUT_COUNTER|divclk                                                                                                                                                                            ;
;   16.186 ;   0.944  ; RR ; IC   ; 1      ; CLKCTRL_G11                ; emu|pll|pll_inst|altera_pll_i|outclk_wire[2]~CLKENA0|inclk                                                                                                                                                                                         ;
;   16.482 ;   0.296  ; RR ; CELL ; 36256  ; CLKCTRL_G11                ; emu|pll|pll_inst|altera_pll_i|outclk_wire[2]~CLKENA0|outclk                                                                                                                                                                                        ;
;   18.385 ;   1.903  ; RR ; IC   ; 1      ; FF_X29_Y9_N43              ; emu|mpeg2_h262_two_picture_probe|p_controller|residual_probe|transform|y0_f00_proven_OTERM97_OTERM9299_NEW_REG11812|clk                                                                                                                            ;
;   18.898 ;   0.513  ; RR ; CELL ; 1      ; FF_X29_Y9_N43              ; emu:emu|mpeg2_h262_two_picture_probe:mpeg2_h262_two_picture_probe|mpeg2_h262_p_diagnostic_controller:p_controller|mpeg2_h262_p_residual_probe:residual_probe|mpeg2_h262_p_non_intra_transform:transform|y0_f00_proven_OTERM97_OTERM9299_OTERM11813 ;
;   21.003 ;   2.105  ;    ;      ;        ;                            ; clock pessimism removed                                                                                                                                                                                                                            ;
; 20.883   ; -0.120   ;    ;      ;        ;                            ; clock uncertainty                                                                                                                                                                                                                                  ;
; 20.883   ; 0.000    ;    ; uTsu ; 1      ; FF_X29_Y9_N43              ; emu:emu|mpeg2_h262_two_picture_probe:mpeg2_h262_two_picture_probe|mpeg2_h262_p_diagnostic_controller:p_controller|mpeg2_h262_p_residual_probe:residual_probe|mpeg2_h262_p_non_intra_transform:transform|y0_f00_proven_OTERM97_OTERM9299_OTERM11813 ;
+----------+----------+----+------+--------+----------------------------+----------------------------------------------------------------------------------------------------------------------------------------------------------------------------------------------------------------------------------------------------+

----------------------------
; Extra Fitter Information ;
----------------------------
HTML report is unavailable in plain text report export.


Path #2: Setup slack is 2.720 
===============================================================================
+-------------------------------------------------------------------------------------------------------------------------------------------------------------------------------------------------------------------------------------------------------------------------+
; Path Summary                                                                                                                                                                                                                                                            ;
+--------------------+----------------------------------------------------------------------------------------------------------------------------------------------------------------------------------------------------------------------------------------------------+
; Property           ; Value                                                                                                                                                                                                                                              ;
+--------------------+----------------------------------------------------------------------------------------------------------------------------------------------------------------------------------------------------------------------------------------------------+
; From Node          ; emu:emu|mpeg2_h262_two_picture_probe:mpeg2_h262_two_picture_probe|mpeg2_h262_p_diagnostic_controller:p_controller|mpeg2_h262_p_residual_probe:residual_probe|mpeg2_h262_p_non_intra_transform:transform|iq_intra_weight[3]                         ;
; To Node            ; emu:emu|mpeg2_h262_two_picture_probe:mpeg2_h262_two_picture_probe|mpeg2_h262_p_diagnostic_controller:p_controller|mpeg2_h262_p_residual_probe:residual_probe|mpeg2_h262_p_non_intra_transform:transform|y0_f00_proven_OTERM97_OTERM9299_OTERM11813 ;
; Launch Clock       ; emu|pll|pll_inst|altera_pll_i|general[2].gpll~PLL_OUTPUT_COUNTER|divclk                                                                                                                                                                            ;
; Latch Clock        ; emu|pll|pll_inst|altera_pll_i|general[2].gpll~PLL_OUTPUT_COUNTER|divclk                                                                                                                                                                            ;
; Data Arrival Time  ; 18.180                                                                                                                                                                                                                                             ;
; Data Required Time ; 20.900                                                                                                                                                                                                                                             ;
; Slack              ; 2.720                                                                                                                                                                                                                                              ;
+--------------------+----------------------------------------------------------------------------------------------------------------------------------------------------------------------------------------------------------------------------------------------------+

+--------------------------------------------------------------------------------------+
; Statistics                                                                           ;
+------------------------+--------+-------+-------------+------------+--------+--------+
; Property               ; Value  ; Count ; Total Delay ; % of Total ; Min    ; Max    ;
+------------------------+--------+-------+-------------+------------+--------+--------+
; Setup Relationship     ; 16.666 ;       ;             ;            ;        ;        ;
; Clock Skew             ; -0.091 ;       ;             ;            ;        ;        ;
; Data Delay             ; 13.735 ;       ;             ;            ;        ;        ;
; Number of Logic Levels ;        ; 8     ;             ;            ;        ;        ;
; Physical Delays        ;        ;       ;             ;            ;        ;        ;
;  Arrival Path          ;        ;       ;             ;            ;        ;        ;
;   Clock                ;        ;       ;             ;            ;        ;        ;
;    IC                  ;        ; 6     ; 4.692       ; 57         ; 0.000  ; 2.339  ;
;    Cell                ;        ; 5     ; 3.521       ; 43         ; 0.322  ; 1.535  ;
;    PLL Compensation    ;        ; 1     ; -3.768      ; 0          ; -3.768 ; -3.768 ;
;   Data                 ;        ;       ;             ;            ;        ;        ;
;    IC                  ;        ; 35    ; 5.319       ; 39         ; 0.000  ; 0.947  ;
;    Cell                ;        ; 36    ; 8.416       ; 61         ; 0.000  ; 3.882  ;
;    uTco                ;        ; 1     ; 0.000       ; 0          ; 0.000  ; 0.000  ;
;  Required Path         ;        ;       ;             ;            ;        ;        ;
;   Clock                ;        ;       ;             ;            ;        ;        ;
;    IC                  ;        ; 6     ; 4.018       ; 56         ; 0.000  ; 1.903  ;
;    Cell                ;        ; 5     ; 3.146       ; 44         ; 0.296  ; 1.268  ;
;    PLL Compensation    ;        ; 1     ; -4.932      ; 0          ; -4.932 ; -4.932 ;
+------------------------+--------+-------+-------------+------------+--------+--------+
Note: Negative delays are omitted from totals when calculating percentages

+----------------------------------------------------------------------------------------------------------------------------------------------------------------------------------------------------------------------------------------------------------------------------------------------------------------------------+
; Data Arrival Path                                                                                                                                                                                                                                                                                                          ;
+----------+----------+----+------+--------+----------------------------+----------------------------------------------------------------------------------------------------------------------------------------------------------------------------------------------------------------------------------------------------+
; Total    ; Incr     ; RF ; Type ; Fanout ; Location                   ; Element                                                                                                                                                                                                                                            ;
+----------+----------+----+------+--------+----------------------------+----------------------------------------------------------------------------------------------------------------------------------------------------------------------------------------------------------------------------------------------------+
; 0.000    ; 0.000    ;    ;      ;        ;                            ; launch edge time                                                                                                                                                                                                                                   ;
; 4.445    ; 4.445    ;    ;      ;        ;                            ; clock path                                                                                                                                                                                                                                         ;
;   0.000  ;   0.000  ;    ;      ;        ;                            ; source latency                                                                                                                                                                                                                                     ;
;   0.000  ;   0.000  ;    ;      ; 1      ; PIN_Y13                    ; FPGA_CLK2_50                                                                                                                                                                                                                                       ;
;   0.000  ;   0.000  ; RR ; IC   ; 1      ; IOIBUF_X56_Y0_N1           ; FPGA_CLK2_50~input|i                                                                                                                                                                                                                               ;
;   0.761  ;   0.761  ; RR ; CELL ; 2      ; IOIBUF_X56_Y0_N1           ; FPGA_CLK2_50~input|o                                                                                                                                                                                                                               ;
;   2.096  ;   1.335  ; RR ; IC   ; 1      ; PLLREFCLKSELECT_X89_Y7_N0  ; emu|pll|pll_inst|altera_pll_i|general[0].gpll~PLL_REFCLK_SELECT|clkin[0]                                                                                                                                                                           ;
;   2.429  ;   0.333  ; RR ; CELL ; 1      ; PLLREFCLKSELECT_X89_Y7_N0  ; emu|pll|pll_inst|altera_pll_i|general[0].gpll~PLL_REFCLK_SELECT|clkout                                                                                                                                                                             ;
;   2.429  ;   0.000  ; RR ; IC   ; 10     ; FRACTIONALPLL_X89_Y1_N0    ; emu|pll|pll_inst|altera_pll_i|general[0].gpll~FRACTIONAL_PLL|refclkin                                                                                                                                                                              ;
;   -1.339 ;   -3.768 ; RR ; COMP ; 3      ; FRACTIONALPLL_X89_Y1_N0    ; emu|pll|pll_inst|altera_pll_i|general[0].gpll~FRACTIONAL_PLL|vcoph[0]                                                                                                                                                                              ;
;   -1.339 ;   0.000  ; RR ; IC   ; 1      ; PLLOUTPUTCOUNTER_X89_Y0_N1 ; emu|pll|pll_inst|altera_pll_i|general[2].gpll~PLL_OUTPUT_COUNTER|vco0ph[0]                                                                                                                                                                         ;
;   0.196  ;   1.535  ; RR ; CELL ; 1      ; PLLOUTPUTCOUNTER_X89_Y0_N1 ; emu|pll|pll_inst|altera_pll_i|general[2].gpll~PLL_OUTPUT_COUNTER|divclk                                                                                                                                                                            ;
;   1.214  ;   1.018  ; RR ; IC   ; 1      ; CLKCTRL_G11                ; emu|pll|pll_inst|altera_pll_i|outclk_wire[2]~CLKENA0|inclk                                                                                                                                                                                         ;
;   1.536  ;   0.322  ; RR ; CELL ; 36256  ; CLKCTRL_G11                ; emu|pll|pll_inst|altera_pll_i|outclk_wire[2]~CLKENA0|outclk                                                                                                                                                                                        ;
;   3.875  ;   2.339  ; RR ; IC   ; 1      ; FF_X34_Y9_N49              ; emu|mpeg2_h262_two_picture_probe|p_controller|residual_probe|transform|iq_intra_weight[3]|clk                                                                                                                                                      ;
;   4.445  ;   0.570  ; RR ; CELL ; 1      ; FF_X34_Y9_N49              ; emu:emu|mpeg2_h262_two_picture_probe:mpeg2_h262_two_picture_probe|mpeg2_h262_p_diagnostic_controller:p_controller|mpeg2_h262_p_residual_probe:residual_probe|mpeg2_h262_p_non_intra_transform:transform|iq_intra_weight[3]                         ;
; 18.180   ; 13.735   ;    ;      ;        ;                            ; data path                                                                                                                                                                                                                                          ;
;   4.445  ;   0.000  ;    ; uTco ; 1      ; FF_X34_Y9_N49              ; emu:emu|mpeg2_h262_two_picture_probe:mpeg2_h262_two_picture_probe|mpeg2_h262_p_diagnostic_controller:p_controller|mpeg2_h262_p_residual_probe:residual_probe|mpeg2_h262_p_non_intra_transform:transform|iq_intra_weight[3]                         ;
;   4.445  ;   0.000  ; FF ; CELL ; 1      ; FF_X34_Y9_N49              ; emu|mpeg2_h262_two_picture_probe|p_controller|residual_probe|transform|iq_intra_weight[3]|q                                                                                                                                                        ;
;   5.392  ;   0.947  ; FF ; IC   ; 1      ; LABCELL_X33_Y10_N57        ; emu|mpeg2_h262_two_picture_probe|p_controller|residual_probe|transform|iq_multiplier_b[3]~4_RESYN17228|datac                                                                                                                                       ;
;   5.868  ;   0.476  ; FF ; CELL ; 1      ; LABCELL_X33_Y10_N57        ; emu|mpeg2_h262_two_picture_probe|p_controller|residual_probe|transform|iq_multiplier_b[3]~4_RESYN17228|combout                                                                                                                                     ;
;   6.221  ;   0.353  ; FF ; IC   ; 1      ; LABCELL_X33_Y10_N36        ; emu|mpeg2_h262_two_picture_probe|p_controller|residual_probe|transform|iq_multiplier_b[3]~4|dataf                                                                                                                                                  ;
;   6.302  ;   0.081  ; FF ; CELL ; 1      ; LABCELL_X33_Y10_N36        ; emu|mpeg2_h262_two_picture_probe|p_controller|residual_probe|transform|iq_multiplier_b[3]~4|combout                                                                                                                                                ;
;   7.095  ;   0.793  ; FF ; IC   ; 32     ; DSP_X32_Y10_N0             ; emu|mpeg2_h262_two_picture_probe|p_controller|residual_probe|transform|Mult0~mac|ay[3]                                                                                                                                                             ;
;   10.977 ;   3.882  ; FF ; CELL ; 3      ; DSP_X32_Y10_N0             ; emu|mpeg2_h262_two_picture_probe|p_controller|residual_probe|transform|Mult0~mac|resulta[3]                                                                                                                                                        ;
;   11.871 ;   0.894  ; FF ; IC   ; 1      ; LABCELL_X31_Y10_N15        ; emu|mpeg2_h262_two_picture_probe|p_controller|residual_probe|transform|WideOr1|datac                                                                                                                                                               ;
;   12.349 ;   0.478  ; FF ; CELL ; 1      ; LABCELL_X31_Y10_N15        ; emu|mpeg2_h262_two_picture_probe|p_controller|residual_probe|transform|WideOr1|combout                                                                                                                                                             ;
;   12.559 ;   0.210  ; FF ; IC   ; 1      ; LABCELL_X31_Y10_N30        ; emu|mpeg2_h262_two_picture_probe|p_controller|residual_probe|transform|Add3~114|datab                                                                                                                                                              ;
;   13.535 ;   0.976  ; FF ; CELL ; 1      ; LABCELL_X31_Y10_N30        ; emu|mpeg2_h262_two_picture_probe|p_controller|residual_probe|transform|Add3~114|cout                                                                                                                                                               ;
;   13.535 ;   0.000  ; FF ; IC   ; 2      ; LABCELL_X31_Y10_N33        ; emu|mpeg2_h262_two_picture_probe|p_controller|residual_probe|transform|Add3~81|cin                                                                                                                                                                 ;
;   13.535 ;   0.000  ; FF ; CELL ; 1      ; LABCELL_X31_Y10_N33        ; emu|mpeg2_h262_two_picture_probe|p_controller|residual_probe|transform|Add3~81|cout                                                                                                                                                                ;
;   13.535 ;   0.000  ; FF ; IC   ; 2      ; LABCELL_X31_Y10_N36        ; emu|mpeg2_h262_two_picture_probe|p_controller|residual_probe|transform|Add3~93|cin                                                                                                                                                                 ;
;   13.580 ;   0.045  ; FF ; CELL ; 1      ; LABCELL_X31_Y10_N36        ; emu|mpeg2_h262_two_picture_probe|p_controller|residual_probe|transform|Add3~93|cout                                                                                                                                                                ;
;   13.580 ;   0.000  ; FF ; IC   ; 2      ; LABCELL_X31_Y10_N39        ; emu|mpeg2_h262_two_picture_probe|p_controller|residual_probe|transform|Add3~89|cin                                                                                                                                                                 ;
;   13.580 ;   0.000  ; FF ; CELL ; 1      ; LABCELL_X31_Y10_N39        ; emu|mpeg2_h262_two_picture_probe|p_controller|residual_probe|transform|Add3~89|cout                                                                                                                                                                ;
;   13.580 ;   0.000  ; FF ; IC   ; 2      ; LABCELL_X31_Y10_N42        ; emu|mpeg2_h262_two_picture_probe|p_controller|residual_probe|transform|Add3~85|cin                                                                                                                                                                 ;
;   13.625 ;   0.045  ; FF ; CELL ; 1      ; LABCELL_X31_Y10_N42        ; emu|mpeg2_h262_two_picture_probe|p_controller|residual_probe|transform|Add3~85|cout                                                                                                                                                                ;
;   13.625 ;   0.000  ; FF ; IC   ; 2      ; LABCELL_X31_Y10_N45        ; emu|mpeg2_h262_two_picture_probe|p_controller|residual_probe|transform|Add3~109|cin                                                                                                                                                                ;
;   13.625 ;   0.000  ; FF ; CELL ; 1      ; LABCELL_X31_Y10_N45        ; emu|mpeg2_h262_two_picture_probe|p_controller|residual_probe|transform|Add3~109|cout                                                                                                                                                               ;
;   13.625 ;   0.000  ; FF ; IC   ; 2      ; LABCELL_X31_Y10_N48        ; emu|mpeg2_h262_two_picture_probe|p_controller|residual_probe|transform|Add3~73|cin                                                                                                                                                                 ;
;   13.670 ;   0.045  ; FF ; CELL ; 1      ; LABCELL_X31_Y10_N48        ; emu|mpeg2_h262_two_picture_probe|p_controller|residual_probe|transform|Add3~73|cout                                                                                                                                                                ;
;   13.670 ;   0.000  ; FF ; IC   ; 2      ; LABCELL_X31_Y10_N51        ; emu|mpeg2_h262_two_picture_probe|p_controller|residual_probe|transform|Add3~105|cin                                                                                                                                                                ;
;   13.670 ;   0.000  ; FF ; CELL ; 1      ; LABCELL_X31_Y10_N51        ; emu|mpeg2_h262_two_picture_probe|p_controller|residual_probe|transform|Add3~105|cout                                                                                                                                                               ;
;   13.670 ;   0.000  ; FF ; IC   ; 2      ; LABCELL_X31_Y10_N54        ; emu|mpeg2_h262_two_picture_probe|p_controller|residual_probe|transform|Add3~101|cin                                                                                                                                                                ;
;   13.713 ;   0.043  ; FF ; CELL ; 1      ; LABCELL_X31_Y10_N54        ; emu|mpeg2_h262_two_picture_probe|p_controller|residual_probe|transform|Add3~101|cout                                                                                                                                                               ;
;   13.713 ;   0.000  ; FF ; IC   ; 2      ; LABCELL_X31_Y10_N57        ; emu|mpeg2_h262_two_picture_probe|p_controller|residual_probe|transform|Add3~1|cin                                                                                                                                                                  ;
;   13.713 ;   0.000  ; FF ; CELL ; 1      ; LABCELL_X31_Y10_N57        ; emu|mpeg2_h262_two_picture_probe|p_controller|residual_probe|transform|Add3~1|cout                                                                                                                                                                 ;
;   13.713 ;   0.000  ; FF ; IC   ; 2      ; LABCELL_X31_Y9_N0          ; emu|mpeg2_h262_two_picture_probe|p_controller|residual_probe|transform|Add3~97|cin                                                                                                                                                                 ;
;   13.840 ;   0.127  ; FF ; CELL ; 1      ; LABCELL_X31_Y9_N0          ; emu|mpeg2_h262_two_picture_probe|p_controller|residual_probe|transform|Add3~97|cout                                                                                                                                                                ;
;   13.840 ;   0.000  ; FF ; IC   ; 2      ; LABCELL_X31_Y9_N3          ; emu|mpeg2_h262_two_picture_probe|p_controller|residual_probe|transform|Add3~77|cin                                                                                                                                                                 ;
;   13.840 ;   0.000  ; FF ; CELL ; 1      ; LABCELL_X31_Y9_N3          ; emu|mpeg2_h262_two_picture_probe|p_controller|residual_probe|transform|Add3~77|cout                                                                                                                                                                ;
;   13.840 ;   0.000  ; FF ; IC   ; 2      ; LABCELL_X31_Y9_N6          ; emu|mpeg2_h262_two_picture_probe|p_controller|residual_probe|transform|Add3~29|cin                                                                                                                                                                 ;
;   13.885 ;   0.045  ; FF ; CELL ; 1      ; LABCELL_X31_Y9_N6          ; emu|mpeg2_h262_two_picture_probe|p_controller|residual_probe|transform|Add3~29|cout                                                                                                                                                                ;
;   13.885 ;   0.000  ; FF ; IC   ; 2      ; LABCELL_X31_Y9_N9          ; emu|mpeg2_h262_two_picture_probe|p_controller|residual_probe|transform|Add3~33|cin                                                                                                                                                                 ;
;   13.885 ;   0.000  ; FF ; CELL ; 1      ; LABCELL_X31_Y9_N9          ; emu|mpeg2_h262_two_picture_probe|p_controller|residual_probe|transform|Add3~33|cout                                                                                                                                                                ;
;   13.885 ;   0.000  ; FF ; IC   ; 2      ; LABCELL_X31_Y9_N12         ; emu|mpeg2_h262_two_picture_probe|p_controller|residual_probe|transform|Add3~61|cin                                                                                                                                                                 ;
;   13.930 ;   0.045  ; FF ; CELL ; 1      ; LABCELL_X31_Y9_N12         ; emu|mpeg2_h262_two_picture_probe|p_controller|residual_probe|transform|Add3~61|cout                                                                                                                                                                ;
;   13.930 ;   0.000  ; FF ; IC   ; 2      ; LABCELL_X31_Y9_N15         ; emu|mpeg2_h262_two_picture_probe|p_controller|residual_probe|transform|Add3~65|cin                                                                                                                                                                 ;
;   13.930 ;   0.000  ; FF ; CELL ; 1      ; LABCELL_X31_Y9_N15         ; emu|mpeg2_h262_two_picture_probe|p_controller|residual_probe|transform|Add3~65|cout                                                                                                                                                                ;
;   13.930 ;   0.000  ; FF ; IC   ; 2      ; LABCELL_X31_Y9_N18         ; emu|mpeg2_h262_two_picture_probe|p_controller|residual_probe|transform|Add3~53|cin                                                                                                                                                                 ;
;   13.975 ;   0.045  ; FF ; CELL ; 1      ; LABCELL_X31_Y9_N18         ; emu|mpeg2_h262_two_picture_probe|p_controller|residual_probe|transform|Add3~53|cout                                                                                                                                                                ;
;   13.975 ;   0.000  ; FF ; IC   ; 2      ; LABCELL_X31_Y9_N21         ; emu|mpeg2_h262_two_picture_probe|p_controller|residual_probe|transform|Add3~57|cin                                                                                                                                                                 ;
;   13.975 ;   0.000  ; FF ; CELL ; 1      ; LABCELL_X31_Y9_N21         ; emu|mpeg2_h262_two_picture_probe|p_controller|residual_probe|transform|Add3~57|cout                                                                                                                                                                ;
;   13.975 ;   0.000  ; FF ; IC   ; 2      ; LABCELL_X31_Y9_N24         ; emu|mpeg2_h262_two_picture_probe|p_controller|residual_probe|transform|Add3~17|cin                                                                                                                                                                 ;
;   14.032 ;   0.057  ; FF ; CELL ; 1      ; LABCELL_X31_Y9_N24         ; emu|mpeg2_h262_two_picture_probe|p_controller|residual_probe|transform|Add3~17|cout                                                                                                                                                                ;
;   14.032 ;   0.000  ; FF ; IC   ; 2      ; LABCELL_X31_Y9_N27         ; emu|mpeg2_h262_two_picture_probe|p_controller|residual_probe|transform|Add3~13|cin                                                                                                                                                                 ;
;   14.032 ;   0.000  ; FF ; CELL ; 1      ; LABCELL_X31_Y9_N27         ; emu|mpeg2_h262_two_picture_probe|p_controller|residual_probe|transform|Add3~13|cout                                                                                                                                                                ;
;   14.032 ;   0.000  ; FF ; IC   ; 2      ; LABCELL_X31_Y9_N30         ; emu|mpeg2_h262_two_picture_probe|p_controller|residual_probe|transform|Add3~25|cin                                                                                                                                                                 ;
;   14.150 ;   0.118  ; FF ; CELL ; 1      ; LABCELL_X31_Y9_N30         ; emu|mpeg2_h262_two_picture_probe|p_controller|residual_probe|transform|Add3~25|cout                                                                                                                                                                ;
;   14.150 ;   0.000  ; FF ; IC   ; 2      ; LABCELL_X31_Y9_N33         ; emu|mpeg2_h262_two_picture_probe|p_controller|residual_probe|transform|Add3~37|cin                                                                                                                                                                 ;
;   14.150 ;   0.000  ; FF ; CELL ; 1      ; LABCELL_X31_Y9_N33         ; emu|mpeg2_h262_two_picture_probe|p_controller|residual_probe|transform|Add3~37|cout                                                                                                                                                                ;
;   14.150 ;   0.000  ; FF ; IC   ; 2      ; LABCELL_X31_Y9_N36         ; emu|mpeg2_h262_two_picture_probe|p_controller|residual_probe|transform|Add3~21|cin                                                                                                                                                                 ;
;   14.195 ;   0.045  ; FF ; CELL ; 1      ; LABCELL_X31_Y9_N36         ; emu|mpeg2_h262_two_picture_probe|p_controller|residual_probe|transform|Add3~21|cout                                                                                                                                                                ;
;   14.195 ;   0.000  ; FF ; IC   ; 2      ; LABCELL_X31_Y9_N39         ; emu|mpeg2_h262_two_picture_probe|p_controller|residual_probe|transform|Add3~9|cin                                                                                                                                                                  ;
;   14.195 ;   0.000  ; FF ; CELL ; 1      ; LABCELL_X31_Y9_N39         ; emu|mpeg2_h262_two_picture_probe|p_controller|residual_probe|transform|Add3~9|cout                                                                                                                                                                 ;
;   14.195 ;   0.000  ; FF ; IC   ; 2      ; LABCELL_X31_Y9_N42         ; emu|mpeg2_h262_two_picture_probe|p_controller|residual_probe|transform|Add3~69|cin                                                                                                                                                                 ;
;   14.240 ;   0.045  ; FF ; CELL ; 1      ; LABCELL_X31_Y9_N42         ; emu|mpeg2_h262_two_picture_probe|p_controller|residual_probe|transform|Add3~69|cout                                                                                                                                                                ;
;   14.240 ;   0.000  ; FF ; IC   ; 2      ; LABCELL_X31_Y9_N45         ; emu|mpeg2_h262_two_picture_probe|p_controller|residual_probe|transform|Add3~49|cin                                                                                                                                                                 ;
;   14.240 ;   0.000  ; FF ; CELL ; 1      ; LABCELL_X31_Y9_N45         ; emu|mpeg2_h262_two_picture_probe|p_controller|residual_probe|transform|Add3~49|cout                                                                                                                                                                ;
;   14.240 ;   0.000  ; FF ; IC   ; 2      ; LABCELL_X31_Y9_N48         ; emu|mpeg2_h262_two_picture_probe|p_controller|residual_probe|transform|Add3~41|cin                                                                                                                                                                 ;
;   14.592 ;   0.352  ; FR ; CELL ; 1      ; LABCELL_X31_Y9_N48         ; emu|mpeg2_h262_two_picture_probe|p_controller|residual_probe|transform|Add3~41|sumout                                                                                                                                                              ;
;   15.272 ;   0.680  ; RR ; IC   ; 1      ; LABCELL_X30_Y8_N12         ; emu|mpeg2_h262_two_picture_probe|p_controller|residual_probe|transform|iq_unclipped[25]~15|dataa                                                                                                                                                   ;
;   15.865 ;   0.593  ; RF ; CELL ; 8      ; LABCELL_X30_Y8_N12         ; emu|mpeg2_h262_two_picture_probe|p_controller|residual_probe|transform|iq_unclipped[25]~15|combout                                                                                                                                                 ;
;   16.411 ;   0.546  ; FF ; IC   ; 1      ; LABCELL_X29_Y8_N45         ; emu|mpeg2_h262_two_picture_probe|p_controller|residual_probe|transform|LessThan2~3_Duplicate_Duplicate_Duplicate|datab                                                                                                                             ;
;   16.947 ;   0.536  ; FF ; CELL ; 2      ; LABCELL_X29_Y8_N45         ; emu|mpeg2_h262_two_picture_probe|p_controller|residual_probe|transform|LessThan2~3_Duplicate_Duplicate_Duplicate|combout                                                                                                                           ;
;   17.843 ;   0.896  ; FF ; IC   ; 1      ; LABCELL_X29_Y9_N42         ; emu|mpeg2_h262_two_picture_probe|p_controller|residual_probe|transform|iq_saturated[8]~25_Duplicate_Duplicate|dataf                                                                                                                                ;
;   17.920 ;   0.077  ; FF ; CELL ; 1      ; LABCELL_X29_Y9_N42         ; emu|mpeg2_h262_two_picture_probe|p_controller|residual_probe|transform|iq_saturated[8]~25_Duplicate_Duplicate|combout                                                                                                                              ;
;   17.920 ;   0.000  ; FF ; IC   ; 1      ; FF_X29_Y9_N43              ; emu|mpeg2_h262_two_picture_probe|p_controller|residual_probe|transform|y0_f00_proven_OTERM97_OTERM9299_NEW_REG11812|d                                                                                                                              ;
;   18.180 ;   0.260  ; FF ; CELL ; 1      ; FF_X29_Y9_N43              ; emu:emu|mpeg2_h262_two_picture_probe:mpeg2_h262_two_picture_probe|mpeg2_h262_p_diagnostic_controller:p_controller|mpeg2_h262_p_residual_probe:residual_probe|mpeg2_h262_p_non_intra_transform:transform|y0_f00_proven_OTERM97_OTERM9299_OTERM11813 ;
+----------+----------+----+------+--------+----------------------------+----------------------------------------------------------------------------------------------------------------------------------------------------------------------------------------------------------------------------------------------------+

+----------------------------------------------------------------------------------------------------------------------------------------------------------------------------------------------------------------------------------------------------------------------------------------------------------------------------+
; Data Required Path                                                                                                                                                                                                                                                                                                         ;
+----------+----------+----+------+--------+----------------------------+----------------------------------------------------------------------------------------------------------------------------------------------------------------------------------------------------------------------------------------------------+
; Total    ; Incr     ; RF ; Type ; Fanout ; Location                   ; Element                                                                                                                                                                                                                                            ;
+----------+----------+----+------+--------+----------------------------+----------------------------------------------------------------------------------------------------------------------------------------------------------------------------------------------------------------------------------------------------+
; 16.666   ; 16.666   ;    ;      ;        ;                            ; latch edge time                                                                                                                                                                                                                                    ;
; 21.020   ; 4.354    ;    ;      ;        ;                            ; clock path                                                                                                                                                                                                                                         ;
;   16.666 ;   0.000  ;    ;      ;        ;                            ; source latency                                                                                                                                                                                                                                     ;
;   16.666 ;   0.000  ;    ;      ; 1      ; PIN_Y13                    ; FPGA_CLK2_50                                                                                                                                                                                                                                       ;
;   16.666 ;   0.000  ; RR ; IC   ; 1      ; IOIBUF_X56_Y0_N1           ; FPGA_CLK2_50~input|i                                                                                                                                                                                                                               ;
;   17.427 ;   0.761  ; RR ; CELL ; 2      ; IOIBUF_X56_Y0_N1           ; FPGA_CLK2_50~input|o                                                                                                                                                                                                                               ;
;   18.598 ;   1.171  ; RR ; IC   ; 1      ; PLLREFCLKSELECT_X89_Y7_N0  ; emu|pll|pll_inst|altera_pll_i|general[0].gpll~PLL_REFCLK_SELECT|clkin[0]                                                                                                                                                                           ;
;   18.906 ;   0.308  ; RR ; CELL ; 1      ; PLLREFCLKSELECT_X89_Y7_N0  ; emu|pll|pll_inst|altera_pll_i|general[0].gpll~PLL_REFCLK_SELECT|clkout                                                                                                                                                                             ;
;   18.906 ;   0.000  ; RR ; IC   ; 10     ; FRACTIONALPLL_X89_Y1_N0    ; emu|pll|pll_inst|altera_pll_i|general[0].gpll~FRACTIONAL_PLL|refclkin                                                                                                                                                                              ;
;   13.974 ;   -4.932 ; RR ; COMP ; 3      ; FRACTIONALPLL_X89_Y1_N0    ; emu|pll|pll_inst|altera_pll_i|general[0].gpll~FRACTIONAL_PLL|vcoph[0]                                                                                                                                                                              ;
;   13.974 ;   0.000  ; RR ; IC   ; 1      ; PLLOUTPUTCOUNTER_X89_Y0_N1 ; emu|pll|pll_inst|altera_pll_i|general[2].gpll~PLL_OUTPUT_COUNTER|vco0ph[0]                                                                                                                                                                         ;
;   15.242 ;   1.268  ; RR ; CELL ; 1      ; PLLOUTPUTCOUNTER_X89_Y0_N1 ; emu|pll|pll_inst|altera_pll_i|general[2].gpll~PLL_OUTPUT_COUNTER|divclk                                                                                                                                                                            ;
;   16.186 ;   0.944  ; RR ; IC   ; 1      ; CLKCTRL_G11                ; emu|pll|pll_inst|altera_pll_i|outclk_wire[2]~CLKENA0|inclk                                                                                                                                                                                         ;
;   16.482 ;   0.296  ; RR ; CELL ; 36256  ; CLKCTRL_G11                ; emu|pll|pll_inst|altera_pll_i|outclk_wire[2]~CLKENA0|outclk                                                                                                                                                                                        ;
;   18.385 ;   1.903  ; RR ; IC   ; 1      ; FF_X29_Y9_N43              ; emu|mpeg2_h262_two_picture_probe|p_controller|residual_probe|transform|y0_f00_proven_OTERM97_OTERM9299_NEW_REG11812|clk                                                                                                                            ;
;   18.898 ;   0.513  ; RR ; CELL ; 1      ; FF_X29_Y9_N43              ; emu:emu|mpeg2_h262_two_picture_probe:mpeg2_h262_two_picture_probe|mpeg2_h262_p_diagnostic_controller:p_controller|mpeg2_h262_p_residual_probe:residual_probe|mpeg2_h262_p_non_intra_transform:transform|y0_f00_proven_OTERM97_OTERM9299_OTERM11813 ;
;   21.020 ;   2.122  ;    ;      ;        ;                            ; clock pessimism removed                                                                                                                                                                                                                            ;
; 20.900   ; -0.120   ;    ;      ;        ;                            ; clock uncertainty                                                                                                                                                                                                                                  ;
; 20.900   ; 0.000    ;    ; uTsu ; 1      ; FF_X29_Y9_N43              ; emu:emu|mpeg2_h262_two_picture_probe:mpeg2_h262_two_picture_probe|mpeg2_h262_p_diagnostic_controller:p_controller|mpeg2_h262_p_residual_probe:residual_probe|mpeg2_h262_p_non_intra_transform:transform|y0_f00_proven_OTERM97_OTERM9299_OTERM11813 ;
+----------+----------+----+------+--------+----------------------------+----------------------------------------------------------------------------------------------------------------------------------------------------------------------------------------------------------------------------------------------------+

----------------------------
; Extra Fitter Information ;
----------------------------
HTML report is unavailable in plain text report export.


