INTEGRATED_PROGRESS pictures=32 cycles=66243680
INTEGRATED_PROGRESS pictures=64 cycles=130177945
INTEGRATED_PROGRESS pictures=96 cycles=194077163
INTEGRATED_PROGRESS pictures=128 cycles=258209997
INTEGRATED_PROGRESS pictures=160 cycles=323218938
INTEGRATED_PROGRESS pictures=192 cycles=386914547
INTEGRATED_PROGRESS pictures=224 cycles=450872364
INTEGRATED_PROGRESS pictures=256 cycles=514531033
INTEGRATED_PROGRESS pictures=288 cycles=578618289
INTEGRATED_PROGRESS pictures=320 cycles=642585764
INTEGRATED_PROGRESS pictures=352 cycles=707248521
INTEGRATED_PROGRESS pictures=384 cycles=770840395
INTEGRATED_PROGRESS pictures=416 cycles=835512324
INTEGRATED_PROGRESS pictures=448 cycles=899224373
INTEGRATED_PROGRESS pictures=480 cycles=963556875
INTEGRATED_PROGRESS pictures=512 cycles=1027268368
INTEGRATED_PROGRESS pictures=544 cycles=1090953677
INTEGRATED_PROGRESS pictures=576 cycles=1155106105
INTEGRATED_PROGRESS pictures=608 cycles=1220120148
INTEGRATED_PROGRESS pictures=640 cycles=1283828932
INTEGRATED_PROGRESS pictures=672 cycles=1347747742
INTEGRATED_PROGRESS pictures=704 cycles=1411454807
INTEGRATED_PROGRESS pictures=736 cycles=1475523284
INTEGRATED_PROGRESS pictures=768 cycles=1539530922
INTEGRATED_PROGRESS pictures=800 cycles=1604154917
INTEGRATED_PROGRESS pictures=832 cycles=1667662268
INTEGRATED_PROGRESS pictures=864 cycles=1732406435
INTEGRATED_PROGRESS pictures=896 cycles=1796129910
INTEGRATED_PASS writer=1 phase=1961195 displayed=898 gaps=0 elapsed_seconds=29.996829 words=58190400 stores=7273800
- /home/vash/mister-builds/entry599/tb_entry599_i_cadence.sv:318: Verilog $finish
- S i m u l a t i o n   R e p o r t: Verilator 5.032 2025-01-01
- Verilator: $finish at 18s; walltime 1229.412 s; speed 14.661 ms/s
- Verilator: cpu 1228.968 s on 1 threads; alloced 281 MB
