----------------
; Command Info ;
----------------
Report Timing: Found 2 setup paths (0 violated).  Worst case slack is 4.434 

Tcl Command:
    report_timing -setup -file /home/vash/mister-builds/entry679/results/transform_iq_intra_weight_input.rpt -to [get_registers {*|mpeg2_h262_p_non_intra_transform:transform|iq_intra_weight*}] -npaths 2 -detail full_path

Options:
    -to [get_registers {*|mpeg2_h262_p_non_intra_transform:transform|iq_intra_weight*}] 
    -setup 
    -npaths 2 
    -detail full_path 
    -file {/home/vash/mister-builds/entry679/results/transform_iq_intra_weight_input.rpt} 

Delay Model:
    Slow 1100mV 100C Model

+-------------------------------------------------------------------------------------------------------------------------------------------------------------------------------------------------------------------------------------------------------------------------------------------------------------------------------------------------------------------------------------------------------------------------------------------------------------------------------------------------------------------------------------------------------------------------------------------------------------------------------------------------------+
; Summary of Paths                                                                                                                                                                                                                                                                                                                                                                                                                                                                                                                                                                                                                                      ;
+-------+---------------------------------------------------------------------------------------------------------------------------------------------------------------------------------------------------------------------+----------------------------------------------------------------------------------------------------------------------------------------------------------------------------------------------------------------------------+-------------------------------------------------------------------------+-------------------------------------------------------------------------+--------------+------------+------------+
; Slack ; From Node                                                                                                                                                                                                           ; To Node                                                                                                                                                                                                                    ; Launch Clock                                                            ; Latch Clock                                                             ; Relationship ; Clock Skew ; Data Delay ;
+-------+---------------------------------------------------------------------------------------------------------------------------------------------------------------------------------------------------------------------+----------------------------------------------------------------------------------------------------------------------------------------------------------------------------------------------------------------------------+-------------------------------------------------------------------------+-------------------------------------------------------------------------+--------------+------------+------------+
; 4.434 ; emu:emu|mpeg2_h262_two_picture_probe:mpeg2_h262_two_picture_probe|mpeg2_h262_p_diagnostic_controller:p_controller|mpeg2_h262_p_residual_probe:residual_probe|mpeg2_h262_p_non_intra_transform:transform|iq_index[1] ; emu:emu|mpeg2_h262_two_picture_probe:mpeg2_h262_two_picture_probe|mpeg2_h262_p_diagnostic_controller:p_controller|mpeg2_h262_p_residual_probe:residual_probe|mpeg2_h262_p_non_intra_transform:transform|iq_intra_weight[3] ; emu|pll|pll_inst|altera_pll_i|general[2].gpll~PLL_OUTPUT_COUNTER|divclk ; emu|pll|pll_inst|altera_pll_i|general[2].gpll~PLL_OUTPUT_COUNTER|divclk ; 16.666       ; -0.495     ; 11.617     ;
; 4.455 ; emu:emu|mpeg2_h262_two_picture_probe:mpeg2_h262_two_picture_probe|mpeg2_h262_p_diagnostic_controller:p_controller|mpeg2_h262_p_residual_probe:residual_probe|mpeg2_h262_p_non_intra_transform:transform|iq_index[2] ; emu:emu|mpeg2_h262_two_picture_probe:mpeg2_h262_two_picture_probe|mpeg2_h262_p_diagnostic_controller:p_controller|mpeg2_h262_p_residual_probe:residual_probe|mpeg2_h262_p_non_intra_transform:transform|iq_intra_weight[3] ; emu|pll|pll_inst|altera_pll_i|general[2].gpll~PLL_OUTPUT_COUNTER|divclk ; emu|pll|pll_inst|altera_pll_i|general[2].gpll~PLL_OUTPUT_COUNTER|divclk ; 16.666       ; -0.495     ; 11.596     ;
+-------+---------------------------------------------------------------------------------------------------------------------------------------------------------------------------------------------------------------------+----------------------------------------------------------------------------------------------------------------------------------------------------------------------------------------------------------------------------+-------------------------------------------------------------------------+-------------------------------------------------------------------------+--------------+------------+------------+

Path #1: Setup slack is 4.434 
===============================================================================
+-------------------------------------------------------------------------------------------------------------------------------------------------------------------------------------------------------------------------------------------------+
; Path Summary                                                                                                                                                                                                                                    ;
+--------------------+----------------------------------------------------------------------------------------------------------------------------------------------------------------------------------------------------------------------------+
; Property           ; Value                                                                                                                                                                                                                      ;
+--------------------+----------------------------------------------------------------------------------------------------------------------------------------------------------------------------------------------------------------------------+
; From Node          ; emu:emu|mpeg2_h262_two_picture_probe:mpeg2_h262_two_picture_probe|mpeg2_h262_p_diagnostic_controller:p_controller|mpeg2_h262_p_residual_probe:residual_probe|mpeg2_h262_p_non_intra_transform:transform|iq_index[1]        ;
; To Node            ; emu:emu|mpeg2_h262_two_picture_probe:mpeg2_h262_two_picture_probe|mpeg2_h262_p_diagnostic_controller:p_controller|mpeg2_h262_p_residual_probe:residual_probe|mpeg2_h262_p_non_intra_transform:transform|iq_intra_weight[3] ;
; Launch Clock       ; emu|pll|pll_inst|altera_pll_i|general[2].gpll~PLL_OUTPUT_COUNTER|divclk                                                                                                                                                    ;
; Latch Clock        ; emu|pll|pll_inst|altera_pll_i|general[2].gpll~PLL_OUTPUT_COUNTER|divclk                                                                                                                                                    ;
; Data Arrival Time  ; 16.064                                                                                                                                                                                                                     ;
; Data Required Time ; 20.498                                                                                                                                                                                                                     ;
; Slack              ; 4.434                                                                                                                                                                                                                      ;
+--------------------+----------------------------------------------------------------------------------------------------------------------------------------------------------------------------------------------------------------------------+

+--------------------------------------------------------------------------------------+
; Statistics                                                                           ;
+------------------------+--------+-------+-------------+------------+--------+--------+
; Property               ; Value  ; Count ; Total Delay ; % of Total ; Min    ; Max    ;
+------------------------+--------+-------+-------------+------------+--------+--------+
; Setup Relationship     ; 16.666 ;       ;             ;            ;        ;        ;
; Clock Skew             ; -0.495 ;       ;             ;            ;        ;        ;
; Data Delay             ; 11.617 ;       ;             ;            ;        ;        ;
; Number of Logic Levels ;        ; 7     ;             ;            ;        ;        ;
; Physical Delays        ;        ;       ;             ;            ;        ;        ;
;  Arrival Path          ;        ;       ;             ;            ;        ;        ;
;   Clock                ;        ;       ;             ;            ;        ;        ;
;    IC                  ;        ; 6     ; 4.685       ; 57         ; 0.000  ; 2.331  ;
;    Cell                ;        ; 5     ; 3.522       ; 43         ; 0.322  ; 1.535  ;
;    PLL Compensation    ;        ; 1     ; -3.760      ; 0          ; -3.760 ; -3.760 ;
;   Data                 ;        ;       ;             ;            ;        ;        ;
;    IC                  ;        ; 8     ; 8.520       ; 73         ; 0.000  ; 2.266  ;
;    Cell                ;        ; 9     ; 3.097       ; 27         ; 0.000  ; 0.576  ;
;    uTco                ;        ; 1     ; 0.000       ; 0          ; 0.000  ; 0.000  ;
;  Required Path         ;        ;       ;             ;            ;        ;        ;
;   Clock                ;        ;       ;             ;            ;        ;        ;
;    IC                  ;        ; 6     ; 4.015       ; 56         ; 0.000  ; 1.898  ;
;    Cell                ;        ; 5     ; 3.142       ; 44         ; 0.296  ; 1.268  ;
;    PLL Compensation    ;        ; 1     ; -4.918      ; 0          ; -4.918 ; -4.918 ;
+------------------------+--------+-------+-------------+------------+--------+--------+
Note: Negative delays are omitted from totals when calculating percentages

+----------------------------------------------------------------------------------------------------------------------------------------------------------------------------------------------------------------------------------------------------------------------------------------------------+
; Data Arrival Path                                                                                                                                                                                                                                                                                  ;
+----------+----------+----+------+--------+----------------------------+----------------------------------------------------------------------------------------------------------------------------------------------------------------------------------------------------------------------------+
; Total    ; Incr     ; RF ; Type ; Fanout ; Location                   ; Element                                                                                                                                                                                                                    ;
+----------+----------+----+------+--------+----------------------------+----------------------------------------------------------------------------------------------------------------------------------------------------------------------------------------------------------------------------+
; 0.000    ; 0.000    ;    ;      ;        ;                            ; launch edge time                                                                                                                                                                                                           ;
; 4.447    ; 4.447    ;    ;      ;        ;                            ; clock path                                                                                                                                                                                                                 ;
;   0.000  ;   0.000  ;    ;      ;        ;                            ; source latency                                                                                                                                                                                                             ;
;   0.000  ;   0.000  ;    ;      ; 1      ; PIN_Y13                    ; FPGA_CLK2_50                                                                                                                                                                                                               ;
;   0.000  ;   0.000  ; RR ; IC   ; 1      ; IOIBUF_X56_Y0_N1           ; FPGA_CLK2_50~input|i                                                                                                                                                                                                       ;
;   0.761  ;   0.761  ; RR ; CELL ; 2      ; IOIBUF_X56_Y0_N1           ; FPGA_CLK2_50~input|o                                                                                                                                                                                                       ;
;   2.096  ;   1.335  ; RR ; IC   ; 1      ; PLLREFCLKSELECT_X89_Y7_N0  ; emu|pll|pll_inst|altera_pll_i|general[0].gpll~PLL_REFCLK_SELECT|clkin[0]                                                                                                                                                   ;
;   2.429  ;   0.333  ; RR ; CELL ; 1      ; PLLREFCLKSELECT_X89_Y7_N0  ; emu|pll|pll_inst|altera_pll_i|general[0].gpll~PLL_REFCLK_SELECT|clkout                                                                                                                                                     ;
;   2.429  ;   0.000  ; RR ; IC   ; 10     ; FRACTIONALPLL_X89_Y1_N0    ; emu|pll|pll_inst|altera_pll_i|general[0].gpll~FRACTIONAL_PLL|refclkin                                                                                                                                                      ;
;   -1.331 ;   -3.760 ; RR ; COMP ; 3      ; FRACTIONALPLL_X89_Y1_N0    ; emu|pll|pll_inst|altera_pll_i|general[0].gpll~FRACTIONAL_PLL|vcoph[0]                                                                                                                                                      ;
;   -1.331 ;   0.000  ; RR ; IC   ; 1      ; PLLOUTPUTCOUNTER_X89_Y2_N1 ; emu|pll|pll_inst|altera_pll_i|general[2].gpll~PLL_OUTPUT_COUNTER|vco0ph[0]                                                                                                                                                 ;
;   0.204  ;   1.535  ; RR ; CELL ; 1      ; PLLOUTPUTCOUNTER_X89_Y2_N1 ; emu|pll|pll_inst|altera_pll_i|general[2].gpll~PLL_OUTPUT_COUNTER|divclk                                                                                                                                                    ;
;   1.223  ;   1.019  ; RR ; IC   ; 1      ; CLKCTRL_G11                ; emu|pll|pll_inst|altera_pll_i|outclk_wire[2]~CLKENA0|inclk                                                                                                                                                                 ;
;   1.545  ;   0.322  ; RR ; CELL ; 36232  ; CLKCTRL_G11                ; emu|pll|pll_inst|altera_pll_i|outclk_wire[2]~CLKENA0|outclk                                                                                                                                                                ;
;   3.876  ;   2.331  ; RR ; IC   ; 1      ; FF_X23_Y6_N53              ; emu|mpeg2_h262_two_picture_probe|p_controller|residual_probe|transform|iq_index[1]|clk                                                                                                                                     ;
;   4.447  ;   0.571  ; RR ; CELL ; 1      ; FF_X23_Y6_N53              ; emu:emu|mpeg2_h262_two_picture_probe:mpeg2_h262_two_picture_probe|mpeg2_h262_p_diagnostic_controller:p_controller|mpeg2_h262_p_residual_probe:residual_probe|mpeg2_h262_p_non_intra_transform:transform|iq_index[1]        ;
; 16.064   ; 11.617   ;    ;      ;        ;                            ; data path                                                                                                                                                                                                                  ;
;   4.447  ;   0.000  ;    ; uTco ; 1      ; FF_X23_Y6_N53              ; emu:emu|mpeg2_h262_two_picture_probe:mpeg2_h262_two_picture_probe|mpeg2_h262_p_diagnostic_controller:p_controller|mpeg2_h262_p_residual_probe:residual_probe|mpeg2_h262_p_non_intra_transform:transform|iq_index[1]        ;
;   4.447  ;   0.000  ; RR ; CELL ; 28     ; FF_X23_Y6_N53              ; emu|mpeg2_h262_two_picture_probe|p_controller|residual_probe|transform|iq_index[1]|q                                                                                                                                       ;
;   4.786  ;   0.339  ; RR ; IC   ; 1      ; LABCELL_X23_Y6_N36         ; emu|mpeg2_h262_two_picture_probe|p_controller|residual_probe|transform|iq_weight_read_index~0|dataa                                                                                                                        ;
;   5.362  ;   0.576  ; RR ; CELL ; 4      ; LABCELL_X23_Y6_N36         ; emu|mpeg2_h262_two_picture_probe|p_controller|residual_probe|transform|iq_weight_read_index~0|combout                                                                                                                      ;
;   6.093  ;   0.731  ; RR ; IC   ; 1      ; LABCELL_X23_Y8_N57         ; emu|mpeg2_h262_two_picture_probe|p_controller|residual_probe|transform|iq_weight_read_index~1|datad                                                                                                                        ;
;   6.459  ;   0.366  ; RF ; CELL ; 6      ; LABCELL_X23_Y8_N57         ; emu|mpeg2_h262_two_picture_probe|p_controller|residual_probe|transform|iq_weight_read_index~1|combout                                                                                                                      ;
;   7.329  ;   0.870  ; FF ; IC   ; 1      ; LABCELL_X23_Y6_N42         ; emu|mpeg2_h262_two_picture_probe|p_controller|residual_probe|transform|iq_weight_read_index[3]~5|datab                                                                                                                     ;
;   7.859  ;   0.530  ; FF ; CELL ; 118    ; LABCELL_X23_Y6_N42         ; emu|mpeg2_h262_two_picture_probe|p_controller|residual_probe|transform|iq_weight_read_index[3]~5|combout                                                                                                                   ;
;   10.097 ;   2.238  ; FF ; IC   ; 1      ; LABCELL_X11_Y1_N48         ; emu|mpeg2_h262_two_picture_probe|p_controller|residual_probe|transform|matrices|intra_mem~578|datad                                                                                                                        ;
;   10.605 ;   0.508  ; FF ; CELL ; 1      ; LABCELL_X11_Y1_N48         ; emu|mpeg2_h262_two_picture_probe|p_controller|residual_probe|transform|matrices|intra_mem~578|combout                                                                                                                      ;
;   11.355 ;   0.750  ; FF ; IC   ; 1      ; LABCELL_X10_Y2_N12         ; emu|mpeg2_h262_two_picture_probe|p_controller|residual_probe|transform|matrices|intra_mem~579|datab                                                                                                                        ;
;   11.914 ;   0.559  ; FF ; CELL ; 1      ; LABCELL_X10_Y2_N12         ; emu|mpeg2_h262_two_picture_probe|p_controller|residual_probe|transform|matrices|intra_mem~579|combout                                                                                                                      ;
;   13.240 ;   1.326  ; FF ; IC   ; 1      ; LABCELL_X17_Y4_N12         ; emu|mpeg2_h262_two_picture_probe|p_controller|residual_probe|transform|matrices|intra_mem~595|datae                                                                                                                        ;
;   13.461 ;   0.221  ; FF ; CELL ; 1      ; LABCELL_X17_Y4_N12         ; emu|mpeg2_h262_two_picture_probe|p_controller|residual_probe|transform|matrices|intra_mem~595|combout                                                                                                                      ;
;   15.727 ;   2.266  ; FF ; IC   ; 1      ; LABCELL_X29_Y12_N39        ; emu|mpeg2_h262_two_picture_probe|p_controller|residual_probe|transform|matrices|intra_weight[3]~0|dataf                                                                                                                    ;
;   15.802 ;   0.075  ; FF ; CELL ; 1      ; LABCELL_X29_Y12_N39        ; emu|mpeg2_h262_two_picture_probe|p_controller|residual_probe|transform|matrices|intra_weight[3]~0|combout                                                                                                                  ;
;   15.802 ;   0.000  ; FF ; IC   ; 1      ; FF_X29_Y12_N41             ; emu|mpeg2_h262_two_picture_probe|p_controller|residual_probe|transform|iq_intra_weight[3]|d                                                                                                                                ;
;   16.064 ;   0.262  ; FF ; CELL ; 1      ; FF_X29_Y12_N41             ; emu:emu|mpeg2_h262_two_picture_probe:mpeg2_h262_two_picture_probe|mpeg2_h262_p_diagnostic_controller:p_controller|mpeg2_h262_p_residual_probe:residual_probe|mpeg2_h262_p_non_intra_transform:transform|iq_intra_weight[3] ;
+----------+----------+----+------+--------+----------------------------+----------------------------------------------------------------------------------------------------------------------------------------------------------------------------------------------------------------------------+

+----------------------------------------------------------------------------------------------------------------------------------------------------------------------------------------------------------------------------------------------------------------------------------------------------+
; Data Required Path                                                                                                                                                                                                                                                                                 ;
+----------+----------+----+------+--------+----------------------------+----------------------------------------------------------------------------------------------------------------------------------------------------------------------------------------------------------------------------+
; Total    ; Incr     ; RF ; Type ; Fanout ; Location                   ; Element                                                                                                                                                                                                                    ;
+----------+----------+----+------+--------+----------------------------+----------------------------------------------------------------------------------------------------------------------------------------------------------------------------------------------------------------------------+
; 16.666   ; 16.666   ;    ;      ;        ;                            ; latch edge time                                                                                                                                                                                                            ;
; 20.618   ; 3.952    ;    ;      ;        ;                            ; clock path                                                                                                                                                                                                                 ;
;   16.666 ;   0.000  ;    ;      ;        ;                            ; source latency                                                                                                                                                                                                             ;
;   16.666 ;   0.000  ;    ;      ; 1      ; PIN_Y13                    ; FPGA_CLK2_50                                                                                                                                                                                                               ;
;   16.666 ;   0.000  ; RR ; IC   ; 1      ; IOIBUF_X56_Y0_N1           ; FPGA_CLK2_50~input|i                                                                                                                                                                                                       ;
;   17.427 ;   0.761  ; RR ; CELL ; 2      ; IOIBUF_X56_Y0_N1           ; FPGA_CLK2_50~input|o                                                                                                                                                                                                       ;
;   18.598 ;   1.171  ; RR ; IC   ; 1      ; PLLREFCLKSELECT_X89_Y7_N0  ; emu|pll|pll_inst|altera_pll_i|general[0].gpll~PLL_REFCLK_SELECT|clkin[0]                                                                                                                                                   ;
;   18.906 ;   0.308  ; RR ; CELL ; 1      ; PLLREFCLKSELECT_X89_Y7_N0  ; emu|pll|pll_inst|altera_pll_i|general[0].gpll~PLL_REFCLK_SELECT|clkout                                                                                                                                                     ;
;   18.906 ;   0.000  ; RR ; IC   ; 10     ; FRACTIONALPLL_X89_Y1_N0    ; emu|pll|pll_inst|altera_pll_i|general[0].gpll~FRACTIONAL_PLL|refclkin                                                                                                                                                      ;
;   13.988 ;   -4.918 ; RR ; COMP ; 3      ; FRACTIONALPLL_X89_Y1_N0    ; emu|pll|pll_inst|altera_pll_i|general[0].gpll~FRACTIONAL_PLL|vcoph[0]                                                                                                                                                      ;
;   13.988 ;   0.000  ; RR ; IC   ; 1      ; PLLOUTPUTCOUNTER_X89_Y2_N1 ; emu|pll|pll_inst|altera_pll_i|general[2].gpll~PLL_OUTPUT_COUNTER|vco0ph[0]                                                                                                                                                 ;
;   15.256 ;   1.268  ; RR ; CELL ; 1      ; PLLOUTPUTCOUNTER_X89_Y2_N1 ; emu|pll|pll_inst|altera_pll_i|general[2].gpll~PLL_OUTPUT_COUNTER|divclk                                                                                                                                                    ;
;   16.202 ;   0.946  ; RR ; IC   ; 1      ; CLKCTRL_G11                ; emu|pll|pll_inst|altera_pll_i|outclk_wire[2]~CLKENA0|inclk                                                                                                                                                                 ;
;   16.498 ;   0.296  ; RR ; CELL ; 36232  ; CLKCTRL_G11                ; emu|pll|pll_inst|altera_pll_i|outclk_wire[2]~CLKENA0|outclk                                                                                                                                                                ;
;   18.396 ;   1.898  ; RR ; IC   ; 1      ; FF_X29_Y12_N41             ; emu|mpeg2_h262_two_picture_probe|p_controller|residual_probe|transform|iq_intra_weight[3]|clk                                                                                                                              ;
;   18.905 ;   0.509  ; RR ; CELL ; 1      ; FF_X29_Y12_N41             ; emu:emu|mpeg2_h262_two_picture_probe:mpeg2_h262_two_picture_probe|mpeg2_h262_p_diagnostic_controller:p_controller|mpeg2_h262_p_residual_probe:residual_probe|mpeg2_h262_p_non_intra_transform:transform|iq_intra_weight[3] ;
;   20.618 ;   1.713  ;    ;      ;        ;                            ; clock pessimism removed                                                                                                                                                                                                    ;
; 20.498   ; -0.120   ;    ;      ;        ;                            ; clock uncertainty                                                                                                                                                                                                          ;
; 20.498   ; 0.000    ;    ; uTsu ; 1      ; FF_X29_Y12_N41             ; emu:emu|mpeg2_h262_two_picture_probe:mpeg2_h262_two_picture_probe|mpeg2_h262_p_diagnostic_controller:p_controller|mpeg2_h262_p_residual_probe:residual_probe|mpeg2_h262_p_non_intra_transform:transform|iq_intra_weight[3] ;
+----------+----------+----+------+--------+----------------------------+----------------------------------------------------------------------------------------------------------------------------------------------------------------------------------------------------------------------------+

----------------------------
; Extra Fitter Information ;
----------------------------
HTML report is unavailable in plain text report export.


Path #2: Setup slack is 4.455 
===============================================================================
+-------------------------------------------------------------------------------------------------------------------------------------------------------------------------------------------------------------------------------------------------+
; Path Summary                                                                                                                                                                                                                                    ;
+--------------------+----------------------------------------------------------------------------------------------------------------------------------------------------------------------------------------------------------------------------+
; Property           ; Value                                                                                                                                                                                                                      ;
+--------------------+----------------------------------------------------------------------------------------------------------------------------------------------------------------------------------------------------------------------------+
; From Node          ; emu:emu|mpeg2_h262_two_picture_probe:mpeg2_h262_two_picture_probe|mpeg2_h262_p_diagnostic_controller:p_controller|mpeg2_h262_p_residual_probe:residual_probe|mpeg2_h262_p_non_intra_transform:transform|iq_index[2]        ;
; To Node            ; emu:emu|mpeg2_h262_two_picture_probe:mpeg2_h262_two_picture_probe|mpeg2_h262_p_diagnostic_controller:p_controller|mpeg2_h262_p_residual_probe:residual_probe|mpeg2_h262_p_non_intra_transform:transform|iq_intra_weight[3] ;
; Launch Clock       ; emu|pll|pll_inst|altera_pll_i|general[2].gpll~PLL_OUTPUT_COUNTER|divclk                                                                                                                                                    ;
; Latch Clock        ; emu|pll|pll_inst|altera_pll_i|general[2].gpll~PLL_OUTPUT_COUNTER|divclk                                                                                                                                                    ;
; Data Arrival Time  ; 16.043                                                                                                                                                                                                                     ;
; Data Required Time ; 20.498                                                                                                                                                                                                                     ;
; Slack              ; 4.455                                                                                                                                                                                                                      ;
+--------------------+----------------------------------------------------------------------------------------------------------------------------------------------------------------------------------------------------------------------------+

+--------------------------------------------------------------------------------------+
; Statistics                                                                           ;
+------------------------+--------+-------+-------------+------------+--------+--------+
; Property               ; Value  ; Count ; Total Delay ; % of Total ; Min    ; Max    ;
+------------------------+--------+-------+-------------+------------+--------+--------+
; Setup Relationship     ; 16.666 ;       ;             ;            ;        ;        ;
; Clock Skew             ; -0.495 ;       ;             ;            ;        ;        ;
; Data Delay             ; 11.596 ;       ;             ;            ;        ;        ;
; Number of Logic Levels ;        ; 7     ;             ;            ;        ;        ;
; Physical Delays        ;        ;       ;             ;            ;        ;        ;
;  Arrival Path          ;        ;       ;             ;            ;        ;        ;
;   Clock                ;        ;       ;             ;            ;        ;        ;
;    IC                  ;        ; 6     ; 4.685       ; 57         ; 0.000  ; 2.331  ;
;    Cell                ;        ; 5     ; 3.522       ; 43         ; 0.322  ; 1.535  ;
;    PLL Compensation    ;        ; 1     ; -3.760      ; 0          ; -3.760 ; -3.760 ;
;   Data                 ;        ;       ;             ;            ;        ;        ;
;    IC                  ;        ; 8     ; 8.496       ; 73         ; 0.000  ; 2.266  ;
;    Cell                ;        ; 9     ; 3.100       ; 27         ; 0.000  ; 0.559  ;
;    uTco                ;        ; 1     ; 0.000       ; 0          ; 0.000  ; 0.000  ;
;  Required Path         ;        ;       ;             ;            ;        ;        ;
;   Clock                ;        ;       ;             ;            ;        ;        ;
;    IC                  ;        ; 6     ; 4.015       ; 56         ; 0.000  ; 1.898  ;
;    Cell                ;        ; 5     ; 3.142       ; 44         ; 0.296  ; 1.268  ;
;    PLL Compensation    ;        ; 1     ; -4.918      ; 0          ; -4.918 ; -4.918 ;
+------------------------+--------+-------+-------------+------------+--------+--------+
Note: Negative delays are omitted from totals when calculating percentages

+----------------------------------------------------------------------------------------------------------------------------------------------------------------------------------------------------------------------------------------------------------------------------------------------------+
; Data Arrival Path                                                                                                                                                                                                                                                                                  ;
+----------+----------+----+------+--------+----------------------------+----------------------------------------------------------------------------------------------------------------------------------------------------------------------------------------------------------------------------+
; Total    ; Incr     ; RF ; Type ; Fanout ; Location                   ; Element                                                                                                                                                                                                                    ;
+----------+----------+----+------+--------+----------------------------+----------------------------------------------------------------------------------------------------------------------------------------------------------------------------------------------------------------------------+
; 0.000    ; 0.000    ;    ;      ;        ;                            ; launch edge time                                                                                                                                                                                                           ;
; 4.447    ; 4.447    ;    ;      ;        ;                            ; clock path                                                                                                                                                                                                                 ;
;   0.000  ;   0.000  ;    ;      ;        ;                            ; source latency                                                                                                                                                                                                             ;
;   0.000  ;   0.000  ;    ;      ; 1      ; PIN_Y13                    ; FPGA_CLK2_50                                                                                                                                                                                                               ;
;   0.000  ;   0.000  ; RR ; IC   ; 1      ; IOIBUF_X56_Y0_N1           ; FPGA_CLK2_50~input|i                                                                                                                                                                                                       ;
;   0.761  ;   0.761  ; RR ; CELL ; 2      ; IOIBUF_X56_Y0_N1           ; FPGA_CLK2_50~input|o                                                                                                                                                                                                       ;
;   2.096  ;   1.335  ; RR ; IC   ; 1      ; PLLREFCLKSELECT_X89_Y7_N0  ; emu|pll|pll_inst|altera_pll_i|general[0].gpll~PLL_REFCLK_SELECT|clkin[0]                                                                                                                                                   ;
;   2.429  ;   0.333  ; RR ; CELL ; 1      ; PLLREFCLKSELECT_X89_Y7_N0  ; emu|pll|pll_inst|altera_pll_i|general[0].gpll~PLL_REFCLK_SELECT|clkout                                                                                                                                                     ;
;   2.429  ;   0.000  ; RR ; IC   ; 10     ; FRACTIONALPLL_X89_Y1_N0    ; emu|pll|pll_inst|altera_pll_i|general[0].gpll~FRACTIONAL_PLL|refclkin                                                                                                                                                      ;
;   -1.331 ;   -3.760 ; RR ; COMP ; 3      ; FRACTIONALPLL_X89_Y1_N0    ; emu|pll|pll_inst|altera_pll_i|general[0].gpll~FRACTIONAL_PLL|vcoph[0]                                                                                                                                                      ;
;   -1.331 ;   0.000  ; RR ; IC   ; 1      ; PLLOUTPUTCOUNTER_X89_Y2_N1 ; emu|pll|pll_inst|altera_pll_i|general[2].gpll~PLL_OUTPUT_COUNTER|vco0ph[0]                                                                                                                                                 ;
;   0.204  ;   1.535  ; RR ; CELL ; 1      ; PLLOUTPUTCOUNTER_X89_Y2_N1 ; emu|pll|pll_inst|altera_pll_i|general[2].gpll~PLL_OUTPUT_COUNTER|divclk                                                                                                                                                    ;
;   1.223  ;   1.019  ; RR ; IC   ; 1      ; CLKCTRL_G11                ; emu|pll|pll_inst|altera_pll_i|outclk_wire[2]~CLKENA0|inclk                                                                                                                                                                 ;
;   1.545  ;   0.322  ; RR ; CELL ; 36232  ; CLKCTRL_G11                ; emu|pll|pll_inst|altera_pll_i|outclk_wire[2]~CLKENA0|outclk                                                                                                                                                                ;
;   3.876  ;   2.331  ; RR ; IC   ; 1      ; FF_X23_Y6_N35              ; emu|mpeg2_h262_two_picture_probe|p_controller|residual_probe|transform|iq_index[2]|clk                                                                                                                                     ;
;   4.447  ;   0.571  ; RR ; CELL ; 1      ; FF_X23_Y6_N35              ; emu:emu|mpeg2_h262_two_picture_probe:mpeg2_h262_two_picture_probe|mpeg2_h262_p_diagnostic_controller:p_controller|mpeg2_h262_p_residual_probe:residual_probe|mpeg2_h262_p_non_intra_transform:transform|iq_index[2]        ;
; 16.043   ; 11.596   ;    ;      ;        ;                            ; data path                                                                                                                                                                                                                  ;
;   4.447  ;   0.000  ;    ; uTco ; 1      ; FF_X23_Y6_N35              ; emu:emu|mpeg2_h262_two_picture_probe:mpeg2_h262_two_picture_probe|mpeg2_h262_p_diagnostic_controller:p_controller|mpeg2_h262_p_residual_probe:residual_probe|mpeg2_h262_p_non_intra_transform:transform|iq_index[2]        ;
;   4.447  ;   0.000  ; FF ; CELL ; 19     ; FF_X23_Y6_N35              ; emu|mpeg2_h262_two_picture_probe|p_controller|residual_probe|transform|iq_index[2]|q                                                                                                                                       ;
;   4.781  ;   0.334  ; FF ; IC   ; 1      ; LABCELL_X23_Y6_N36         ; emu|mpeg2_h262_two_picture_probe|p_controller|residual_probe|transform|iq_weight_read_index~0|datac                                                                                                                        ;
;   5.268  ;   0.487  ; FF ; CELL ; 4      ; LABCELL_X23_Y6_N36         ; emu|mpeg2_h262_two_picture_probe|p_controller|residual_probe|transform|iq_weight_read_index~0|combout                                                                                                                      ;
;   6.115  ;   0.847  ; FF ; IC   ; 1      ; LABCELL_X23_Y8_N57         ; emu|mpeg2_h262_two_picture_probe|p_controller|residual_probe|transform|iq_weight_read_index~1|datad                                                                                                                        ;
;   6.553  ;   0.438  ; FR ; CELL ; 6      ; LABCELL_X23_Y8_N57         ; emu|mpeg2_h262_two_picture_probe|p_controller|residual_probe|transform|iq_weight_read_index~1|combout                                                                                                                      ;
;   7.288  ;   0.735  ; RR ; IC   ; 1      ; LABCELL_X23_Y6_N42         ; emu|mpeg2_h262_two_picture_probe|p_controller|residual_probe|transform|iq_weight_read_index[3]~5|datab                                                                                                                     ;
;   7.838  ;   0.550  ; RF ; CELL ; 118    ; LABCELL_X23_Y6_N42         ; emu|mpeg2_h262_two_picture_probe|p_controller|residual_probe|transform|iq_weight_read_index[3]~5|combout                                                                                                                   ;
;   10.076 ;   2.238  ; FF ; IC   ; 1      ; LABCELL_X11_Y1_N48         ; emu|mpeg2_h262_two_picture_probe|p_controller|residual_probe|transform|matrices|intra_mem~578|datad                                                                                                                        ;
;   10.584 ;   0.508  ; FF ; CELL ; 1      ; LABCELL_X11_Y1_N48         ; emu|mpeg2_h262_two_picture_probe|p_controller|residual_probe|transform|matrices|intra_mem~578|combout                                                                                                                      ;
;   11.334 ;   0.750  ; FF ; IC   ; 1      ; LABCELL_X10_Y2_N12         ; emu|mpeg2_h262_two_picture_probe|p_controller|residual_probe|transform|matrices|intra_mem~579|datab                                                                                                                        ;
;   11.893 ;   0.559  ; FF ; CELL ; 1      ; LABCELL_X10_Y2_N12         ; emu|mpeg2_h262_two_picture_probe|p_controller|residual_probe|transform|matrices|intra_mem~579|combout                                                                                                                      ;
;   13.219 ;   1.326  ; FF ; IC   ; 1      ; LABCELL_X17_Y4_N12         ; emu|mpeg2_h262_two_picture_probe|p_controller|residual_probe|transform|matrices|intra_mem~595|datae                                                                                                                        ;
;   13.440 ;   0.221  ; FF ; CELL ; 1      ; LABCELL_X17_Y4_N12         ; emu|mpeg2_h262_two_picture_probe|p_controller|residual_probe|transform|matrices|intra_mem~595|combout                                                                                                                      ;
;   15.706 ;   2.266  ; FF ; IC   ; 1      ; LABCELL_X29_Y12_N39        ; emu|mpeg2_h262_two_picture_probe|p_controller|residual_probe|transform|matrices|intra_weight[3]~0|dataf                                                                                                                    ;
;   15.781 ;   0.075  ; FF ; CELL ; 1      ; LABCELL_X29_Y12_N39        ; emu|mpeg2_h262_two_picture_probe|p_controller|residual_probe|transform|matrices|intra_weight[3]~0|combout                                                                                                                  ;
;   15.781 ;   0.000  ; FF ; IC   ; 1      ; FF_X29_Y12_N41             ; emu|mpeg2_h262_two_picture_probe|p_controller|residual_probe|transform|iq_intra_weight[3]|d                                                                                                                                ;
;   16.043 ;   0.262  ; FF ; CELL ; 1      ; FF_X29_Y12_N41             ; emu:emu|mpeg2_h262_two_picture_probe:mpeg2_h262_two_picture_probe|mpeg2_h262_p_diagnostic_controller:p_controller|mpeg2_h262_p_residual_probe:residual_probe|mpeg2_h262_p_non_intra_transform:transform|iq_intra_weight[3] ;
+----------+----------+----+------+--------+----------------------------+----------------------------------------------------------------------------------------------------------------------------------------------------------------------------------------------------------------------------+

+----------------------------------------------------------------------------------------------------------------------------------------------------------------------------------------------------------------------------------------------------------------------------------------------------+
; Data Required Path                                                                                                                                                                                                                                                                                 ;
+----------+----------+----+------+--------+----------------------------+----------------------------------------------------------------------------------------------------------------------------------------------------------------------------------------------------------------------------+
; Total    ; Incr     ; RF ; Type ; Fanout ; Location                   ; Element                                                                                                                                                                                                                    ;
+----------+----------+----+------+--------+----------------------------+----------------------------------------------------------------------------------------------------------------------------------------------------------------------------------------------------------------------------+
; 16.666   ; 16.666   ;    ;      ;        ;                            ; latch edge time                                                                                                                                                                                                            ;
; 20.618   ; 3.952    ;    ;      ;        ;                            ; clock path                                                                                                                                                                                                                 ;
;   16.666 ;   0.000  ;    ;      ;        ;                            ; source latency                                                                                                                                                                                                             ;
;   16.666 ;   0.000  ;    ;      ; 1      ; PIN_Y13                    ; FPGA_CLK2_50                                                                                                                                                                                                               ;
;   16.666 ;   0.000  ; RR ; IC   ; 1      ; IOIBUF_X56_Y0_N1           ; FPGA_CLK2_50~input|i                                                                                                                                                                                                       ;
;   17.427 ;   0.761  ; RR ; CELL ; 2      ; IOIBUF_X56_Y0_N1           ; FPGA_CLK2_50~input|o                                                                                                                                                                                                       ;
;   18.598 ;   1.171  ; RR ; IC   ; 1      ; PLLREFCLKSELECT_X89_Y7_N0  ; emu|pll|pll_inst|altera_pll_i|general[0].gpll~PLL_REFCLK_SELECT|clkin[0]                                                                                                                                                   ;
;   18.906 ;   0.308  ; RR ; CELL ; 1      ; PLLREFCLKSELECT_X89_Y7_N0  ; emu|pll|pll_inst|altera_pll_i|general[0].gpll~PLL_REFCLK_SELECT|clkout                                                                                                                                                     ;
;   18.906 ;   0.000  ; RR ; IC   ; 10     ; FRACTIONALPLL_X89_Y1_N0    ; emu|pll|pll_inst|altera_pll_i|general[0].gpll~FRACTIONAL_PLL|refclkin                                                                                                                                                      ;
;   13.988 ;   -4.918 ; RR ; COMP ; 3      ; FRACTIONALPLL_X89_Y1_N0    ; emu|pll|pll_inst|altera_pll_i|general[0].gpll~FRACTIONAL_PLL|vcoph[0]                                                                                                                                                      ;
;   13.988 ;   0.000  ; RR ; IC   ; 1      ; PLLOUTPUTCOUNTER_X89_Y2_N1 ; emu|pll|pll_inst|altera_pll_i|general[2].gpll~PLL_OUTPUT_COUNTER|vco0ph[0]                                                                                                                                                 ;
;   15.256 ;   1.268  ; RR ; CELL ; 1      ; PLLOUTPUTCOUNTER_X89_Y2_N1 ; emu|pll|pll_inst|altera_pll_i|general[2].gpll~PLL_OUTPUT_COUNTER|divclk                                                                                                                                                    ;
;   16.202 ;   0.946  ; RR ; IC   ; 1      ; CLKCTRL_G11                ; emu|pll|pll_inst|altera_pll_i|outclk_wire[2]~CLKENA0|inclk                                                                                                                                                                 ;
;   16.498 ;   0.296  ; RR ; CELL ; 36232  ; CLKCTRL_G11                ; emu|pll|pll_inst|altera_pll_i|outclk_wire[2]~CLKENA0|outclk                                                                                                                                                                ;
;   18.396 ;   1.898  ; RR ; IC   ; 1      ; FF_X29_Y12_N41             ; emu|mpeg2_h262_two_picture_probe|p_controller|residual_probe|transform|iq_intra_weight[3]|clk                                                                                                                              ;
;   18.905 ;   0.509  ; RR ; CELL ; 1      ; FF_X29_Y12_N41             ; emu:emu|mpeg2_h262_two_picture_probe:mpeg2_h262_two_picture_probe|mpeg2_h262_p_diagnostic_controller:p_controller|mpeg2_h262_p_residual_probe:residual_probe|mpeg2_h262_p_non_intra_transform:transform|iq_intra_weight[3] ;
;   20.618 ;   1.713  ;    ;      ;        ;                            ; clock pessimism removed                                                                                                                                                                                                    ;
; 20.498   ; -0.120   ;    ;      ;        ;                            ; clock uncertainty                                                                                                                                                                                                          ;
; 20.498   ; 0.000    ;    ; uTsu ; 1      ; FF_X29_Y12_N41             ; emu:emu|mpeg2_h262_two_picture_probe:mpeg2_h262_two_picture_probe|mpeg2_h262_p_diagnostic_controller:p_controller|mpeg2_h262_p_residual_probe:residual_probe|mpeg2_h262_p_non_intra_transform:transform|iq_intra_weight[3] ;
+----------+----------+----+------+--------+----------------------------+----------------------------------------------------------------------------------------------------------------------------------------------------------------------------------------------------------------------------+

----------------------------
; Extra Fitter Information ;
----------------------------
HTML report is unavailable in plain text report export.


