generated /run/media/vash/GIT/MiSTer-Media-Player/simulation/pixel_control/control.m2v: bytes=46837 I=1 P=8 B=15 sha256=ccf4659a7bda4178d083425fbf46f637fbf8be6e6fb1dc6f5c2606c7fa49af23 yuv420p_sha256=452cefb182d2050646f4addf769cf845da9c1bc35ee4d1877210aef0342c9aa7
PICSTART n=1 cycle=41 hdr=0 state=0 geom=1 cand=0 proof=0 rearm_pend=0 hold=0 waiting=0
PICEVAL cycle=42 hdr=0 type=1 geom=1 is_p=0 wide_mode=0 gen_mode=0
PICSTART n=2 cycle=33614 hdr=0 state=0 geom=1 cand=0 proof=0 rearm_pend=0 hold=0 waiting=0
PICEVAL cycle=33623 hdr=0 type=2 geom=1 is_p=0 wide_mode=0 gen_mode=0
PIC_FIRST_SIDEBAND pic=1 idx=3e val=0000 motion=1 desc_active=0 persisted=0 active=0
PIC_FIRST_SIDEBAND pic=1 idx=3e val=0000 motion=1 desc_active=0 persisted=0 active=0
PIC_FIRST_SIDEBAND pic=1 idx=3e val=0000 motion=1 desc_active=0 persisted=0 active=0
PIC_FIRST_SIDEBAND pic=1 idx=3e val=0000 motion=1 desc_active=0 persisted=0 active=0
ARM n=1 cycle=50727 hdr=1 persisted=0 started=1
ARM n=2 cycle=64084 hdr=1 persisted=0 started=1
ARM n=3 cycle=77044 hdr=1 persisted=0 started=1
ARM n=4 cycle=85594 hdr=1 persisted=0 started=1
ARM n=5 cycle=95010 hdr=1 persisted=0 started=1
PICSTART n=3 cycle=95019 hdr=1 state=0 geom=1 cand=1 proof=0 rearm_pend=0 hold=1 waiting=0
ORDER FINALQ_RISE cycle=95296 hdr=1 outstanding=2
ARM n=6 cycle=99868 hdr=1 persisted=0 started=1
ORDER MIXEDGE cycle=103956 hdr=1 finalq=1 produced=0 retired=1
ORDER PICPERS cycle=103956 hdr=1 finalq=1 produced=0 bsel=0
ORDER COMPLETE cycle=103957 hdr=1 outstanding=0
PICEVAL cycle=103958 hdr=1 type=3 geom=1 is_p=1 wide_mode=1 gen_mode=1
PICSTART n=4 cycle=144065 hdr=1 state=21 geom=1 cand=0 proof=1 rearm_pend=0 hold=0 waiting=0
ORDER PICPERS cycle=152336 hdr=1 finalq=0 produced=0 bsel=1
PICEVAL cycle=152338 hdr=1 type=3 geom=1 is_p=0 wide_mode=1 gen_mode=1
PICSTART n=5 cycle=188388 hdr=1 state=21 geom=1 cand=0 proof=1 rearm_pend=0 hold=0 waiting=0
ORDER PICPERS cycle=196562 hdr=1 finalq=0 produced=0 bsel=1
PICEVAL cycle=196564 hdr=1 type=2 geom=1 is_p=0 wide_mode=1 gen_mode=1
PIC_FIRST_SIDEBAND pic=2 idx=3e val=0000 motion=1 desc_active=0 persisted=1 active=0
PERSIST_FALL cycle=197635 hdr=2 timeout=0 started=0
PIC_FIRST_SIDEBAND pic=2 idx=3e val=0000 motion=1 desc_active=0 persisted=0 active=0
PIC_FIRST_SIDEBAND pic=2 idx=3e val=0000 motion=1 desc_active=0 persisted=0 active=0
PIC_FIRST_SIDEBAND pic=2 idx=3e val=0000 motion=1 desc_active=0 persisted=0 active=0
ARM n=7 cycle=209335 hdr=2 persisted=0 started=1
ARM n=8 cycle=222331 hdr=2 persisted=0 started=1
ARM n=9 cycle=235416 hdr=2 persisted=0 started=1
ARM n=10 cycle=245204 hdr=2 persisted=0 started=1
ARM n=11 cycle=253365 hdr=2 persisted=0 started=1
PICSTART n=6 cycle=253371 hdr=2 state=0 geom=1 cand=1 proof=0 rearm_pend=0 hold=1 waiting=0
ORDER FINALQ_RISE cycle=253410 hdr=2 outstanding=2
ARM n=12 cycle=258223 hdr=2 persisted=0 started=1
ORDER MIXEDGE cycle=262311 hdr=2 finalq=1 produced=0 retired=1
ORDER PICPERS cycle=262311 hdr=2 finalq=1 produced=0 bsel=0
ORDER COMPLETE cycle=262312 hdr=2 outstanding=0
PICEVAL cycle=262313 hdr=2 type=3 geom=1 is_p=1 wide_mode=1 gen_mode=1
PICSTART n=7 cycle=296753 hdr=2 state=21 geom=1 cand=0 proof=1 rearm_pend=0 hold=0 waiting=0
ORDER PICPERS cycle=304989 hdr=2 finalq=0 produced=0 bsel=1
PICEVAL cycle=304991 hdr=2 type=3 geom=1 is_p=0 wide_mode=1 gen_mode=1
PICSTART n=8 cycle=337035 hdr=2 state=21 geom=1 cand=0 proof=1 rearm_pend=0 hold=0 waiting=0
ORDER PICPERS cycle=345265 hdr=2 finalq=0 produced=0 bsel=1
PICEVAL cycle=345267 hdr=2 type=2 geom=1 is_p=0 wide_mode=1 gen_mode=1
PIC_FIRST_SIDEBAND pic=3 idx=3e val=0000 motion=1 desc_active=0 persisted=1 active=0
PERSIST_FALL cycle=346027 hdr=3 timeout=0 started=0
PIC_FIRST_SIDEBAND pic=3 idx=3e val=0000 motion=1 desc_active=0 persisted=0 active=0
PIC_FIRST_SIDEBAND pic=3 idx=3e val=0000 motion=1 desc_active=0 persisted=0 active=0
PIC_FIRST_SIDEBAND pic=3 idx=3e val=0000 motion=1 desc_active=0 persisted=0 active=0
ARM n=13 cycle=354115 hdr=3 persisted=0 started=1
ARM n=14 cycle=365353 hdr=3 persisted=0 started=1
ARM n=15 cycle=377762 hdr=3 persisted=0 started=1
ARM n=16 cycle=385310 hdr=3 persisted=0 started=1
ARM n=17 cycle=396450 hdr=3 persisted=0 started=1
PICSTART n=9 cycle=396456 hdr=3 state=0 geom=1 cand=1 proof=0 rearm_pend=0 hold=1 waiting=0
ORDER FINALQ_RISE cycle=396495 hdr=3 outstanding=2
ARM n=18 cycle=401968 hdr=3 persisted=0 started=1
ORDER MIXEDGE cycle=406056 hdr=3 finalq=1 produced=0 retired=1
ORDER PICPERS cycle=406056 hdr=3 finalq=1 produced=0 bsel=0
ORDER COMPLETE cycle=406057 hdr=3 outstanding=0
PICEVAL cycle=406058 hdr=3 type=3 geom=1 is_p=1 wide_mode=1 gen_mode=1
PICSTART n=10 cycle=440165 hdr=3 state=21 geom=1 cand=0 proof=1 rearm_pend=0 hold=0 waiting=0
ORDER PICPERS cycle=448721 hdr=3 finalq=0 produced=0 bsel=1
PICEVAL cycle=448723 hdr=3 type=3 geom=1 is_p=0 wide_mode=1 gen_mode=1
PICSTART n=11 cycle=485337 hdr=3 state=21 geom=1 cand=0 proof=1 rearm_pend=0 hold=0 waiting=0
ORDER PICPERS cycle=494367 hdr=3 finalq=0 produced=0 bsel=1
PICEVAL cycle=494369 hdr=3 type=2 geom=1 is_p=0 wide_mode=1 gen_mode=1
PIC_FIRST_SIDEBAND pic=4 idx=3e val=0000 motion=1 desc_active=0 persisted=1 active=0
PERSIST_FALL cycle=495044 hdr=4 timeout=0 started=0
PIC_FIRST_SIDEBAND pic=4 idx=3e val=0000 motion=1 desc_active=0 persisted=0 active=0
PIC_FIRST_SIDEBAND pic=4 idx=3e val=0000 motion=1 desc_active=0 persisted=0 active=0
PIC_FIRST_SIDEBAND pic=4 idx=3e val=0000 motion=1 desc_active=0 persisted=0 active=0
ARM n=19 cycle=503099 hdr=4 persisted=0 started=1
ARM n=20 cycle=513728 hdr=4 persisted=0 started=1
ARM n=21 cycle=526536 hdr=4 persisted=0 started=1
ARM n=22 cycle=536814 hdr=4 persisted=0 started=1
ARM n=23 cycle=544355 hdr=4 persisted=0 started=1
PICSTART n=12 cycle=544449 hdr=4 state=0 geom=1 cand=1 proof=0 rearm_pend=0 hold=1 waiting=0
ORDER FINALQ_RISE cycle=546035 hdr=4 outstanding=2
ARM n=24 cycle=549469 hdr=4 persisted=0 started=1
ORDER MIXEDGE cycle=553813 hdr=4 finalq=1 produced=0 retired=1
ORDER PICPERS cycle=553813 hdr=4 finalq=1 produced=0 bsel=0
ORDER COMPLETE cycle=553814 hdr=4 outstanding=0
PICEVAL cycle=553815 hdr=4 type=3 geom=1 is_p=1 wide_mode=1 gen_mode=1
PICSTART n=13 cycle=585513 hdr=4 state=21 geom=1 cand=0 proof=1 rearm_pend=0 hold=0 waiting=0
ORDER PICPERS cycle=594078 hdr=4 finalq=0 produced=0 bsel=1
PICEVAL cycle=594080 hdr=4 type=3 geom=1 is_p=0 wide_mode=1 gen_mode=1
PICSTART n=14 cycle=627517 hdr=4 state=21 geom=1 cand=0 proof=1 rearm_pend=0 hold=0 waiting=0
ORDER PICPERS cycle=636081 hdr=4 finalq=0 produced=0 bsel=1
PICEVAL cycle=636083 hdr=4 type=2 geom=1 is_p=0 wide_mode=1 gen_mode=1
PIC_FIRST_SIDEBAND pic=5 idx=3e val=0000 motion=1 desc_active=0 persisted=1 active=0
PERSIST_FALL cycle=636661 hdr=5 timeout=0 started=0
PIC_FIRST_SIDEBAND pic=5 idx=3e val=0000 motion=1 desc_active=0 persisted=0 active=0
PIC_FIRST_SIDEBAND pic=5 idx=3e val=0000 motion=1 desc_active=0 persisted=0 active=0
PIC_FIRST_SIDEBAND pic=5 idx=3e val=0000 motion=1 desc_active=0 persisted=0 active=0
ARM n=25 cycle=644991 hdr=5 persisted=0 started=1
ARM n=26 cycle=654490 hdr=5 persisted=0 started=1
ARM n=27 cycle=667194 hdr=5 persisted=0 started=1
ARM n=28 cycle=677631 hdr=5 persisted=0 started=1
ARM n=29 cycle=690133 hdr=5 persisted=0 started=1
PICSTART n=15 cycle=690241 hdr=5 state=0 geom=1 cand=1 proof=0 rearm_pend=0 hold=1 waiting=0
ORDER FINALQ_RISE cycle=692577 hdr=5 outstanding=2
ARM n=30 cycle=696143 hdr=5 persisted=0 started=1
ORDER MIXEDGE cycle=700231 hdr=5 finalq=1 produced=0 retired=1
ORDER PICPERS cycle=700231 hdr=5 finalq=1 produced=0 bsel=0
ORDER COMPLETE cycle=700232 hdr=5 outstanding=0
PICEVAL cycle=700233 hdr=5 type=3 geom=1 is_p=1 wide_mode=1 gen_mode=1
PICSTART n=16 cycle=734072 hdr=5 state=21 geom=1 cand=0 proof=1 rearm_pend=0 hold=0 waiting=0
ORDER PICPERS cycle=743108 hdr=5 finalq=0 produced=0 bsel=1
PICEVAL cycle=743110 hdr=5 type=3 geom=1 is_p=0 wide_mode=1 gen_mode=1
PICSTART n=17 cycle=779430 hdr=5 state=21 geom=1 cand=0 proof=1 rearm_pend=0 hold=0 waiting=0
ORDER PICPERS cycle=787934 hdr=5 finalq=0 produced=0 bsel=1
PICEVAL cycle=787936 hdr=5 type=2 geom=1 is_p=0 wide_mode=1 gen_mode=1
PIC_FIRST_SIDEBAND pic=6 idx=3e val=0000 motion=1 desc_active=0 persisted=1 active=0
PERSIST_FALL cycle=788480 hdr=6 timeout=0 started=0
PIC_FIRST_SIDEBAND pic=6 idx=3e val=0000 motion=1 desc_active=0 persisted=0 active=0
PIC_FIRST_SIDEBAND pic=6 idx=3e val=0000 motion=1 desc_active=0 persisted=0 active=0
PIC_FIRST_SIDEBAND pic=6 idx=3e val=0000 motion=1 desc_active=0 persisted=0 active=0
ARM n=31 cycle=796513 hdr=6 persisted=0 started=1
ARM n=32 cycle=805344 hdr=6 persisted=0 started=1
ARM n=33 cycle=814700 hdr=6 persisted=0 started=1
ARM n=34 cycle=826788 hdr=6 persisted=0 started=1
ARM n=35 cycle=838222 hdr=6 persisted=0 started=1
PICSTART n=18 cycle=838365 hdr=6 state=0 geom=1 cand=1 proof=0 rearm_pend=0 hold=1 waiting=0
ORDER FINALQ_RISE cycle=841879 hdr=6 outstanding=2
ARM n=36 cycle=843794 hdr=6 persisted=0 started=1
ORDER MIXEDGE cycle=848266 hdr=6 finalq=1 produced=0 retired=1
ORDER PICPERS cycle=848266 hdr=6 finalq=1 produced=0 bsel=0
ORDER COMPLETE cycle=848267 hdr=6 outstanding=0
PICEVAL cycle=848268 hdr=6 type=3 geom=1 is_p=1 wide_mode=1 gen_mode=1
PICSTART n=19 cycle=878860 hdr=6 state=21 geom=1 cand=0 proof=1 rearm_pend=0 hold=0 waiting=0
ORDER PICPERS cycle=886677 hdr=6 finalq=0 produced=0 bsel=1
PICEVAL cycle=886679 hdr=6 type=3 geom=1 is_p=0 wide_mode=1 gen_mode=1
PICSTART n=20 cycle=918541 hdr=6 state=21 geom=1 cand=0 proof=1 rearm_pend=0 hold=0 waiting=0
ORDER PICPERS cycle=927062 hdr=6 finalq=0 produced=0 bsel=1
PICEVAL cycle=927064 hdr=6 type=2 geom=1 is_p=0 wide_mode=1 gen_mode=1
PIC_FIRST_SIDEBAND pic=7 idx=3e val=0000 motion=1 desc_active=0 persisted=1 active=0
PERSIST_FALL cycle=927608 hdr=7 timeout=0 started=0
PIC_FIRST_SIDEBAND pic=7 idx=3e val=0000 motion=1 desc_active=0 persisted=0 active=0
PIC_FIRST_SIDEBAND pic=7 idx=3e val=0000 motion=1 desc_active=0 persisted=0 active=0
PIC_FIRST_SIDEBAND pic=7 idx=3e val=0000 motion=1 desc_active=0 persisted=0 active=0
ARM n=37 cycle=936985 hdr=7 persisted=0 started=1
ARM n=38 cycle=947021 hdr=7 persisted=0 started=1
ARM n=39 cycle=955402 hdr=7 persisted=0 started=1
ARM n=40 cycle=967008 hdr=7 persisted=0 started=1
ARM n=41 cycle=980131 hdr=7 persisted=0 started=1
PICSTART n=21 cycle=980334 hdr=7 state=0 geom=1 cand=1 proof=0 rearm_pend=0 hold=1 waiting=0
ORDER FINALQ_RISE cycle=985506 hdr=7 outstanding=2
ARM n=42 cycle=986141 hdr=7 persisted=0 started=1
ORDER MIXEDGE cycle=990229 hdr=7 finalq=1 produced=0 retired=1
ORDER PICPERS cycle=990229 hdr=7 finalq=1 produced=0 bsel=0
ORDER COMPLETE cycle=990230 hdr=7 outstanding=0
PICEVAL cycle=990231 hdr=7 type=3 geom=1 is_p=1 wide_mode=1 gen_mode=1
PICSTART n=22 cycle=1022875 hdr=7 state=21 geom=1 cand=0 proof=1 rearm_pend=0 hold=0 waiting=0
ORDER PICPERS cycle=1032132 hdr=7 finalq=0 produced=0 bsel=1
PICEVAL cycle=1032134 hdr=7 type=3 geom=1 is_p=0 wide_mode=1 gen_mode=1
PICSTART n=23 cycle=1063920 hdr=7 state=21 geom=1 cand=0 proof=1 rearm_pend=0 hold=0 waiting=0
ORDER PICPERS cycle=1072789 hdr=7 finalq=0 produced=0 bsel=1
PICEVAL cycle=1072791 hdr=7 type=2 geom=1 is_p=0 wide_mode=1 gen_mode=1
PIC_FIRST_SIDEBAND pic=8 idx=3e val=0000 motion=1 desc_active=0 persisted=1 active=0
PERSIST_FALL cycle=1073278 hdr=8 timeout=0 started=0
PIC_FIRST_SIDEBAND pic=8 idx=3e val=0000 motion=1 desc_active=0 persisted=0 active=0
PIC_FIRST_SIDEBAND pic=8 idx=3e val=0000 motion=1 desc_active=0 persisted=0 active=0
PIC_FIRST_SIDEBAND pic=8 idx=3e val=0000 motion=1 desc_active=0 persisted=0 active=0
ARM n=43 cycle=1080744 hdr=8 persisted=0 started=1
ARM n=44 cycle=1088020 hdr=8 persisted=0 started=1
ARM n=45 cycle=1094960 hdr=8 persisted=0 started=1
ARM n=46 cycle=1106554 hdr=8 persisted=0 started=1
ARM n=47 cycle=1121984 hdr=8 persisted=0 started=1
PICSTART n=24 cycle=1122215 hdr=8 state=0 geom=1 cand=1 proof=0 rearm_pend=0 hold=1 waiting=0
ORDER FINALQ_RISE cycle=1127225 hdr=8 outstanding=2
ARM n=48 cycle=1127940 hdr=8 persisted=0 started=1
ORDER MIXEDGE cycle=1132668 hdr=8 finalq=1 produced=0 retired=1
ORDER PICPERS cycle=1132668 hdr=8 finalq=1 produced=0 bsel=0
ORDER COMPLETE cycle=1132669 hdr=8 outstanding=0
PICEVAL cycle=1132670 hdr=8 type=3 geom=1 is_p=1 wide_mode=1 gen_mode=1
ORDER PICPERS cycle=1171565 hdr=8 finalq=0 produced=0 bsel=1
LIVE_RASTER_RESULT bytes=46837 p_rows=48 p=8 b_rows=90 b=15 published=9 pictures=9 promotions=9 display_identity=9 swaps=23 last_p_temporal=23 ref_writes=18432 bank2_ref_writes=6912 scratch0_writes=18432 scratch1_writes=16128 ddr_reads=69556 cache=0/69556/0 cycles=1239997 read=1 recon=1 presentation=1 queued=0 promoted=0 error=0/0/0/0
LIVE_RASTER_PROFILE input=1115848/0/0 input_type=29870/483732/602239 transform=163645/90752 raster=234276/408145 lookup=194832/346945 ddr_request=0/0 ddr_response=0/0 emit=147456/276480 store=25290/47520 writer=52992 presentation=47311 b_miss_prelaunch=0
LIVE_RASTER_BACKPRESSURE decoder=1115848 base_parser=29877 p_hold=483732 b_parse=602239 b_persist=0 p_owner=0/0/483732/0/0/0 b_owner=182004/313306/106929/0
LIVE_RASTER_ROW_STAGES p=160555/225502/97594/81 b=106881/48
LIVE_RASTER_B_REPLAY twrite=26591 coeff_wait=0 coeff_writes=26591
LIVE_RASTER_PREFETCH lookups=0 requests=0 avoided=0 induced=0
LIVE_RASTER_SIDECAR misses=0 fills=0 hits=0 bank0=0 bank1=0
LIVE_RASTER_PARTITION lookups=0 bank4=0/0 bankrow4=0/0
LIVE_RASTER_VICTIM lookups=0 primary_hits=0 victim_hits=0 full_misses=0 probe_cycles=0
LIVE_RASTER_B_QUEUE current=720 prefetch=3600 handoffs=3600 banks=2160/2160
LIVE_RASTER_B_TAPS paired=44197 single_advance=5017 vertical=22327 quad=4241
LIVE_RASTER_ASSERT publication=8/8/15/15 writer=1 read=1 recon=1 complete=1 errors=0/0/0/0
MIXED_PIXEL_RESULT samples=423936 mismatches=0 max_delta=2 even=0/141312 odd=0/141312
- tools/streams/tb_h262_live_raster_soak.sv:1847: Verilog $finish
- S i m u l a t i o n   R e p o r t: Verilator 5.032 2025-01-01
- Verilator: $finish at 12ms; walltime 1.351 s; speed 9.175 ms/s
- Verilator: cpu 1.351 s on 1 threads; alloced 224 MB
