----------------
; Command Info ;
----------------
Report Timing: Found 2 setup paths (0 violated).  Worst case slack is 2.942 

Tcl Command:
    report_timing -setup -file /home/vash/mister-builds/entry675/results/transform_iq_intra_weight_output.rpt -from [get_registers {*|mpeg2_h262_p_non_intra_transform:transform|iq_intra_weight*}] -npaths 2 -detail full_path

Options:
    -from [get_registers {*|mpeg2_h262_p_non_intra_transform:transform|iq_intra_weight*}] 
    -setup 
    -npaths 2 
    -detail full_path 
    -file {/home/vash/mister-builds/entry675/results/transform_iq_intra_weight_output.rpt} 

Delay Model:
    Slow 1100mV 100C Model

+------------------------------------------------------------------------------------------------------------------------------------------------------------------------------------------------------------------------------------------------------------------------------------------------------------------------------------------------------------------------------------------------------------------------------------------------------------------------------------------------------------------------------------------------------------------------------------------------------------------------------------------------------------------------------------------------+
; Summary of Paths                                                                                                                                                                                                                                                                                                                                                                                                                                                                                                                                                                                                                                                                               ;
+-------+----------------------------------------------------------------------------------------------------------------------------------------------------------------------------------------------------------------------------+--------------------------------------------------------------------------------------------------------------------------------------------------------------------------------------------------------------------------------------------------------------+-------------------------------------------------------------------------+-------------------------------------------------------------------------+--------------+------------+------------+
; Slack ; From Node                                                                                                                                                                                                                  ; To Node                                                                                                                                                                                                                                                      ; Launch Clock                                                            ; Latch Clock                                                             ; Relationship ; Clock Skew ; Data Delay ;
+-------+----------------------------------------------------------------------------------------------------------------------------------------------------------------------------------------------------------------------------+--------------------------------------------------------------------------------------------------------------------------------------------------------------------------------------------------------------------------------------------------------------+-------------------------------------------------------------------------+-------------------------------------------------------------------------+--------------+------------+------------+
; 2.942 ; emu:emu|mpeg2_h262_two_picture_probe:mpeg2_h262_two_picture_probe|mpeg2_h262_p_diagnostic_controller:p_controller|mpeg2_h262_p_residual_probe:residual_probe|mpeg2_h262_p_non_intra_transform:transform|iq_intra_weight[3] ; emu:emu|mpeg2_h262_two_picture_probe:mpeg2_h262_two_picture_probe|mpeg2_h262_p_diagnostic_controller:p_controller|mpeg2_h262_p_residual_probe:residual_probe|mpeg2_h262_p_non_intra_transform:transform|y0_f00_proven_OTERM85_OTERM9183_OTERM11697           ; emu|pll|pll_inst|altera_pll_i|general[2].gpll~PLL_OUTPUT_COUNTER|divclk ; emu|pll|pll_inst|altera_pll_i|general[2].gpll~PLL_OUTPUT_COUNTER|divclk ; 16.666       ; -0.081     ; 13.523     ;
; 2.943 ; emu:emu|mpeg2_h262_two_picture_probe:mpeg2_h262_two_picture_probe|mpeg2_h262_p_diagnostic_controller:p_controller|mpeg2_h262_p_residual_probe:residual_probe|mpeg2_h262_p_non_intra_transform:transform|iq_intra_weight[3] ; emu:emu|mpeg2_h262_two_picture_probe:mpeg2_h262_two_picture_probe|mpeg2_h262_p_diagnostic_controller:p_controller|mpeg2_h262_p_residual_probe:residual_probe|mpeg2_h262_p_non_intra_transform:transform|iq_saturated[8]~1_Duplicate_41_OTERM11434_OTERM14519 ; emu|pll|pll_inst|altera_pll_i|general[2].gpll~PLL_OUTPUT_COUNTER|divclk ; emu|pll|pll_inst|altera_pll_i|general[2].gpll~PLL_OUTPUT_COUNTER|divclk ; 16.666       ; -0.098     ; 13.505     ;
+-------+----------------------------------------------------------------------------------------------------------------------------------------------------------------------------------------------------------------------------+--------------------------------------------------------------------------------------------------------------------------------------------------------------------------------------------------------------------------------------------------------------+-------------------------------------------------------------------------+-------------------------------------------------------------------------+--------------+------------+------------+

Path #1: Setup slack is 2.942 
===============================================================================
+-------------------------------------------------------------------------------------------------------------------------------------------------------------------------------------------------------------------------------------------------------------------------+
; Path Summary                                                                                                                                                                                                                                                            ;
+--------------------+----------------------------------------------------------------------------------------------------------------------------------------------------------------------------------------------------------------------------------------------------+
; Property           ; Value                                                                                                                                                                                                                                              ;
+--------------------+----------------------------------------------------------------------------------------------------------------------------------------------------------------------------------------------------------------------------------------------------+
; From Node          ; emu:emu|mpeg2_h262_two_picture_probe:mpeg2_h262_two_picture_probe|mpeg2_h262_p_diagnostic_controller:p_controller|mpeg2_h262_p_residual_probe:residual_probe|mpeg2_h262_p_non_intra_transform:transform|iq_intra_weight[3]                         ;
; To Node            ; emu:emu|mpeg2_h262_two_picture_probe:mpeg2_h262_two_picture_probe|mpeg2_h262_p_diagnostic_controller:p_controller|mpeg2_h262_p_residual_probe:residual_probe|mpeg2_h262_p_non_intra_transform:transform|y0_f00_proven_OTERM85_OTERM9183_OTERM11697 ;
; Launch Clock       ; emu|pll|pll_inst|altera_pll_i|general[2].gpll~PLL_OUTPUT_COUNTER|divclk                                                                                                                                                                            ;
; Latch Clock        ; emu|pll|pll_inst|altera_pll_i|general[2].gpll~PLL_OUTPUT_COUNTER|divclk                                                                                                                                                                            ;
; Data Arrival Time  ; 18.120                                                                                                                                                                                                                                             ;
; Data Required Time ; 21.062                                                                                                                                                                                                                                             ;
; Slack              ; 2.942                                                                                                                                                                                                                                              ;
+--------------------+----------------------------------------------------------------------------------------------------------------------------------------------------------------------------------------------------------------------------------------------------+

+--------------------------------------------------------------------------------------+
; Statistics                                                                           ;
+------------------------+--------+-------+-------------+------------+--------+--------+
; Property               ; Value  ; Count ; Total Delay ; % of Total ; Min    ; Max    ;
+------------------------+--------+-------+-------------+------------+--------+--------+
; Setup Relationship     ; 16.666 ;       ;             ;            ;        ;        ;
; Clock Skew             ; -0.081 ;       ;             ;            ;        ;        ;
; Data Delay             ; 13.523 ;       ;             ;            ;        ;        ;
; Number of Logic Levels ;        ; 9     ;             ;            ;        ;        ;
; Physical Delays        ;        ;       ;             ;            ;        ;        ;
;  Arrival Path          ;        ;       ;             ;            ;        ;        ;
;   Clock                ;        ;       ;             ;            ;        ;        ;
;    IC                  ;        ; 6     ; 4.631       ; 55         ; 0.000  ; 2.257  ;
;    Cell                ;        ; 5     ; 3.734       ; 45         ; 0.304  ; 1.746  ;
;    PLL Compensation    ;        ; 1     ; -3.768      ; 0          ; -3.768 ; -3.768 ;
;   Data                 ;        ;       ;             ;            ;        ;        ;
;    IC                  ;        ; 34    ; 4.815       ; 36         ; 0.000  ; 1.036  ;
;    Cell                ;        ; 35    ; 8.708       ; 64         ; 0.000  ; 3.882  ;
;    uTco                ;        ; 1     ; 0.000       ; 0          ; 0.000  ; 0.000  ;
;  Required Path         ;        ;       ;             ;            ;        ;        ;
;   Clock                ;        ;       ;             ;            ;        ;        ;
;    IC                  ;        ; 6     ; 3.956       ; 54         ; 0.000  ; 1.877  ;
;    Cell                ;        ; 5     ; 3.339       ; 46         ; 0.279  ; 1.468  ;
;    PLL Compensation    ;        ; 1     ; -4.932      ; 0          ; -4.932 ; -4.932 ;
+------------------------+--------+-------+-------------+------------+--------+--------+
Note: Negative delays are omitted from totals when calculating percentages

+----------------------------------------------------------------------------------------------------------------------------------------------------------------------------------------------------------------------------------------------------------------------------------------------------------------------------+
; Data Arrival Path                                                                                                                                                                                                                                                                                                          ;
+----------+----------+----+------+--------+----------------------------+----------------------------------------------------------------------------------------------------------------------------------------------------------------------------------------------------------------------------------------------------+
; Total    ; Incr     ; RF ; Type ; Fanout ; Location                   ; Element                                                                                                                                                                                                                                            ;
+----------+----------+----+------+--------+----------------------------+----------------------------------------------------------------------------------------------------------------------------------------------------------------------------------------------------------------------------------------------------+
; 0.000    ; 0.000    ;    ;      ;        ;                            ; launch edge time                                                                                                                                                                                                                                   ;
; 4.597    ; 4.597    ;    ;      ;        ;                            ; clock path                                                                                                                                                                                                                                         ;
;   0.000  ;   0.000  ;    ;      ;        ;                            ; source latency                                                                                                                                                                                                                                     ;
;   0.000  ;   0.000  ;    ;      ; 1      ; PIN_Y13                    ; FPGA_CLK2_50                                                                                                                                                                                                                                       ;
;   0.000  ;   0.000  ; RR ; IC   ; 1      ; IOIBUF_X56_Y0_N1           ; FPGA_CLK2_50~input|i                                                                                                                                                                                                                               ;
;   0.761  ;   0.761  ; RR ; CELL ; 2      ; IOIBUF_X56_Y0_N1           ; FPGA_CLK2_50~input|o                                                                                                                                                                                                                               ;
;   2.096  ;   1.335  ; RR ; IC   ; 1      ; PLLREFCLKSELECT_X89_Y7_N0  ; emu|pll|pll_inst|altera_pll_i|general[0].gpll~PLL_REFCLK_SELECT|clkin[0]                                                                                                                                                                           ;
;   2.429  ;   0.333  ; RR ; CELL ; 1      ; PLLREFCLKSELECT_X89_Y7_N0  ; emu|pll|pll_inst|altera_pll_i|general[0].gpll~PLL_REFCLK_SELECT|clkout                                                                                                                                                                             ;
;   2.429  ;   0.000  ; RR ; IC   ; 10     ; FRACTIONALPLL_X89_Y1_N0    ; emu|pll|pll_inst|altera_pll_i|general[0].gpll~FRACTIONAL_PLL|refclkin                                                                                                                                                                              ;
;   -1.339 ;   -3.768 ; RR ; COMP ; 3      ; FRACTIONALPLL_X89_Y1_N0    ; emu|pll|pll_inst|altera_pll_i|general[0].gpll~FRACTIONAL_PLL|vcoph[0]                                                                                                                                                                              ;
;   -1.339 ;   0.000  ; RR ; IC   ; 1      ; PLLOUTPUTCOUNTER_X89_Y6_N1 ; emu|pll|pll_inst|altera_pll_i|general[2].gpll~PLL_OUTPUT_COUNTER|vco0ph[0]                                                                                                                                                                         ;
;   0.407  ;   1.746  ; RR ; CELL ; 1      ; PLLOUTPUTCOUNTER_X89_Y6_N1 ; emu|pll|pll_inst|altera_pll_i|general[2].gpll~PLL_OUTPUT_COUNTER|divclk                                                                                                                                                                            ;
;   1.446  ;   1.039  ; RR ; IC   ; 1      ; CLKCTRL_G6                 ; emu|pll|pll_inst|altera_pll_i|outclk_wire[2]~CLKENA0|inclk                                                                                                                                                                                         ;
;   1.750  ;   0.304  ; RR ; CELL ; 36211  ; CLKCTRL_G6                 ; emu|pll|pll_inst|altera_pll_i|outclk_wire[2]~CLKENA0|outclk                                                                                                                                                                                        ;
;   4.007  ;   2.257  ; RR ; IC   ; 1      ; FF_X18_Y26_N37             ; emu|mpeg2_h262_two_picture_probe|p_controller|residual_probe|transform|iq_intra_weight[3]|clk                                                                                                                                                      ;
;   4.597  ;   0.590  ; RR ; CELL ; 1      ; FF_X18_Y26_N37             ; emu:emu|mpeg2_h262_two_picture_probe:mpeg2_h262_two_picture_probe|mpeg2_h262_p_diagnostic_controller:p_controller|mpeg2_h262_p_residual_probe:residual_probe|mpeg2_h262_p_non_intra_transform:transform|iq_intra_weight[3]                         ;
; 18.120   ; 13.523   ;    ;      ;        ;                            ; data path                                                                                                                                                                                                                                          ;
;   4.597  ;   0.000  ;    ; uTco ; 1      ; FF_X18_Y26_N37             ; emu:emu|mpeg2_h262_two_picture_probe:mpeg2_h262_two_picture_probe|mpeg2_h262_p_diagnostic_controller:p_controller|mpeg2_h262_p_residual_probe:residual_probe|mpeg2_h262_p_non_intra_transform:transform|iq_intra_weight[3]                         ;
;   4.597  ;   0.000  ; FF ; CELL ; 1      ; FF_X18_Y26_N37             ; emu|mpeg2_h262_two_picture_probe|p_controller|residual_probe|transform|iq_intra_weight[3]|q                                                                                                                                                        ;
;   5.633  ;   1.036  ; FF ; IC   ; 1      ; LABCELL_X17_Y30_N54        ; emu|mpeg2_h262_two_picture_probe|p_controller|residual_probe|transform|iq_multiplier_b[3]~4_RESYN16569|dataf                                                                                                                                       ;
;   5.714  ;   0.081  ; FF ; CELL ; 1      ; LABCELL_X17_Y30_N54        ; emu|mpeg2_h262_two_picture_probe|p_controller|residual_probe|transform|iq_multiplier_b[3]~4_RESYN16569|combout                                                                                                                                     ;
;   6.104  ;   0.390  ; FF ; IC   ; 1      ; LABCELL_X17_Y30_N36        ; emu|mpeg2_h262_two_picture_probe|p_controller|residual_probe|transform|iq_multiplier_b[3]~4|datae                                                                                                                                                  ;
;   6.325  ;   0.221  ; FF ; CELL ; 1      ; LABCELL_X17_Y30_N36        ; emu|mpeg2_h262_two_picture_probe|p_controller|residual_probe|transform|iq_multiplier_b[3]~4|combout                                                                                                                                                ;
;   7.084  ;   0.759  ; FF ; IC   ; 32     ; DSP_X20_Y30_N0             ; emu|mpeg2_h262_two_picture_probe|p_controller|residual_probe|transform|Mult0~mac|ay[3]                                                                                                                                                             ;
;   10.966 ;   3.882  ; FF ; CELL ; 3      ; DSP_X20_Y30_N0             ; emu|mpeg2_h262_two_picture_probe|p_controller|residual_probe|transform|Mult0~mac|resulta[1]                                                                                                                                                        ;
;   11.762 ;   0.796  ; FF ; IC   ; 1      ; LABCELL_X19_Y30_N24        ; emu|mpeg2_h262_two_picture_probe|p_controller|residual_probe|transform|WideOr1|datac                                                                                                                                                               ;
;   12.245 ;   0.483  ; FF ; CELL ; 1      ; LABCELL_X19_Y30_N24        ; emu|mpeg2_h262_two_picture_probe|p_controller|residual_probe|transform|WideOr1|combout                                                                                                                                                             ;
;   12.492 ;   0.247  ; FF ; IC   ; 1      ; LABCELL_X19_Y30_N30        ; emu|mpeg2_h262_two_picture_probe|p_controller|residual_probe|transform|Add3~114|datac                                                                                                                                                              ;
;   13.329 ;   0.837  ; FF ; CELL ; 1      ; LABCELL_X19_Y30_N30        ; emu|mpeg2_h262_two_picture_probe|p_controller|residual_probe|transform|Add3~114|cout                                                                                                                                                               ;
;   13.329 ;   0.000  ; FF ; IC   ; 2      ; LABCELL_X19_Y30_N33        ; emu|mpeg2_h262_two_picture_probe|p_controller|residual_probe|transform|Add3~81|cin                                                                                                                                                                 ;
;   13.329 ;   0.000  ; FF ; CELL ; 1      ; LABCELL_X19_Y30_N33        ; emu|mpeg2_h262_two_picture_probe|p_controller|residual_probe|transform|Add3~81|cout                                                                                                                                                                ;
;   13.329 ;   0.000  ; FF ; IC   ; 2      ; LABCELL_X19_Y30_N36        ; emu|mpeg2_h262_two_picture_probe|p_controller|residual_probe|transform|Add3~93|cin                                                                                                                                                                 ;
;   13.374 ;   0.045  ; FF ; CELL ; 1      ; LABCELL_X19_Y30_N36        ; emu|mpeg2_h262_two_picture_probe|p_controller|residual_probe|transform|Add3~93|cout                                                                                                                                                                ;
;   13.374 ;   0.000  ; FF ; IC   ; 2      ; LABCELL_X19_Y30_N39        ; emu|mpeg2_h262_two_picture_probe|p_controller|residual_probe|transform|Add3~89|cin                                                                                                                                                                 ;
;   13.374 ;   0.000  ; FF ; CELL ; 1      ; LABCELL_X19_Y30_N39        ; emu|mpeg2_h262_two_picture_probe|p_controller|residual_probe|transform|Add3~89|cout                                                                                                                                                                ;
;   13.374 ;   0.000  ; FF ; IC   ; 2      ; LABCELL_X19_Y30_N42        ; emu|mpeg2_h262_two_picture_probe|p_controller|residual_probe|transform|Add3~85|cin                                                                                                                                                                 ;
;   13.419 ;   0.045  ; FF ; CELL ; 1      ; LABCELL_X19_Y30_N42        ; emu|mpeg2_h262_two_picture_probe|p_controller|residual_probe|transform|Add3~85|cout                                                                                                                                                                ;
;   13.419 ;   0.000  ; FF ; IC   ; 2      ; LABCELL_X19_Y30_N45        ; emu|mpeg2_h262_two_picture_probe|p_controller|residual_probe|transform|Add3~109|cin                                                                                                                                                                ;
;   13.419 ;   0.000  ; FF ; CELL ; 1      ; LABCELL_X19_Y30_N45        ; emu|mpeg2_h262_two_picture_probe|p_controller|residual_probe|transform|Add3~109|cout                                                                                                                                                               ;
;   13.419 ;   0.000  ; FF ; IC   ; 2      ; LABCELL_X19_Y30_N48        ; emu|mpeg2_h262_two_picture_probe|p_controller|residual_probe|transform|Add3~73|cin                                                                                                                                                                 ;
;   13.464 ;   0.045  ; FF ; CELL ; 1      ; LABCELL_X19_Y30_N48        ; emu|mpeg2_h262_two_picture_probe|p_controller|residual_probe|transform|Add3~73|cout                                                                                                                                                                ;
;   13.464 ;   0.000  ; FF ; IC   ; 2      ; LABCELL_X19_Y30_N51        ; emu|mpeg2_h262_two_picture_probe|p_controller|residual_probe|transform|Add3~105|cin                                                                                                                                                                ;
;   13.464 ;   0.000  ; FF ; CELL ; 1      ; LABCELL_X19_Y30_N51        ; emu|mpeg2_h262_two_picture_probe|p_controller|residual_probe|transform|Add3~105|cout                                                                                                                                                               ;
;   13.464 ;   0.000  ; FF ; IC   ; 2      ; LABCELL_X19_Y30_N54        ; emu|mpeg2_h262_two_picture_probe|p_controller|residual_probe|transform|Add3~101|cin                                                                                                                                                                ;
;   13.507 ;   0.043  ; FF ; CELL ; 1      ; LABCELL_X19_Y30_N54        ; emu|mpeg2_h262_two_picture_probe|p_controller|residual_probe|transform|Add3~101|cout                                                                                                                                                               ;
;   13.507 ;   0.000  ; FF ; IC   ; 2      ; LABCELL_X19_Y30_N57        ; emu|mpeg2_h262_two_picture_probe|p_controller|residual_probe|transform|Add3~1|cin                                                                                                                                                                  ;
;   13.507 ;   0.000  ; FF ; CELL ; 1      ; LABCELL_X19_Y30_N57        ; emu|mpeg2_h262_two_picture_probe|p_controller|residual_probe|transform|Add3~1|cout                                                                                                                                                                 ;
;   13.507 ;   0.000  ; FF ; IC   ; 2      ; LABCELL_X19_Y29_N0         ; emu|mpeg2_h262_two_picture_probe|p_controller|residual_probe|transform|Add3~97|cin                                                                                                                                                                 ;
;   13.634 ;   0.127  ; FF ; CELL ; 1      ; LABCELL_X19_Y29_N0         ; emu|mpeg2_h262_two_picture_probe|p_controller|residual_probe|transform|Add3~97|cout                                                                                                                                                                ;
;   13.634 ;   0.000  ; FF ; IC   ; 2      ; LABCELL_X19_Y29_N3         ; emu|mpeg2_h262_two_picture_probe|p_controller|residual_probe|transform|Add3~77|cin                                                                                                                                                                 ;
;   13.634 ;   0.000  ; FF ; CELL ; 1      ; LABCELL_X19_Y29_N3         ; emu|mpeg2_h262_two_picture_probe|p_controller|residual_probe|transform|Add3~77|cout                                                                                                                                                                ;
;   13.634 ;   0.000  ; FF ; IC   ; 2      ; LABCELL_X19_Y29_N6         ; emu|mpeg2_h262_two_picture_probe|p_controller|residual_probe|transform|Add3~29|cin                                                                                                                                                                 ;
;   13.679 ;   0.045  ; FF ; CELL ; 1      ; LABCELL_X19_Y29_N6         ; emu|mpeg2_h262_two_picture_probe|p_controller|residual_probe|transform|Add3~29|cout                                                                                                                                                                ;
;   13.679 ;   0.000  ; FF ; IC   ; 2      ; LABCELL_X19_Y29_N9         ; emu|mpeg2_h262_two_picture_probe|p_controller|residual_probe|transform|Add3~33|cin                                                                                                                                                                 ;
;   13.679 ;   0.000  ; FF ; CELL ; 1      ; LABCELL_X19_Y29_N9         ; emu|mpeg2_h262_two_picture_probe|p_controller|residual_probe|transform|Add3~33|cout                                                                                                                                                                ;
;   13.679 ;   0.000  ; FF ; IC   ; 2      ; LABCELL_X19_Y29_N12        ; emu|mpeg2_h262_two_picture_probe|p_controller|residual_probe|transform|Add3~61|cin                                                                                                                                                                 ;
;   13.724 ;   0.045  ; FF ; CELL ; 1      ; LABCELL_X19_Y29_N12        ; emu|mpeg2_h262_two_picture_probe|p_controller|residual_probe|transform|Add3~61|cout                                                                                                                                                                ;
;   13.724 ;   0.000  ; FF ; IC   ; 2      ; LABCELL_X19_Y29_N15        ; emu|mpeg2_h262_two_picture_probe|p_controller|residual_probe|transform|Add3~65|cin                                                                                                                                                                 ;
;   13.724 ;   0.000  ; FF ; CELL ; 1      ; LABCELL_X19_Y29_N15        ; emu|mpeg2_h262_two_picture_probe|p_controller|residual_probe|transform|Add3~65|cout                                                                                                                                                                ;
;   13.724 ;   0.000  ; FF ; IC   ; 2      ; LABCELL_X19_Y29_N18        ; emu|mpeg2_h262_two_picture_probe|p_controller|residual_probe|transform|Add3~53|cin                                                                                                                                                                 ;
;   13.769 ;   0.045  ; FF ; CELL ; 1      ; LABCELL_X19_Y29_N18        ; emu|mpeg2_h262_two_picture_probe|p_controller|residual_probe|transform|Add3~53|cout                                                                                                                                                                ;
;   13.769 ;   0.000  ; FF ; IC   ; 2      ; LABCELL_X19_Y29_N21        ; emu|mpeg2_h262_two_picture_probe|p_controller|residual_probe|transform|Add3~57|cin                                                                                                                                                                 ;
;   13.769 ;   0.000  ; FF ; CELL ; 1      ; LABCELL_X19_Y29_N21        ; emu|mpeg2_h262_two_picture_probe|p_controller|residual_probe|transform|Add3~57|cout                                                                                                                                                                ;
;   13.769 ;   0.000  ; FF ; IC   ; 2      ; LABCELL_X19_Y29_N24        ; emu|mpeg2_h262_two_picture_probe|p_controller|residual_probe|transform|Add3~17|cin                                                                                                                                                                 ;
;   13.826 ;   0.057  ; FF ; CELL ; 1      ; LABCELL_X19_Y29_N24        ; emu|mpeg2_h262_two_picture_probe|p_controller|residual_probe|transform|Add3~17|cout                                                                                                                                                                ;
;   13.826 ;   0.000  ; FF ; IC   ; 2      ; LABCELL_X19_Y29_N27        ; emu|mpeg2_h262_two_picture_probe|p_controller|residual_probe|transform|Add3~13|cin                                                                                                                                                                 ;
;   13.826 ;   0.000  ; FF ; CELL ; 1      ; LABCELL_X19_Y29_N27        ; emu|mpeg2_h262_two_picture_probe|p_controller|residual_probe|transform|Add3~13|cout                                                                                                                                                                ;
;   13.826 ;   0.000  ; FF ; IC   ; 2      ; LABCELL_X19_Y29_N30        ; emu|mpeg2_h262_two_picture_probe|p_controller|residual_probe|transform|Add3~25|cin                                                                                                                                                                 ;
;   13.944 ;   0.118  ; FF ; CELL ; 1      ; LABCELL_X19_Y29_N30        ; emu|mpeg2_h262_two_picture_probe|p_controller|residual_probe|transform|Add3~25|cout                                                                                                                                                                ;
;   13.944 ;   0.000  ; FF ; IC   ; 2      ; LABCELL_X19_Y29_N33        ; emu|mpeg2_h262_two_picture_probe|p_controller|residual_probe|transform|Add3~37|cin                                                                                                                                                                 ;
;   13.944 ;   0.000  ; FF ; CELL ; 1      ; LABCELL_X19_Y29_N33        ; emu|mpeg2_h262_two_picture_probe|p_controller|residual_probe|transform|Add3~37|cout                                                                                                                                                                ;
;   13.944 ;   0.000  ; FF ; IC   ; 2      ; LABCELL_X19_Y29_N36        ; emu|mpeg2_h262_two_picture_probe|p_controller|residual_probe|transform|Add3~21|cin                                                                                                                                                                 ;
;   13.989 ;   0.045  ; FF ; CELL ; 1      ; LABCELL_X19_Y29_N36        ; emu|mpeg2_h262_two_picture_probe|p_controller|residual_probe|transform|Add3~21|cout                                                                                                                                                                ;
;   13.989 ;   0.000  ; FF ; IC   ; 2      ; LABCELL_X19_Y29_N39        ; emu|mpeg2_h262_two_picture_probe|p_controller|residual_probe|transform|Add3~9|cin                                                                                                                                                                  ;
;   13.989 ;   0.000  ; FF ; CELL ; 1      ; LABCELL_X19_Y29_N39        ; emu|mpeg2_h262_two_picture_probe|p_controller|residual_probe|transform|Add3~9|cout                                                                                                                                                                 ;
;   13.989 ;   0.000  ; FF ; IC   ; 2      ; LABCELL_X19_Y29_N42        ; emu|mpeg2_h262_two_picture_probe|p_controller|residual_probe|transform|Add3~69|cin                                                                                                                                                                 ;
;   14.353 ;   0.364  ; FF ; CELL ; 1      ; LABCELL_X19_Y29_N42        ; emu|mpeg2_h262_two_picture_probe|p_controller|residual_probe|transform|Add3~69|sumout                                                                                                                                                              ;
;   15.063 ;   0.710  ; FF ; IC   ; 1      ; LABCELL_X17_Y29_N54        ; emu|mpeg2_h262_two_picture_probe|p_controller|residual_probe|transform|iq_unclipped[23]~22|datae                                                                                                                                                   ;
;   15.298 ;   0.235  ; FR ; CELL ; 4      ; LABCELL_X17_Y29_N54        ; emu|mpeg2_h262_two_picture_probe|p_controller|residual_probe|transform|iq_unclipped[23]~22|combout                                                                                                                                                 ;
;   15.511 ;   0.213  ; RR ; IC   ; 1      ; LABCELL_X17_Y29_N12        ; emu|mpeg2_h262_two_picture_probe|p_controller|residual_probe|transform|LessThan2~2_Duplicate|dataa                                                                                                                                                 ;
;   16.088 ;   0.577  ; RR ; CELL ; 5      ; LABCELL_X17_Y29_N12        ; emu|mpeg2_h262_two_picture_probe|p_controller|residual_probe|transform|LessThan2~2_Duplicate|combout                                                                                                                                               ;
;   16.393 ;   0.305  ; RR ; IC   ; 1      ; LABCELL_X16_Y29_N18        ; emu|mpeg2_h262_two_picture_probe|p_controller|residual_probe|transform|LessThan2~3_Duplicate_Duplicate_Duplicate|datab                                                                                                                             ;
;   16.947 ;   0.554  ; RR ; CELL ; 2      ; LABCELL_X16_Y29_N18        ; emu|mpeg2_h262_two_picture_probe|p_controller|residual_probe|transform|LessThan2~3_Duplicate_Duplicate_Duplicate|combout                                                                                                                           ;
;   17.306 ;   0.359  ; RR ; IC   ; 1      ; MLABCELL_X15_Y29_N24       ; emu|mpeg2_h262_two_picture_probe|p_controller|residual_probe|transform|iq_saturated[8]~25_Duplicate_Duplicate|datab                                                                                                                                ;
;   17.860 ;   0.554  ; RR ; CELL ; 1      ; MLABCELL_X15_Y29_N24       ; emu|mpeg2_h262_two_picture_probe|p_controller|residual_probe|transform|iq_saturated[8]~25_Duplicate_Duplicate|combout                                                                                                                              ;
;   17.860 ;   0.000  ; RR ; IC   ; 1      ; FF_X15_Y29_N25             ; emu|mpeg2_h262_two_picture_probe|p_controller|residual_probe|transform|y0_f00_proven_OTERM85_OTERM9183_NEW_REG11696|d                                                                                                                              ;
;   18.120 ;   0.260  ; RR ; CELL ; 1      ; FF_X15_Y29_N25             ; emu:emu|mpeg2_h262_two_picture_probe:mpeg2_h262_two_picture_probe|mpeg2_h262_p_diagnostic_controller:p_controller|mpeg2_h262_p_residual_probe:residual_probe|mpeg2_h262_p_non_intra_transform:transform|y0_f00_proven_OTERM85_OTERM9183_OTERM11697 ;
+----------+----------+----+------+--------+----------------------------+----------------------------------------------------------------------------------------------------------------------------------------------------------------------------------------------------------------------------------------------------+

+----------------------------------------------------------------------------------------------------------------------------------------------------------------------------------------------------------------------------------------------------------------------------------------------------------------------------+
; Data Required Path                                                                                                                                                                                                                                                                                                         ;
+----------+----------+----+------+--------+----------------------------+----------------------------------------------------------------------------------------------------------------------------------------------------------------------------------------------------------------------------------------------------+
; Total    ; Incr     ; RF ; Type ; Fanout ; Location                   ; Element                                                                                                                                                                                                                                            ;
+----------+----------+----+------+--------+----------------------------+----------------------------------------------------------------------------------------------------------------------------------------------------------------------------------------------------------------------------------------------------+
; 16.666   ; 16.666   ;    ;      ;        ;                            ; latch edge time                                                                                                                                                                                                                                    ;
; 21.182   ; 4.516    ;    ;      ;        ;                            ; clock path                                                                                                                                                                                                                                         ;
;   16.666 ;   0.000  ;    ;      ;        ;                            ; source latency                                                                                                                                                                                                                                     ;
;   16.666 ;   0.000  ;    ;      ; 1      ; PIN_Y13                    ; FPGA_CLK2_50                                                                                                                                                                                                                                       ;
;   16.666 ;   0.000  ; RR ; IC   ; 1      ; IOIBUF_X56_Y0_N1           ; FPGA_CLK2_50~input|i                                                                                                                                                                                                                               ;
;   17.427 ;   0.761  ; RR ; CELL ; 2      ; IOIBUF_X56_Y0_N1           ; FPGA_CLK2_50~input|o                                                                                                                                                                                                                               ;
;   18.598 ;   1.171  ; RR ; IC   ; 1      ; PLLREFCLKSELECT_X89_Y7_N0  ; emu|pll|pll_inst|altera_pll_i|general[0].gpll~PLL_REFCLK_SELECT|clkin[0]                                                                                                                                                                           ;
;   18.906 ;   0.308  ; RR ; CELL ; 1      ; PLLREFCLKSELECT_X89_Y7_N0  ; emu|pll|pll_inst|altera_pll_i|general[0].gpll~PLL_REFCLK_SELECT|clkout                                                                                                                                                                             ;
;   18.906 ;   0.000  ; RR ; IC   ; 10     ; FRACTIONALPLL_X89_Y1_N0    ; emu|pll|pll_inst|altera_pll_i|general[0].gpll~FRACTIONAL_PLL|refclkin                                                                                                                                                                              ;
;   13.974 ;   -4.932 ; RR ; COMP ; 3      ; FRACTIONALPLL_X89_Y1_N0    ; emu|pll|pll_inst|altera_pll_i|general[0].gpll~FRACTIONAL_PLL|vcoph[0]                                                                                                                                                                              ;
;   13.974 ;   0.000  ; RR ; IC   ; 1      ; PLLOUTPUTCOUNTER_X89_Y6_N1 ; emu|pll|pll_inst|altera_pll_i|general[2].gpll~PLL_OUTPUT_COUNTER|vco0ph[0]                                                                                                                                                                         ;
;   15.442 ;   1.468  ; RR ; CELL ; 1      ; PLLOUTPUTCOUNTER_X89_Y6_N1 ; emu|pll|pll_inst|altera_pll_i|general[2].gpll~PLL_OUTPUT_COUNTER|divclk                                                                                                                                                                            ;
;   16.350 ;   0.908  ; RR ; IC   ; 1      ; CLKCTRL_G6                 ; emu|pll|pll_inst|altera_pll_i|outclk_wire[2]~CLKENA0|inclk                                                                                                                                                                                         ;
;   16.629 ;   0.279  ; RR ; CELL ; 36211  ; CLKCTRL_G6                 ; emu|pll|pll_inst|altera_pll_i|outclk_wire[2]~CLKENA0|outclk                                                                                                                                                                                        ;
;   18.506 ;   1.877  ; RR ; IC   ; 1      ; FF_X15_Y29_N25             ; emu|mpeg2_h262_two_picture_probe|p_controller|residual_probe|transform|y0_f00_proven_OTERM85_OTERM9183_NEW_REG11696|clk                                                                                                                            ;
;   19.029 ;   0.523  ; RR ; CELL ; 1      ; FF_X15_Y29_N25             ; emu:emu|mpeg2_h262_two_picture_probe:mpeg2_h262_two_picture_probe|mpeg2_h262_p_diagnostic_controller:p_controller|mpeg2_h262_p_residual_probe:residual_probe|mpeg2_h262_p_non_intra_transform:transform|y0_f00_proven_OTERM85_OTERM9183_OTERM11697 ;
;   21.182 ;   2.153  ;    ;      ;        ;                            ; clock pessimism removed                                                                                                                                                                                                                            ;
; 21.062   ; -0.120   ;    ;      ;        ;                            ; clock uncertainty                                                                                                                                                                                                                                  ;
; 21.062   ; 0.000    ;    ; uTsu ; 1      ; FF_X15_Y29_N25             ; emu:emu|mpeg2_h262_two_picture_probe:mpeg2_h262_two_picture_probe|mpeg2_h262_p_diagnostic_controller:p_controller|mpeg2_h262_p_residual_probe:residual_probe|mpeg2_h262_p_non_intra_transform:transform|y0_f00_proven_OTERM85_OTERM9183_OTERM11697 ;
+----------+----------+----+------+--------+----------------------------+----------------------------------------------------------------------------------------------------------------------------------------------------------------------------------------------------------------------------------------------------+

----------------------------
; Extra Fitter Information ;
----------------------------
HTML report is unavailable in plain text report export.


Path #2: Setup slack is 2.943 
===============================================================================
+-----------------------------------------------------------------------------------------------------------------------------------------------------------------------------------------------------------------------------------------------------------------------------------+
; Path Summary                                                                                                                                                                                                                                                                      ;
+--------------------+--------------------------------------------------------------------------------------------------------------------------------------------------------------------------------------------------------------------------------------------------------------+
; Property           ; Value                                                                                                                                                                                                                                                        ;
+--------------------+--------------------------------------------------------------------------------------------------------------------------------------------------------------------------------------------------------------------------------------------------------------+
; From Node          ; emu:emu|mpeg2_h262_two_picture_probe:mpeg2_h262_two_picture_probe|mpeg2_h262_p_diagnostic_controller:p_controller|mpeg2_h262_p_residual_probe:residual_probe|mpeg2_h262_p_non_intra_transform:transform|iq_intra_weight[3]                                   ;
; To Node            ; emu:emu|mpeg2_h262_two_picture_probe:mpeg2_h262_two_picture_probe|mpeg2_h262_p_diagnostic_controller:p_controller|mpeg2_h262_p_residual_probe:residual_probe|mpeg2_h262_p_non_intra_transform:transform|iq_saturated[8]~1_Duplicate_41_OTERM11434_OTERM14519 ;
; Launch Clock       ; emu|pll|pll_inst|altera_pll_i|general[2].gpll~PLL_OUTPUT_COUNTER|divclk                                                                                                                                                                                      ;
; Latch Clock        ; emu|pll|pll_inst|altera_pll_i|general[2].gpll~PLL_OUTPUT_COUNTER|divclk                                                                                                                                                                                      ;
; Data Arrival Time  ; 18.102                                                                                                                                                                                                                                                       ;
; Data Required Time ; 21.045                                                                                                                                                                                                                                                       ;
; Slack              ; 2.943                                                                                                                                                                                                                                                        ;
+--------------------+--------------------------------------------------------------------------------------------------------------------------------------------------------------------------------------------------------------------------------------------------------------+

+--------------------------------------------------------------------------------------+
; Statistics                                                                           ;
+------------------------+--------+-------+-------------+------------+--------+--------+
; Property               ; Value  ; Count ; Total Delay ; % of Total ; Min    ; Max    ;
+------------------------+--------+-------+-------------+------------+--------+--------+
; Setup Relationship     ; 16.666 ;       ;             ;            ;        ;        ;
; Clock Skew             ; -0.098 ;       ;             ;            ;        ;        ;
; Data Delay             ; 13.505 ;       ;             ;            ;        ;        ;
; Number of Logic Levels ;        ; 9     ;             ;            ;        ;        ;
; Physical Delays        ;        ;       ;             ;            ;        ;        ;
;  Arrival Path          ;        ;       ;             ;            ;        ;        ;
;   Clock                ;        ;       ;             ;            ;        ;        ;
;    IC                  ;        ; 6     ; 4.631       ; 55         ; 0.000  ; 2.257  ;
;    Cell                ;        ; 5     ; 3.734       ; 45         ; 0.304  ; 1.746  ;
;    PLL Compensation    ;        ; 1     ; -3.768      ; 0          ; -3.768 ; -3.768 ;
;   Data                 ;        ;       ;             ;            ;        ;        ;
;    IC                  ;        ; 34    ; 4.762       ; 35         ; 0.000  ; 1.036  ;
;    Cell                ;        ; 35    ; 8.743       ; 65         ; 0.000  ; 3.882  ;
;    uTco                ;        ; 1     ; 0.000       ; 0          ; 0.000  ; 0.000  ;
;  Required Path         ;        ;       ;             ;            ;        ;        ;
;   Clock                ;        ;       ;             ;            ;        ;        ;
;    IC                  ;        ; 6     ; 3.956       ; 54         ; 0.000  ; 1.877  ;
;    Cell                ;        ; 5     ; 3.322       ; 46         ; 0.279  ; 1.468  ;
;    PLL Compensation    ;        ; 1     ; -4.932      ; 0          ; -4.932 ; -4.932 ;
+------------------------+--------+-------+-------------+------------+--------+--------+
Note: Negative delays are omitted from totals when calculating percentages

+--------------------------------------------------------------------------------------------------------------------------------------------------------------------------------------------------------------------------------------------------------------------------------------------------------------------------------------+
; Data Arrival Path                                                                                                                                                                                                                                                                                                                    ;
+----------+----------+----+------+--------+----------------------------+--------------------------------------------------------------------------------------------------------------------------------------------------------------------------------------------------------------------------------------------------------------+
; Total    ; Incr     ; RF ; Type ; Fanout ; Location                   ; Element                                                                                                                                                                                                                                                      ;
+----------+----------+----+------+--------+----------------------------+--------------------------------------------------------------------------------------------------------------------------------------------------------------------------------------------------------------------------------------------------------------+
; 0.000    ; 0.000    ;    ;      ;        ;                            ; launch edge time                                                                                                                                                                                                                                             ;
; 4.597    ; 4.597    ;    ;      ;        ;                            ; clock path                                                                                                                                                                                                                                                   ;
;   0.000  ;   0.000  ;    ;      ;        ;                            ; source latency                                                                                                                                                                                                                                               ;
;   0.000  ;   0.000  ;    ;      ; 1      ; PIN_Y13                    ; FPGA_CLK2_50                                                                                                                                                                                                                                                 ;
;   0.000  ;   0.000  ; RR ; IC   ; 1      ; IOIBUF_X56_Y0_N1           ; FPGA_CLK2_50~input|i                                                                                                                                                                                                                                         ;
;   0.761  ;   0.761  ; RR ; CELL ; 2      ; IOIBUF_X56_Y0_N1           ; FPGA_CLK2_50~input|o                                                                                                                                                                                                                                         ;
;   2.096  ;   1.335  ; RR ; IC   ; 1      ; PLLREFCLKSELECT_X89_Y7_N0  ; emu|pll|pll_inst|altera_pll_i|general[0].gpll~PLL_REFCLK_SELECT|clkin[0]                                                                                                                                                                                     ;
;   2.429  ;   0.333  ; RR ; CELL ; 1      ; PLLREFCLKSELECT_X89_Y7_N0  ; emu|pll|pll_inst|altera_pll_i|general[0].gpll~PLL_REFCLK_SELECT|clkout                                                                                                                                                                                       ;
;   2.429  ;   0.000  ; RR ; IC   ; 10     ; FRACTIONALPLL_X89_Y1_N0    ; emu|pll|pll_inst|altera_pll_i|general[0].gpll~FRACTIONAL_PLL|refclkin                                                                                                                                                                                        ;
;   -1.339 ;   -3.768 ; RR ; COMP ; 3      ; FRACTIONALPLL_X89_Y1_N0    ; emu|pll|pll_inst|altera_pll_i|general[0].gpll~FRACTIONAL_PLL|vcoph[0]                                                                                                                                                                                        ;
;   -1.339 ;   0.000  ; RR ; IC   ; 1      ; PLLOUTPUTCOUNTER_X89_Y6_N1 ; emu|pll|pll_inst|altera_pll_i|general[2].gpll~PLL_OUTPUT_COUNTER|vco0ph[0]                                                                                                                                                                                   ;
;   0.407  ;   1.746  ; RR ; CELL ; 1      ; PLLOUTPUTCOUNTER_X89_Y6_N1 ; emu|pll|pll_inst|altera_pll_i|general[2].gpll~PLL_OUTPUT_COUNTER|divclk                                                                                                                                                                                      ;
;   1.446  ;   1.039  ; RR ; IC   ; 1      ; CLKCTRL_G6                 ; emu|pll|pll_inst|altera_pll_i|outclk_wire[2]~CLKENA0|inclk                                                                                                                                                                                                   ;
;   1.750  ;   0.304  ; RR ; CELL ; 36211  ; CLKCTRL_G6                 ; emu|pll|pll_inst|altera_pll_i|outclk_wire[2]~CLKENA0|outclk                                                                                                                                                                                                  ;
;   4.007  ;   2.257  ; RR ; IC   ; 1      ; FF_X18_Y26_N37             ; emu|mpeg2_h262_two_picture_probe|p_controller|residual_probe|transform|iq_intra_weight[3]|clk                                                                                                                                                                ;
;   4.597  ;   0.590  ; RR ; CELL ; 1      ; FF_X18_Y26_N37             ; emu:emu|mpeg2_h262_two_picture_probe:mpeg2_h262_two_picture_probe|mpeg2_h262_p_diagnostic_controller:p_controller|mpeg2_h262_p_residual_probe:residual_probe|mpeg2_h262_p_non_intra_transform:transform|iq_intra_weight[3]                                   ;
; 18.102   ; 13.505   ;    ;      ;        ;                            ; data path                                                                                                                                                                                                                                                    ;
;   4.597  ;   0.000  ;    ; uTco ; 1      ; FF_X18_Y26_N37             ; emu:emu|mpeg2_h262_two_picture_probe:mpeg2_h262_two_picture_probe|mpeg2_h262_p_diagnostic_controller:p_controller|mpeg2_h262_p_residual_probe:residual_probe|mpeg2_h262_p_non_intra_transform:transform|iq_intra_weight[3]                                   ;
;   4.597  ;   0.000  ; FF ; CELL ; 1      ; FF_X18_Y26_N37             ; emu|mpeg2_h262_two_picture_probe|p_controller|residual_probe|transform|iq_intra_weight[3]|q                                                                                                                                                                  ;
;   5.633  ;   1.036  ; FF ; IC   ; 1      ; LABCELL_X17_Y30_N54        ; emu|mpeg2_h262_two_picture_probe|p_controller|residual_probe|transform|iq_multiplier_b[3]~4_RESYN16569|dataf                                                                                                                                                 ;
;   5.714  ;   0.081  ; FF ; CELL ; 1      ; LABCELL_X17_Y30_N54        ; emu|mpeg2_h262_two_picture_probe|p_controller|residual_probe|transform|iq_multiplier_b[3]~4_RESYN16569|combout                                                                                                                                               ;
;   6.104  ;   0.390  ; FF ; IC   ; 1      ; LABCELL_X17_Y30_N36        ; emu|mpeg2_h262_two_picture_probe|p_controller|residual_probe|transform|iq_multiplier_b[3]~4|datae                                                                                                                                                            ;
;   6.325  ;   0.221  ; FF ; CELL ; 1      ; LABCELL_X17_Y30_N36        ; emu|mpeg2_h262_two_picture_probe|p_controller|residual_probe|transform|iq_multiplier_b[3]~4|combout                                                                                                                                                          ;
;   7.084  ;   0.759  ; FF ; IC   ; 32     ; DSP_X20_Y30_N0             ; emu|mpeg2_h262_two_picture_probe|p_controller|residual_probe|transform|Mult0~mac|ay[3]                                                                                                                                                                       ;
;   10.966 ;   3.882  ; FF ; CELL ; 3      ; DSP_X20_Y30_N0             ; emu|mpeg2_h262_two_picture_probe|p_controller|residual_probe|transform|Mult0~mac|resulta[1]                                                                                                                                                                  ;
;   11.762 ;   0.796  ; FF ; IC   ; 1      ; LABCELL_X19_Y30_N24        ; emu|mpeg2_h262_two_picture_probe|p_controller|residual_probe|transform|WideOr1|datac                                                                                                                                                                         ;
;   12.245 ;   0.483  ; FF ; CELL ; 1      ; LABCELL_X19_Y30_N24        ; emu|mpeg2_h262_two_picture_probe|p_controller|residual_probe|transform|WideOr1|combout                                                                                                                                                                       ;
;   12.492 ;   0.247  ; FF ; IC   ; 1      ; LABCELL_X19_Y30_N30        ; emu|mpeg2_h262_two_picture_probe|p_controller|residual_probe|transform|Add3~114|datac                                                                                                                                                                        ;
;   13.329 ;   0.837  ; FF ; CELL ; 1      ; LABCELL_X19_Y30_N30        ; emu|mpeg2_h262_two_picture_probe|p_controller|residual_probe|transform|Add3~114|cout                                                                                                                                                                         ;
;   13.329 ;   0.000  ; FF ; IC   ; 2      ; LABCELL_X19_Y30_N33        ; emu|mpeg2_h262_two_picture_probe|p_controller|residual_probe|transform|Add3~81|cin                                                                                                                                                                           ;
;   13.329 ;   0.000  ; FF ; CELL ; 1      ; LABCELL_X19_Y30_N33        ; emu|mpeg2_h262_two_picture_probe|p_controller|residual_probe|transform|Add3~81|cout                                                                                                                                                                          ;
;   13.329 ;   0.000  ; FF ; IC   ; 2      ; LABCELL_X19_Y30_N36        ; emu|mpeg2_h262_two_picture_probe|p_controller|residual_probe|transform|Add3~93|cin                                                                                                                                                                           ;
;   13.374 ;   0.045  ; FF ; CELL ; 1      ; LABCELL_X19_Y30_N36        ; emu|mpeg2_h262_two_picture_probe|p_controller|residual_probe|transform|Add3~93|cout                                                                                                                                                                          ;
;   13.374 ;   0.000  ; FF ; IC   ; 2      ; LABCELL_X19_Y30_N39        ; emu|mpeg2_h262_two_picture_probe|p_controller|residual_probe|transform|Add3~89|cin                                                                                                                                                                           ;
;   13.374 ;   0.000  ; FF ; CELL ; 1      ; LABCELL_X19_Y30_N39        ; emu|mpeg2_h262_two_picture_probe|p_controller|residual_probe|transform|Add3~89|cout                                                                                                                                                                          ;
;   13.374 ;   0.000  ; FF ; IC   ; 2      ; LABCELL_X19_Y30_N42        ; emu|mpeg2_h262_two_picture_probe|p_controller|residual_probe|transform|Add3~85|cin                                                                                                                                                                           ;
;   13.419 ;   0.045  ; FF ; CELL ; 1      ; LABCELL_X19_Y30_N42        ; emu|mpeg2_h262_two_picture_probe|p_controller|residual_probe|transform|Add3~85|cout                                                                                                                                                                          ;
;   13.419 ;   0.000  ; FF ; IC   ; 2      ; LABCELL_X19_Y30_N45        ; emu|mpeg2_h262_two_picture_probe|p_controller|residual_probe|transform|Add3~109|cin                                                                                                                                                                          ;
;   13.419 ;   0.000  ; FF ; CELL ; 1      ; LABCELL_X19_Y30_N45        ; emu|mpeg2_h262_two_picture_probe|p_controller|residual_probe|transform|Add3~109|cout                                                                                                                                                                         ;
;   13.419 ;   0.000  ; FF ; IC   ; 2      ; LABCELL_X19_Y30_N48        ; emu|mpeg2_h262_two_picture_probe|p_controller|residual_probe|transform|Add3~73|cin                                                                                                                                                                           ;
;   13.464 ;   0.045  ; FF ; CELL ; 1      ; LABCELL_X19_Y30_N48        ; emu|mpeg2_h262_two_picture_probe|p_controller|residual_probe|transform|Add3~73|cout                                                                                                                                                                          ;
;   13.464 ;   0.000  ; FF ; IC   ; 2      ; LABCELL_X19_Y30_N51        ; emu|mpeg2_h262_two_picture_probe|p_controller|residual_probe|transform|Add3~105|cin                                                                                                                                                                          ;
;   13.464 ;   0.000  ; FF ; CELL ; 1      ; LABCELL_X19_Y30_N51        ; emu|mpeg2_h262_two_picture_probe|p_controller|residual_probe|transform|Add3~105|cout                                                                                                                                                                         ;
;   13.464 ;   0.000  ; FF ; IC   ; 2      ; LABCELL_X19_Y30_N54        ; emu|mpeg2_h262_two_picture_probe|p_controller|residual_probe|transform|Add3~101|cin                                                                                                                                                                          ;
;   13.507 ;   0.043  ; FF ; CELL ; 1      ; LABCELL_X19_Y30_N54        ; emu|mpeg2_h262_two_picture_probe|p_controller|residual_probe|transform|Add3~101|cout                                                                                                                                                                         ;
;   13.507 ;   0.000  ; FF ; IC   ; 2      ; LABCELL_X19_Y30_N57        ; emu|mpeg2_h262_two_picture_probe|p_controller|residual_probe|transform|Add3~1|cin                                                                                                                                                                            ;
;   13.507 ;   0.000  ; FF ; CELL ; 1      ; LABCELL_X19_Y30_N57        ; emu|mpeg2_h262_two_picture_probe|p_controller|residual_probe|transform|Add3~1|cout                                                                                                                                                                           ;
;   13.507 ;   0.000  ; FF ; IC   ; 2      ; LABCELL_X19_Y29_N0         ; emu|mpeg2_h262_two_picture_probe|p_controller|residual_probe|transform|Add3~97|cin                                                                                                                                                                           ;
;   13.634 ;   0.127  ; FF ; CELL ; 1      ; LABCELL_X19_Y29_N0         ; emu|mpeg2_h262_two_picture_probe|p_controller|residual_probe|transform|Add3~97|cout                                                                                                                                                                          ;
;   13.634 ;   0.000  ; FF ; IC   ; 2      ; LABCELL_X19_Y29_N3         ; emu|mpeg2_h262_two_picture_probe|p_controller|residual_probe|transform|Add3~77|cin                                                                                                                                                                           ;
;   13.634 ;   0.000  ; FF ; CELL ; 1      ; LABCELL_X19_Y29_N3         ; emu|mpeg2_h262_two_picture_probe|p_controller|residual_probe|transform|Add3~77|cout                                                                                                                                                                          ;
;   13.634 ;   0.000  ; FF ; IC   ; 2      ; LABCELL_X19_Y29_N6         ; emu|mpeg2_h262_two_picture_probe|p_controller|residual_probe|transform|Add3~29|cin                                                                                                                                                                           ;
;   13.679 ;   0.045  ; FF ; CELL ; 1      ; LABCELL_X19_Y29_N6         ; emu|mpeg2_h262_two_picture_probe|p_controller|residual_probe|transform|Add3~29|cout                                                                                                                                                                          ;
;   13.679 ;   0.000  ; FF ; IC   ; 2      ; LABCELL_X19_Y29_N9         ; emu|mpeg2_h262_two_picture_probe|p_controller|residual_probe|transform|Add3~33|cin                                                                                                                                                                           ;
;   13.679 ;   0.000  ; FF ; CELL ; 1      ; LABCELL_X19_Y29_N9         ; emu|mpeg2_h262_two_picture_probe|p_controller|residual_probe|transform|Add3~33|cout                                                                                                                                                                          ;
;   13.679 ;   0.000  ; FF ; IC   ; 2      ; LABCELL_X19_Y29_N12        ; emu|mpeg2_h262_two_picture_probe|p_controller|residual_probe|transform|Add3~61|cin                                                                                                                                                                           ;
;   13.724 ;   0.045  ; FF ; CELL ; 1      ; LABCELL_X19_Y29_N12        ; emu|mpeg2_h262_two_picture_probe|p_controller|residual_probe|transform|Add3~61|cout                                                                                                                                                                          ;
;   13.724 ;   0.000  ; FF ; IC   ; 2      ; LABCELL_X19_Y29_N15        ; emu|mpeg2_h262_two_picture_probe|p_controller|residual_probe|transform|Add3~65|cin                                                                                                                                                                           ;
;   13.724 ;   0.000  ; FF ; CELL ; 1      ; LABCELL_X19_Y29_N15        ; emu|mpeg2_h262_two_picture_probe|p_controller|residual_probe|transform|Add3~65|cout                                                                                                                                                                          ;
;   13.724 ;   0.000  ; FF ; IC   ; 2      ; LABCELL_X19_Y29_N18        ; emu|mpeg2_h262_two_picture_probe|p_controller|residual_probe|transform|Add3~53|cin                                                                                                                                                                           ;
;   13.769 ;   0.045  ; FF ; CELL ; 1      ; LABCELL_X19_Y29_N18        ; emu|mpeg2_h262_two_picture_probe|p_controller|residual_probe|transform|Add3~53|cout                                                                                                                                                                          ;
;   13.769 ;   0.000  ; FF ; IC   ; 2      ; LABCELL_X19_Y29_N21        ; emu|mpeg2_h262_two_picture_probe|p_controller|residual_probe|transform|Add3~57|cin                                                                                                                                                                           ;
;   13.769 ;   0.000  ; FF ; CELL ; 1      ; LABCELL_X19_Y29_N21        ; emu|mpeg2_h262_two_picture_probe|p_controller|residual_probe|transform|Add3~57|cout                                                                                                                                                                          ;
;   13.769 ;   0.000  ; FF ; IC   ; 2      ; LABCELL_X19_Y29_N24        ; emu|mpeg2_h262_two_picture_probe|p_controller|residual_probe|transform|Add3~17|cin                                                                                                                                                                           ;
;   13.826 ;   0.057  ; FF ; CELL ; 1      ; LABCELL_X19_Y29_N24        ; emu|mpeg2_h262_two_picture_probe|p_controller|residual_probe|transform|Add3~17|cout                                                                                                                                                                          ;
;   13.826 ;   0.000  ; FF ; IC   ; 2      ; LABCELL_X19_Y29_N27        ; emu|mpeg2_h262_two_picture_probe|p_controller|residual_probe|transform|Add3~13|cin                                                                                                                                                                           ;
;   13.826 ;   0.000  ; FF ; CELL ; 1      ; LABCELL_X19_Y29_N27        ; emu|mpeg2_h262_two_picture_probe|p_controller|residual_probe|transform|Add3~13|cout                                                                                                                                                                          ;
;   13.826 ;   0.000  ; FF ; IC   ; 2      ; LABCELL_X19_Y29_N30        ; emu|mpeg2_h262_two_picture_probe|p_controller|residual_probe|transform|Add3~25|cin                                                                                                                                                                           ;
;   13.944 ;   0.118  ; FF ; CELL ; 1      ; LABCELL_X19_Y29_N30        ; emu|mpeg2_h262_two_picture_probe|p_controller|residual_probe|transform|Add3~25|cout                                                                                                                                                                          ;
;   13.944 ;   0.000  ; FF ; IC   ; 2      ; LABCELL_X19_Y29_N33        ; emu|mpeg2_h262_two_picture_probe|p_controller|residual_probe|transform|Add3~37|cin                                                                                                                                                                           ;
;   13.944 ;   0.000  ; FF ; CELL ; 1      ; LABCELL_X19_Y29_N33        ; emu|mpeg2_h262_two_picture_probe|p_controller|residual_probe|transform|Add3~37|cout                                                                                                                                                                          ;
;   13.944 ;   0.000  ; FF ; IC   ; 2      ; LABCELL_X19_Y29_N36        ; emu|mpeg2_h262_two_picture_probe|p_controller|residual_probe|transform|Add3~21|cin                                                                                                                                                                           ;
;   13.989 ;   0.045  ; FF ; CELL ; 1      ; LABCELL_X19_Y29_N36        ; emu|mpeg2_h262_two_picture_probe|p_controller|residual_probe|transform|Add3~21|cout                                                                                                                                                                          ;
;   13.989 ;   0.000  ; FF ; IC   ; 2      ; LABCELL_X19_Y29_N39        ; emu|mpeg2_h262_two_picture_probe|p_controller|residual_probe|transform|Add3~9|cin                                                                                                                                                                            ;
;   13.989 ;   0.000  ; FF ; CELL ; 1      ; LABCELL_X19_Y29_N39        ; emu|mpeg2_h262_two_picture_probe|p_controller|residual_probe|transform|Add3~9|cout                                                                                                                                                                           ;
;   13.989 ;   0.000  ; FF ; IC   ; 2      ; LABCELL_X19_Y29_N42        ; emu|mpeg2_h262_two_picture_probe|p_controller|residual_probe|transform|Add3~69|cin                                                                                                                                                                           ;
;   14.360 ;   0.371  ; FR ; CELL ; 1      ; LABCELL_X19_Y29_N42        ; emu|mpeg2_h262_two_picture_probe|p_controller|residual_probe|transform|Add3~69|sumout                                                                                                                                                                        ;
;   14.985 ;   0.625  ; RR ; IC   ; 1      ; LABCELL_X17_Y29_N54        ; emu|mpeg2_h262_two_picture_probe|p_controller|residual_probe|transform|iq_unclipped[23]~22|datae                                                                                                                                                             ;
;   15.290 ;   0.305  ; RF ; CELL ; 4      ; LABCELL_X17_Y29_N54        ; emu|mpeg2_h262_two_picture_probe|p_controller|residual_probe|transform|iq_unclipped[23]~22|combout                                                                                                                                                           ;
;   15.486 ;   0.196  ; FF ; IC   ; 1      ; LABCELL_X17_Y29_N12        ; emu|mpeg2_h262_two_picture_probe|p_controller|residual_probe|transform|LessThan2~2_Duplicate|dataa                                                                                                                                                           ;
;   16.025 ;   0.539  ; FF ; CELL ; 5      ; LABCELL_X17_Y29_N12        ; emu|mpeg2_h262_two_picture_probe|p_controller|residual_probe|transform|LessThan2~2_Duplicate|combout                                                                                                                                                         ;
;   16.335 ;   0.310  ; FF ; IC   ; 1      ; LABCELL_X16_Y29_N18        ; emu|mpeg2_h262_two_picture_probe|p_controller|residual_probe|transform|LessThan2~3_Duplicate_Duplicate_Duplicate|datab                                                                                                                                       ;
;   16.865 ;   0.530  ; FF ; CELL ; 2      ; LABCELL_X16_Y29_N18        ; emu|mpeg2_h262_two_picture_probe|p_controller|residual_probe|transform|LessThan2~3_Duplicate_Duplicate_Duplicate|combout                                                                                                                                     ;
;   17.268 ;   0.403  ; FF ; IC   ; 1      ; MLABCELL_X15_Y29_N3        ; emu|mpeg2_h262_two_picture_probe|p_controller|residual_probe|transform|iq_saturated[8]~25_Duplicate_47|datac                                                                                                                                                 ;
;   17.842 ;   0.574  ; FF ; CELL ; 1      ; MLABCELL_X15_Y29_N3        ; emu|mpeg2_h262_two_picture_probe|p_controller|residual_probe|transform|iq_saturated[8]~25_Duplicate_47|combout                                                                                                                                               ;
;   17.842 ;   0.000  ; FF ; IC   ; 1      ; FF_X15_Y29_N4              ; emu|mpeg2_h262_two_picture_probe|p_controller|residual_probe|transform|iq_saturated[8]~1_Duplicate_41_OTERM11434_NEW_REG14518|d                                                                                                                              ;
;   18.102 ;   0.260  ; FF ; CELL ; 1      ; FF_X15_Y29_N4              ; emu:emu|mpeg2_h262_two_picture_probe:mpeg2_h262_two_picture_probe|mpeg2_h262_p_diagnostic_controller:p_controller|mpeg2_h262_p_residual_probe:residual_probe|mpeg2_h262_p_non_intra_transform:transform|iq_saturated[8]~1_Duplicate_41_OTERM11434_OTERM14519 ;
+----------+----------+----+------+--------+----------------------------+--------------------------------------------------------------------------------------------------------------------------------------------------------------------------------------------------------------------------------------------------------------+

+--------------------------------------------------------------------------------------------------------------------------------------------------------------------------------------------------------------------------------------------------------------------------------------------------------------------------------------+
; Data Required Path                                                                                                                                                                                                                                                                                                                   ;
+----------+----------+----+------+--------+----------------------------+--------------------------------------------------------------------------------------------------------------------------------------------------------------------------------------------------------------------------------------------------------------+
; Total    ; Incr     ; RF ; Type ; Fanout ; Location                   ; Element                                                                                                                                                                                                                                                      ;
+----------+----------+----+------+--------+----------------------------+--------------------------------------------------------------------------------------------------------------------------------------------------------------------------------------------------------------------------------------------------------------+
; 16.666   ; 16.666   ;    ;      ;        ;                            ; latch edge time                                                                                                                                                                                                                                              ;
; 21.165   ; 4.499    ;    ;      ;        ;                            ; clock path                                                                                                                                                                                                                                                   ;
;   16.666 ;   0.000  ;    ;      ;        ;                            ; source latency                                                                                                                                                                                                                                               ;
;   16.666 ;   0.000  ;    ;      ; 1      ; PIN_Y13                    ; FPGA_CLK2_50                                                                                                                                                                                                                                                 ;
;   16.666 ;   0.000  ; RR ; IC   ; 1      ; IOIBUF_X56_Y0_N1           ; FPGA_CLK2_50~input|i                                                                                                                                                                                                                                         ;
;   17.427 ;   0.761  ; RR ; CELL ; 2      ; IOIBUF_X56_Y0_N1           ; FPGA_CLK2_50~input|o                                                                                                                                                                                                                                         ;
;   18.598 ;   1.171  ; RR ; IC   ; 1      ; PLLREFCLKSELECT_X89_Y7_N0  ; emu|pll|pll_inst|altera_pll_i|general[0].gpll~PLL_REFCLK_SELECT|clkin[0]                                                                                                                                                                                     ;
;   18.906 ;   0.308  ; RR ; CELL ; 1      ; PLLREFCLKSELECT_X89_Y7_N0  ; emu|pll|pll_inst|altera_pll_i|general[0].gpll~PLL_REFCLK_SELECT|clkout                                                                                                                                                                                       ;
;   18.906 ;   0.000  ; RR ; IC   ; 10     ; FRACTIONALPLL_X89_Y1_N0    ; emu|pll|pll_inst|altera_pll_i|general[0].gpll~FRACTIONAL_PLL|refclkin                                                                                                                                                                                        ;
;   13.974 ;   -4.932 ; RR ; COMP ; 3      ; FRACTIONALPLL_X89_Y1_N0    ; emu|pll|pll_inst|altera_pll_i|general[0].gpll~FRACTIONAL_PLL|vcoph[0]                                                                                                                                                                                        ;
;   13.974 ;   0.000  ; RR ; IC   ; 1      ; PLLOUTPUTCOUNTER_X89_Y6_N1 ; emu|pll|pll_inst|altera_pll_i|general[2].gpll~PLL_OUTPUT_COUNTER|vco0ph[0]                                                                                                                                                                                   ;
;   15.442 ;   1.468  ; RR ; CELL ; 1      ; PLLOUTPUTCOUNTER_X89_Y6_N1 ; emu|pll|pll_inst|altera_pll_i|general[2].gpll~PLL_OUTPUT_COUNTER|divclk                                                                                                                                                                                      ;
;   16.350 ;   0.908  ; RR ; IC   ; 1      ; CLKCTRL_G6                 ; emu|pll|pll_inst|altera_pll_i|outclk_wire[2]~CLKENA0|inclk                                                                                                                                                                                                   ;
;   16.629 ;   0.279  ; RR ; CELL ; 36211  ; CLKCTRL_G6                 ; emu|pll|pll_inst|altera_pll_i|outclk_wire[2]~CLKENA0|outclk                                                                                                                                                                                                  ;
;   18.506 ;   1.877  ; RR ; IC   ; 1      ; FF_X15_Y29_N4              ; emu|mpeg2_h262_two_picture_probe|p_controller|residual_probe|transform|iq_saturated[8]~1_Duplicate_41_OTERM11434_NEW_REG14518|clk                                                                                                                            ;
;   19.012 ;   0.506  ; RR ; CELL ; 1      ; FF_X15_Y29_N4              ; emu:emu|mpeg2_h262_two_picture_probe:mpeg2_h262_two_picture_probe|mpeg2_h262_p_diagnostic_controller:p_controller|mpeg2_h262_p_residual_probe:residual_probe|mpeg2_h262_p_non_intra_transform:transform|iq_saturated[8]~1_Duplicate_41_OTERM11434_OTERM14519 ;
;   21.165 ;   2.153  ;    ;      ;        ;                            ; clock pessimism removed                                                                                                                                                                                                                                      ;
; 21.045   ; -0.120   ;    ;      ;        ;                            ; clock uncertainty                                                                                                                                                                                                                                            ;
; 21.045   ; 0.000    ;    ; uTsu ; 1      ; FF_X15_Y29_N4              ; emu:emu|mpeg2_h262_two_picture_probe:mpeg2_h262_two_picture_probe|mpeg2_h262_p_diagnostic_controller:p_controller|mpeg2_h262_p_residual_probe:residual_probe|mpeg2_h262_p_non_intra_transform:transform|iq_saturated[8]~1_Duplicate_41_OTERM11434_OTERM14519 ;
+----------+----------+----+------+--------+----------------------------+--------------------------------------------------------------------------------------------------------------------------------------------------------------------------------------------------------------------------------------------------------------+

----------------------------
; Extra Fitter Information ;
----------------------------
HTML report is unavailable in plain text report export.


