----------------
; Command Info ;
----------------
Report Timing: Found 2 setup paths (0 violated).  Worst case slack is 3.955 

Tcl Command:
    report_timing -setup -file /home/vash/mister-builds/entry679/results/b_transform_iq_non_intra_weight_output.rpt -from [get_registers {*|mpeg2_h262_p_non_intra_transform:b_transform|iq_non_intra_weight*}] -npaths 2 -detail full_path

Options:
    -from [get_registers {*|mpeg2_h262_p_non_intra_transform:b_transform|iq_non_intra_weight*}] 
    -setup 
    -npaths 2 
    -detail full_path 
    -file {/home/vash/mister-builds/entry679/results/b_transform_iq_non_intra_weight_output.rpt} 

Delay Model:
    Slow 1100mV 100C Model

+-------------------------------------------------------------------------------------------------------------------------------------------------------------------------------------------------------------------------------------------------------------------------------------------------------------------------------------------------------------------------------------------------------------------------------------------------------------------------------------------------------------------------------------------------------------------------------------------+
; Summary of Paths                                                                                                                                                                                                                                                                                                                                                                                                                                                                                                                                                                          ;
+-------+----------------------------------------------------------------------------------------------------------------------------------------------------------------------------+---------------------------------------------------------------------------------------------------------------------------------------------------------------------------------------------------------+-------------------------------------------------------------------------+-------------------------------------------------------------------------+--------------+------------+------------+
; Slack ; From Node                                                                                                                                                                  ; To Node                                                                                                                                                                                                 ; Launch Clock                                                            ; Latch Clock                                                             ; Relationship ; Clock Skew ; Data Delay ;
+-------+----------------------------------------------------------------------------------------------------------------------------------------------------------------------------+---------------------------------------------------------------------------------------------------------------------------------------------------------------------------------------------------------+-------------------------------------------------------------------------+-------------------------------------------------------------------------+--------------+------------+------------+
; 3.955 ; emu:emu|mpeg2_h262_two_picture_probe:mpeg2_h262_two_picture_probe|mpeg2_h262_b_core_probe:b_controller|mpeg2_h262_p_non_intra_transform:b_transform|iq_non_intra_weight[0] ; emu:emu|mpeg2_h262_two_picture_probe:mpeg2_h262_two_picture_probe|mpeg2_h262_b_core_probe:b_controller|mpeg2_h262_p_non_intra_transform:b_transform|idct_coeff_value[5]_OTERM9002_OTERM11257_OTERM16838 ; emu|pll|pll_inst|altera_pll_i|general[2].gpll~PLL_OUTPUT_COUNTER|divclk ; emu|pll|pll_inst|altera_pll_i|general[2].gpll~PLL_OUTPUT_COUNTER|divclk ; 16.666       ; -0.135     ; 12.456     ;
; 3.963 ; emu:emu|mpeg2_h262_two_picture_probe:mpeg2_h262_two_picture_probe|mpeg2_h262_b_core_probe:b_controller|mpeg2_h262_p_non_intra_transform:b_transform|iq_non_intra_weight[0] ; emu:emu|mpeg2_h262_two_picture_probe:mpeg2_h262_two_picture_probe|mpeg2_h262_b_core_probe:b_controller|mpeg2_h262_p_non_intra_transform:b_transform|idct_coeff_value[5]_OTERM9002_OTERM11257_OTERM16838 ; emu|pll|pll_inst|altera_pll_i|general[2].gpll~PLL_OUTPUT_COUNTER|divclk ; emu|pll|pll_inst|altera_pll_i|general[2].gpll~PLL_OUTPUT_COUNTER|divclk ; 16.666       ; -0.135     ; 12.448     ;
+-------+----------------------------------------------------------------------------------------------------------------------------------------------------------------------------+---------------------------------------------------------------------------------------------------------------------------------------------------------------------------------------------------------+-------------------------------------------------------------------------+-------------------------------------------------------------------------+--------------+------------+------------+

Path #1: Setup slack is 3.955 
===============================================================================
+------------------------------------------------------------------------------------------------------------------------------------------------------------------------------------------------------------------------------+
; Path Summary                                                                                                                                                                                                                 ;
+--------------------+---------------------------------------------------------------------------------------------------------------------------------------------------------------------------------------------------------+
; Property           ; Value                                                                                                                                                                                                   ;
+--------------------+---------------------------------------------------------------------------------------------------------------------------------------------------------------------------------------------------------+
; From Node          ; emu:emu|mpeg2_h262_two_picture_probe:mpeg2_h262_two_picture_probe|mpeg2_h262_b_core_probe:b_controller|mpeg2_h262_p_non_intra_transform:b_transform|iq_non_intra_weight[0]                              ;
; To Node            ; emu:emu|mpeg2_h262_two_picture_probe:mpeg2_h262_two_picture_probe|mpeg2_h262_b_core_probe:b_controller|mpeg2_h262_p_non_intra_transform:b_transform|idct_coeff_value[5]_OTERM9002_OTERM11257_OTERM16838 ;
; Launch Clock       ; emu|pll|pll_inst|altera_pll_i|general[2].gpll~PLL_OUTPUT_COUNTER|divclk                                                                                                                                 ;
; Latch Clock        ; emu|pll|pll_inst|altera_pll_i|general[2].gpll~PLL_OUTPUT_COUNTER|divclk                                                                                                                                 ;
; Data Arrival Time  ; 16.906                                                                                                                                                                                                  ;
; Data Required Time ; 20.861                                                                                                                                                                                                  ;
; Slack              ; 3.955                                                                                                                                                                                                   ;
+--------------------+---------------------------------------------------------------------------------------------------------------------------------------------------------------------------------------------------------+

+--------------------------------------------------------------------------------------+
; Statistics                                                                           ;
+------------------------+--------+-------+-------------+------------+--------+--------+
; Property               ; Value  ; Count ; Total Delay ; % of Total ; Min    ; Max    ;
+------------------------+--------+-------+-------------+------------+--------+--------+
; Setup Relationship     ; 16.666 ;       ;             ;            ;        ;        ;
; Clock Skew             ; -0.135 ;       ;             ;            ;        ;        ;
; Data Delay             ; 12.456 ;       ;             ;            ;        ;        ;
; Number of Logic Levels ;        ; 8     ;             ;            ;        ;        ;
; Physical Delays        ;        ;       ;             ;            ;        ;        ;
;  Arrival Path          ;        ;       ;             ;            ;        ;        ;
;   Clock                ;        ;       ;             ;            ;        ;        ;
;    IC                  ;        ; 6     ; 4.668       ; 57         ; 0.000  ; 2.314  ;
;    Cell                ;        ; 5     ; 3.542       ; 43         ; 0.322  ; 1.535  ;
;    PLL Compensation    ;        ; 1     ; -3.760      ; 0          ; -3.760 ; -3.760 ;
;   Data                 ;        ;       ;             ;            ;        ;        ;
;    IC                  ;        ; 22    ; 3.992       ; 32         ; 0.000  ; 1.089  ;
;    Cell                ;        ; 23    ; 8.464       ; 68         ; 0.000  ; 3.897  ;
;    uTco                ;        ; 1     ; 0.000       ; 0          ; 0.000  ; 0.000  ;
;  Required Path         ;        ;       ;             ;            ;        ;        ;
;   Clock                ;        ;       ;             ;            ;        ;        ;
;    IC                  ;        ; 6     ; 4.005       ; 56         ; 0.000  ; 1.888  ;
;    Cell                ;        ; 5     ; 3.135       ; 44         ; 0.296  ; 1.268  ;
;    PLL Compensation    ;        ; 1     ; -4.918      ; 0          ; -4.918 ; -4.918 ;
+------------------------+--------+-------+-------------+------------+--------+--------+
Note: Negative delays are omitted from totals when calculating percentages

+---------------------------------------------------------------------------------------------------------------------------------------------------------------------------------------------------------------------------------------------------------------------------------+
; Data Arrival Path                                                                                                                                                                                                                                                               ;
+----------+----------+----+------+--------+----------------------------+---------------------------------------------------------------------------------------------------------------------------------------------------------------------------------------------------------+
; Total    ; Incr     ; RF ; Type ; Fanout ; Location                   ; Element                                                                                                                                                                                                 ;
+----------+----------+----+------+--------+----------------------------+---------------------------------------------------------------------------------------------------------------------------------------------------------------------------------------------------------+
; 0.000    ; 0.000    ;    ;      ;        ;                            ; launch edge time                                                                                                                                                                                        ;
; 4.450    ; 4.450    ;    ;      ;        ;                            ; clock path                                                                                                                                                                                              ;
;   0.000  ;   0.000  ;    ;      ;        ;                            ; source latency                                                                                                                                                                                          ;
;   0.000  ;   0.000  ;    ;      ; 1      ; PIN_Y13                    ; FPGA_CLK2_50                                                                                                                                                                                            ;
;   0.000  ;   0.000  ; RR ; IC   ; 1      ; IOIBUF_X56_Y0_N1           ; FPGA_CLK2_50~input|i                                                                                                                                                                                    ;
;   0.761  ;   0.761  ; RR ; CELL ; 2      ; IOIBUF_X56_Y0_N1           ; FPGA_CLK2_50~input|o                                                                                                                                                                                    ;
;   2.096  ;   1.335  ; RR ; IC   ; 1      ; PLLREFCLKSELECT_X89_Y7_N0  ; emu|pll|pll_inst|altera_pll_i|general[0].gpll~PLL_REFCLK_SELECT|clkin[0]                                                                                                                                ;
;   2.429  ;   0.333  ; RR ; CELL ; 1      ; PLLREFCLKSELECT_X89_Y7_N0  ; emu|pll|pll_inst|altera_pll_i|general[0].gpll~PLL_REFCLK_SELECT|clkout                                                                                                                                  ;
;   2.429  ;   0.000  ; RR ; IC   ; 10     ; FRACTIONALPLL_X89_Y1_N0    ; emu|pll|pll_inst|altera_pll_i|general[0].gpll~FRACTIONAL_PLL|refclkin                                                                                                                                   ;
;   -1.331 ;   -3.760 ; RR ; COMP ; 3      ; FRACTIONALPLL_X89_Y1_N0    ; emu|pll|pll_inst|altera_pll_i|general[0].gpll~FRACTIONAL_PLL|vcoph[0]                                                                                                                                   ;
;   -1.331 ;   0.000  ; RR ; IC   ; 1      ; PLLOUTPUTCOUNTER_X89_Y2_N1 ; emu|pll|pll_inst|altera_pll_i|general[2].gpll~PLL_OUTPUT_COUNTER|vco0ph[0]                                                                                                                              ;
;   0.204  ;   1.535  ; RR ; CELL ; 1      ; PLLOUTPUTCOUNTER_X89_Y2_N1 ; emu|pll|pll_inst|altera_pll_i|general[2].gpll~PLL_OUTPUT_COUNTER|divclk                                                                                                                                 ;
;   1.223  ;   1.019  ; RR ; IC   ; 1      ; CLKCTRL_G11                ; emu|pll|pll_inst|altera_pll_i|outclk_wire[2]~CLKENA0|inclk                                                                                                                                              ;
;   1.545  ;   0.322  ; RR ; CELL ; 36232  ; CLKCTRL_G11                ; emu|pll|pll_inst|altera_pll_i|outclk_wire[2]~CLKENA0|outclk                                                                                                                                             ;
;   3.859  ;   2.314  ; RR ; IC   ; 1      ; FF_X56_Y15_N41             ; emu|mpeg2_h262_two_picture_probe|b_controller|b_transform|iq_non_intra_weight[0]|clk                                                                                                                    ;
;   4.450  ;   0.591  ; RR ; CELL ; 1      ; FF_X56_Y15_N41             ; emu:emu|mpeg2_h262_two_picture_probe:mpeg2_h262_two_picture_probe|mpeg2_h262_b_core_probe:b_controller|mpeg2_h262_p_non_intra_transform:b_transform|iq_non_intra_weight[0]                              ;
; 16.906   ; 12.456   ;    ;      ;        ;                            ; data path                                                                                                                                                                                               ;
;   4.450  ;   0.000  ;    ; uTco ; 1      ; FF_X56_Y15_N41             ; emu:emu|mpeg2_h262_two_picture_probe:mpeg2_h262_two_picture_probe|mpeg2_h262_b_core_probe:b_controller|mpeg2_h262_p_non_intra_transform:b_transform|iq_non_intra_weight[0]                              ;
;   4.450  ;   0.000  ; RR ; CELL ; 1      ; FF_X56_Y15_N41             ; emu|mpeg2_h262_two_picture_probe|b_controller|b_transform|iq_non_intra_weight[0]|q                                                                                                                      ;
;   4.743  ;   0.293  ; RR ; IC   ; 1      ; LABCELL_X56_Y15_N45        ; emu|mpeg2_h262_two_picture_probe|b_controller|b_transform|iq_multiplier_b[0]~15|datab                                                                                                                   ;
;   5.325  ;   0.582  ; RR ; CELL ; 1      ; LABCELL_X56_Y15_N45        ; emu|mpeg2_h262_two_picture_probe|b_controller|b_transform|iq_multiplier_b[0]~15|combout                                                                                                                 ;
;   5.908  ;   0.583  ; RR ; IC   ; 1      ; LABCELL_X55_Y15_N12        ; emu|mpeg2_h262_two_picture_probe|b_controller|b_transform|iq_multiplier_b[0]~30|dataf                                                                                                                   ;
;   5.994  ;   0.086  ; RR ; CELL ; 1      ; LABCELL_X55_Y15_N12        ; emu|mpeg2_h262_two_picture_probe|b_controller|b_transform|iq_multiplier_b[0]~30|combout                                                                                                                 ;
;   6.296  ;   0.302  ; RR ; IC   ; 32     ; DSP_X54_Y14_N0             ; emu|mpeg2_h262_two_picture_probe|b_controller|b_transform|Mult0~mac|ay[0]                                                                                                                               ;
;   10.193 ;   3.897  ; RF ; CELL ; 3      ; DSP_X54_Y14_N0             ; emu|mpeg2_h262_two_picture_probe|b_controller|b_transform|Mult0~mac|resulta[3]                                                                                                                          ;
;   11.282 ;   1.089  ; FF ; IC   ; 1      ; LABCELL_X55_Y12_N3         ; emu|mpeg2_h262_two_picture_probe|b_controller|b_transform|WideOr1|dataa                                                                                                                                 ;
;   11.820 ;   0.538  ; FF ; CELL ; 1      ; LABCELL_X55_Y12_N3         ; emu|mpeg2_h262_two_picture_probe|b_controller|b_transform|WideOr1|combout                                                                                                                               ;
;   12.060 ;   0.240  ; FF ; IC   ; 1      ; LABCELL_X55_Y12_N30        ; emu|mpeg2_h262_two_picture_probe|b_controller|b_transform|Add3~114|datac                                                                                                                                ;
;   12.897 ;   0.837  ; FF ; CELL ; 1      ; LABCELL_X55_Y12_N30        ; emu|mpeg2_h262_two_picture_probe|b_controller|b_transform|Add3~114|cout                                                                                                                                 ;
;   12.897 ;   0.000  ; FF ; IC   ; 2      ; LABCELL_X55_Y12_N33        ; emu|mpeg2_h262_two_picture_probe|b_controller|b_transform|Add3~81|cin                                                                                                                                   ;
;   12.897 ;   0.000  ; FF ; CELL ; 1      ; LABCELL_X55_Y12_N33        ; emu|mpeg2_h262_two_picture_probe|b_controller|b_transform|Add3~81|cout                                                                                                                                  ;
;   12.897 ;   0.000  ; FF ; IC   ; 2      ; LABCELL_X55_Y12_N36        ; emu|mpeg2_h262_two_picture_probe|b_controller|b_transform|Add3~77|cin                                                                                                                                   ;
;   12.942 ;   0.045  ; FF ; CELL ; 1      ; LABCELL_X55_Y12_N36        ; emu|mpeg2_h262_two_picture_probe|b_controller|b_transform|Add3~77|cout                                                                                                                                  ;
;   12.942 ;   0.000  ; FF ; IC   ; 2      ; LABCELL_X55_Y12_N39        ; emu|mpeg2_h262_two_picture_probe|b_controller|b_transform|Add3~109|cin                                                                                                                                  ;
;   12.942 ;   0.000  ; FF ; CELL ; 1      ; LABCELL_X55_Y12_N39        ; emu|mpeg2_h262_two_picture_probe|b_controller|b_transform|Add3~109|cout                                                                                                                                 ;
;   12.942 ;   0.000  ; FF ; IC   ; 2      ; LABCELL_X55_Y12_N42        ; emu|mpeg2_h262_two_picture_probe|b_controller|b_transform|Add3~105|cin                                                                                                                                  ;
;   12.987 ;   0.045  ; FF ; CELL ; 1      ; LABCELL_X55_Y12_N42        ; emu|mpeg2_h262_two_picture_probe|b_controller|b_transform|Add3~105|cout                                                                                                                                 ;
;   12.987 ;   0.000  ; FF ; IC   ; 2      ; LABCELL_X55_Y12_N45        ; emu|mpeg2_h262_two_picture_probe|b_controller|b_transform|Add3~73|cin                                                                                                                                   ;
;   12.987 ;   0.000  ; FF ; CELL ; 1      ; LABCELL_X55_Y12_N45        ; emu|mpeg2_h262_two_picture_probe|b_controller|b_transform|Add3~73|cout                                                                                                                                  ;
;   12.987 ;   0.000  ; FF ; IC   ; 2      ; LABCELL_X55_Y12_N48        ; emu|mpeg2_h262_two_picture_probe|b_controller|b_transform|Add3~1|cin                                                                                                                                    ;
;   13.032 ;   0.045  ; FF ; CELL ; 1      ; LABCELL_X55_Y12_N48        ; emu|mpeg2_h262_two_picture_probe|b_controller|b_transform|Add3~1|cout                                                                                                                                   ;
;   13.032 ;   0.000  ; FF ; IC   ; 2      ; LABCELL_X55_Y12_N51        ; emu|mpeg2_h262_two_picture_probe|b_controller|b_transform|Add3~97|cin                                                                                                                                   ;
;   13.032 ;   0.000  ; FF ; CELL ; 1      ; LABCELL_X55_Y12_N51        ; emu|mpeg2_h262_two_picture_probe|b_controller|b_transform|Add3~97|cout                                                                                                                                  ;
;   13.032 ;   0.000  ; FF ; IC   ; 2      ; LABCELL_X55_Y12_N54        ; emu|mpeg2_h262_two_picture_probe|b_controller|b_transform|Add3~93|cin                                                                                                                                   ;
;   13.075 ;   0.043  ; FF ; CELL ; 1      ; LABCELL_X55_Y12_N54        ; emu|mpeg2_h262_two_picture_probe|b_controller|b_transform|Add3~93|cout                                                                                                                                  ;
;   13.075 ;   0.000  ; FF ; IC   ; 2      ; LABCELL_X55_Y12_N57        ; emu|mpeg2_h262_two_picture_probe|b_controller|b_transform|Add3~89|cin                                                                                                                                   ;
;   13.075 ;   0.000  ; FF ; CELL ; 1      ; LABCELL_X55_Y12_N57        ; emu|mpeg2_h262_two_picture_probe|b_controller|b_transform|Add3~89|cout                                                                                                                                  ;
;   13.075 ;   0.000  ; FF ; IC   ; 2      ; LABCELL_X55_Y11_N0         ; emu|mpeg2_h262_two_picture_probe|b_controller|b_transform|Add3~101|cin                                                                                                                                  ;
;   13.202 ;   0.127  ; FF ; CELL ; 1      ; LABCELL_X55_Y11_N0         ; emu|mpeg2_h262_two_picture_probe|b_controller|b_transform|Add3~101|cout                                                                                                                                 ;
;   13.202 ;   0.000  ; FF ; IC   ; 2      ; LABCELL_X55_Y11_N3         ; emu|mpeg2_h262_two_picture_probe|b_controller|b_transform|Add3~85|cin                                                                                                                                   ;
;   13.202 ;   0.000  ; FF ; CELL ; 1      ; LABCELL_X55_Y11_N3         ; emu|mpeg2_h262_two_picture_probe|b_controller|b_transform|Add3~85|cout                                                                                                                                  ;
;   13.202 ;   0.000  ; FF ; IC   ; 2      ; LABCELL_X55_Y11_N6         ; emu|mpeg2_h262_two_picture_probe|b_controller|b_transform|Add3~61|cin                                                                                                                                   ;
;   13.247 ;   0.045  ; FF ; CELL ; 1      ; LABCELL_X55_Y11_N6         ; emu|mpeg2_h262_two_picture_probe|b_controller|b_transform|Add3~61|cout                                                                                                                                  ;
;   13.247 ;   0.000  ; FF ; IC   ; 2      ; LABCELL_X55_Y11_N9         ; emu|mpeg2_h262_two_picture_probe|b_controller|b_transform|Add3~65|cin                                                                                                                                   ;
;   13.401 ;   0.154  ; FR ; CELL ; 1      ; LABCELL_X55_Y11_N9         ; emu|mpeg2_h262_two_picture_probe|b_controller|b_transform|Add3~65|sumout                                                                                                                                ;
;   13.762 ;   0.361  ; RR ; IC   ; 1      ; LABCELL_X56_Y11_N18        ; emu|mpeg2_h262_two_picture_probe|b_controller|b_transform|iq_unclipped[12]~21|datad                                                                                                                     ;
;   14.262 ;   0.500  ; RF ; CELL ; 4      ; LABCELL_X56_Y11_N18        ; emu|mpeg2_h262_two_picture_probe|b_controller|b_transform|iq_unclipped[12]~21|combout                                                                                                                   ;
;   14.890 ;   0.628  ; FF ; IC   ; 1      ; LABCELL_X56_Y11_N57        ; emu|mpeg2_h262_two_picture_probe|b_controller|b_transform|LessThan2~3_Duplicate_Duplicate_RESYN16817|datad                                                                                              ;
;   15.270 ;   0.380  ; FF ; CELL ; 1      ; LABCELL_X56_Y11_N57        ; emu|mpeg2_h262_two_picture_probe|b_controller|b_transform|LessThan2~3_Duplicate_Duplicate_RESYN16817|combout                                                                                            ;
;   15.547 ;   0.277  ; FF ; IC   ; 1      ; LABCELL_X57_Y11_N6         ; emu|mpeg2_h262_two_picture_probe|b_controller|b_transform|LessThan2~3_Duplicate_Duplicate|datab                                                                                                         ;
;   16.107 ;   0.560  ; FF ; CELL ; 2      ; LABCELL_X57_Y11_N6         ; emu|mpeg2_h262_two_picture_probe|b_controller|b_transform|LessThan2~3_Duplicate_Duplicate|combout                                                                                                       ;
;   16.326 ;   0.219  ; FF ; IC   ; 1      ; FF_X57_Y11_N23             ; emu|mpeg2_h262_two_picture_probe|b_controller|b_transform|idct_coeff_value[5]_OTERM9002_OTERM11257_NEW_REG16837|asdata                                                                                  ;
;   16.906 ;   0.580  ; FF ; CELL ; 1      ; FF_X57_Y11_N23             ; emu:emu|mpeg2_h262_two_picture_probe:mpeg2_h262_two_picture_probe|mpeg2_h262_b_core_probe:b_controller|mpeg2_h262_p_non_intra_transform:b_transform|idct_coeff_value[5]_OTERM9002_OTERM11257_OTERM16838 ;
+----------+----------+----+------+--------+----------------------------+---------------------------------------------------------------------------------------------------------------------------------------------------------------------------------------------------------+

+---------------------------------------------------------------------------------------------------------------------------------------------------------------------------------------------------------------------------------------------------------------------------------+
; Data Required Path                                                                                                                                                                                                                                                              ;
+----------+----------+----+------+--------+----------------------------+---------------------------------------------------------------------------------------------------------------------------------------------------------------------------------------------------------+
; Total    ; Incr     ; RF ; Type ; Fanout ; Location                   ; Element                                                                                                                                                                                                 ;
+----------+----------+----+------+--------+----------------------------+---------------------------------------------------------------------------------------------------------------------------------------------------------------------------------------------------------+
; 16.666   ; 16.666   ;    ;      ;        ;                            ; latch edge time                                                                                                                                                                                         ;
; 20.981   ; 4.315    ;    ;      ;        ;                            ; clock path                                                                                                                                                                                              ;
;   16.666 ;   0.000  ;    ;      ;        ;                            ; source latency                                                                                                                                                                                          ;
;   16.666 ;   0.000  ;    ;      ; 1      ; PIN_Y13                    ; FPGA_CLK2_50                                                                                                                                                                                            ;
;   16.666 ;   0.000  ; RR ; IC   ; 1      ; IOIBUF_X56_Y0_N1           ; FPGA_CLK2_50~input|i                                                                                                                                                                                    ;
;   17.427 ;   0.761  ; RR ; CELL ; 2      ; IOIBUF_X56_Y0_N1           ; FPGA_CLK2_50~input|o                                                                                                                                                                                    ;
;   18.598 ;   1.171  ; RR ; IC   ; 1      ; PLLREFCLKSELECT_X89_Y7_N0  ; emu|pll|pll_inst|altera_pll_i|general[0].gpll~PLL_REFCLK_SELECT|clkin[0]                                                                                                                                ;
;   18.906 ;   0.308  ; RR ; CELL ; 1      ; PLLREFCLKSELECT_X89_Y7_N0  ; emu|pll|pll_inst|altera_pll_i|general[0].gpll~PLL_REFCLK_SELECT|clkout                                                                                                                                  ;
;   18.906 ;   0.000  ; RR ; IC   ; 10     ; FRACTIONALPLL_X89_Y1_N0    ; emu|pll|pll_inst|altera_pll_i|general[0].gpll~FRACTIONAL_PLL|refclkin                                                                                                                                   ;
;   13.988 ;   -4.918 ; RR ; COMP ; 3      ; FRACTIONALPLL_X89_Y1_N0    ; emu|pll|pll_inst|altera_pll_i|general[0].gpll~FRACTIONAL_PLL|vcoph[0]                                                                                                                                   ;
;   13.988 ;   0.000  ; RR ; IC   ; 1      ; PLLOUTPUTCOUNTER_X89_Y2_N1 ; emu|pll|pll_inst|altera_pll_i|general[2].gpll~PLL_OUTPUT_COUNTER|vco0ph[0]                                                                                                                              ;
;   15.256 ;   1.268  ; RR ; CELL ; 1      ; PLLOUTPUTCOUNTER_X89_Y2_N1 ; emu|pll|pll_inst|altera_pll_i|general[2].gpll~PLL_OUTPUT_COUNTER|divclk                                                                                                                                 ;
;   16.202 ;   0.946  ; RR ; IC   ; 1      ; CLKCTRL_G11                ; emu|pll|pll_inst|altera_pll_i|outclk_wire[2]~CLKENA0|inclk                                                                                                                                              ;
;   16.498 ;   0.296  ; RR ; CELL ; 36232  ; CLKCTRL_G11                ; emu|pll|pll_inst|altera_pll_i|outclk_wire[2]~CLKENA0|outclk                                                                                                                                             ;
;   18.386 ;   1.888  ; RR ; IC   ; 1      ; FF_X57_Y11_N23             ; emu|mpeg2_h262_two_picture_probe|b_controller|b_transform|idct_coeff_value[5]_OTERM9002_OTERM11257_NEW_REG16837|clk                                                                                     ;
;   18.888 ;   0.502  ; RR ; CELL ; 1      ; FF_X57_Y11_N23             ; emu:emu|mpeg2_h262_two_picture_probe:mpeg2_h262_two_picture_probe|mpeg2_h262_b_core_probe:b_controller|mpeg2_h262_p_non_intra_transform:b_transform|idct_coeff_value[5]_OTERM9002_OTERM11257_OTERM16838 ;
;   20.981 ;   2.093  ;    ;      ;        ;                            ; clock pessimism removed                                                                                                                                                                                 ;
; 20.861   ; -0.120   ;    ;      ;        ;                            ; clock uncertainty                                                                                                                                                                                       ;
; 20.861   ; 0.000    ;    ; uTsu ; 1      ; FF_X57_Y11_N23             ; emu:emu|mpeg2_h262_two_picture_probe:mpeg2_h262_two_picture_probe|mpeg2_h262_b_core_probe:b_controller|mpeg2_h262_p_non_intra_transform:b_transform|idct_coeff_value[5]_OTERM9002_OTERM11257_OTERM16838 ;
+----------+----------+----+------+--------+----------------------------+---------------------------------------------------------------------------------------------------------------------------------------------------------------------------------------------------------+

----------------------------
; Extra Fitter Information ;
----------------------------
HTML report is unavailable in plain text report export.


Path #2: Setup slack is 3.963 
===============================================================================
+------------------------------------------------------------------------------------------------------------------------------------------------------------------------------------------------------------------------------+
; Path Summary                                                                                                                                                                                                                 ;
+--------------------+---------------------------------------------------------------------------------------------------------------------------------------------------------------------------------------------------------+
; Property           ; Value                                                                                                                                                                                                   ;
+--------------------+---------------------------------------------------------------------------------------------------------------------------------------------------------------------------------------------------------+
; From Node          ; emu:emu|mpeg2_h262_two_picture_probe:mpeg2_h262_two_picture_probe|mpeg2_h262_b_core_probe:b_controller|mpeg2_h262_p_non_intra_transform:b_transform|iq_non_intra_weight[0]                              ;
; To Node            ; emu:emu|mpeg2_h262_two_picture_probe:mpeg2_h262_two_picture_probe|mpeg2_h262_b_core_probe:b_controller|mpeg2_h262_p_non_intra_transform:b_transform|idct_coeff_value[5]_OTERM9002_OTERM11257_OTERM16838 ;
; Launch Clock       ; emu|pll|pll_inst|altera_pll_i|general[2].gpll~PLL_OUTPUT_COUNTER|divclk                                                                                                                                 ;
; Latch Clock        ; emu|pll|pll_inst|altera_pll_i|general[2].gpll~PLL_OUTPUT_COUNTER|divclk                                                                                                                                 ;
; Data Arrival Time  ; 16.898                                                                                                                                                                                                  ;
; Data Required Time ; 20.861                                                                                                                                                                                                  ;
; Slack              ; 3.963                                                                                                                                                                                                   ;
+--------------------+---------------------------------------------------------------------------------------------------------------------------------------------------------------------------------------------------------+

+--------------------------------------------------------------------------------------+
; Statistics                                                                           ;
+------------------------+--------+-------+-------------+------------+--------+--------+
; Property               ; Value  ; Count ; Total Delay ; % of Total ; Min    ; Max    ;
+------------------------+--------+-------+-------------+------------+--------+--------+
; Setup Relationship     ; 16.666 ;       ;             ;            ;        ;        ;
; Clock Skew             ; -0.135 ;       ;             ;            ;        ;        ;
; Data Delay             ; 12.448 ;       ;             ;            ;        ;        ;
; Number of Logic Levels ;        ; 8     ;             ;            ;        ;        ;
; Physical Delays        ;        ;       ;             ;            ;        ;        ;
;  Arrival Path          ;        ;       ;             ;            ;        ;        ;
;   Clock                ;        ;       ;             ;            ;        ;        ;
;    IC                  ;        ; 6     ; 4.668       ; 57         ; 0.000  ; 2.314  ;
;    Cell                ;        ; 5     ; 3.542       ; 43         ; 0.322  ; 1.535  ;
;    PLL Compensation    ;        ; 1     ; -3.760      ; 0          ; -3.760 ; -3.760 ;
;   Data                 ;        ;       ;             ;            ;        ;        ;
;    IC                  ;        ; 22    ; 4.044       ; 32         ; 0.000  ; 1.141  ;
;    Cell                ;        ; 23    ; 8.404       ; 68         ; 0.000  ; 3.897  ;
;    uTco                ;        ; 1     ; 0.000       ; 0          ; 0.000  ; 0.000  ;
;  Required Path         ;        ;       ;             ;            ;        ;        ;
;   Clock                ;        ;       ;             ;            ;        ;        ;
;    IC                  ;        ; 6     ; 4.005       ; 56         ; 0.000  ; 1.888  ;
;    Cell                ;        ; 5     ; 3.135       ; 44         ; 0.296  ; 1.268  ;
;    PLL Compensation    ;        ; 1     ; -4.918      ; 0          ; -4.918 ; -4.918 ;
+------------------------+--------+-------+-------------+------------+--------+--------+
Note: Negative delays are omitted from totals when calculating percentages

+---------------------------------------------------------------------------------------------------------------------------------------------------------------------------------------------------------------------------------------------------------------------------------+
; Data Arrival Path                                                                                                                                                                                                                                                               ;
+----------+----------+----+------+--------+----------------------------+---------------------------------------------------------------------------------------------------------------------------------------------------------------------------------------------------------+
; Total    ; Incr     ; RF ; Type ; Fanout ; Location                   ; Element                                                                                                                                                                                                 ;
+----------+----------+----+------+--------+----------------------------+---------------------------------------------------------------------------------------------------------------------------------------------------------------------------------------------------------+
; 0.000    ; 0.000    ;    ;      ;        ;                            ; launch edge time                                                                                                                                                                                        ;
; 4.450    ; 4.450    ;    ;      ;        ;                            ; clock path                                                                                                                                                                                              ;
;   0.000  ;   0.000  ;    ;      ;        ;                            ; source latency                                                                                                                                                                                          ;
;   0.000  ;   0.000  ;    ;      ; 1      ; PIN_Y13                    ; FPGA_CLK2_50                                                                                                                                                                                            ;
;   0.000  ;   0.000  ; RR ; IC   ; 1      ; IOIBUF_X56_Y0_N1           ; FPGA_CLK2_50~input|i                                                                                                                                                                                    ;
;   0.761  ;   0.761  ; RR ; CELL ; 2      ; IOIBUF_X56_Y0_N1           ; FPGA_CLK2_50~input|o                                                                                                                                                                                    ;
;   2.096  ;   1.335  ; RR ; IC   ; 1      ; PLLREFCLKSELECT_X89_Y7_N0  ; emu|pll|pll_inst|altera_pll_i|general[0].gpll~PLL_REFCLK_SELECT|clkin[0]                                                                                                                                ;
;   2.429  ;   0.333  ; RR ; CELL ; 1      ; PLLREFCLKSELECT_X89_Y7_N0  ; emu|pll|pll_inst|altera_pll_i|general[0].gpll~PLL_REFCLK_SELECT|clkout                                                                                                                                  ;
;   2.429  ;   0.000  ; RR ; IC   ; 10     ; FRACTIONALPLL_X89_Y1_N0    ; emu|pll|pll_inst|altera_pll_i|general[0].gpll~FRACTIONAL_PLL|refclkin                                                                                                                                   ;
;   -1.331 ;   -3.760 ; RR ; COMP ; 3      ; FRACTIONALPLL_X89_Y1_N0    ; emu|pll|pll_inst|altera_pll_i|general[0].gpll~FRACTIONAL_PLL|vcoph[0]                                                                                                                                   ;
;   -1.331 ;   0.000  ; RR ; IC   ; 1      ; PLLOUTPUTCOUNTER_X89_Y2_N1 ; emu|pll|pll_inst|altera_pll_i|general[2].gpll~PLL_OUTPUT_COUNTER|vco0ph[0]                                                                                                                              ;
;   0.204  ;   1.535  ; RR ; CELL ; 1      ; PLLOUTPUTCOUNTER_X89_Y2_N1 ; emu|pll|pll_inst|altera_pll_i|general[2].gpll~PLL_OUTPUT_COUNTER|divclk                                                                                                                                 ;
;   1.223  ;   1.019  ; RR ; IC   ; 1      ; CLKCTRL_G11                ; emu|pll|pll_inst|altera_pll_i|outclk_wire[2]~CLKENA0|inclk                                                                                                                                              ;
;   1.545  ;   0.322  ; RR ; CELL ; 36232  ; CLKCTRL_G11                ; emu|pll|pll_inst|altera_pll_i|outclk_wire[2]~CLKENA0|outclk                                                                                                                                             ;
;   3.859  ;   2.314  ; RR ; IC   ; 1      ; FF_X56_Y15_N41             ; emu|mpeg2_h262_two_picture_probe|b_controller|b_transform|iq_non_intra_weight[0]|clk                                                                                                                    ;
;   4.450  ;   0.591  ; RR ; CELL ; 1      ; FF_X56_Y15_N41             ; emu:emu|mpeg2_h262_two_picture_probe:mpeg2_h262_two_picture_probe|mpeg2_h262_b_core_probe:b_controller|mpeg2_h262_p_non_intra_transform:b_transform|iq_non_intra_weight[0]                              ;
; 16.898   ; 12.448   ;    ;      ;        ;                            ; data path                                                                                                                                                                                               ;
;   4.450  ;   0.000  ;    ; uTco ; 1      ; FF_X56_Y15_N41             ; emu:emu|mpeg2_h262_two_picture_probe:mpeg2_h262_two_picture_probe|mpeg2_h262_b_core_probe:b_controller|mpeg2_h262_p_non_intra_transform:b_transform|iq_non_intra_weight[0]                              ;
;   4.450  ;   0.000  ; RR ; CELL ; 1      ; FF_X56_Y15_N41             ; emu|mpeg2_h262_two_picture_probe|b_controller|b_transform|iq_non_intra_weight[0]|q                                                                                                                      ;
;   4.743  ;   0.293  ; RR ; IC   ; 1      ; LABCELL_X56_Y15_N45        ; emu|mpeg2_h262_two_picture_probe|b_controller|b_transform|iq_multiplier_b[0]~15|datab                                                                                                                   ;
;   5.325  ;   0.582  ; RR ; CELL ; 1      ; LABCELL_X56_Y15_N45        ; emu|mpeg2_h262_two_picture_probe|b_controller|b_transform|iq_multiplier_b[0]~15|combout                                                                                                                 ;
;   5.908  ;   0.583  ; RR ; IC   ; 1      ; LABCELL_X55_Y15_N12        ; emu|mpeg2_h262_two_picture_probe|b_controller|b_transform|iq_multiplier_b[0]~30|dataf                                                                                                                   ;
;   5.994  ;   0.086  ; RR ; CELL ; 1      ; LABCELL_X55_Y15_N12        ; emu|mpeg2_h262_two_picture_probe|b_controller|b_transform|iq_multiplier_b[0]~30|combout                                                                                                                 ;
;   6.296  ;   0.302  ; RR ; IC   ; 32     ; DSP_X54_Y14_N0             ; emu|mpeg2_h262_two_picture_probe|b_controller|b_transform|Mult0~mac|ay[0]                                                                                                                               ;
;   10.193 ;   3.897  ; RF ; CELL ; 3      ; DSP_X54_Y14_N0             ; emu|mpeg2_h262_two_picture_probe|b_controller|b_transform|Mult0~mac|resulta[0]                                                                                                                          ;
;   11.334 ;   1.141  ; FF ; IC   ; 1      ; LABCELL_X55_Y12_N3         ; emu|mpeg2_h262_two_picture_probe|b_controller|b_transform|WideOr1|datac                                                                                                                                 ;
;   11.812 ;   0.478  ; FF ; CELL ; 1      ; LABCELL_X55_Y12_N3         ; emu|mpeg2_h262_two_picture_probe|b_controller|b_transform|WideOr1|combout                                                                                                                               ;
;   12.052 ;   0.240  ; FF ; IC   ; 1      ; LABCELL_X55_Y12_N30        ; emu|mpeg2_h262_two_picture_probe|b_controller|b_transform|Add3~114|datac                                                                                                                                ;
;   12.889 ;   0.837  ; FF ; CELL ; 1      ; LABCELL_X55_Y12_N30        ; emu|mpeg2_h262_two_picture_probe|b_controller|b_transform|Add3~114|cout                                                                                                                                 ;
;   12.889 ;   0.000  ; FF ; IC   ; 2      ; LABCELL_X55_Y12_N33        ; emu|mpeg2_h262_two_picture_probe|b_controller|b_transform|Add3~81|cin                                                                                                                                   ;
;   12.889 ;   0.000  ; FF ; CELL ; 1      ; LABCELL_X55_Y12_N33        ; emu|mpeg2_h262_two_picture_probe|b_controller|b_transform|Add3~81|cout                                                                                                                                  ;
;   12.889 ;   0.000  ; FF ; IC   ; 2      ; LABCELL_X55_Y12_N36        ; emu|mpeg2_h262_two_picture_probe|b_controller|b_transform|Add3~77|cin                                                                                                                                   ;
;   12.934 ;   0.045  ; FF ; CELL ; 1      ; LABCELL_X55_Y12_N36        ; emu|mpeg2_h262_two_picture_probe|b_controller|b_transform|Add3~77|cout                                                                                                                                  ;
;   12.934 ;   0.000  ; FF ; IC   ; 2      ; LABCELL_X55_Y12_N39        ; emu|mpeg2_h262_two_picture_probe|b_controller|b_transform|Add3~109|cin                                                                                                                                  ;
;   12.934 ;   0.000  ; FF ; CELL ; 1      ; LABCELL_X55_Y12_N39        ; emu|mpeg2_h262_two_picture_probe|b_controller|b_transform|Add3~109|cout                                                                                                                                 ;
;   12.934 ;   0.000  ; FF ; IC   ; 2      ; LABCELL_X55_Y12_N42        ; emu|mpeg2_h262_two_picture_probe|b_controller|b_transform|Add3~105|cin                                                                                                                                  ;
;   12.979 ;   0.045  ; FF ; CELL ; 1      ; LABCELL_X55_Y12_N42        ; emu|mpeg2_h262_two_picture_probe|b_controller|b_transform|Add3~105|cout                                                                                                                                 ;
;   12.979 ;   0.000  ; FF ; IC   ; 2      ; LABCELL_X55_Y12_N45        ; emu|mpeg2_h262_two_picture_probe|b_controller|b_transform|Add3~73|cin                                                                                                                                   ;
;   12.979 ;   0.000  ; FF ; CELL ; 1      ; LABCELL_X55_Y12_N45        ; emu|mpeg2_h262_two_picture_probe|b_controller|b_transform|Add3~73|cout                                                                                                                                  ;
;   12.979 ;   0.000  ; FF ; IC   ; 2      ; LABCELL_X55_Y12_N48        ; emu|mpeg2_h262_two_picture_probe|b_controller|b_transform|Add3~1|cin                                                                                                                                    ;
;   13.024 ;   0.045  ; FF ; CELL ; 1      ; LABCELL_X55_Y12_N48        ; emu|mpeg2_h262_two_picture_probe|b_controller|b_transform|Add3~1|cout                                                                                                                                   ;
;   13.024 ;   0.000  ; FF ; IC   ; 2      ; LABCELL_X55_Y12_N51        ; emu|mpeg2_h262_two_picture_probe|b_controller|b_transform|Add3~97|cin                                                                                                                                   ;
;   13.024 ;   0.000  ; FF ; CELL ; 1      ; LABCELL_X55_Y12_N51        ; emu|mpeg2_h262_two_picture_probe|b_controller|b_transform|Add3~97|cout                                                                                                                                  ;
;   13.024 ;   0.000  ; FF ; IC   ; 2      ; LABCELL_X55_Y12_N54        ; emu|mpeg2_h262_two_picture_probe|b_controller|b_transform|Add3~93|cin                                                                                                                                   ;
;   13.067 ;   0.043  ; FF ; CELL ; 1      ; LABCELL_X55_Y12_N54        ; emu|mpeg2_h262_two_picture_probe|b_controller|b_transform|Add3~93|cout                                                                                                                                  ;
;   13.067 ;   0.000  ; FF ; IC   ; 2      ; LABCELL_X55_Y12_N57        ; emu|mpeg2_h262_two_picture_probe|b_controller|b_transform|Add3~89|cin                                                                                                                                   ;
;   13.067 ;   0.000  ; FF ; CELL ; 1      ; LABCELL_X55_Y12_N57        ; emu|mpeg2_h262_two_picture_probe|b_controller|b_transform|Add3~89|cout                                                                                                                                  ;
;   13.067 ;   0.000  ; FF ; IC   ; 2      ; LABCELL_X55_Y11_N0         ; emu|mpeg2_h262_two_picture_probe|b_controller|b_transform|Add3~101|cin                                                                                                                                  ;
;   13.194 ;   0.127  ; FF ; CELL ; 1      ; LABCELL_X55_Y11_N0         ; emu|mpeg2_h262_two_picture_probe|b_controller|b_transform|Add3~101|cout                                                                                                                                 ;
;   13.194 ;   0.000  ; FF ; IC   ; 2      ; LABCELL_X55_Y11_N3         ; emu|mpeg2_h262_two_picture_probe|b_controller|b_transform|Add3~85|cin                                                                                                                                   ;
;   13.194 ;   0.000  ; FF ; CELL ; 1      ; LABCELL_X55_Y11_N3         ; emu|mpeg2_h262_two_picture_probe|b_controller|b_transform|Add3~85|cout                                                                                                                                  ;
;   13.194 ;   0.000  ; FF ; IC   ; 2      ; LABCELL_X55_Y11_N6         ; emu|mpeg2_h262_two_picture_probe|b_controller|b_transform|Add3~61|cin                                                                                                                                   ;
;   13.239 ;   0.045  ; FF ; CELL ; 1      ; LABCELL_X55_Y11_N6         ; emu|mpeg2_h262_two_picture_probe|b_controller|b_transform|Add3~61|cout                                                                                                                                  ;
;   13.239 ;   0.000  ; FF ; IC   ; 2      ; LABCELL_X55_Y11_N9         ; emu|mpeg2_h262_two_picture_probe|b_controller|b_transform|Add3~65|cin                                                                                                                                   ;
;   13.393 ;   0.154  ; FR ; CELL ; 1      ; LABCELL_X55_Y11_N9         ; emu|mpeg2_h262_two_picture_probe|b_controller|b_transform|Add3~65|sumout                                                                                                                                ;
;   13.754 ;   0.361  ; RR ; IC   ; 1      ; LABCELL_X56_Y11_N18        ; emu|mpeg2_h262_two_picture_probe|b_controller|b_transform|iq_unclipped[12]~21|datad                                                                                                                     ;
;   14.254 ;   0.500  ; RF ; CELL ; 4      ; LABCELL_X56_Y11_N18        ; emu|mpeg2_h262_two_picture_probe|b_controller|b_transform|iq_unclipped[12]~21|combout                                                                                                                   ;
;   14.882 ;   0.628  ; FF ; IC   ; 1      ; LABCELL_X56_Y11_N57        ; emu|mpeg2_h262_two_picture_probe|b_controller|b_transform|LessThan2~3_Duplicate_Duplicate_RESYN16817|datad                                                                                              ;
;   15.262 ;   0.380  ; FF ; CELL ; 1      ; LABCELL_X56_Y11_N57        ; emu|mpeg2_h262_two_picture_probe|b_controller|b_transform|LessThan2~3_Duplicate_Duplicate_RESYN16817|combout                                                                                            ;
;   15.539 ;   0.277  ; FF ; IC   ; 1      ; LABCELL_X57_Y11_N6         ; emu|mpeg2_h262_two_picture_probe|b_controller|b_transform|LessThan2~3_Duplicate_Duplicate|datab                                                                                                         ;
;   16.099 ;   0.560  ; FF ; CELL ; 2      ; LABCELL_X57_Y11_N6         ; emu|mpeg2_h262_two_picture_probe|b_controller|b_transform|LessThan2~3_Duplicate_Duplicate|combout                                                                                                       ;
;   16.318 ;   0.219  ; FF ; IC   ; 1      ; FF_X57_Y11_N23             ; emu|mpeg2_h262_two_picture_probe|b_controller|b_transform|idct_coeff_value[5]_OTERM9002_OTERM11257_NEW_REG16837|asdata                                                                                  ;
;   16.898 ;   0.580  ; FF ; CELL ; 1      ; FF_X57_Y11_N23             ; emu:emu|mpeg2_h262_two_picture_probe:mpeg2_h262_two_picture_probe|mpeg2_h262_b_core_probe:b_controller|mpeg2_h262_p_non_intra_transform:b_transform|idct_coeff_value[5]_OTERM9002_OTERM11257_OTERM16838 ;
+----------+----------+----+------+--------+----------------------------+---------------------------------------------------------------------------------------------------------------------------------------------------------------------------------------------------------+

+---------------------------------------------------------------------------------------------------------------------------------------------------------------------------------------------------------------------------------------------------------------------------------+
; Data Required Path                                                                                                                                                                                                                                                              ;
+----------+----------+----+------+--------+----------------------------+---------------------------------------------------------------------------------------------------------------------------------------------------------------------------------------------------------+
; Total    ; Incr     ; RF ; Type ; Fanout ; Location                   ; Element                                                                                                                                                                                                 ;
+----------+----------+----+------+--------+----------------------------+---------------------------------------------------------------------------------------------------------------------------------------------------------------------------------------------------------+
; 16.666   ; 16.666   ;    ;      ;        ;                            ; latch edge time                                                                                                                                                                                         ;
; 20.981   ; 4.315    ;    ;      ;        ;                            ; clock path                                                                                                                                                                                              ;
;   16.666 ;   0.000  ;    ;      ;        ;                            ; source latency                                                                                                                                                                                          ;
;   16.666 ;   0.000  ;    ;      ; 1      ; PIN_Y13                    ; FPGA_CLK2_50                                                                                                                                                                                            ;
;   16.666 ;   0.000  ; RR ; IC   ; 1      ; IOIBUF_X56_Y0_N1           ; FPGA_CLK2_50~input|i                                                                                                                                                                                    ;
;   17.427 ;   0.761  ; RR ; CELL ; 2      ; IOIBUF_X56_Y0_N1           ; FPGA_CLK2_50~input|o                                                                                                                                                                                    ;
;   18.598 ;   1.171  ; RR ; IC   ; 1      ; PLLREFCLKSELECT_X89_Y7_N0  ; emu|pll|pll_inst|altera_pll_i|general[0].gpll~PLL_REFCLK_SELECT|clkin[0]                                                                                                                                ;
;   18.906 ;   0.308  ; RR ; CELL ; 1      ; PLLREFCLKSELECT_X89_Y7_N0  ; emu|pll|pll_inst|altera_pll_i|general[0].gpll~PLL_REFCLK_SELECT|clkout                                                                                                                                  ;
;   18.906 ;   0.000  ; RR ; IC   ; 10     ; FRACTIONALPLL_X89_Y1_N0    ; emu|pll|pll_inst|altera_pll_i|general[0].gpll~FRACTIONAL_PLL|refclkin                                                                                                                                   ;
;   13.988 ;   -4.918 ; RR ; COMP ; 3      ; FRACTIONALPLL_X89_Y1_N0    ; emu|pll|pll_inst|altera_pll_i|general[0].gpll~FRACTIONAL_PLL|vcoph[0]                                                                                                                                   ;
;   13.988 ;   0.000  ; RR ; IC   ; 1      ; PLLOUTPUTCOUNTER_X89_Y2_N1 ; emu|pll|pll_inst|altera_pll_i|general[2].gpll~PLL_OUTPUT_COUNTER|vco0ph[0]                                                                                                                              ;
;   15.256 ;   1.268  ; RR ; CELL ; 1      ; PLLOUTPUTCOUNTER_X89_Y2_N1 ; emu|pll|pll_inst|altera_pll_i|general[2].gpll~PLL_OUTPUT_COUNTER|divclk                                                                                                                                 ;
;   16.202 ;   0.946  ; RR ; IC   ; 1      ; CLKCTRL_G11                ; emu|pll|pll_inst|altera_pll_i|outclk_wire[2]~CLKENA0|inclk                                                                                                                                              ;
;   16.498 ;   0.296  ; RR ; CELL ; 36232  ; CLKCTRL_G11                ; emu|pll|pll_inst|altera_pll_i|outclk_wire[2]~CLKENA0|outclk                                                                                                                                             ;
;   18.386 ;   1.888  ; RR ; IC   ; 1      ; FF_X57_Y11_N23             ; emu|mpeg2_h262_two_picture_probe|b_controller|b_transform|idct_coeff_value[5]_OTERM9002_OTERM11257_NEW_REG16837|clk                                                                                     ;
;   18.888 ;   0.502  ; RR ; CELL ; 1      ; FF_X57_Y11_N23             ; emu:emu|mpeg2_h262_two_picture_probe:mpeg2_h262_two_picture_probe|mpeg2_h262_b_core_probe:b_controller|mpeg2_h262_p_non_intra_transform:b_transform|idct_coeff_value[5]_OTERM9002_OTERM11257_OTERM16838 ;
;   20.981 ;   2.093  ;    ;      ;        ;                            ; clock pessimism removed                                                                                                                                                                                 ;
; 20.861   ; -0.120   ;    ;      ;        ;                            ; clock uncertainty                                                                                                                                                                                       ;
; 20.861   ; 0.000    ;    ; uTsu ; 1      ; FF_X57_Y11_N23             ; emu:emu|mpeg2_h262_two_picture_probe:mpeg2_h262_two_picture_probe|mpeg2_h262_b_core_probe:b_controller|mpeg2_h262_p_non_intra_transform:b_transform|idct_coeff_value[5]_OTERM9002_OTERM11257_OTERM16838 ;
+----------+----------+----+------+--------+----------------------------+---------------------------------------------------------------------------------------------------------------------------------------------------------------------------------------------------------+

----------------------------
; Extra Fitter Information ;
----------------------------
HTML report is unavailable in plain text report export.


