----------------
; Command Info ;
----------------
Report Timing: Found 2 setup paths (0 violated).  Worst case slack is 2.675 

Tcl Command:
    report_timing -setup -file /home/vash/mister-builds/entry675/results/b_transform_iq_intra_weight_output.rpt -from [get_registers {*|mpeg2_h262_p_non_intra_transform:b_transform|iq_intra_weight*}] -npaths 2 -detail full_path

Options:
    -from [get_registers {*|mpeg2_h262_p_non_intra_transform:b_transform|iq_intra_weight*}] 
    -setup 
    -npaths 2 
    -detail full_path 
    -file {/home/vash/mister-builds/entry675/results/b_transform_iq_intra_weight_output.rpt} 

Delay Model:
    Slow 1100mV 100C Model

+---------------------------------------------------------------------------------------------------------------------------------------------------------------------------------------------------------------------------------------------------------------------------------------------------------------------------------------------------------------------------------------------------------------------------------------------------------------------------------------------------------------------------------------------------------------------------------------+
; Summary of Paths                                                                                                                                                                                                                                                                                                                                                                                                                                                                                                                                                                      ;
+-------+------------------------------------------------------------------------------------------------------------------------------------------------------------------------+---------------------------------------------------------------------------------------------------------------------------------------------------------------------------------------------------------+-------------------------------------------------------------------------+-------------------------------------------------------------------------+--------------+------------+------------+
; Slack ; From Node                                                                                                                                                              ; To Node                                                                                                                                                                                                 ; Launch Clock                                                            ; Latch Clock                                                             ; Relationship ; Clock Skew ; Data Delay ;
+-------+------------------------------------------------------------------------------------------------------------------------------------------------------------------------+---------------------------------------------------------------------------------------------------------------------------------------------------------------------------------------------------------+-------------------------------------------------------------------------+-------------------------------------------------------------------------+--------------+------------+------------+
; 2.675 ; emu:emu|mpeg2_h262_two_picture_probe:mpeg2_h262_two_picture_probe|mpeg2_h262_b_core_probe:b_controller|mpeg2_h262_p_non_intra_transform:b_transform|iq_intra_weight[0] ; emu:emu|mpeg2_h262_two_picture_probe:mpeg2_h262_two_picture_probe|mpeg2_h262_b_core_probe:b_controller|mpeg2_h262_p_non_intra_transform:b_transform|idct_coeff_value[5]_OTERM8886_OTERM11149_OTERM16718 ; emu|pll|pll_inst|altera_pll_i|general[2].gpll~PLL_OUTPUT_COUNTER|divclk ; emu|pll|pll_inst|altera_pll_i|general[2].gpll~PLL_OUTPUT_COUNTER|divclk ; 16.666       ; -0.126     ; 13.745     ;
; 2.845 ; emu:emu|mpeg2_h262_two_picture_probe:mpeg2_h262_two_picture_probe|mpeg2_h262_b_core_probe:b_controller|mpeg2_h262_p_non_intra_transform:b_transform|iq_intra_weight[0] ; emu:emu|mpeg2_h262_two_picture_probe:mpeg2_h262_two_picture_probe|mpeg2_h262_b_core_probe:b_controller|mpeg2_h262_p_non_intra_transform:b_transform|idct_coeff_value[5]_OTERM8886_OTERM11149_OTERM16718 ; emu|pll|pll_inst|altera_pll_i|general[2].gpll~PLL_OUTPUT_COUNTER|divclk ; emu|pll|pll_inst|altera_pll_i|general[2].gpll~PLL_OUTPUT_COUNTER|divclk ; 16.666       ; -0.126     ; 13.575     ;
+-------+------------------------------------------------------------------------------------------------------------------------------------------------------------------------+---------------------------------------------------------------------------------------------------------------------------------------------------------------------------------------------------------+-------------------------------------------------------------------------+-------------------------------------------------------------------------+--------------+------------+------------+

Path #1: Setup slack is 2.675 
===============================================================================
+------------------------------------------------------------------------------------------------------------------------------------------------------------------------------------------------------------------------------+
; Path Summary                                                                                                                                                                                                                 ;
+--------------------+---------------------------------------------------------------------------------------------------------------------------------------------------------------------------------------------------------+
; Property           ; Value                                                                                                                                                                                                   ;
+--------------------+---------------------------------------------------------------------------------------------------------------------------------------------------------------------------------------------------------+
; From Node          ; emu:emu|mpeg2_h262_two_picture_probe:mpeg2_h262_two_picture_probe|mpeg2_h262_b_core_probe:b_controller|mpeg2_h262_p_non_intra_transform:b_transform|iq_intra_weight[0]                                  ;
; To Node            ; emu:emu|mpeg2_h262_two_picture_probe:mpeg2_h262_two_picture_probe|mpeg2_h262_b_core_probe:b_controller|mpeg2_h262_p_non_intra_transform:b_transform|idct_coeff_value[5]_OTERM8886_OTERM11149_OTERM16718 ;
; Launch Clock       ; emu|pll|pll_inst|altera_pll_i|general[2].gpll~PLL_OUTPUT_COUNTER|divclk                                                                                                                                 ;
; Latch Clock        ; emu|pll|pll_inst|altera_pll_i|general[2].gpll~PLL_OUTPUT_COUNTER|divclk                                                                                                                                 ;
; Data Arrival Time  ; 18.387                                                                                                                                                                                                  ;
; Data Required Time ; 21.062                                                                                                                                                                                                  ;
; Slack              ; 2.675                                                                                                                                                                                                   ;
+--------------------+---------------------------------------------------------------------------------------------------------------------------------------------------------------------------------------------------------+

+--------------------------------------------------------------------------------------+
; Statistics                                                                           ;
+------------------------+--------+-------+-------------+------------+--------+--------+
; Property               ; Value  ; Count ; Total Delay ; % of Total ; Min    ; Max    ;
+------------------------+--------+-------+-------------+------------+--------+--------+
; Setup Relationship     ; 16.666 ;       ;             ;            ;        ;        ;
; Clock Skew             ; -0.126 ;       ;             ;            ;        ;        ;
; Data Delay             ; 13.745 ;       ;             ;            ;        ;        ;
; Number of Logic Levels ;        ; 8     ;             ;            ;        ;        ;
; Physical Delays        ;        ;       ;             ;            ;        ;        ;
;  Arrival Path          ;        ;       ;             ;            ;        ;        ;
;   Clock                ;        ;       ;             ;            ;        ;        ;
;    IC                  ;        ; 6     ; 4.687       ; 56         ; 0.000  ; 2.313  ;
;    Cell                ;        ; 5     ; 3.723       ; 44         ; 0.304  ; 1.746  ;
;    PLL Compensation    ;        ; 1     ; -3.768      ; 0          ; -3.768 ; -3.768 ;
;   Data                 ;        ;       ;             ;            ;        ;        ;
;    IC                  ;        ; 29    ; 5.229       ; 38         ; 0.000  ; 1.116  ;
;    Cell                ;        ; 30    ; 8.516       ; 62         ; 0.000  ; 3.882  ;
;    uTco                ;        ; 1     ; 0.000       ; 0          ; 0.000  ; 0.000  ;
;  Required Path         ;        ;       ;             ;            ;        ;        ;
;   Clock                ;        ;       ;             ;            ;        ;        ;
;    IC                  ;        ; 6     ; 3.966       ; 54         ; 0.000  ; 1.887  ;
;    Cell                ;        ; 5     ; 3.317       ; 46         ; 0.279  ; 1.468  ;
;    PLL Compensation    ;        ; 1     ; -4.932      ; 0          ; -4.932 ; -4.932 ;
+------------------------+--------+-------+-------------+------------+--------+--------+
Note: Negative delays are omitted from totals when calculating percentages

+---------------------------------------------------------------------------------------------------------------------------------------------------------------------------------------------------------------------------------------------------------------------------------+
; Data Arrival Path                                                                                                                                                                                                                                                               ;
+----------+----------+----+------+--------+----------------------------+---------------------------------------------------------------------------------------------------------------------------------------------------------------------------------------------------------+
; Total    ; Incr     ; RF ; Type ; Fanout ; Location                   ; Element                                                                                                                                                                                                 ;
+----------+----------+----+------+--------+----------------------------+---------------------------------------------------------------------------------------------------------------------------------------------------------------------------------------------------------+
; 0.000    ; 0.000    ;    ;      ;        ;                            ; launch edge time                                                                                                                                                                                        ;
; 4.642    ; 4.642    ;    ;      ;        ;                            ; clock path                                                                                                                                                                                              ;
;   0.000  ;   0.000  ;    ;      ;        ;                            ; source latency                                                                                                                                                                                          ;
;   0.000  ;   0.000  ;    ;      ; 1      ; PIN_Y13                    ; FPGA_CLK2_50                                                                                                                                                                                            ;
;   0.000  ;   0.000  ; RR ; IC   ; 1      ; IOIBUF_X56_Y0_N1           ; FPGA_CLK2_50~input|i                                                                                                                                                                                    ;
;   0.761  ;   0.761  ; RR ; CELL ; 2      ; IOIBUF_X56_Y0_N1           ; FPGA_CLK2_50~input|o                                                                                                                                                                                    ;
;   2.096  ;   1.335  ; RR ; IC   ; 1      ; PLLREFCLKSELECT_X89_Y7_N0  ; emu|pll|pll_inst|altera_pll_i|general[0].gpll~PLL_REFCLK_SELECT|clkin[0]                                                                                                                                ;
;   2.429  ;   0.333  ; RR ; CELL ; 1      ; PLLREFCLKSELECT_X89_Y7_N0  ; emu|pll|pll_inst|altera_pll_i|general[0].gpll~PLL_REFCLK_SELECT|clkout                                                                                                                                  ;
;   2.429  ;   0.000  ; RR ; IC   ; 10     ; FRACTIONALPLL_X89_Y1_N0    ; emu|pll|pll_inst|altera_pll_i|general[0].gpll~FRACTIONAL_PLL|refclkin                                                                                                                                   ;
;   -1.339 ;   -3.768 ; RR ; COMP ; 3      ; FRACTIONALPLL_X89_Y1_N0    ; emu|pll|pll_inst|altera_pll_i|general[0].gpll~FRACTIONAL_PLL|vcoph[0]                                                                                                                                   ;
;   -1.339 ;   0.000  ; RR ; IC   ; 1      ; PLLOUTPUTCOUNTER_X89_Y6_N1 ; emu|pll|pll_inst|altera_pll_i|general[2].gpll~PLL_OUTPUT_COUNTER|vco0ph[0]                                                                                                                              ;
;   0.407  ;   1.746  ; RR ; CELL ; 1      ; PLLOUTPUTCOUNTER_X89_Y6_N1 ; emu|pll|pll_inst|altera_pll_i|general[2].gpll~PLL_OUTPUT_COUNTER|divclk                                                                                                                                 ;
;   1.446  ;   1.039  ; RR ; IC   ; 1      ; CLKCTRL_G6                 ; emu|pll|pll_inst|altera_pll_i|outclk_wire[2]~CLKENA0|inclk                                                                                                                                              ;
;   1.750  ;   0.304  ; RR ; CELL ; 36211  ; CLKCTRL_G6                 ; emu|pll|pll_inst|altera_pll_i|outclk_wire[2]~CLKENA0|outclk                                                                                                                                             ;
;   4.063  ;   2.313  ; RR ; IC   ; 1      ; FF_X30_Y2_N17              ; emu|mpeg2_h262_two_picture_probe|b_controller|b_transform|iq_intra_weight[0]|clk                                                                                                                        ;
;   4.642  ;   0.579  ; RR ; CELL ; 1      ; FF_X30_Y2_N17              ; emu:emu|mpeg2_h262_two_picture_probe:mpeg2_h262_two_picture_probe|mpeg2_h262_b_core_probe:b_controller|mpeg2_h262_p_non_intra_transform:b_transform|iq_intra_weight[0]                                  ;
; 18.387   ; 13.745   ;    ;      ;        ;                            ; data path                                                                                                                                                                                               ;
;   4.642  ;   0.000  ;    ; uTco ; 1      ; FF_X30_Y2_N17              ; emu:emu|mpeg2_h262_two_picture_probe:mpeg2_h262_two_picture_probe|mpeg2_h262_b_core_probe:b_controller|mpeg2_h262_p_non_intra_transform:b_transform|iq_intra_weight[0]                                  ;
;   4.642  ;   0.000  ; FF ; CELL ; 2      ; FF_X30_Y2_N17              ; emu|mpeg2_h262_two_picture_probe|b_controller|b_transform|iq_intra_weight[0]|q                                                                                                                          ;
;   4.881  ;   0.239  ; FF ; IC   ; 1      ; LABCELL_X30_Y2_N57         ; emu|mpeg2_h262_two_picture_probe|b_controller|b_transform|iq_multiplier_b[0]~16|datab                                                                                                                   ;
;   5.439  ;   0.558  ; FF ; CELL ; 1      ; LABCELL_X30_Y2_N57         ; emu|mpeg2_h262_two_picture_probe|b_controller|b_transform|iq_multiplier_b[0]~16|combout                                                                                                                 ;
;   6.199  ;   0.760  ; FF ; IC   ; 1      ; LABCELL_X31_Y2_N24         ; emu|mpeg2_h262_two_picture_probe|b_controller|b_transform|iq_multiplier_b[0]~30|datac                                                                                                                   ;
;   6.680  ;   0.481  ; FF ; CELL ; 1      ; LABCELL_X31_Y2_N24         ; emu|mpeg2_h262_two_picture_probe|b_controller|b_transform|iq_multiplier_b[0]~30|combout                                                                                                                 ;
;   7.395  ;   0.715  ; FF ; IC   ; 32     ; DSP_X32_Y2_N0              ; emu|mpeg2_h262_two_picture_probe|b_controller|b_transform|Mult0~mac|ay[0]                                                                                                                               ;
;   11.277 ;   3.882  ; FF ; CELL ; 3      ; DSP_X32_Y2_N0              ; emu|mpeg2_h262_two_picture_probe|b_controller|b_transform|Mult0~mac|resulta[2]                                                                                                                          ;
;   12.393 ;   1.116  ; FF ; IC   ; 1      ; LABCELL_X33_Y2_N24         ; emu|mpeg2_h262_two_picture_probe|b_controller|b_transform|WideOr0~0|dataa                                                                                                                               ;
;   12.933 ;   0.540  ; FR ; CELL ; 1      ; LABCELL_X33_Y2_N24         ; emu|mpeg2_h262_two_picture_probe|b_controller|b_transform|WideOr0~0|combout                                                                                                                             ;
;   13.514 ;   0.581  ; RR ; IC   ; 1      ; LABCELL_X35_Y2_N0          ; emu|mpeg2_h262_two_picture_probe|b_controller|b_transform|Add2~118|datac                                                                                                                                ;
;   14.336 ;   0.822  ; RF ; CELL ; 1      ; LABCELL_X35_Y2_N0          ; emu|mpeg2_h262_two_picture_probe|b_controller|b_transform|Add2~118|cout                                                                                                                                 ;
;   14.336 ;   0.000  ; FF ; IC   ; 2      ; LABCELL_X35_Y2_N3          ; emu|mpeg2_h262_two_picture_probe|b_controller|b_transform|Add2~85|cin                                                                                                                                   ;
;   14.336 ;   0.000  ; FF ; CELL ; 1      ; LABCELL_X35_Y2_N3          ; emu|mpeg2_h262_two_picture_probe|b_controller|b_transform|Add2~85|cout                                                                                                                                  ;
;   14.336 ;   0.000  ; FF ; IC   ; 2      ; LABCELL_X35_Y2_N6          ; emu|mpeg2_h262_two_picture_probe|b_controller|b_transform|Add2~81|cin                                                                                                                                   ;
;   14.381 ;   0.045  ; FF ; CELL ; 1      ; LABCELL_X35_Y2_N6          ; emu|mpeg2_h262_two_picture_probe|b_controller|b_transform|Add2~81|cout                                                                                                                                  ;
;   14.381 ;   0.000  ; FF ; IC   ; 2      ; LABCELL_X35_Y2_N9          ; emu|mpeg2_h262_two_picture_probe|b_controller|b_transform|Add2~113|cin                                                                                                                                  ;
;   14.381 ;   0.000  ; FF ; CELL ; 1      ; LABCELL_X35_Y2_N9          ; emu|mpeg2_h262_two_picture_probe|b_controller|b_transform|Add2~113|cout                                                                                                                                 ;
;   14.381 ;   0.000  ; FF ; IC   ; 2      ; LABCELL_X35_Y2_N12         ; emu|mpeg2_h262_two_picture_probe|b_controller|b_transform|Add2~109|cin                                                                                                                                  ;
;   14.426 ;   0.045  ; FF ; CELL ; 1      ; LABCELL_X35_Y2_N12         ; emu|mpeg2_h262_two_picture_probe|b_controller|b_transform|Add2~109|cout                                                                                                                                 ;
;   14.426 ;   0.000  ; FF ; IC   ; 2      ; LABCELL_X35_Y2_N15         ; emu|mpeg2_h262_two_picture_probe|b_controller|b_transform|Add2~77|cin                                                                                                                                   ;
;   14.426 ;   0.000  ; FF ; CELL ; 1      ; LABCELL_X35_Y2_N15         ; emu|mpeg2_h262_two_picture_probe|b_controller|b_transform|Add2~77|cout                                                                                                                                  ;
;   14.426 ;   0.000  ; FF ; IC   ; 2      ; LABCELL_X35_Y2_N18         ; emu|mpeg2_h262_two_picture_probe|b_controller|b_transform|Add2~1|cin                                                                                                                                    ;
;   14.471 ;   0.045  ; FF ; CELL ; 1      ; LABCELL_X35_Y2_N18         ; emu|mpeg2_h262_two_picture_probe|b_controller|b_transform|Add2~1|cout                                                                                                                                   ;
;   14.471 ;   0.000  ; FF ; IC   ; 2      ; LABCELL_X35_Y2_N21         ; emu|mpeg2_h262_two_picture_probe|b_controller|b_transform|Add2~101|cin                                                                                                                                  ;
;   14.471 ;   0.000  ; FF ; CELL ; 1      ; LABCELL_X35_Y2_N21         ; emu|mpeg2_h262_two_picture_probe|b_controller|b_transform|Add2~101|cout                                                                                                                                 ;
;   14.471 ;   0.000  ; FF ; IC   ; 2      ; LABCELL_X35_Y2_N24         ; emu|mpeg2_h262_two_picture_probe|b_controller|b_transform|Add2~97|cin                                                                                                                                   ;
;   14.528 ;   0.057  ; FF ; CELL ; 1      ; LABCELL_X35_Y2_N24         ; emu|mpeg2_h262_two_picture_probe|b_controller|b_transform|Add2~97|cout                                                                                                                                  ;
;   14.528 ;   0.000  ; FF ; IC   ; 2      ; LABCELL_X35_Y2_N27         ; emu|mpeg2_h262_two_picture_probe|b_controller|b_transform|Add2~93|cin                                                                                                                                   ;
;   14.528 ;   0.000  ; FF ; CELL ; 1      ; LABCELL_X35_Y2_N27         ; emu|mpeg2_h262_two_picture_probe|b_controller|b_transform|Add2~93|cout                                                                                                                                  ;
;   14.528 ;   0.000  ; FF ; IC   ; 2      ; LABCELL_X35_Y2_N30         ; emu|mpeg2_h262_two_picture_probe|b_controller|b_transform|Add2~105|cin                                                                                                                                  ;
;   14.646 ;   0.118  ; FF ; CELL ; 1      ; LABCELL_X35_Y2_N30         ; emu|mpeg2_h262_two_picture_probe|b_controller|b_transform|Add2~105|cout                                                                                                                                 ;
;   14.646 ;   0.000  ; FF ; IC   ; 2      ; LABCELL_X35_Y2_N33         ; emu|mpeg2_h262_two_picture_probe|b_controller|b_transform|Add2~89|cin                                                                                                                                   ;
;   14.646 ;   0.000  ; FF ; CELL ; 1      ; LABCELL_X35_Y2_N33         ; emu|mpeg2_h262_two_picture_probe|b_controller|b_transform|Add2~89|cout                                                                                                                                  ;
;   14.646 ;   0.000  ; FF ; IC   ; 2      ; LABCELL_X35_Y2_N36         ; emu|mpeg2_h262_two_picture_probe|b_controller|b_transform|Add2~65|cin                                                                                                                                   ;
;   14.691 ;   0.045  ; FF ; CELL ; 1      ; LABCELL_X35_Y2_N36         ; emu|mpeg2_h262_two_picture_probe|b_controller|b_transform|Add2~65|cout                                                                                                                                  ;
;   14.691 ;   0.000  ; FF ; IC   ; 2      ; LABCELL_X35_Y2_N39         ; emu|mpeg2_h262_two_picture_probe|b_controller|b_transform|Add2~69|cin                                                                                                                                   ;
;   14.691 ;   0.000  ; FF ; CELL ; 1      ; LABCELL_X35_Y2_N39         ; emu|mpeg2_h262_two_picture_probe|b_controller|b_transform|Add2~69|cout                                                                                                                                  ;
;   14.691 ;   0.000  ; FF ; IC   ; 2      ; LABCELL_X35_Y2_N42         ; emu|mpeg2_h262_two_picture_probe|b_controller|b_transform|Add2~25|cin                                                                                                                                   ;
;   14.736 ;   0.045  ; FF ; CELL ; 1      ; LABCELL_X35_Y2_N42         ; emu|mpeg2_h262_two_picture_probe|b_controller|b_transform|Add2~25|cout                                                                                                                                  ;
;   14.736 ;   0.000  ; FF ; IC   ; 2      ; LABCELL_X35_Y2_N45         ; emu|mpeg2_h262_two_picture_probe|b_controller|b_transform|Add2~29|cin                                                                                                                                   ;
;   14.736 ;   0.000  ; FF ; CELL ; 1      ; LABCELL_X35_Y2_N45         ; emu|mpeg2_h262_two_picture_probe|b_controller|b_transform|Add2~29|cout                                                                                                                                  ;
;   14.736 ;   0.000  ; FF ; IC   ; 2      ; LABCELL_X35_Y2_N48         ; emu|mpeg2_h262_two_picture_probe|b_controller|b_transform|Add2~33|cin                                                                                                                                   ;
;   14.781 ;   0.045  ; FF ; CELL ; 1      ; LABCELL_X35_Y2_N48         ; emu|mpeg2_h262_two_picture_probe|b_controller|b_transform|Add2~33|cout                                                                                                                                  ;
;   14.781 ;   0.000  ; FF ; IC   ; 2      ; LABCELL_X35_Y2_N51         ; emu|mpeg2_h262_two_picture_probe|b_controller|b_transform|Add2~37|cin                                                                                                                                   ;
;   14.781 ;   0.000  ; FF ; CELL ; 1      ; LABCELL_X35_Y2_N51         ; emu|mpeg2_h262_two_picture_probe|b_controller|b_transform|Add2~37|cout                                                                                                                                  ;
;   14.781 ;   0.000  ; FF ; IC   ; 2      ; LABCELL_X35_Y2_N54         ; emu|mpeg2_h262_two_picture_probe|b_controller|b_transform|Add2~49|cin                                                                                                                                   ;
;   14.824 ;   0.043  ; FF ; CELL ; 1      ; LABCELL_X35_Y2_N54         ; emu|mpeg2_h262_two_picture_probe|b_controller|b_transform|Add2~49|cout                                                                                                                                  ;
;   14.824 ;   0.000  ; FF ; IC   ; 2      ; LABCELL_X35_Y2_N57         ; emu|mpeg2_h262_two_picture_probe|b_controller|b_transform|Add2~53|cin                                                                                                                                   ;
;   14.824 ;   0.000  ; FF ; CELL ; 1      ; LABCELL_X35_Y2_N57         ; emu|mpeg2_h262_two_picture_probe|b_controller|b_transform|Add2~53|cout                                                                                                                                  ;
;   14.824 ;   0.000  ; FF ; IC   ; 2      ; LABCELL_X35_Y1_N30         ; emu|mpeg2_h262_two_picture_probe|b_controller|b_transform|Add2~73|cin                                                                                                                                   ;
;   15.360 ;   0.536  ; FR ; CELL ; 1      ; LABCELL_X35_Y1_N30         ; emu|mpeg2_h262_two_picture_probe|b_controller|b_transform|Add2~73|sumout                                                                                                                                ;
;   15.916 ;   0.556  ; RR ; IC   ; 1      ; MLABCELL_X34_Y1_N0         ; emu|mpeg2_h262_two_picture_probe|b_controller|b_transform|iq_unclipped[19]~22|dataf                                                                                                                     ;
;   16.012 ;   0.096  ; RF ; CELL ; 4      ; MLABCELL_X34_Y1_N0         ; emu|mpeg2_h262_two_picture_probe|b_controller|b_transform|iq_unclipped[19]~22|combout                                                                                                                   ;
;   16.835 ;   0.823  ; FF ; IC   ; 1      ; LABCELL_X30_Y1_N36         ; emu|mpeg2_h262_two_picture_probe|b_controller|b_transform|LessThan2~3_Duplicate_Duplicate_RESYN16697|datad                                                                                              ;
;   17.188 ;   0.353  ; FF ; CELL ; 1      ; LABCELL_X30_Y1_N36         ; emu|mpeg2_h262_two_picture_probe|b_controller|b_transform|LessThan2~3_Duplicate_Duplicate_RESYN16697|combout                                                                                            ;
;   17.401 ;   0.213  ; FF ; IC   ; 1      ; LABCELL_X30_Y1_N30         ; emu|mpeg2_h262_two_picture_probe|b_controller|b_transform|LessThan2~3_Duplicate_Duplicate|datae                                                                                                         ;
;   17.623 ;   0.222  ; FF ; CELL ; 2      ; LABCELL_X30_Y1_N30         ; emu|mpeg2_h262_two_picture_probe|b_controller|b_transform|LessThan2~3_Duplicate_Duplicate|combout                                                                                                       ;
;   17.849 ;   0.226  ; FF ; IC   ; 1      ; FF_X30_Y1_N37              ; emu|mpeg2_h262_two_picture_probe|b_controller|b_transform|idct_coeff_value[5]_OTERM8886_OTERM11149_NEW_REG16717|asdata                                                                                  ;
;   18.387 ;   0.538  ; FF ; CELL ; 1      ; FF_X30_Y1_N37              ; emu:emu|mpeg2_h262_two_picture_probe:mpeg2_h262_two_picture_probe|mpeg2_h262_b_core_probe:b_controller|mpeg2_h262_p_non_intra_transform:b_transform|idct_coeff_value[5]_OTERM8886_OTERM11149_OTERM16718 ;
+----------+----------+----+------+--------+----------------------------+---------------------------------------------------------------------------------------------------------------------------------------------------------------------------------------------------------+

+---------------------------------------------------------------------------------------------------------------------------------------------------------------------------------------------------------------------------------------------------------------------------------+
; Data Required Path                                                                                                                                                                                                                                                              ;
+----------+----------+----+------+--------+----------------------------+---------------------------------------------------------------------------------------------------------------------------------------------------------------------------------------------------------+
; Total    ; Incr     ; RF ; Type ; Fanout ; Location                   ; Element                                                                                                                                                                                                 ;
+----------+----------+----+------+--------+----------------------------+---------------------------------------------------------------------------------------------------------------------------------------------------------------------------------------------------------+
; 16.666   ; 16.666   ;    ;      ;        ;                            ; latch edge time                                                                                                                                                                                         ;
; 21.182   ; 4.516    ;    ;      ;        ;                            ; clock path                                                                                                                                                                                              ;
;   16.666 ;   0.000  ;    ;      ;        ;                            ; source latency                                                                                                                                                                                          ;
;   16.666 ;   0.000  ;    ;      ; 1      ; PIN_Y13                    ; FPGA_CLK2_50                                                                                                                                                                                            ;
;   16.666 ;   0.000  ; RR ; IC   ; 1      ; IOIBUF_X56_Y0_N1           ; FPGA_CLK2_50~input|i                                                                                                                                                                                    ;
;   17.427 ;   0.761  ; RR ; CELL ; 2      ; IOIBUF_X56_Y0_N1           ; FPGA_CLK2_50~input|o                                                                                                                                                                                    ;
;   18.598 ;   1.171  ; RR ; IC   ; 1      ; PLLREFCLKSELECT_X89_Y7_N0  ; emu|pll|pll_inst|altera_pll_i|general[0].gpll~PLL_REFCLK_SELECT|clkin[0]                                                                                                                                ;
;   18.906 ;   0.308  ; RR ; CELL ; 1      ; PLLREFCLKSELECT_X89_Y7_N0  ; emu|pll|pll_inst|altera_pll_i|general[0].gpll~PLL_REFCLK_SELECT|clkout                                                                                                                                  ;
;   18.906 ;   0.000  ; RR ; IC   ; 10     ; FRACTIONALPLL_X89_Y1_N0    ; emu|pll|pll_inst|altera_pll_i|general[0].gpll~FRACTIONAL_PLL|refclkin                                                                                                                                   ;
;   13.974 ;   -4.932 ; RR ; COMP ; 3      ; FRACTIONALPLL_X89_Y1_N0    ; emu|pll|pll_inst|altera_pll_i|general[0].gpll~FRACTIONAL_PLL|vcoph[0]                                                                                                                                   ;
;   13.974 ;   0.000  ; RR ; IC   ; 1      ; PLLOUTPUTCOUNTER_X89_Y6_N1 ; emu|pll|pll_inst|altera_pll_i|general[2].gpll~PLL_OUTPUT_COUNTER|vco0ph[0]                                                                                                                              ;
;   15.442 ;   1.468  ; RR ; CELL ; 1      ; PLLOUTPUTCOUNTER_X89_Y6_N1 ; emu|pll|pll_inst|altera_pll_i|general[2].gpll~PLL_OUTPUT_COUNTER|divclk                                                                                                                                 ;
;   16.350 ;   0.908  ; RR ; IC   ; 1      ; CLKCTRL_G6                 ; emu|pll|pll_inst|altera_pll_i|outclk_wire[2]~CLKENA0|inclk                                                                                                                                              ;
;   16.629 ;   0.279  ; RR ; CELL ; 36211  ; CLKCTRL_G6                 ; emu|pll|pll_inst|altera_pll_i|outclk_wire[2]~CLKENA0|outclk                                                                                                                                             ;
;   18.516 ;   1.887  ; RR ; IC   ; 1      ; FF_X30_Y1_N37              ; emu|mpeg2_h262_two_picture_probe|b_controller|b_transform|idct_coeff_value[5]_OTERM8886_OTERM11149_NEW_REG16717|clk                                                                                     ;
;   19.017 ;   0.501  ; RR ; CELL ; 1      ; FF_X30_Y1_N37              ; emu:emu|mpeg2_h262_two_picture_probe:mpeg2_h262_two_picture_probe|mpeg2_h262_b_core_probe:b_controller|mpeg2_h262_p_non_intra_transform:b_transform|idct_coeff_value[5]_OTERM8886_OTERM11149_OTERM16718 ;
;   21.182 ;   2.165  ;    ;      ;        ;                            ; clock pessimism removed                                                                                                                                                                                 ;
; 21.062   ; -0.120   ;    ;      ;        ;                            ; clock uncertainty                                                                                                                                                                                       ;
; 21.062   ; 0.000    ;    ; uTsu ; 1      ; FF_X30_Y1_N37              ; emu:emu|mpeg2_h262_two_picture_probe:mpeg2_h262_two_picture_probe|mpeg2_h262_b_core_probe:b_controller|mpeg2_h262_p_non_intra_transform:b_transform|idct_coeff_value[5]_OTERM8886_OTERM11149_OTERM16718 ;
+----------+----------+----+------+--------+----------------------------+---------------------------------------------------------------------------------------------------------------------------------------------------------------------------------------------------------+

----------------------------
; Extra Fitter Information ;
----------------------------
HTML report is unavailable in plain text report export.


Path #2: Setup slack is 2.845 
===============================================================================
+------------------------------------------------------------------------------------------------------------------------------------------------------------------------------------------------------------------------------+
; Path Summary                                                                                                                                                                                                                 ;
+--------------------+---------------------------------------------------------------------------------------------------------------------------------------------------------------------------------------------------------+
; Property           ; Value                                                                                                                                                                                                   ;
+--------------------+---------------------------------------------------------------------------------------------------------------------------------------------------------------------------------------------------------+
; From Node          ; emu:emu|mpeg2_h262_two_picture_probe:mpeg2_h262_two_picture_probe|mpeg2_h262_b_core_probe:b_controller|mpeg2_h262_p_non_intra_transform:b_transform|iq_intra_weight[0]                                  ;
; To Node            ; emu:emu|mpeg2_h262_two_picture_probe:mpeg2_h262_two_picture_probe|mpeg2_h262_b_core_probe:b_controller|mpeg2_h262_p_non_intra_transform:b_transform|idct_coeff_value[5]_OTERM8886_OTERM11149_OTERM16718 ;
; Launch Clock       ; emu|pll|pll_inst|altera_pll_i|general[2].gpll~PLL_OUTPUT_COUNTER|divclk                                                                                                                                 ;
; Latch Clock        ; emu|pll|pll_inst|altera_pll_i|general[2].gpll~PLL_OUTPUT_COUNTER|divclk                                                                                                                                 ;
; Data Arrival Time  ; 18.217                                                                                                                                                                                                  ;
; Data Required Time ; 21.062                                                                                                                                                                                                  ;
; Slack              ; 2.845                                                                                                                                                                                                   ;
+--------------------+---------------------------------------------------------------------------------------------------------------------------------------------------------------------------------------------------------+

+--------------------------------------------------------------------------------------+
; Statistics                                                                           ;
+------------------------+--------+-------+-------------+------------+--------+--------+
; Property               ; Value  ; Count ; Total Delay ; % of Total ; Min    ; Max    ;
+------------------------+--------+-------+-------------+------------+--------+--------+
; Setup Relationship     ; 16.666 ;       ;             ;            ;        ;        ;
; Clock Skew             ; -0.126 ;       ;             ;            ;        ;        ;
; Data Delay             ; 13.575 ;       ;             ;            ;        ;        ;
; Number of Logic Levels ;        ; 8     ;             ;            ;        ;        ;
; Physical Delays        ;        ;       ;             ;            ;        ;        ;
;  Arrival Path          ;        ;       ;             ;            ;        ;        ;
;   Clock                ;        ;       ;             ;            ;        ;        ;
;    IC                  ;        ; 6     ; 4.687       ; 56         ; 0.000  ; 2.313  ;
;    Cell                ;        ; 5     ; 3.723       ; 44         ; 0.304  ; 1.746  ;
;    PLL Compensation    ;        ; 1     ; -3.768      ; 0          ; -3.768 ; -3.768 ;
;   Data                 ;        ;       ;             ;            ;        ;        ;
;    IC                  ;        ; 29    ; 5.055       ; 37         ; 0.000  ; 0.942  ;
;    Cell                ;        ; 30    ; 8.520       ; 63         ; 0.000  ; 3.882  ;
;    uTco                ;        ; 1     ; 0.000       ; 0          ; 0.000  ; 0.000  ;
;  Required Path         ;        ;       ;             ;            ;        ;        ;
;   Clock                ;        ;       ;             ;            ;        ;        ;
;    IC                  ;        ; 6     ; 3.966       ; 54         ; 0.000  ; 1.887  ;
;    Cell                ;        ; 5     ; 3.317       ; 46         ; 0.279  ; 1.468  ;
;    PLL Compensation    ;        ; 1     ; -4.932      ; 0          ; -4.932 ; -4.932 ;
+------------------------+--------+-------+-------------+------------+--------+--------+
Note: Negative delays are omitted from totals when calculating percentages

+---------------------------------------------------------------------------------------------------------------------------------------------------------------------------------------------------------------------------------------------------------------------------------+
; Data Arrival Path                                                                                                                                                                                                                                                               ;
+----------+----------+----+------+--------+----------------------------+---------------------------------------------------------------------------------------------------------------------------------------------------------------------------------------------------------+
; Total    ; Incr     ; RF ; Type ; Fanout ; Location                   ; Element                                                                                                                                                                                                 ;
+----------+----------+----+------+--------+----------------------------+---------------------------------------------------------------------------------------------------------------------------------------------------------------------------------------------------------+
; 0.000    ; 0.000    ;    ;      ;        ;                            ; launch edge time                                                                                                                                                                                        ;
; 4.642    ; 4.642    ;    ;      ;        ;                            ; clock path                                                                                                                                                                                              ;
;   0.000  ;   0.000  ;    ;      ;        ;                            ; source latency                                                                                                                                                                                          ;
;   0.000  ;   0.000  ;    ;      ; 1      ; PIN_Y13                    ; FPGA_CLK2_50                                                                                                                                                                                            ;
;   0.000  ;   0.000  ; RR ; IC   ; 1      ; IOIBUF_X56_Y0_N1           ; FPGA_CLK2_50~input|i                                                                                                                                                                                    ;
;   0.761  ;   0.761  ; RR ; CELL ; 2      ; IOIBUF_X56_Y0_N1           ; FPGA_CLK2_50~input|o                                                                                                                                                                                    ;
;   2.096  ;   1.335  ; RR ; IC   ; 1      ; PLLREFCLKSELECT_X89_Y7_N0  ; emu|pll|pll_inst|altera_pll_i|general[0].gpll~PLL_REFCLK_SELECT|clkin[0]                                                                                                                                ;
;   2.429  ;   0.333  ; RR ; CELL ; 1      ; PLLREFCLKSELECT_X89_Y7_N0  ; emu|pll|pll_inst|altera_pll_i|general[0].gpll~PLL_REFCLK_SELECT|clkout                                                                                                                                  ;
;   2.429  ;   0.000  ; RR ; IC   ; 10     ; FRACTIONALPLL_X89_Y1_N0    ; emu|pll|pll_inst|altera_pll_i|general[0].gpll~FRACTIONAL_PLL|refclkin                                                                                                                                   ;
;   -1.339 ;   -3.768 ; RR ; COMP ; 3      ; FRACTIONALPLL_X89_Y1_N0    ; emu|pll|pll_inst|altera_pll_i|general[0].gpll~FRACTIONAL_PLL|vcoph[0]                                                                                                                                   ;
;   -1.339 ;   0.000  ; RR ; IC   ; 1      ; PLLOUTPUTCOUNTER_X89_Y6_N1 ; emu|pll|pll_inst|altera_pll_i|general[2].gpll~PLL_OUTPUT_COUNTER|vco0ph[0]                                                                                                                              ;
;   0.407  ;   1.746  ; RR ; CELL ; 1      ; PLLOUTPUTCOUNTER_X89_Y6_N1 ; emu|pll|pll_inst|altera_pll_i|general[2].gpll~PLL_OUTPUT_COUNTER|divclk                                                                                                                                 ;
;   1.446  ;   1.039  ; RR ; IC   ; 1      ; CLKCTRL_G6                 ; emu|pll|pll_inst|altera_pll_i|outclk_wire[2]~CLKENA0|inclk                                                                                                                                              ;
;   1.750  ;   0.304  ; RR ; CELL ; 36211  ; CLKCTRL_G6                 ; emu|pll|pll_inst|altera_pll_i|outclk_wire[2]~CLKENA0|outclk                                                                                                                                             ;
;   4.063  ;   2.313  ; RR ; IC   ; 1      ; FF_X30_Y2_N17              ; emu|mpeg2_h262_two_picture_probe|b_controller|b_transform|iq_intra_weight[0]|clk                                                                                                                        ;
;   4.642  ;   0.579  ; RR ; CELL ; 1      ; FF_X30_Y2_N17              ; emu:emu|mpeg2_h262_two_picture_probe:mpeg2_h262_two_picture_probe|mpeg2_h262_b_core_probe:b_controller|mpeg2_h262_p_non_intra_transform:b_transform|iq_intra_weight[0]                                  ;
; 18.217   ; 13.575   ;    ;      ;        ;                            ; data path                                                                                                                                                                                               ;
;   4.642  ;   0.000  ;    ; uTco ; 1      ; FF_X30_Y2_N17              ; emu:emu|mpeg2_h262_two_picture_probe:mpeg2_h262_two_picture_probe|mpeg2_h262_b_core_probe:b_controller|mpeg2_h262_p_non_intra_transform:b_transform|iq_intra_weight[0]                                  ;
;   4.642  ;   0.000  ; FF ; CELL ; 2      ; FF_X30_Y2_N17              ; emu|mpeg2_h262_two_picture_probe|b_controller|b_transform|iq_intra_weight[0]|q                                                                                                                          ;
;   4.881  ;   0.239  ; FF ; IC   ; 1      ; LABCELL_X30_Y2_N57         ; emu|mpeg2_h262_two_picture_probe|b_controller|b_transform|iq_multiplier_b[0]~16|datab                                                                                                                   ;
;   5.439  ;   0.558  ; FF ; CELL ; 1      ; LABCELL_X30_Y2_N57         ; emu|mpeg2_h262_two_picture_probe|b_controller|b_transform|iq_multiplier_b[0]~16|combout                                                                                                                 ;
;   6.199  ;   0.760  ; FF ; IC   ; 1      ; LABCELL_X31_Y2_N24         ; emu|mpeg2_h262_two_picture_probe|b_controller|b_transform|iq_multiplier_b[0]~30|datac                                                                                                                   ;
;   6.680  ;   0.481  ; FF ; CELL ; 1      ; LABCELL_X31_Y2_N24         ; emu|mpeg2_h262_two_picture_probe|b_controller|b_transform|iq_multiplier_b[0]~30|combout                                                                                                                 ;
;   7.395  ;   0.715  ; FF ; IC   ; 32     ; DSP_X32_Y2_N0              ; emu|mpeg2_h262_two_picture_probe|b_controller|b_transform|Mult0~mac|ay[0]                                                                                                                               ;
;   11.277 ;   3.882  ; FF ; CELL ; 3      ; DSP_X32_Y2_N0              ; emu|mpeg2_h262_two_picture_probe|b_controller|b_transform|Mult0~mac|resulta[0]                                                                                                                          ;
;   12.219 ;   0.942  ; FF ; IC   ; 1      ; LABCELL_X33_Y2_N24         ; emu|mpeg2_h262_two_picture_probe|b_controller|b_transform|WideOr0~0|datab                                                                                                                               ;
;   12.763 ;   0.544  ; FR ; CELL ; 1      ; LABCELL_X33_Y2_N24         ; emu|mpeg2_h262_two_picture_probe|b_controller|b_transform|WideOr0~0|combout                                                                                                                             ;
;   13.344 ;   0.581  ; RR ; IC   ; 1      ; LABCELL_X35_Y2_N0          ; emu|mpeg2_h262_two_picture_probe|b_controller|b_transform|Add2~118|datac                                                                                                                                ;
;   14.166 ;   0.822  ; RF ; CELL ; 1      ; LABCELL_X35_Y2_N0          ; emu|mpeg2_h262_two_picture_probe|b_controller|b_transform|Add2~118|cout                                                                                                                                 ;
;   14.166 ;   0.000  ; FF ; IC   ; 2      ; LABCELL_X35_Y2_N3          ; emu|mpeg2_h262_two_picture_probe|b_controller|b_transform|Add2~85|cin                                                                                                                                   ;
;   14.166 ;   0.000  ; FF ; CELL ; 1      ; LABCELL_X35_Y2_N3          ; emu|mpeg2_h262_two_picture_probe|b_controller|b_transform|Add2~85|cout                                                                                                                                  ;
;   14.166 ;   0.000  ; FF ; IC   ; 2      ; LABCELL_X35_Y2_N6          ; emu|mpeg2_h262_two_picture_probe|b_controller|b_transform|Add2~81|cin                                                                                                                                   ;
;   14.211 ;   0.045  ; FF ; CELL ; 1      ; LABCELL_X35_Y2_N6          ; emu|mpeg2_h262_two_picture_probe|b_controller|b_transform|Add2~81|cout                                                                                                                                  ;
;   14.211 ;   0.000  ; FF ; IC   ; 2      ; LABCELL_X35_Y2_N9          ; emu|mpeg2_h262_two_picture_probe|b_controller|b_transform|Add2~113|cin                                                                                                                                  ;
;   14.211 ;   0.000  ; FF ; CELL ; 1      ; LABCELL_X35_Y2_N9          ; emu|mpeg2_h262_two_picture_probe|b_controller|b_transform|Add2~113|cout                                                                                                                                 ;
;   14.211 ;   0.000  ; FF ; IC   ; 2      ; LABCELL_X35_Y2_N12         ; emu|mpeg2_h262_two_picture_probe|b_controller|b_transform|Add2~109|cin                                                                                                                                  ;
;   14.256 ;   0.045  ; FF ; CELL ; 1      ; LABCELL_X35_Y2_N12         ; emu|mpeg2_h262_two_picture_probe|b_controller|b_transform|Add2~109|cout                                                                                                                                 ;
;   14.256 ;   0.000  ; FF ; IC   ; 2      ; LABCELL_X35_Y2_N15         ; emu|mpeg2_h262_two_picture_probe|b_controller|b_transform|Add2~77|cin                                                                                                                                   ;
;   14.256 ;   0.000  ; FF ; CELL ; 1      ; LABCELL_X35_Y2_N15         ; emu|mpeg2_h262_two_picture_probe|b_controller|b_transform|Add2~77|cout                                                                                                                                  ;
;   14.256 ;   0.000  ; FF ; IC   ; 2      ; LABCELL_X35_Y2_N18         ; emu|mpeg2_h262_two_picture_probe|b_controller|b_transform|Add2~1|cin                                                                                                                                    ;
;   14.301 ;   0.045  ; FF ; CELL ; 1      ; LABCELL_X35_Y2_N18         ; emu|mpeg2_h262_two_picture_probe|b_controller|b_transform|Add2~1|cout                                                                                                                                   ;
;   14.301 ;   0.000  ; FF ; IC   ; 2      ; LABCELL_X35_Y2_N21         ; emu|mpeg2_h262_two_picture_probe|b_controller|b_transform|Add2~101|cin                                                                                                                                  ;
;   14.301 ;   0.000  ; FF ; CELL ; 1      ; LABCELL_X35_Y2_N21         ; emu|mpeg2_h262_two_picture_probe|b_controller|b_transform|Add2~101|cout                                                                                                                                 ;
;   14.301 ;   0.000  ; FF ; IC   ; 2      ; LABCELL_X35_Y2_N24         ; emu|mpeg2_h262_two_picture_probe|b_controller|b_transform|Add2~97|cin                                                                                                                                   ;
;   14.358 ;   0.057  ; FF ; CELL ; 1      ; LABCELL_X35_Y2_N24         ; emu|mpeg2_h262_two_picture_probe|b_controller|b_transform|Add2~97|cout                                                                                                                                  ;
;   14.358 ;   0.000  ; FF ; IC   ; 2      ; LABCELL_X35_Y2_N27         ; emu|mpeg2_h262_two_picture_probe|b_controller|b_transform|Add2~93|cin                                                                                                                                   ;
;   14.358 ;   0.000  ; FF ; CELL ; 1      ; LABCELL_X35_Y2_N27         ; emu|mpeg2_h262_two_picture_probe|b_controller|b_transform|Add2~93|cout                                                                                                                                  ;
;   14.358 ;   0.000  ; FF ; IC   ; 2      ; LABCELL_X35_Y2_N30         ; emu|mpeg2_h262_two_picture_probe|b_controller|b_transform|Add2~105|cin                                                                                                                                  ;
;   14.476 ;   0.118  ; FF ; CELL ; 1      ; LABCELL_X35_Y2_N30         ; emu|mpeg2_h262_two_picture_probe|b_controller|b_transform|Add2~105|cout                                                                                                                                 ;
;   14.476 ;   0.000  ; FF ; IC   ; 2      ; LABCELL_X35_Y2_N33         ; emu|mpeg2_h262_two_picture_probe|b_controller|b_transform|Add2~89|cin                                                                                                                                   ;
;   14.476 ;   0.000  ; FF ; CELL ; 1      ; LABCELL_X35_Y2_N33         ; emu|mpeg2_h262_two_picture_probe|b_controller|b_transform|Add2~89|cout                                                                                                                                  ;
;   14.476 ;   0.000  ; FF ; IC   ; 2      ; LABCELL_X35_Y2_N36         ; emu|mpeg2_h262_two_picture_probe|b_controller|b_transform|Add2~65|cin                                                                                                                                   ;
;   14.521 ;   0.045  ; FF ; CELL ; 1      ; LABCELL_X35_Y2_N36         ; emu|mpeg2_h262_two_picture_probe|b_controller|b_transform|Add2~65|cout                                                                                                                                  ;
;   14.521 ;   0.000  ; FF ; IC   ; 2      ; LABCELL_X35_Y2_N39         ; emu|mpeg2_h262_two_picture_probe|b_controller|b_transform|Add2~69|cin                                                                                                                                   ;
;   14.521 ;   0.000  ; FF ; CELL ; 1      ; LABCELL_X35_Y2_N39         ; emu|mpeg2_h262_two_picture_probe|b_controller|b_transform|Add2~69|cout                                                                                                                                  ;
;   14.521 ;   0.000  ; FF ; IC   ; 2      ; LABCELL_X35_Y2_N42         ; emu|mpeg2_h262_two_picture_probe|b_controller|b_transform|Add2~25|cin                                                                                                                                   ;
;   14.566 ;   0.045  ; FF ; CELL ; 1      ; LABCELL_X35_Y2_N42         ; emu|mpeg2_h262_two_picture_probe|b_controller|b_transform|Add2~25|cout                                                                                                                                  ;
;   14.566 ;   0.000  ; FF ; IC   ; 2      ; LABCELL_X35_Y2_N45         ; emu|mpeg2_h262_two_picture_probe|b_controller|b_transform|Add2~29|cin                                                                                                                                   ;
;   14.566 ;   0.000  ; FF ; CELL ; 1      ; LABCELL_X35_Y2_N45         ; emu|mpeg2_h262_two_picture_probe|b_controller|b_transform|Add2~29|cout                                                                                                                                  ;
;   14.566 ;   0.000  ; FF ; IC   ; 2      ; LABCELL_X35_Y2_N48         ; emu|mpeg2_h262_two_picture_probe|b_controller|b_transform|Add2~33|cin                                                                                                                                   ;
;   14.611 ;   0.045  ; FF ; CELL ; 1      ; LABCELL_X35_Y2_N48         ; emu|mpeg2_h262_two_picture_probe|b_controller|b_transform|Add2~33|cout                                                                                                                                  ;
;   14.611 ;   0.000  ; FF ; IC   ; 2      ; LABCELL_X35_Y2_N51         ; emu|mpeg2_h262_two_picture_probe|b_controller|b_transform|Add2~37|cin                                                                                                                                   ;
;   14.611 ;   0.000  ; FF ; CELL ; 1      ; LABCELL_X35_Y2_N51         ; emu|mpeg2_h262_two_picture_probe|b_controller|b_transform|Add2~37|cout                                                                                                                                  ;
;   14.611 ;   0.000  ; FF ; IC   ; 2      ; LABCELL_X35_Y2_N54         ; emu|mpeg2_h262_two_picture_probe|b_controller|b_transform|Add2~49|cin                                                                                                                                   ;
;   14.654 ;   0.043  ; FF ; CELL ; 1      ; LABCELL_X35_Y2_N54         ; emu|mpeg2_h262_two_picture_probe|b_controller|b_transform|Add2~49|cout                                                                                                                                  ;
;   14.654 ;   0.000  ; FF ; IC   ; 2      ; LABCELL_X35_Y2_N57         ; emu|mpeg2_h262_two_picture_probe|b_controller|b_transform|Add2~53|cin                                                                                                                                   ;
;   14.654 ;   0.000  ; FF ; CELL ; 1      ; LABCELL_X35_Y2_N57         ; emu|mpeg2_h262_two_picture_probe|b_controller|b_transform|Add2~53|cout                                                                                                                                  ;
;   14.654 ;   0.000  ; FF ; IC   ; 2      ; LABCELL_X35_Y1_N30         ; emu|mpeg2_h262_two_picture_probe|b_controller|b_transform|Add2~73|cin                                                                                                                                   ;
;   15.190 ;   0.536  ; FR ; CELL ; 1      ; LABCELL_X35_Y1_N30         ; emu|mpeg2_h262_two_picture_probe|b_controller|b_transform|Add2~73|sumout                                                                                                                                ;
;   15.746 ;   0.556  ; RR ; IC   ; 1      ; MLABCELL_X34_Y1_N0         ; emu|mpeg2_h262_two_picture_probe|b_controller|b_transform|iq_unclipped[19]~22|dataf                                                                                                                     ;
;   15.842 ;   0.096  ; RF ; CELL ; 4      ; MLABCELL_X34_Y1_N0         ; emu|mpeg2_h262_two_picture_probe|b_controller|b_transform|iq_unclipped[19]~22|combout                                                                                                                   ;
;   16.665 ;   0.823  ; FF ; IC   ; 1      ; LABCELL_X30_Y1_N36         ; emu|mpeg2_h262_two_picture_probe|b_controller|b_transform|LessThan2~3_Duplicate_Duplicate_RESYN16697|datad                                                                                              ;
;   17.018 ;   0.353  ; FF ; CELL ; 1      ; LABCELL_X30_Y1_N36         ; emu|mpeg2_h262_two_picture_probe|b_controller|b_transform|LessThan2~3_Duplicate_Duplicate_RESYN16697|combout                                                                                            ;
;   17.231 ;   0.213  ; FF ; IC   ; 1      ; LABCELL_X30_Y1_N30         ; emu|mpeg2_h262_two_picture_probe|b_controller|b_transform|LessThan2~3_Duplicate_Duplicate|datae                                                                                                         ;
;   17.453 ;   0.222  ; FF ; CELL ; 2      ; LABCELL_X30_Y1_N30         ; emu|mpeg2_h262_two_picture_probe|b_controller|b_transform|LessThan2~3_Duplicate_Duplicate|combout                                                                                                       ;
;   17.679 ;   0.226  ; FF ; IC   ; 1      ; FF_X30_Y1_N37              ; emu|mpeg2_h262_two_picture_probe|b_controller|b_transform|idct_coeff_value[5]_OTERM8886_OTERM11149_NEW_REG16717|asdata                                                                                  ;
;   18.217 ;   0.538  ; FF ; CELL ; 1      ; FF_X30_Y1_N37              ; emu:emu|mpeg2_h262_two_picture_probe:mpeg2_h262_two_picture_probe|mpeg2_h262_b_core_probe:b_controller|mpeg2_h262_p_non_intra_transform:b_transform|idct_coeff_value[5]_OTERM8886_OTERM11149_OTERM16718 ;
+----------+----------+----+------+--------+----------------------------+---------------------------------------------------------------------------------------------------------------------------------------------------------------------------------------------------------+

+---------------------------------------------------------------------------------------------------------------------------------------------------------------------------------------------------------------------------------------------------------------------------------+
; Data Required Path                                                                                                                                                                                                                                                              ;
+----------+----------+----+------+--------+----------------------------+---------------------------------------------------------------------------------------------------------------------------------------------------------------------------------------------------------+
; Total    ; Incr     ; RF ; Type ; Fanout ; Location                   ; Element                                                                                                                                                                                                 ;
+----------+----------+----+------+--------+----------------------------+---------------------------------------------------------------------------------------------------------------------------------------------------------------------------------------------------------+
; 16.666   ; 16.666   ;    ;      ;        ;                            ; latch edge time                                                                                                                                                                                         ;
; 21.182   ; 4.516    ;    ;      ;        ;                            ; clock path                                                                                                                                                                                              ;
;   16.666 ;   0.000  ;    ;      ;        ;                            ; source latency                                                                                                                                                                                          ;
;   16.666 ;   0.000  ;    ;      ; 1      ; PIN_Y13                    ; FPGA_CLK2_50                                                                                                                                                                                            ;
;   16.666 ;   0.000  ; RR ; IC   ; 1      ; IOIBUF_X56_Y0_N1           ; FPGA_CLK2_50~input|i                                                                                                                                                                                    ;
;   17.427 ;   0.761  ; RR ; CELL ; 2      ; IOIBUF_X56_Y0_N1           ; FPGA_CLK2_50~input|o                                                                                                                                                                                    ;
;   18.598 ;   1.171  ; RR ; IC   ; 1      ; PLLREFCLKSELECT_X89_Y7_N0  ; emu|pll|pll_inst|altera_pll_i|general[0].gpll~PLL_REFCLK_SELECT|clkin[0]                                                                                                                                ;
;   18.906 ;   0.308  ; RR ; CELL ; 1      ; PLLREFCLKSELECT_X89_Y7_N0  ; emu|pll|pll_inst|altera_pll_i|general[0].gpll~PLL_REFCLK_SELECT|clkout                                                                                                                                  ;
;   18.906 ;   0.000  ; RR ; IC   ; 10     ; FRACTIONALPLL_X89_Y1_N0    ; emu|pll|pll_inst|altera_pll_i|general[0].gpll~FRACTIONAL_PLL|refclkin                                                                                                                                   ;
;   13.974 ;   -4.932 ; RR ; COMP ; 3      ; FRACTIONALPLL_X89_Y1_N0    ; emu|pll|pll_inst|altera_pll_i|general[0].gpll~FRACTIONAL_PLL|vcoph[0]                                                                                                                                   ;
;   13.974 ;   0.000  ; RR ; IC   ; 1      ; PLLOUTPUTCOUNTER_X89_Y6_N1 ; emu|pll|pll_inst|altera_pll_i|general[2].gpll~PLL_OUTPUT_COUNTER|vco0ph[0]                                                                                                                              ;
;   15.442 ;   1.468  ; RR ; CELL ; 1      ; PLLOUTPUTCOUNTER_X89_Y6_N1 ; emu|pll|pll_inst|altera_pll_i|general[2].gpll~PLL_OUTPUT_COUNTER|divclk                                                                                                                                 ;
;   16.350 ;   0.908  ; RR ; IC   ; 1      ; CLKCTRL_G6                 ; emu|pll|pll_inst|altera_pll_i|outclk_wire[2]~CLKENA0|inclk                                                                                                                                              ;
;   16.629 ;   0.279  ; RR ; CELL ; 36211  ; CLKCTRL_G6                 ; emu|pll|pll_inst|altera_pll_i|outclk_wire[2]~CLKENA0|outclk                                                                                                                                             ;
;   18.516 ;   1.887  ; RR ; IC   ; 1      ; FF_X30_Y1_N37              ; emu|mpeg2_h262_two_picture_probe|b_controller|b_transform|idct_coeff_value[5]_OTERM8886_OTERM11149_NEW_REG16717|clk                                                                                     ;
;   19.017 ;   0.501  ; RR ; CELL ; 1      ; FF_X30_Y1_N37              ; emu:emu|mpeg2_h262_two_picture_probe:mpeg2_h262_two_picture_probe|mpeg2_h262_b_core_probe:b_controller|mpeg2_h262_p_non_intra_transform:b_transform|idct_coeff_value[5]_OTERM8886_OTERM11149_OTERM16718 ;
;   21.182 ;   2.165  ;    ;      ;        ;                            ; clock pessimism removed                                                                                                                                                                                 ;
; 21.062   ; -0.120   ;    ;      ;        ;                            ; clock uncertainty                                                                                                                                                                                       ;
; 21.062   ; 0.000    ;    ; uTsu ; 1      ; FF_X30_Y1_N37              ; emu:emu|mpeg2_h262_two_picture_probe:mpeg2_h262_two_picture_probe|mpeg2_h262_b_core_probe:b_controller|mpeg2_h262_p_non_intra_transform:b_transform|idct_coeff_value[5]_OTERM8886_OTERM11149_OTERM16718 ;
+----------+----------+----+------+--------+----------------------------+---------------------------------------------------------------------------------------------------------------------------------------------------------------------------------------------------------+

----------------------------
; Extra Fitter Information ;
----------------------------
HTML report is unavailable in plain text report export.


