----------------
; Command Info ;
----------------
Report Timing: Found 2 setup paths (0 violated).  Worst case slack is 3.762 

Tcl Command:
    report_timing -setup -file /home/vash/mister-builds/entry675/results/b_transform_iq_intra_weight_input.rpt -to [get_registers {*|mpeg2_h262_p_non_intra_transform:b_transform|iq_intra_weight*}] -npaths 2 -detail full_path

Options:
    -to [get_registers {*|mpeg2_h262_p_non_intra_transform:b_transform|iq_intra_weight*}] 
    -setup 
    -npaths 2 
    -detail full_path 
    -file {/home/vash/mister-builds/entry675/results/b_transform_iq_intra_weight_input.rpt} 

Delay Model:
    Slow 1100mV 100C Model

+-----------------------------------------------------------------------------------------------------------------------------------------------------------------------------------------------------------------------------------------------------------------------------------------------------------------------------------------------------------------------------------------------------------------------------------------------------------------------------------------------------------------------------------------------+
; Summary of Paths                                                                                                                                                                                                                                                                                                                                                                                                                                                                                                                              ;
+-------+-----------------------------------------------------------------------------------------------------------------------------------------------------------------+------------------------------------------------------------------------------------------------------------------------------------------------------------------------+-------------------------------------------------------------------------+-------------------------------------------------------------------------+--------------+------------+------------+
; Slack ; From Node                                                                                                                                                       ; To Node                                                                                                                                                                ; Launch Clock                                                            ; Latch Clock                                                             ; Relationship ; Clock Skew ; Data Delay ;
+-------+-----------------------------------------------------------------------------------------------------------------------------------------------------------------+------------------------------------------------------------------------------------------------------------------------------------------------------------------------+-------------------------------------------------------------------------+-------------------------------------------------------------------------+--------------+------------+------------+
; 3.762 ; emu:emu|mpeg2_h262_two_picture_probe:mpeg2_h262_two_picture_probe|mpeg2_h262_b_core_probe:b_controller|mpeg2_h262_p_non_intra_transform:b_transform|iq_index[1] ; emu:emu|mpeg2_h262_two_picture_probe:mpeg2_h262_two_picture_probe|mpeg2_h262_b_core_probe:b_controller|mpeg2_h262_p_non_intra_transform:b_transform|iq_intra_weight[5] ; emu|pll|pll_inst|altera_pll_i|general[2].gpll~PLL_OUTPUT_COUNTER|divclk ; emu|pll|pll_inst|altera_pll_i|general[2].gpll~PLL_OUTPUT_COUNTER|divclk ; 16.666       ; -0.110     ; 12.674     ;
; 4.111 ; emu:emu|mpeg2_h262_two_picture_probe:mpeg2_h262_two_picture_probe|mpeg2_h262_b_core_probe:b_controller|mpeg2_h262_p_non_intra_transform:b_transform|iq_index[2] ; emu:emu|mpeg2_h262_two_picture_probe:mpeg2_h262_two_picture_probe|mpeg2_h262_b_core_probe:b_controller|mpeg2_h262_p_non_intra_transform:b_transform|iq_intra_weight[5] ; emu|pll|pll_inst|altera_pll_i|general[2].gpll~PLL_OUTPUT_COUNTER|divclk ; emu|pll|pll_inst|altera_pll_i|general[2].gpll~PLL_OUTPUT_COUNTER|divclk ; 16.666       ; -0.110     ; 12.325     ;
+-------+-----------------------------------------------------------------------------------------------------------------------------------------------------------------+------------------------------------------------------------------------------------------------------------------------------------------------------------------------+-------------------------------------------------------------------------+-------------------------------------------------------------------------+--------------+------------+------------+

Path #1: Setup slack is 3.762 
===============================================================================
+---------------------------------------------------------------------------------------------------------------------------------------------------------------------------------------------+
; Path Summary                                                                                                                                                                                ;
+--------------------+------------------------------------------------------------------------------------------------------------------------------------------------------------------------+
; Property           ; Value                                                                                                                                                                  ;
+--------------------+------------------------------------------------------------------------------------------------------------------------------------------------------------------------+
; From Node          ; emu:emu|mpeg2_h262_two_picture_probe:mpeg2_h262_two_picture_probe|mpeg2_h262_b_core_probe:b_controller|mpeg2_h262_p_non_intra_transform:b_transform|iq_index[1]        ;
; To Node            ; emu:emu|mpeg2_h262_two_picture_probe:mpeg2_h262_two_picture_probe|mpeg2_h262_b_core_probe:b_controller|mpeg2_h262_p_non_intra_transform:b_transform|iq_intra_weight[5] ;
; Launch Clock       ; emu|pll|pll_inst|altera_pll_i|general[2].gpll~PLL_OUTPUT_COUNTER|divclk                                                                                                ;
; Latch Clock        ; emu|pll|pll_inst|altera_pll_i|general[2].gpll~PLL_OUTPUT_COUNTER|divclk                                                                                                ;
; Data Arrival Time  ; 17.311                                                                                                                                                                 ;
; Data Required Time ; 21.073                                                                                                                                                                 ;
; Slack              ; 3.762                                                                                                                                                                  ;
+--------------------+------------------------------------------------------------------------------------------------------------------------------------------------------------------------+

+--------------------------------------------------------------------------------------+
; Statistics                                                                           ;
+------------------------+--------+-------+-------------+------------+--------+--------+
; Property               ; Value  ; Count ; Total Delay ; % of Total ; Min    ; Max    ;
+------------------------+--------+-------+-------------+------------+--------+--------+
; Setup Relationship     ; 16.666 ;       ;             ;            ;        ;        ;
; Clock Skew             ; -0.110 ;       ;             ;            ;        ;        ;
; Data Delay             ; 12.674 ;       ;             ;            ;        ;        ;
; Number of Logic Levels ;        ; 7     ;             ;            ;        ;        ;
; Physical Delays        ;        ;       ;             ;            ;        ;        ;
;  Arrival Path          ;        ;       ;             ;            ;        ;        ;
;   Clock                ;        ;       ;             ;            ;        ;        ;
;    IC                  ;        ; 6     ; 4.687       ; 56         ; 0.000  ; 2.313  ;
;    Cell                ;        ; 5     ; 3.718       ; 44         ; 0.304  ; 1.746  ;
;    PLL Compensation    ;        ; 1     ; -3.768      ; 0          ; -3.768 ; -3.768 ;
;   Data                 ;        ;       ;             ;            ;        ;        ;
;    IC                  ;        ; 8     ; 9.819       ; 77         ; 0.000  ; 2.380  ;
;    Cell                ;        ; 9     ; 2.855       ; 23         ; 0.000  ; 0.559  ;
;    uTco                ;        ; 1     ; 0.000       ; 0          ; 0.000  ; 0.000  ;
;  Required Path         ;        ;       ;             ;            ;        ;        ;
;   Clock                ;        ;       ;             ;            ;        ;        ;
;    IC                  ;        ; 6     ; 3.965       ; 54         ; 0.000  ; 1.886  ;
;    Cell                ;        ; 5     ; 3.329       ; 46         ; 0.279  ; 1.468  ;
;    PLL Compensation    ;        ; 1     ; -4.932      ; 0          ; -4.932 ; -4.932 ;
+------------------------+--------+-------+-------------+------------+--------+--------+
Note: Negative delays are omitted from totals when calculating percentages

+------------------------------------------------------------------------------------------------------------------------------------------------------------------------------------------------------------------------------------------------+
; Data Arrival Path                                                                                                                                                                                                                              ;
+----------+----------+----+------+--------+----------------------------+------------------------------------------------------------------------------------------------------------------------------------------------------------------------+
; Total    ; Incr     ; RF ; Type ; Fanout ; Location                   ; Element                                                                                                                                                                ;
+----------+----------+----+------+--------+----------------------------+------------------------------------------------------------------------------------------------------------------------------------------------------------------------+
; 0.000    ; 0.000    ;    ;      ;        ;                            ; launch edge time                                                                                                                                                       ;
; 4.637    ; 4.637    ;    ;      ;        ;                            ; clock path                                                                                                                                                             ;
;   0.000  ;   0.000  ;    ;      ;        ;                            ; source latency                                                                                                                                                         ;
;   0.000  ;   0.000  ;    ;      ; 1      ; PIN_Y13                    ; FPGA_CLK2_50                                                                                                                                                           ;
;   0.000  ;   0.000  ; RR ; IC   ; 1      ; IOIBUF_X56_Y0_N1           ; FPGA_CLK2_50~input|i                                                                                                                                                   ;
;   0.761  ;   0.761  ; RR ; CELL ; 2      ; IOIBUF_X56_Y0_N1           ; FPGA_CLK2_50~input|o                                                                                                                                                   ;
;   2.096  ;   1.335  ; RR ; IC   ; 1      ; PLLREFCLKSELECT_X89_Y7_N0  ; emu|pll|pll_inst|altera_pll_i|general[0].gpll~PLL_REFCLK_SELECT|clkin[0]                                                                                               ;
;   2.429  ;   0.333  ; RR ; CELL ; 1      ; PLLREFCLKSELECT_X89_Y7_N0  ; emu|pll|pll_inst|altera_pll_i|general[0].gpll~PLL_REFCLK_SELECT|clkout                                                                                                 ;
;   2.429  ;   0.000  ; RR ; IC   ; 10     ; FRACTIONALPLL_X89_Y1_N0    ; emu|pll|pll_inst|altera_pll_i|general[0].gpll~FRACTIONAL_PLL|refclkin                                                                                                  ;
;   -1.339 ;   -3.768 ; RR ; COMP ; 3      ; FRACTIONALPLL_X89_Y1_N0    ; emu|pll|pll_inst|altera_pll_i|general[0].gpll~FRACTIONAL_PLL|vcoph[0]                                                                                                  ;
;   -1.339 ;   0.000  ; RR ; IC   ; 1      ; PLLOUTPUTCOUNTER_X89_Y6_N1 ; emu|pll|pll_inst|altera_pll_i|general[2].gpll~PLL_OUTPUT_COUNTER|vco0ph[0]                                                                                             ;
;   0.407  ;   1.746  ; RR ; CELL ; 1      ; PLLOUTPUTCOUNTER_X89_Y6_N1 ; emu|pll|pll_inst|altera_pll_i|general[2].gpll~PLL_OUTPUT_COUNTER|divclk                                                                                                ;
;   1.446  ;   1.039  ; RR ; IC   ; 1      ; CLKCTRL_G6                 ; emu|pll|pll_inst|altera_pll_i|outclk_wire[2]~CLKENA0|inclk                                                                                                             ;
;   1.750  ;   0.304  ; RR ; CELL ; 36211  ; CLKCTRL_G6                 ; emu|pll|pll_inst|altera_pll_i|outclk_wire[2]~CLKENA0|outclk                                                                                                            ;
;   4.063  ;   2.313  ; RR ; IC   ; 1      ; FF_X28_Y4_N50              ; emu|mpeg2_h262_two_picture_probe|b_controller|b_transform|iq_index[1]|clk                                                                                              ;
;   4.637  ;   0.574  ; RR ; CELL ; 1      ; FF_X28_Y4_N50              ; emu:emu|mpeg2_h262_two_picture_probe:mpeg2_h262_two_picture_probe|mpeg2_h262_b_core_probe:b_controller|mpeg2_h262_p_non_intra_transform:b_transform|iq_index[1]        ;
; 17.311   ; 12.674   ;    ;      ;        ;                            ; data path                                                                                                                                                              ;
;   4.637  ;   0.000  ;    ; uTco ; 1      ; FF_X28_Y4_N50              ; emu:emu|mpeg2_h262_two_picture_probe:mpeg2_h262_two_picture_probe|mpeg2_h262_b_core_probe:b_controller|mpeg2_h262_p_non_intra_transform:b_transform|iq_index[1]        ;
;   4.637  ;   0.000  ; FF ; CELL ; 27     ; FF_X28_Y4_N50              ; emu|mpeg2_h262_two_picture_probe|b_controller|b_transform|iq_index[1]|q                                                                                                ;
;   5.372  ;   0.735  ; FF ; IC   ; 1      ; MLABCELL_X28_Y4_N45        ; emu|mpeg2_h262_two_picture_probe|b_controller|b_transform|iq_weight_read_index~0|datac                                                                                 ;
;   5.854  ;   0.482  ; FF ; CELL ; 7      ; MLABCELL_X28_Y4_N45        ; emu|mpeg2_h262_two_picture_probe|b_controller|b_transform|iq_weight_read_index~0|combout                                                                               ;
;   7.152  ;   1.298  ; FF ; IC   ; 1      ; LABCELL_X37_Y4_N3          ; emu|mpeg2_h262_two_picture_probe|b_controller|b_transform|iq_weight_read_index~1|dataf                                                                                 ;
;   7.249  ;   0.097  ; FR ; CELL ; 6      ; LABCELL_X37_Y4_N3          ; emu|mpeg2_h262_two_picture_probe|b_controller|b_transform|iq_weight_read_index~1|combout                                                                               ;
;   7.792  ;   0.543  ; RR ; IC   ; 1      ; LABCELL_X36_Y4_N33         ; emu|mpeg2_h262_two_picture_probe|b_controller|b_transform|iq_weight_read_index[2]~4|datad                                                                              ;
;   8.156  ;   0.364  ; RF ; CELL ; 119    ; LABCELL_X36_Y4_N33         ; emu|mpeg2_h262_two_picture_probe|b_controller|b_transform|iq_weight_read_index[2]~4|combout                                                                            ;
;   10.261 ;   2.105  ; FF ; IC   ; 1      ; MLABCELL_X47_Y10_N6        ; emu|mpeg2_h262_two_picture_probe|b_controller|b_transform|matrices|intra_mem~618|datac                                                                                 ;
;   10.769 ;   0.508  ; FF ; CELL ; 1      ; MLABCELL_X47_Y10_N6        ; emu|mpeg2_h262_two_picture_probe|b_controller|b_transform|matrices|intra_mem~618|combout                                                                               ;
;   11.961 ;   1.192  ; FF ; IC   ; 1      ; LABCELL_X43_Y10_N12        ; emu|mpeg2_h262_two_picture_probe|b_controller|b_transform|matrices|intra_mem~621|datab                                                                                 ;
;   12.520 ;   0.559  ; FF ; CELL ; 1      ; LABCELL_X43_Y10_N12        ; emu|mpeg2_h262_two_picture_probe|b_controller|b_transform|matrices|intra_mem~621|combout                                                                               ;
;   14.086 ;   1.566  ; FF ; IC   ; 1      ; LABCELL_X45_Y6_N12         ; emu|mpeg2_h262_two_picture_probe|b_controller|b_transform|matrices|intra_mem~637|datac                                                                                 ;
;   14.594 ;   0.508  ; FF ; CELL ; 1      ; LABCELL_X45_Y6_N12         ; emu|mpeg2_h262_two_picture_probe|b_controller|b_transform|matrices|intra_mem~637|combout                                                                               ;
;   16.974 ;   2.380  ; FF ; IC   ; 1      ; LABCELL_X30_Y2_N18         ; emu|mpeg2_h262_two_picture_probe|b_controller|b_transform|iq_intra_weight~5|dataf                                                                                      ;
;   17.051 ;   0.077  ; FF ; CELL ; 1      ; LABCELL_X30_Y2_N18         ; emu|mpeg2_h262_two_picture_probe|b_controller|b_transform|iq_intra_weight~5|combout                                                                                    ;
;   17.051 ;   0.000  ; FF ; IC   ; 1      ; FF_X30_Y2_N19              ; emu|mpeg2_h262_two_picture_probe|b_controller|b_transform|iq_intra_weight[5]|d                                                                                         ;
;   17.311 ;   0.260  ; FF ; CELL ; 1      ; FF_X30_Y2_N19              ; emu:emu|mpeg2_h262_two_picture_probe:mpeg2_h262_two_picture_probe|mpeg2_h262_b_core_probe:b_controller|mpeg2_h262_p_non_intra_transform:b_transform|iq_intra_weight[5] ;
+----------+----------+----+------+--------+----------------------------+------------------------------------------------------------------------------------------------------------------------------------------------------------------------+

+------------------------------------------------------------------------------------------------------------------------------------------------------------------------------------------------------------------------------------------------+
; Data Required Path                                                                                                                                                                                                                             ;
+----------+----------+----+------+--------+----------------------------+------------------------------------------------------------------------------------------------------------------------------------------------------------------------+
; Total    ; Incr     ; RF ; Type ; Fanout ; Location                   ; Element                                                                                                                                                                ;
+----------+----------+----+------+--------+----------------------------+------------------------------------------------------------------------------------------------------------------------------------------------------------------------+
; 16.666   ; 16.666   ;    ;      ;        ;                            ; latch edge time                                                                                                                                                        ;
; 21.193   ; 4.527    ;    ;      ;        ;                            ; clock path                                                                                                                                                             ;
;   16.666 ;   0.000  ;    ;      ;        ;                            ; source latency                                                                                                                                                         ;
;   16.666 ;   0.000  ;    ;      ; 1      ; PIN_Y13                    ; FPGA_CLK2_50                                                                                                                                                           ;
;   16.666 ;   0.000  ; RR ; IC   ; 1      ; IOIBUF_X56_Y0_N1           ; FPGA_CLK2_50~input|i                                                                                                                                                   ;
;   17.427 ;   0.761  ; RR ; CELL ; 2      ; IOIBUF_X56_Y0_N1           ; FPGA_CLK2_50~input|o                                                                                                                                                   ;
;   18.598 ;   1.171  ; RR ; IC   ; 1      ; PLLREFCLKSELECT_X89_Y7_N0  ; emu|pll|pll_inst|altera_pll_i|general[0].gpll~PLL_REFCLK_SELECT|clkin[0]                                                                                               ;
;   18.906 ;   0.308  ; RR ; CELL ; 1      ; PLLREFCLKSELECT_X89_Y7_N0  ; emu|pll|pll_inst|altera_pll_i|general[0].gpll~PLL_REFCLK_SELECT|clkout                                                                                                 ;
;   18.906 ;   0.000  ; RR ; IC   ; 10     ; FRACTIONALPLL_X89_Y1_N0    ; emu|pll|pll_inst|altera_pll_i|general[0].gpll~FRACTIONAL_PLL|refclkin                                                                                                  ;
;   13.974 ;   -4.932 ; RR ; COMP ; 3      ; FRACTIONALPLL_X89_Y1_N0    ; emu|pll|pll_inst|altera_pll_i|general[0].gpll~FRACTIONAL_PLL|vcoph[0]                                                                                                  ;
;   13.974 ;   0.000  ; RR ; IC   ; 1      ; PLLOUTPUTCOUNTER_X89_Y6_N1 ; emu|pll|pll_inst|altera_pll_i|general[2].gpll~PLL_OUTPUT_COUNTER|vco0ph[0]                                                                                             ;
;   15.442 ;   1.468  ; RR ; CELL ; 1      ; PLLOUTPUTCOUNTER_X89_Y6_N1 ; emu|pll|pll_inst|altera_pll_i|general[2].gpll~PLL_OUTPUT_COUNTER|divclk                                                                                                ;
;   16.350 ;   0.908  ; RR ; IC   ; 1      ; CLKCTRL_G6                 ; emu|pll|pll_inst|altera_pll_i|outclk_wire[2]~CLKENA0|inclk                                                                                                             ;
;   16.629 ;   0.279  ; RR ; CELL ; 36211  ; CLKCTRL_G6                 ; emu|pll|pll_inst|altera_pll_i|outclk_wire[2]~CLKENA0|outclk                                                                                                            ;
;   18.515 ;   1.886  ; RR ; IC   ; 1      ; FF_X30_Y2_N19              ; emu|mpeg2_h262_two_picture_probe|b_controller|b_transform|iq_intra_weight[5]|clk                                                                                       ;
;   19.028 ;   0.513  ; RR ; CELL ; 1      ; FF_X30_Y2_N19              ; emu:emu|mpeg2_h262_two_picture_probe:mpeg2_h262_two_picture_probe|mpeg2_h262_b_core_probe:b_controller|mpeg2_h262_p_non_intra_transform:b_transform|iq_intra_weight[5] ;
;   21.193 ;   2.165  ;    ;      ;        ;                            ; clock pessimism removed                                                                                                                                                ;
; 21.073   ; -0.120   ;    ;      ;        ;                            ; clock uncertainty                                                                                                                                                      ;
; 21.073   ; 0.000    ;    ; uTsu ; 1      ; FF_X30_Y2_N19              ; emu:emu|mpeg2_h262_two_picture_probe:mpeg2_h262_two_picture_probe|mpeg2_h262_b_core_probe:b_controller|mpeg2_h262_p_non_intra_transform:b_transform|iq_intra_weight[5] ;
+----------+----------+----+------+--------+----------------------------+------------------------------------------------------------------------------------------------------------------------------------------------------------------------+

----------------------------
; Extra Fitter Information ;
----------------------------
HTML report is unavailable in plain text report export.


Path #2: Setup slack is 4.111 
===============================================================================
+---------------------------------------------------------------------------------------------------------------------------------------------------------------------------------------------+
; Path Summary                                                                                                                                                                                ;
+--------------------+------------------------------------------------------------------------------------------------------------------------------------------------------------------------+
; Property           ; Value                                                                                                                                                                  ;
+--------------------+------------------------------------------------------------------------------------------------------------------------------------------------------------------------+
; From Node          ; emu:emu|mpeg2_h262_two_picture_probe:mpeg2_h262_two_picture_probe|mpeg2_h262_b_core_probe:b_controller|mpeg2_h262_p_non_intra_transform:b_transform|iq_index[2]        ;
; To Node            ; emu:emu|mpeg2_h262_two_picture_probe:mpeg2_h262_two_picture_probe|mpeg2_h262_b_core_probe:b_controller|mpeg2_h262_p_non_intra_transform:b_transform|iq_intra_weight[5] ;
; Launch Clock       ; emu|pll|pll_inst|altera_pll_i|general[2].gpll~PLL_OUTPUT_COUNTER|divclk                                                                                                ;
; Latch Clock        ; emu|pll|pll_inst|altera_pll_i|general[2].gpll~PLL_OUTPUT_COUNTER|divclk                                                                                                ;
; Data Arrival Time  ; 16.962                                                                                                                                                                 ;
; Data Required Time ; 21.073                                                                                                                                                                 ;
; Slack              ; 4.111                                                                                                                                                                  ;
+--------------------+------------------------------------------------------------------------------------------------------------------------------------------------------------------------+

+--------------------------------------------------------------------------------------+
; Statistics                                                                           ;
+------------------------+--------+-------+-------------+------------+--------+--------+
; Property               ; Value  ; Count ; Total Delay ; % of Total ; Min    ; Max    ;
+------------------------+--------+-------+-------------+------------+--------+--------+
; Setup Relationship     ; 16.666 ;       ;             ;            ;        ;        ;
; Clock Skew             ; -0.110 ;       ;             ;            ;        ;        ;
; Data Delay             ; 12.325 ;       ;             ;            ;        ;        ;
; Number of Logic Levels ;        ; 7     ;             ;            ;        ;        ;
; Physical Delays        ;        ;       ;             ;            ;        ;        ;
;  Arrival Path          ;        ;       ;             ;            ;        ;        ;
;   Clock                ;        ;       ;             ;            ;        ;        ;
;    IC                  ;        ; 6     ; 4.687       ; 56         ; 0.000  ; 2.313  ;
;    Cell                ;        ; 5     ; 3.718       ; 44         ; 0.304  ; 1.746  ;
;    PLL Compensation    ;        ; 1     ; -3.768      ; 0          ; -3.768 ; -3.768 ;
;   Data                 ;        ;       ;             ;            ;        ;        ;
;    IC                  ;        ; 8     ; 9.416       ; 76         ; 0.000  ; 2.380  ;
;    Cell                ;        ; 9     ; 2.909       ; 24         ; 0.000  ; 0.559  ;
;    uTco                ;        ; 1     ; 0.000       ; 0          ; 0.000  ; 0.000  ;
;  Required Path         ;        ;       ;             ;            ;        ;        ;
;   Clock                ;        ;       ;             ;            ;        ;        ;
;    IC                  ;        ; 6     ; 3.965       ; 54         ; 0.000  ; 1.886  ;
;    Cell                ;        ; 5     ; 3.329       ; 46         ; 0.279  ; 1.468  ;
;    PLL Compensation    ;        ; 1     ; -4.932      ; 0          ; -4.932 ; -4.932 ;
+------------------------+--------+-------+-------------+------------+--------+--------+
Note: Negative delays are omitted from totals when calculating percentages

+------------------------------------------------------------------------------------------------------------------------------------------------------------------------------------------------------------------------------------------------+
; Data Arrival Path                                                                                                                                                                                                                              ;
+----------+----------+----+------+--------+----------------------------+------------------------------------------------------------------------------------------------------------------------------------------------------------------------+
; Total    ; Incr     ; RF ; Type ; Fanout ; Location                   ; Element                                                                                                                                                                ;
+----------+----------+----+------+--------+----------------------------+------------------------------------------------------------------------------------------------------------------------------------------------------------------------+
; 0.000    ; 0.000    ;    ;      ;        ;                            ; launch edge time                                                                                                                                                       ;
; 4.637    ; 4.637    ;    ;      ;        ;                            ; clock path                                                                                                                                                             ;
;   0.000  ;   0.000  ;    ;      ;        ;                            ; source latency                                                                                                                                                         ;
;   0.000  ;   0.000  ;    ;      ; 1      ; PIN_Y13                    ; FPGA_CLK2_50                                                                                                                                                           ;
;   0.000  ;   0.000  ; RR ; IC   ; 1      ; IOIBUF_X56_Y0_N1           ; FPGA_CLK2_50~input|i                                                                                                                                                   ;
;   0.761  ;   0.761  ; RR ; CELL ; 2      ; IOIBUF_X56_Y0_N1           ; FPGA_CLK2_50~input|o                                                                                                                                                   ;
;   2.096  ;   1.335  ; RR ; IC   ; 1      ; PLLREFCLKSELECT_X89_Y7_N0  ; emu|pll|pll_inst|altera_pll_i|general[0].gpll~PLL_REFCLK_SELECT|clkin[0]                                                                                               ;
;   2.429  ;   0.333  ; RR ; CELL ; 1      ; PLLREFCLKSELECT_X89_Y7_N0  ; emu|pll|pll_inst|altera_pll_i|general[0].gpll~PLL_REFCLK_SELECT|clkout                                                                                                 ;
;   2.429  ;   0.000  ; RR ; IC   ; 10     ; FRACTIONALPLL_X89_Y1_N0    ; emu|pll|pll_inst|altera_pll_i|general[0].gpll~FRACTIONAL_PLL|refclkin                                                                                                  ;
;   -1.339 ;   -3.768 ; RR ; COMP ; 3      ; FRACTIONALPLL_X89_Y1_N0    ; emu|pll|pll_inst|altera_pll_i|general[0].gpll~FRACTIONAL_PLL|vcoph[0]                                                                                                  ;
;   -1.339 ;   0.000  ; RR ; IC   ; 1      ; PLLOUTPUTCOUNTER_X89_Y6_N1 ; emu|pll|pll_inst|altera_pll_i|general[2].gpll~PLL_OUTPUT_COUNTER|vco0ph[0]                                                                                             ;
;   0.407  ;   1.746  ; RR ; CELL ; 1      ; PLLOUTPUTCOUNTER_X89_Y6_N1 ; emu|pll|pll_inst|altera_pll_i|general[2].gpll~PLL_OUTPUT_COUNTER|divclk                                                                                                ;
;   1.446  ;   1.039  ; RR ; IC   ; 1      ; CLKCTRL_G6                 ; emu|pll|pll_inst|altera_pll_i|outclk_wire[2]~CLKENA0|inclk                                                                                                             ;
;   1.750  ;   0.304  ; RR ; CELL ; 36211  ; CLKCTRL_G6                 ; emu|pll|pll_inst|altera_pll_i|outclk_wire[2]~CLKENA0|outclk                                                                                                            ;
;   4.063  ;   2.313  ; RR ; IC   ; 1      ; FF_X28_Y4_N44              ; emu|mpeg2_h262_two_picture_probe|b_controller|b_transform|iq_index[2]|clk                                                                                              ;
;   4.637  ;   0.574  ; RR ; CELL ; 1      ; FF_X28_Y4_N44              ; emu:emu|mpeg2_h262_two_picture_probe:mpeg2_h262_two_picture_probe|mpeg2_h262_b_core_probe:b_controller|mpeg2_h262_p_non_intra_transform:b_transform|iq_index[2]        ;
; 16.962   ; 12.325   ;    ;      ;        ;                            ; data path                                                                                                                                                              ;
;   4.637  ;   0.000  ;    ; uTco ; 1      ; FF_X28_Y4_N44              ; emu:emu|mpeg2_h262_two_picture_probe:mpeg2_h262_two_picture_probe|mpeg2_h262_b_core_probe:b_controller|mpeg2_h262_p_non_intra_transform:b_transform|iq_index[2]        ;
;   4.637  ;   0.000  ; FF ; CELL ; 18     ; FF_X28_Y4_N44              ; emu|mpeg2_h262_two_picture_probe|b_controller|b_transform|iq_index[2]|q                                                                                                ;
;   4.969  ;   0.332  ; FF ; IC   ; 1      ; MLABCELL_X28_Y4_N45        ; emu|mpeg2_h262_two_picture_probe|b_controller|b_transform|iq_weight_read_index~0|datab                                                                                 ;
;   5.505  ;   0.536  ; FF ; CELL ; 7      ; MLABCELL_X28_Y4_N45        ; emu|mpeg2_h262_two_picture_probe|b_controller|b_transform|iq_weight_read_index~0|combout                                                                               ;
;   6.803  ;   1.298  ; FF ; IC   ; 1      ; LABCELL_X37_Y4_N3          ; emu|mpeg2_h262_two_picture_probe|b_controller|b_transform|iq_weight_read_index~1|dataf                                                                                 ;
;   6.900  ;   0.097  ; FR ; CELL ; 6      ; LABCELL_X37_Y4_N3          ; emu|mpeg2_h262_two_picture_probe|b_controller|b_transform|iq_weight_read_index~1|combout                                                                               ;
;   7.443  ;   0.543  ; RR ; IC   ; 1      ; LABCELL_X36_Y4_N33         ; emu|mpeg2_h262_two_picture_probe|b_controller|b_transform|iq_weight_read_index[2]~4|datad                                                                              ;
;   7.807  ;   0.364  ; RF ; CELL ; 119    ; LABCELL_X36_Y4_N33         ; emu|mpeg2_h262_two_picture_probe|b_controller|b_transform|iq_weight_read_index[2]~4|combout                                                                            ;
;   9.912  ;   2.105  ; FF ; IC   ; 1      ; MLABCELL_X47_Y10_N6        ; emu|mpeg2_h262_two_picture_probe|b_controller|b_transform|matrices|intra_mem~618|datac                                                                                 ;
;   10.420 ;   0.508  ; FF ; CELL ; 1      ; MLABCELL_X47_Y10_N6        ; emu|mpeg2_h262_two_picture_probe|b_controller|b_transform|matrices|intra_mem~618|combout                                                                               ;
;   11.612 ;   1.192  ; FF ; IC   ; 1      ; LABCELL_X43_Y10_N12        ; emu|mpeg2_h262_two_picture_probe|b_controller|b_transform|matrices|intra_mem~621|datab                                                                                 ;
;   12.171 ;   0.559  ; FF ; CELL ; 1      ; LABCELL_X43_Y10_N12        ; emu|mpeg2_h262_two_picture_probe|b_controller|b_transform|matrices|intra_mem~621|combout                                                                               ;
;   13.737 ;   1.566  ; FF ; IC   ; 1      ; LABCELL_X45_Y6_N12         ; emu|mpeg2_h262_two_picture_probe|b_controller|b_transform|matrices|intra_mem~637|datac                                                                                 ;
;   14.245 ;   0.508  ; FF ; CELL ; 1      ; LABCELL_X45_Y6_N12         ; emu|mpeg2_h262_two_picture_probe|b_controller|b_transform|matrices|intra_mem~637|combout                                                                               ;
;   16.625 ;   2.380  ; FF ; IC   ; 1      ; LABCELL_X30_Y2_N18         ; emu|mpeg2_h262_two_picture_probe|b_controller|b_transform|iq_intra_weight~5|dataf                                                                                      ;
;   16.702 ;   0.077  ; FF ; CELL ; 1      ; LABCELL_X30_Y2_N18         ; emu|mpeg2_h262_two_picture_probe|b_controller|b_transform|iq_intra_weight~5|combout                                                                                    ;
;   16.702 ;   0.000  ; FF ; IC   ; 1      ; FF_X30_Y2_N19              ; emu|mpeg2_h262_two_picture_probe|b_controller|b_transform|iq_intra_weight[5]|d                                                                                         ;
;   16.962 ;   0.260  ; FF ; CELL ; 1      ; FF_X30_Y2_N19              ; emu:emu|mpeg2_h262_two_picture_probe:mpeg2_h262_two_picture_probe|mpeg2_h262_b_core_probe:b_controller|mpeg2_h262_p_non_intra_transform:b_transform|iq_intra_weight[5] ;
+----------+----------+----+------+--------+----------------------------+------------------------------------------------------------------------------------------------------------------------------------------------------------------------+

+------------------------------------------------------------------------------------------------------------------------------------------------------------------------------------------------------------------------------------------------+
; Data Required Path                                                                                                                                                                                                                             ;
+----------+----------+----+------+--------+----------------------------+------------------------------------------------------------------------------------------------------------------------------------------------------------------------+
; Total    ; Incr     ; RF ; Type ; Fanout ; Location                   ; Element                                                                                                                                                                ;
+----------+----------+----+------+--------+----------------------------+------------------------------------------------------------------------------------------------------------------------------------------------------------------------+
; 16.666   ; 16.666   ;    ;      ;        ;                            ; latch edge time                                                                                                                                                        ;
; 21.193   ; 4.527    ;    ;      ;        ;                            ; clock path                                                                                                                                                             ;
;   16.666 ;   0.000  ;    ;      ;        ;                            ; source latency                                                                                                                                                         ;
;   16.666 ;   0.000  ;    ;      ; 1      ; PIN_Y13                    ; FPGA_CLK2_50                                                                                                                                                           ;
;   16.666 ;   0.000  ; RR ; IC   ; 1      ; IOIBUF_X56_Y0_N1           ; FPGA_CLK2_50~input|i                                                                                                                                                   ;
;   17.427 ;   0.761  ; RR ; CELL ; 2      ; IOIBUF_X56_Y0_N1           ; FPGA_CLK2_50~input|o                                                                                                                                                   ;
;   18.598 ;   1.171  ; RR ; IC   ; 1      ; PLLREFCLKSELECT_X89_Y7_N0  ; emu|pll|pll_inst|altera_pll_i|general[0].gpll~PLL_REFCLK_SELECT|clkin[0]                                                                                               ;
;   18.906 ;   0.308  ; RR ; CELL ; 1      ; PLLREFCLKSELECT_X89_Y7_N0  ; emu|pll|pll_inst|altera_pll_i|general[0].gpll~PLL_REFCLK_SELECT|clkout                                                                                                 ;
;   18.906 ;   0.000  ; RR ; IC   ; 10     ; FRACTIONALPLL_X89_Y1_N0    ; emu|pll|pll_inst|altera_pll_i|general[0].gpll~FRACTIONAL_PLL|refclkin                                                                                                  ;
;   13.974 ;   -4.932 ; RR ; COMP ; 3      ; FRACTIONALPLL_X89_Y1_N0    ; emu|pll|pll_inst|altera_pll_i|general[0].gpll~FRACTIONAL_PLL|vcoph[0]                                                                                                  ;
;   13.974 ;   0.000  ; RR ; IC   ; 1      ; PLLOUTPUTCOUNTER_X89_Y6_N1 ; emu|pll|pll_inst|altera_pll_i|general[2].gpll~PLL_OUTPUT_COUNTER|vco0ph[0]                                                                                             ;
;   15.442 ;   1.468  ; RR ; CELL ; 1      ; PLLOUTPUTCOUNTER_X89_Y6_N1 ; emu|pll|pll_inst|altera_pll_i|general[2].gpll~PLL_OUTPUT_COUNTER|divclk                                                                                                ;
;   16.350 ;   0.908  ; RR ; IC   ; 1      ; CLKCTRL_G6                 ; emu|pll|pll_inst|altera_pll_i|outclk_wire[2]~CLKENA0|inclk                                                                                                             ;
;   16.629 ;   0.279  ; RR ; CELL ; 36211  ; CLKCTRL_G6                 ; emu|pll|pll_inst|altera_pll_i|outclk_wire[2]~CLKENA0|outclk                                                                                                            ;
;   18.515 ;   1.886  ; RR ; IC   ; 1      ; FF_X30_Y2_N19              ; emu|mpeg2_h262_two_picture_probe|b_controller|b_transform|iq_intra_weight[5]|clk                                                                                       ;
;   19.028 ;   0.513  ; RR ; CELL ; 1      ; FF_X30_Y2_N19              ; emu:emu|mpeg2_h262_two_picture_probe:mpeg2_h262_two_picture_probe|mpeg2_h262_b_core_probe:b_controller|mpeg2_h262_p_non_intra_transform:b_transform|iq_intra_weight[5] ;
;   21.193 ;   2.165  ;    ;      ;        ;                            ; clock pessimism removed                                                                                                                                                ;
; 21.073   ; -0.120   ;    ;      ;        ;                            ; clock uncertainty                                                                                                                                                      ;
; 21.073   ; 0.000    ;    ; uTsu ; 1      ; FF_X30_Y2_N19              ; emu:emu|mpeg2_h262_two_picture_probe:mpeg2_h262_two_picture_probe|mpeg2_h262_b_core_probe:b_controller|mpeg2_h262_p_non_intra_transform:b_transform|iq_intra_weight[5] ;
+----------+----------+----+------+--------+----------------------------+------------------------------------------------------------------------------------------------------------------------------------------------------------------------+

----------------------------
; Extra Fitter Information ;
----------------------------
HTML report is unavailable in plain text report export.


