sxmlc.c >> bin/sxmlc.c.d
lib/miniz/miniz.c >> bin/./lib/miniz/miniz.c.d
lib/md5/md5.c >> bin/./lib/md5/md5.c.d
lib/lzma/Alloc.c >> bin/./lib/lzma/Alloc.c.d
lib/lzma/CpuArch.c >> bin/./lib/lzma/CpuArch.c.d
lib/lzma/Delta.c >> bin/./lib/lzma/Delta.c.d
lib/lzma/LzFind.c >> bin/./lib/lzma/LzFind.c.d
lib/lzma/LzmaDec.c >> bin/./lib/lzma/LzmaDec.c.d
lib/lzma/LzmaEnc.c >> bin/./lib/lzma/LzmaEnc.c.d
lib/lzma/LzmaLib.c >> bin/./lib/lzma/LzmaLib.c.d
lib/lzma/Sort.c >> bin/./lib/lzma/Sort.c.d
lib/zstd/lib/common/debug.c >> bin/./lib/zstd/lib/common/debug.c.d
lib/zstd/lib/common/entropy_common.c >> bin/./lib/zstd/lib/common/entropy_common.c.d
lib/zstd/lib/common/error_private.c >> bin/./lib/zstd/lib/common/error_private.c.d
lib/zstd/lib/common/fse_decompress.c >> bin/./lib/zstd/lib/common/fse_decompress.c.d
lib/zstd/lib/common/pool.c >> bin/./lib/zstd/lib/common/pool.c.d
lib/zstd/lib/common/threading.c >> bin/./lib/zstd/lib/common/threading.c.d
lib/zstd/lib/common/xxhash.c >> bin/./lib/zstd/lib/common/xxhash.c.d
lib/zstd/lib/common/zstd_common.c >> bin/./lib/zstd/lib/common/zstd_common.c.d
lib/zstd/lib/decompress/huf_decompress.c >> bin/./lib/zstd/lib/decompress/huf_decompress.c.d
lib/zstd/lib/decompress/zstd_ddict.c >> bin/./lib/zstd/lib/decompress/zstd_ddict.c.d
lib/zstd/lib/decompress/zstd_decompress_block.c >> bin/./lib/zstd/lib/decompress/zstd_decompress_block.c.d
lib/zstd/lib/decompress/zstd_decompress.c >> bin/./lib/zstd/lib/decompress/zstd_decompress.c.d
lib/libchdr/libchdr_bitstream.c >> bin/./lib/libchdr/libchdr_bitstream.c.d
lib/libchdr/libchdr_cdrom.c >> bin/./lib/libchdr/libchdr_cdrom.c.d
lib/libchdr/libchdr_chd.c >> bin/./lib/libchdr/libchdr_chd.c.d
lib/libchdr/libchdr_flac.c >> bin/./lib/libchdr/libchdr_flac.c.d
lib/libchdr/libchdr_huffman.c >> bin/./lib/libchdr/libchdr_huffman.c.d
lib/libco/arm.c >> bin/lib/libco/arm.c.d
audio.cpp >> bin/audio.cpp.d
autofire.cpp >> bin/autofire.cpp.d
battery.cpp >> bin/battery.cpp.d
bootcore.cpp >> bin/bootcore.cpp.d
brightness.cpp >> bin/brightness.cpp.d
cfg.cpp >> bin/cfg.cpp.d
charrom.cpp >> bin/charrom.cpp.d
cheats.cpp >> bin/cheats.cpp.d
DiskImage.cpp >> bin/DiskImage.cpp.d
file_io.cpp >> bin/file_io.cpp.d
fpga_io.cpp >> bin/fpga_io.cpp.d
frame_timer.cpp >> bin/frame_timer.cpp.d
gamecontroller_db.cpp >> bin/gamecontroller_db.cpp.d
game_docs.cpp >> bin/game_docs.cpp.d
hardware.cpp >> bin/hardware.cpp.d
hdmi_cec.cpp >> bin/hdmi_cec.cpp.d
ide_cdrom.cpp >> bin/ide_cdrom.cpp.d
ide.cpp >> bin/ide.cpp.d
input.cpp >> bin/input.cpp.d
joymapping.cpp >> bin/joymapping.cpp.d
main.cpp >> bin/main.cpp.d
menu.cpp >> bin/menu.cpp.d
offload.cpp >> bin/offload.cpp.d
osd.cpp >> bin/osd.cpp.d
profiling.cpp >> bin/profiling.cpp.d
recent.cpp >> bin/recent.cpp.d
scaler.cpp >> bin/scaler.cpp.d
scheduler.cpp >> bin/scheduler.cpp.d
shmem.cpp >> bin/shmem.cpp.d
smbus.cpp >> bin/smbus.cpp.d
spi.cpp >> bin/spi.cpp.d
str_util.cpp >> bin/str_util.cpp.d
user_io.cpp >> bin/user_io.cpp.d
video.cpp >> bin/video.cpp.d
support/3do/3docdd.cpp >> bin/./support/3do/3docdd.cpp.d
support/3do/3do.cpp >> bin/./support/3do/3do.cpp.d
support/a2/dsk2nib_lib.cpp >> bin/./support/a2/dsk2nib_lib.cpp.d
support/a2/iigs_disk.cpp >> bin/./support/a2/iigs_disk.cpp.d
support/a2/iigs_fmt.cpp >> bin/./support/a2/iigs_fmt.cpp.d
support/arcade/buffer.cpp >> bin/./support/arcade/buffer.cpp.d
support/arcade/mra_loader.cpp >> bin/./support/arcade/mra_loader.cpp.d
support/archie/archie.cpp >> bin/./support/archie/archie.cpp.d
support/atari8bit/atari5200.cpp >> bin/./support/atari8bit/atari5200.cpp.d
support/atari8bit/atari800.cpp >> bin/./support/atari8bit/atari800.cpp.d
support/c64/c64.cpp >> bin/./support/c64/c64.cpp.d
support/cdi/cdg_unpacker_unittest.cpp >> bin/./support/cdi/cdg_unpacker_unittest.cpp.d
support/cdi/cdi.cpp >> bin/./support/cdi/cdi.cpp.d
support/chd/mister_chd.cpp >> bin/./support/chd/mister_chd.cpp.d
support/mac/mac_cdrom.cpp >> bin/./support/mac/mac_cdrom.cpp.d
support/mac/mac.cpp >> bin/./support/mac/mac.cpp.d
support/mac/mac_toolbox.cpp >> bin/./support/mac/mac_toolbox.cpp.d
support/mediaplayer/mediaplayer.cpp >> bin/./support/mediaplayer/mediaplayer.cpp.d
support/megacd/megacd.cpp >> bin/./support/megacd/megacd.cpp.d
support/megacd/megacdd.cpp >> bin/./support/megacd/megacdd.cpp.d
support/megadrive/mdplus.cpp >> bin/./support/megadrive/mdplus.cpp.d
support/minimig/akiko_cd32.cpp >> bin/./support/minimig/akiko_cd32.cpp.d
support/minimig/cdtv_cd.cpp >> bin/./support/minimig/cdtv_cd.cpp.d
support/minimig/minimig_a2065.cpp >> bin/./support/minimig/minimig_a2065.cpp.d
support/minimig/minimig_a2065_crc32.cpp >> bin/./support/minimig/minimig_a2065_crc32.cpp.d
support/minimig/minimig_a2065_ethernet.cpp >> bin/./support/minimig/minimig_a2065_ethernet.cpp.d
support/minimig/minimig_a2065_mac.cpp >> bin/./support/minimig/minimig_a2065_mac.cpp.d
support/minimig/minimig_a2065_registers.cpp >> bin/./support/minimig/minimig_a2065_registers.cpp.d
support/minimig/minimig_a2065_rings.cpp >> bin/./support/minimig/minimig_a2065_rings.cpp.d
support/minimig/minimig_boot.cpp >> bin/./support/minimig/minimig_boot.cpp.d
support/minimig/minimig_config.cpp >> bin/./support/minimig/minimig_config.cpp.d
support/minimig/minimig_fdd.cpp >> bin/./support/minimig/minimig_fdd.cpp.d
support/minimig/minimig_share.cpp >> bin/./support/minimig/minimig_share.cpp.d
support/n64/n64.cpp >> bin/./support/n64/n64.cpp.d
support/n64/n64_joy_emu.cpp >> bin/./support/n64/n64_joy_emu.cpp.d
support/neogeo/neogeocd.cpp >> bin/./support/neogeo/neogeocd.cpp.d
support/neogeo/neogeo_loader.cpp >> bin/./support/neogeo/neogeo_loader.cpp.d
support/pcecd/pcecd.cpp >> bin/./support/pcecd/pcecd.cpp.d
support/pcecd/pcecdd.cpp >> bin/./support/pcecd/pcecdd.cpp.d
support/pcecd/seektime.cpp >> bin/./support/pcecd/seektime.cpp.d
support/psx/psx.cpp >> bin/./support/psx/psx.cpp.d
support/saturn/saturncdd.cpp >> bin/./support/saturn/saturncdd.cpp.d
support/saturn/saturn.cpp >> bin/./support/saturn/saturn.cpp.d
support/sharpmz/sharpmz.cpp >> bin/./support/sharpmz/sharpmz.cpp.d
support/snes/snes.cpp >> bin/./support/snes/snes.cpp.d
support/st/st_tos.cpp >> bin/./support/st/st_tos.cpp.d
support/uef/uef_reader.cpp >> bin/./support/uef/uef_reader.cpp.d
support/vhd/vhdcgf.cpp >> bin/./support/vhd/vhdcgf.cpp.d
support/x86/x86.cpp >> bin/./support/x86/x86.cpp.d
support/x86/x86_share.cpp >> bin/./support/x86/x86_share.cpp.d
sxmlc.c
lib/miniz/miniz.c
lib/md5/md5.c
lib/lzma/Alloc.c
lib/lzma/CpuArch.c
lib/lzma/Delta.c
lib/lzma/LzFind.c
lib/lzma/LzmaDec.c
lib/lzma/LzmaEnc.c
lib/lzma/LzmaLib.c
lib/lzma/Sort.c
lib/zstd/lib/common/debug.c
lib/zstd/lib/common/entropy_common.c
lib/zstd/lib/common/error_private.c
lib/zstd/lib/common/fse_decompress.c
lib/zstd/lib/common/pool.c
lib/zstd/lib/common/threading.c
lib/zstd/lib/common/xxhash.c
lib/zstd/lib/common/zstd_common.c
lib/zstd/lib/decompress/huf_decompress.c
lib/zstd/lib/decompress/zstd_ddict.c
lib/zstd/lib/decompress/zstd_decompress_block.c
lib/zstd/lib/decompress/zstd_decompress.c
lib/libchdr/libchdr_bitstream.c
lib/libchdr/libchdr_cdrom.c
lib/libchdr/libchdr_chd.c
lib/libchdr/libchdr_flac.c
lib/libchdr/libchdr_huffman.c
lib/libco/arm.c
audio.cpp
autofire.cpp
battery.cpp
bootcore.cpp
brightness.cpp
cfg.cpp
charrom.cpp
cheats.cpp
DiskImage.cpp
file_io.cpp
fpga_io.cpp
frame_timer.cpp
gamecontroller_db.cpp
game_docs.cpp
hardware.cpp
hdmi_cec.cpp
ide_cdrom.cpp
ide.cpp
input.cpp
joymapping.cpp
menu.cpp
offload.cpp
osd.cpp
profiling.cpp
recent.cpp
scaler.cpp
scheduler.cpp
shmem.cpp
smbus.cpp
spi.cpp
str_util.cpp
user_io.cpp
video.cpp
support/3do/3docdd.cpp
support/3do/3do.cpp
support/a2/dsk2nib_lib.cpp
support/a2/iigs_disk.cpp
support/a2/iigs_fmt.cpp
support/arcade/buffer.cpp
support/arcade/mra_loader.cpp
support/archie/archie.cpp
support/atari8bit/atari5200.cpp
support/atari8bit/atari800.cpp
support/c64/c64.cpp
support/cdi/cdg_unpacker_unittest.cpp
support/cdi/cdi.cpp
support/chd/mister_chd.cpp
support/mac/mac_cdrom.cpp
support/mac/mac.cpp
support/mac/mac_toolbox.cpp
support/mediaplayer/mediaplayer.cpp
support/megacd/megacd.cpp
support/megacd/megacdd.cpp
support/megadrive/mdplus.cpp
support/minimig/akiko_cd32.cpp
support/minimig/cdtv_cd.cpp
support/minimig/minimig_a2065.cpp
support/minimig/minimig_a2065_crc32.cpp
support/minimig/minimig_a2065_ethernet.cpp
support/minimig/minimig_a2065_mac.cpp
support/minimig/minimig_a2065_registers.cpp
support/minimig/minimig_a2065_rings.cpp
support/minimig/minimig_boot.cpp
support/minimig/minimig_config.cpp
support/minimig/minimig_fdd.cpp
support/minimig/minimig_share.cpp
support/n64/n64.cpp
support/n64/n64_joy_emu.cpp
support/neogeo/neogeocd.cpp
support/neogeo/neogeo_loader.cpp
support/pcecd/pcecd.cpp
support/pcecd/pcecdd.cpp
support/pcecd/seektime.cpp
support/psx/psx.cpp
support/saturn/saturncdd.cpp
support/saturn/saturn.cpp
support/sharpmz/sharpmz.cpp
support/snes/snes.cpp
support/st/st_tos.cpp
support/uef/uef_reader.cpp
support/vhd/vhdcgf.cpp
support/x86/x86.cpp
support/x86/x86_share.cpp
logo.png
main.cpp
bin/MiSTer
