t=2 start source=file:/media/fat/games/MediaPlayer/dvd_opening_original.mpg index=65 core=MediaPlayer alternate=MediaPlayer
t=43 profile_version=2 transport=credit_step_v1 ack_sample_every=64 first_byte_means=first_verified_step interval_means=media_poll_entry_to_entry poll_budget_us=2000 step_bytes=2048 step_limit=8
t=1969 helper forked pid=2174 read_fd=14
t=2082 download asserted index=65 pid=2174
t=2234 would_block count=1 submitted=0
t=2254 profile_poll polls=1 elapsed_us=33 interval_us=0 chunks=0
t=2445 would_block count=2 submitted=0
t=2469 profile_poll polls=2 elapsed_us=33 interval_us=215 chunks=0
t=2532 would_block count=3 submitted=0
t=2546 profile_poll polls=3 elapsed_us=21 interval_us=90 chunks=0
t=2600 would_block count=4 submitted=0
t=2613 profile_poll polls=4 elapsed_us=19 interval_us=69 chunks=0
t=2840 would_block count=8 submitted=0
t=3188 would_block count=16 submitted=0
t=3870 would_block count=32 submitted=0
t=5200 would_block count=64 submitted=0
t=5217 profile_poll polls=64 elapsed_us=23 interval_us=40 chunks=0
t=7856 would_block count=128 submitted=0
t=7871 profile_poll polls=128 elapsed_us=21 interval_us=41 chunks=0
media_player_helper: audio output hdmi (decoded stereo PCM)
No accelerated IMDCT transform found
media_player_helper: AC-3 audio on private substream 0x80
t=16865 pipe_read event=1 count=8192 read_us=51 buffered=8192
t=17354 first_byte latency_us=15273 would_block=173 count=2048
t=17367 transfer event=1 count=2048 submitted=2048 tx_us=450 fast_bytes=2048 slow_bytes=0 queries=2
t=17851 transfer event=2 count=2048 submitted=4096 tx_us=469 fast_bytes=2048 slow_bytes=0 queries=2
t=18325 transfer event=3 count=2048 submitted=6144 tx_us=456 fast_bytes=2048 slow_bytes=0 queries=2
t=18805 transfer event=4 count=2048 submitted=8192 tx_us=464 fast_bytes=2048 slow_bytes=0 queries=2
t=19596 profile_poll polls=192 elapsed_us=7 interval_us=40 chunks=0
t=22255 profile_poll polls=256 elapsed_us=7 interval_us=40 chunks=0
t=22314 would_block count=256 submitted=8192
t=30850 pipe_read event=2 count=12288 read_us=38 buffered=12288
t=34833 profile_poll polls=320 elapsed_us=7 interval_us=42 chunks=0
t=37465 profile_poll polls=384 elapsed_us=7 interval_us=41 chunks=0
t=39388 pipe_read event=3 count=16384 read_us=55 buffered=16384
t=43194 pipe_read event=4 count=16384 read_us=30 buffered=16384
t=56165 pipe_read event=5 count=16384 read_us=3769 buffered=16384
t=61309 pipe_read event=6 count=16384 read_us=1307 buffered=16384
t=67473 pipe_read event=7 count=16384 read_us=2329 buffered=16384
t=73981 pipe_read event=8 count=16384 read_us=2686 buffered=16384
t=82504 pipe_read event=9 count=16384 read_us=4627 buffered=16384
t=85376 transfer event=64 count=2048 submitted=131072 tx_us=451 fast_bytes=2048 slow_bytes=0 queries=2
t=89206 pipe_read event=10 count=16384 read_us=2831 buffered=16384
t=96157 pipe_read event=11 count=16384 read_us=3107 buffered=16384
t=102147 pipe_read event=12 count=16384 read_us=2145 buffered=16384
t=109083 pipe_read event=13 count=16384 read_us=3112 buffered=16384
t=114066 pipe_read event=14 count=16384 read_us=1154 buffered=16384
t=118052 pipe_read event=15 count=16384 read_us=165 buffered=16384
t=122965 pipe_read event=16 count=16384 read_us=1096 buffered=16384
t=126947 pipe_read event=17 count=16384 read_us=159 buffered=16384
t=129794 transfer event=128 count=2048 submitted=262144 tx_us=458 fast_bytes=2048 slow_bytes=0 queries=2
t=130941 pipe_read event=18 count=16384 read_us=154 buffered=16384
t=136850 pipe_read event=19 count=16384 read_us=2101 buffered=16384
t=144108 pipe_read event=20 count=16384 read_us=3440 buffered=16384
t=150177 pipe_read event=21 count=16384 read_us=2233 buffered=16384
t=155367 pipe_read event=22 count=16384 read_us=1357 buffered=16384
t=160982 pipe_read event=23 count=16384 read_us=1794 buffered=16384
t=167253 pipe_read event=24 count=16384 read_us=2428 buffered=16384
t=171258 pipe_read event=25 count=16384 read_us=168 buffered=16384
t=174103 transfer event=192 count=2048 submitted=393216 tx_us=460 fast_bytes=2048 slow_bytes=0 queries=2
t=176530 pipe_read event=26 count=16384 read_us=1429 buffered=16384
t=180558 pipe_read event=27 count=16384 read_us=174 buffered=16384
t=184542 pipe_read event=28 count=16384 read_us=171 buffered=16384
t=189762 pipe_read event=29 count=16384 read_us=1412 buffered=16384
t=193766 pipe_read event=30 count=16384 read_us=184 buffered=16384
t=197723 pipe_read event=31 count=16384 read_us=160 buffered=16384
t=201646 pipe_read event=32 count=16384 read_us=157 buffered=16384
t=204487 profile_poll polls=448 elapsed_us=2297 interval_us=2545 chunks=5
t=207012 pipe_read event=33 count=16384 read_us=1536 buffered=16384
t=209875 transfer event=256 count=2048 submitted=524288 tx_us=460 fast_bytes=2048 slow_bytes=0 queries=2
t=211033 pipe_read event=34 count=16384 read_us=161 buffered=16384
t=215023 pipe_read event=35 count=16384 read_us=160 buffered=16384
t=221004 pipe_read event=36 count=16384 read_us=2162 buffered=16384
t=225018 pipe_read event=37 count=16384 read_us=177 buffered=16384
t=228997 pipe_read event=38 count=16384 read_us=163 buffered=16384
t=232967 pipe_read event=39 count=16384 read_us=160 buffered=16384
t=236901 pipe_read event=40 count=16384 read_us=180 buffered=16384
t=240869 pipe_read event=41 count=16384 read_us=174 buffered=16384
t=243698 transfer event=320 count=2048 submitted=655360 tx_us=450 fast_bytes=2048 slow_bytes=0 queries=2
t=244872 pipe_read event=42 count=16384 read_us=178 buffered=16384
t=260576 pipe_read event=43 count=16384 read_us=1585 buffered=16384
t=264599 pipe_read event=44 count=16384 read_us=180 buffered=16384
t=268568 pipe_read event=45 count=16384 read_us=165 buffered=16384
t=274239 pipe_read event=46 count=16384 read_us=1862 buffered=16384
t=278254 pipe_read event=47 count=16384 read_us=178 buffered=16384
t=282228 pipe_read event=48 count=16384 read_us=165 buffered=16384
t=287691 pipe_read event=49 count=16384 read_us=1661 buffered=16384
t=290559 transfer event=384 count=2048 submitted=786432 tx_us=454 fast_bytes=2048 slow_bytes=0 queries=2
t=293136 pipe_read event=50 count=16384 read_us=1581 buffered=16384
t=301221 pipe_read event=51 count=16384 read_us=4252 buffered=16384
t=307398 pipe_read event=52 count=16384 read_us=2322 buffered=16384
t=311401 pipe_read event=53 count=16384 read_us=167 buffered=16384
t=318610 pipe_read event=54 count=16384 read_us=3392 buffered=16384
t=322663 pipe_read event=55 count=16384 read_us=184 buffered=16384
t=326642 pipe_read event=56 count=16384 read_us=159 buffered=16384
t=331524 pipe_read event=57 count=16384 read_us=1067 buffered=16384
t=334381 transfer event=448 count=2048 submitted=917504 tx_us=453 fast_bytes=2048 slow_bytes=0 queries=2
t=335535 pipe_read event=58 count=16384 read_us=163 buffered=16384
t=339504 pipe_read event=59 count=16384 read_us=159 buffered=16384
t=343429 pipe_read event=60 count=16384 read_us=161 buffered=16384
t=348764 pipe_read event=61 count=16384 read_us=1525 buffered=16384
t=352766 pipe_read event=62 count=16384 read_us=183 buffered=16384
t=356717 pipe_read event=63 count=16384 read_us=157 buffered=16384
t=362085 pipe_read event=64 count=16384 read_us=1552 buffered=16384
t=368321 pipe_read event=65 count=16384 read_us=2413 buffered=16384
t=371180 transfer event=512 count=2048 submitted=1048576 tx_us=460 fast_bytes=2048 slow_bytes=0 queries=2
t=371205 profile_poll polls=512 elapsed_us=2317 interval_us=3904 chunks=5
t=372349 pipe_read event=66 count=16384 read_us=164 buffered=16384
t=378423 pipe_read event=67 count=16384 read_us=2255 buffered=16384
t=382438 pipe_read event=68 count=16384 read_us=169 buffered=16384
t=386426 pipe_read event=69 count=16384 read_us=168 buffered=16384
t=390397 pipe_read event=70 count=16384 read_us=161 buffered=16384
t=394330 pipe_read event=71 count=16384 read_us=168 buffered=16384
t=398297 pipe_read event=72 count=16384 read_us=163 buffered=16384
t=402262 pipe_read event=73 count=16384 read_us=166 buffered=16384
t=405106 transfer event=576 count=2048 submitted=1179648 tx_us=459 fast_bytes=2048 slow_bytes=0 queries=2
t=407589 pipe_read event=74 count=16384 read_us=1500 buffered=16384
t=411592 pipe_read event=75 count=16384 read_us=165 buffered=16384
t=415588 pipe_read event=76 count=16384 read_us=164 buffered=16384
t=419558 pipe_read event=77 count=16384 read_us=155 buffered=16384
t=427796 pipe_read event=78 count=16384 read_us=4474 buffered=16384
t=435848 pipe_read event=79 count=16384 read_us=4199 buffered=16384
t=439910 pipe_read event=80 count=16384 read_us=224 buffered=16384
t=443899 pipe_read event=81 count=16384 read_us=185 buffered=16384
t=446757 transfer event=640 count=2048 submitted=1310720 tx_us=459 fast_bytes=2048 slow_bytes=0 queries=2
t=450171 pipe_read event=82 count=16384 read_us=2438 buffered=16384
t=454179 pipe_read event=83 count=16384 read_us=177 buffered=16384
t=458146 pipe_read event=84 count=16384 read_us=158 buffered=16384
t=462118 pipe_read event=85 count=16384 read_us=159 buffered=16384
t=466027 pipe_read event=86 count=16384 read_us=157 buffered=16384
t=471223 pipe_read event=87 count=16384 read_us=1394 buffered=16384
t=475217 pipe_read event=88 count=16384 read_us=164 buffered=16384
t=479188 pipe_read event=89 count=16384 read_us=158 buffered=16384
t=482033 transfer event=704 count=2048 submitted=1441792 tx_us=460 fast_bytes=2048 slow_bytes=0 queries=2
t=484504 pipe_read event=90 count=16384 read_us=1483 buffered=16384
t=488494 pipe_read event=91 count=16384 read_us=169 buffered=16384
t=493840 pipe_read event=92 count=16384 read_us=1536 buffered=16384
t=497847 pipe_read event=93 count=16384 read_us=187 buffered=16384
t=501829 pipe_read event=94 count=16384 read_us=187 buffered=16384
t=507093 pipe_read event=95 count=16384 read_us=1469 buffered=16384
t=511119 pipe_read event=96 count=16384 read_us=177 buffered=16384
t=517418 pipe_read event=97 count=16384 read_us=2487 buffered=16384
t=520290 transfer event=768 count=2048 submitted=1572864 tx_us=452 fast_bytes=2048 slow_bytes=0 queries=2
t=521451 pipe_read event=98 count=16384 read_us=175 buffered=16384
t=526644 pipe_read event=99 count=16384 read_us=1377 buffered=16384
t=527150 profile_poll polls=576 elapsed_us=2342 interval_us=2347 chunks=2
t=532984 pipe_read event=100 count=16384 read_us=2487 buffered=16384
t=536989 pipe_read event=101 count=16384 read_us=173 buffered=16384
t=540969 pipe_read event=102 count=16384 read_us=161 buffered=16384
t=544934 pipe_read event=103 count=16384 read_us=162 buffered=16384
t=548870 pipe_read event=104 count=16384 read_us=179 buffered=16384
t=552836 pipe_read event=105 count=16384 read_us=174 buffered=16384
t=555667 transfer event=832 count=2048 submitted=1703936 tx_us=450 fast_bytes=2048 slow_bytes=0 queries=2
t=556832 pipe_read event=106 count=16384 read_us=178 buffered=16384
t=561977 pipe_read event=107 count=16384 read_us=1350 buffered=16384
t=567789 pipe_read event=108 count=16384 read_us=1978 buffered=16384
t=574671 pipe_read event=109 count=16384 read_us=3040 buffered=16384
t=580198 pipe_read event=110 count=16384 read_us=1676 buffered=16384
t=584211 pipe_read event=111 count=16384 read_us=168 buffered=16384
t=590531 pipe_read event=112 count=16384 read_us=2509 buffered=16384
t=596799 pipe_read event=113 count=16384 read_us=2437 buffered=16384
t=599657 transfer event=896 count=2048 submitted=1835008 tx_us=450 fast_bytes=2048 slow_bytes=0 queries=2
t=600855 pipe_read event=114 count=16384 read_us=196 buffered=16384
t=604845 pipe_read event=115 count=16384 read_us=182 buffered=16384
t=608827 pipe_read event=116 count=16384 read_us=183 buffered=16384
t=614257 pipe_read event=117 count=16384 read_us=1671 buffered=16384
t=618284 pipe_read event=118 count=16384 read_us=174 buffered=16384
t=622262 pipe_read event=119 count=16384 read_us=158 buffered=16384
t=628051 pipe_read event=120 count=16384 read_us=1979 buffered=16384
t=632057 pipe_read event=121 count=16384 read_us=167 buffered=16384
t=634927 transfer event=960 count=2048 submitted=1966080 tx_us=458 fast_bytes=2048 slow_bytes=0 queries=2
t=636086 pipe_read event=122 count=16384 read_us=163 buffered=16384
t=641497 pipe_read event=123 count=16384 read_us=1609 buffered=16384
t=645504 pipe_read event=124 count=16384 read_us=171 buffered=16384
t=649479 pipe_read event=125 count=16384 read_us=166 buffered=16384
t=653468 pipe_read event=126 count=16384 read_us=163 buffered=16384
t=658596 pipe_read event=127 count=16384 read_us=1356 buffered=16384
t=662600 pipe_read event=128 count=16384 read_us=169 buffered=16384
t=666590 pipe_read event=129 count=16384 read_us=168 buffered=16384
t=669430 transfer event=1024 count=2048 submitted=2097152 tx_us=450 fast_bytes=2048 slow_bytes=0 queries=2
t=671875 pipe_read event=130 count=16384 read_us=1457 buffered=16384
t=675875 pipe_read event=131 count=16384 read_us=180 buffered=16384
t=679857 pipe_read event=132 count=16384 read_us=180 buffered=16384
t=683777 pipe_read event=133 count=16384 read_us=172 buffered=16384
t=684258 profile_poll polls=640 elapsed_us=2483 interval_us=2104 chunks=5
t=689245 pipe_read event=134 count=16384 read_us=1652 buffered=16384
t=693244 pipe_read event=135 count=16384 read_us=170 buffered=16384
t=697233 pipe_read event=136 count=16384 read_us=160 buffered=16384
t=702610 pipe_read event=137 count=16384 read_us=1565 buffered=16384
t=705469 transfer event=1088 count=2048 submitted=2228224 tx_us=452 fast_bytes=2048 slow_bytes=0 queries=2
t=706633 pipe_read event=138 count=16384 read_us=169 buffered=16384
t=710613 pipe_read event=139 count=16384 read_us=164 buffered=16384
t=716970 pipe_read event=140 count=16384 read_us=2546 buffered=16384
t=720992 pipe_read event=141 count=16384 read_us=187 buffered=16384
t=724982 pipe_read event=142 count=16384 read_us=169 buffered=16384
t=730186 pipe_read event=143 count=16384 read_us=1390 buffered=16384
t=734178 pipe_read event=144 count=16384 read_us=164 buffered=16384
t=740123 pipe_read event=145 count=16384 read_us=2141 buffered=16384
t=742995 transfer event=1152 count=2048 submitted=2359296 tx_us=460 fast_bytes=2048 slow_bytes=0 queries=2
t=746917 pipe_read event=146 count=16384 read_us=2920 buffered=16384
t=753426 pipe_read event=147 count=16384 read_us=2653 buffered=16384
t=758997 pipe_read event=148 count=16384 read_us=1729 buffered=16384
t=763030 pipe_read event=149 count=16384 read_us=174 buffered=16384
t=767013 pipe_read event=150 count=16384 read_us=161 buffered=16384
t=770984 pipe_read event=151 count=16384 read_us=163 buffered=16384
t=776966 pipe_read event=152 count=16384 read_us=2231 buffered=16384
t=780962 pipe_read event=153 count=16384 read_us=165 buffered=16384
t=783798 transfer event=1216 count=2048 submitted=2490368 tx_us=460 fast_bytes=2048 slow_bytes=0 queries=2
t=784955 pipe_read event=154 count=16384 read_us=160 buffered=16384
t=788920 pipe_read event=155 count=16384 read_us=159 buffered=16384
t=792852 pipe_read event=156 count=16384 read_us=178 buffered=16384
t=796820 pipe_read event=157 count=16384 read_us=170 buffered=16384
t=802309 pipe_read event=158 count=16384 read_us=1700 buffered=16384
t=806321 pipe_read event=159 count=16384 read_us=171 buffered=16384
t=810306 pipe_read event=160 count=16384 read_us=171 buffered=16384
t=814284 pipe_read event=161 count=16384 read_us=169 buffered=16384
t=817125 transfer event=1280 count=2048 submitted=2621440 tx_us=462 fast_bytes=2048 slow_bytes=0 queries=2
t=820101 pipe_read event=162 count=16384 read_us=2029 buffered=16384
t=824136 pipe_read event=163 count=16384 read_us=175 buffered=16384
t=828108 pipe_read event=164 count=16384 read_us=163 buffered=16384
t=833607 pipe_read event=165 count=16384 read_us=1688 buffered=16384
t=837622 pipe_read event=166 count=16384 read_us=172 buffered=16384
t=840929 profile_poll polls=704 elapsed_us=2300 interval_us=2101 chunks=5
t=841621 pipe_read event=167 count=16384 read_us=171 buffered=16384
t=846940 pipe_read event=168 count=16384 read_us=1511 buffered=16384
t=850942 pipe_read event=169 count=16384 read_us=172 buffered=16384
t=853788 transfer event=1344 count=2048 submitted=2752512 tx_us=459 fast_bytes=2048 slow_bytes=0 queries=2
t=854954 pipe_read event=170 count=16384 read_us=171 buffered=16384
t=858931 pipe_read event=171 count=16384 read_us=168 buffered=16384
t=864415 pipe_read event=172 count=16384 read_us=1732 buffered=16384
t=868425 pipe_read event=173 count=16384 read_us=164 buffered=16384
t=872432 pipe_read event=174 count=16384 read_us=168 buffered=16384
t=877959 pipe_read event=175 count=16384 read_us=1713 buffered=16384
t=881959 pipe_read event=176 count=16384 read_us=169 buffered=16384
t=885957 pipe_read event=177 count=16384 read_us=164 buffered=16384
t=888806 transfer event=1408 count=2048 submitted=2883584 tx_us=458 fast_bytes=2048 slow_bytes=0 queries=2
t=889949 pipe_read event=178 count=16384 read_us=158 buffered=16384
t=895205 pipe_read event=179 count=16384 read_us=1501 buffered=16384
t=899197 pipe_read event=180 count=16384 read_us=165 buffered=16384
t=903171 pipe_read event=181 count=16384 read_us=159 buffered=16384
t=909534 pipe_read event=182 count=16384 read_us=2557 buffered=16384
t=915137 pipe_read event=183 count=16384 read_us=1760 buffered=16384
t=923790 pipe_read event=184 count=16384 read_us=4815 buffered=16384
t=927844 pipe_read event=185 count=16384 read_us=203 buffered=16384
t=930690 transfer event=1472 count=2048 submitted=3014656 tx_us=451 fast_bytes=2048 slow_bytes=0 queries=2
t=931855 pipe_read event=186 count=16384 read_us=182 buffered=16384
t=937211 pipe_read event=187 count=16384 read_us=1558 buffered=16384
t=941220 pipe_read event=188 count=16384 read_us=166 buffered=16384
t=945202 pipe_read event=189 count=16384 read_us=160 buffered=16384
t=950489 pipe_read event=190 count=16384 read_us=1470 buffered=16384
t=954488 pipe_read event=191 count=16384 read_us=175 buffered=16384
t=958468 pipe_read event=192 count=16384 read_us=167 buffered=16384
t=962379 pipe_read event=193 count=16384 read_us=157 buffered=16384
t=965216 transfer event=1536 count=2048 submitted=3145728 tx_us=450 fast_bytes=2048 slow_bytes=0 queries=2
t=967717 pipe_read event=194 count=16384 read_us=1502 buffered=16384
t=971722 pipe_read event=195 count=16384 read_us=169 buffered=16384
t=975697 pipe_read event=196 count=16384 read_us=166 buffered=16384
t=982022 pipe_read event=197 count=16384 read_us=2514 buffered=16384
t=986023 pipe_read event=198 count=16384 read_us=170 buffered=16384
t=990007 pipe_read event=199 count=16384 read_us=164 buffered=16384
t=993991 pipe_read event=200 count=16384 read_us=160 buffered=16384
t=995854 profile_poll polls=768 elapsed_us=2027 interval_us=2349 chunks=4
t=997917 pipe_read event=201 count=16384 read_us=157 buffered=16384
t=1000759 transfer event=1600 count=2048 submitted=3276800 tx_us=458 fast_bytes=2048 slow_bytes=0 queries=2
t=1001902 pipe_read event=202 count=16384 read_us=166 buffered=16384
t=1005871 pipe_read event=203 count=16384 read_us=178 buffered=16384
t=1011218 pipe_read event=204 count=16384 read_us=1557 buffered=16384
t=1015251 pipe_read event=205 count=16384 read_us=177 buffered=16384
t=1019239 pipe_read event=206 count=16384 read_us=167 buffered=16384
t=1024857 pipe_read event=207 count=16384 read_us=1812 buffered=16384
t=1028866 pipe_read event=208 count=16384 read_us=185 buffered=16384
t=1032850 pipe_read event=209 count=16384 read_us=176 buffered=16384
t=1035685 transfer event=1664 count=2048 submitted=3407872 tx_us=452 fast_bytes=2048 slow_bytes=0 queries=2
t=1038355 pipe_read event=210 count=16384 read_us=1678 buffered=16384
t=1042364 pipe_read event=211 count=16384 read_us=168 buffered=16384
t=1046346 pipe_read event=212 count=16384 read_us=163 buffered=16384
t=1050318 pipe_read event=213 count=16384 read_us=163 buffered=16384
t=1055711 pipe_read event=214 count=16384 read_us=1635 buffered=16384
t=1059711 pipe_read event=215 count=16384 read_us=166 buffered=16384
t=1065104 pipe_read event=216 count=16384 read_us=1583 buffered=16384
t=1070529 pipe_read event=217 count=16384 read_us=1580 buffered=16384
t=1073398 transfer event=1728 count=2048 submitted=3538944 tx_us=452 fast_bytes=2048 slow_bytes=0 queries=2
t=1074653 pipe_read event=218 count=16384 read_us=170 buffered=16384
t=1082523 pipe_read event=219 count=16384 read_us=4034 buffered=16384
t=1089790 pipe_read event=220 count=16384 read_us=3410 buffered=16384
t=1093852 pipe_read event=221 count=16384 read_us=209 buffered=16384
t=1097845 pipe_read event=222 count=16384 read_us=184 buffered=16384
t=1101842 pipe_read event=223 count=16384 read_us=181 buffered=16384
t=1107031 pipe_read event=224 count=16384 read_us=1438 buffered=16384
t=1111036 pipe_read event=225 count=16384 read_us=169 buffered=16384
t=1113874 transfer event=1792 count=2048 submitted=3670016 tx_us=459 fast_bytes=2048 slow_bytes=0 queries=2
t=1115026 pipe_read event=226 count=16384 read_us=157 buffered=16384
t=1120505 pipe_read event=227 count=16384 read_us=1666 buffered=16384
t=1124521 pipe_read event=228 count=16384 read_us=170 buffered=16384
t=1128491 pipe_read event=229 count=16384 read_us=158 buffered=16384
t=1132457 pipe_read event=230 count=16384 read_us=158 buffered=16384
t=1137944 pipe_read event=231 count=16384 read_us=1724 buffered=16384
t=1141964 pipe_read event=232 count=16384 read_us=171 buffered=16384
t=1145935 pipe_read event=233 count=16384 read_us=158 buffered=16384
t=1148772 transfer event=1856 count=2048 submitted=3801088 tx_us=458 fast_bytes=2048 slow_bytes=0 queries=2
t=1151458 pipe_read event=234 count=16384 read_us=1692 buffered=16384
t=1151959 profile_poll polls=832 elapsed_us=2199 interval_us=2371 chunks=1
t=1155478 pipe_read event=235 count=16384 read_us=165 buffered=16384
t=1159452 pipe_read event=236 count=16384 read_us=167 buffered=16384
t=1163408 pipe_read event=237 count=16384 read_us=157 buffered=16384
t=1168666 pipe_read event=238 count=16384 read_us=1498 buffered=16384
t=1172670 pipe_read event=239 count=16384 read_us=169 buffered=16384
t=1176645 pipe_read event=240 count=16384 read_us=162 buffered=16384
t=1182562 pipe_read event=241 count=16384 read_us=2103 buffered=16384
t=1185417 transfer event=1920 count=2048 submitted=3932160 tx_us=452 fast_bytes=2048 slow_bytes=0 queries=2
t=1186576 pipe_read event=242 count=16384 read_us=163 buffered=16384
t=1190542 pipe_read event=243 count=16384 read_us=159 buffered=16384
t=1194509 pipe_read event=244 count=16384 read_us=158 buffered=16384
t=1198423 pipe_read event=245 count=16384 read_us=164 buffered=16384
t=1202407 pipe_read event=246 count=16384 read_us=161 buffered=16384
t=1206378 pipe_read event=247 count=16384 read_us=167 buffered=16384
t=1211825 pipe_read event=248 count=16384 read_us=1643 buffered=16384
t=1215834 pipe_read event=249 count=16384 read_us=182 buffered=16384
t=1218673 transfer event=1984 count=2048 submitted=4063232 tx_us=452 fast_bytes=2048 slow_bytes=0 queries=2
t=1219854 pipe_read event=250 count=16384 read_us=185 buffered=16384
t=1225348 pipe_read event=251 count=16384 read_us=1697 buffered=16384
t=1229369 pipe_read event=252 count=16384 read_us=178 buffered=16384
t=1233355 pipe_read event=253 count=16384 read_us=164 buffered=16384
t=1238970 pipe_read event=254 count=16384 read_us=1797 buffered=16384
t=1242973 pipe_read event=255 count=16384 read_us=170 buffered=16384
t=1250010 pipe_read event=256 count=16384 read_us=3220 buffered=16384
t=1256589 pipe_read event=257 count=16384 read_us=2714 buffered=16384
t=1259676 transfer event=2048 count=2048 submitted=4194304 tx_us=450 fast_bytes=2048 slow_bytes=0 queries=2
t=1263315 pipe_read event=258 count=16384 read_us=2609 buffered=16384
t=1267360 pipe_read event=259 count=16384 read_us=173 buffered=16384
t=1271346 pipe_read event=260 count=16384 read_us=166 buffered=16384
t=1275319 pipe_read event=261 count=16384 read_us=162 buffered=16384
t=1280778 pipe_read event=262 count=16384 read_us=1700 buffered=16384
t=1284793 pipe_read event=263 count=16384 read_us=185 buffered=16384
t=1288761 pipe_read event=264 count=16384 read_us=175 buffered=16384
t=1292728 pipe_read event=265 count=16384 read_us=163 buffered=16384
t=1295566 transfer event=2112 count=2048 submitted=4325376 tx_us=452 fast_bytes=2048 slow_bytes=0 queries=2
t=1297913 pipe_read event=266 count=16384 read_us=1401 buffered=16384
t=1301910 pipe_read event=267 count=16384 read_us=180 buffered=16384
t=1305873 pipe_read event=268 count=16384 read_us=170 buffered=16384
t=1307276 profile_poll polls=896 elapsed_us=2031 interval_us=2333 chunks=4
t=1311790 pipe_read event=269 count=16384 read_us=2099 buffered=16384
t=1315812 pipe_read event=270 count=16384 read_us=193 buffered=16384
t=1319822 pipe_read event=271 count=16384 read_us=189 buffered=16384
t=1325117 pipe_read event=272 count=16384 read_us=1490 buffered=16384
t=1329137 pipe_read event=273 count=16384 read_us=171 buffered=16384
t=1331978 transfer event=2176 count=2048 submitted=4456448 tx_us=458 fast_bytes=2048 slow_bytes=0 queries=2
t=1333141 pipe_read event=274 count=16384 read_us=167 buffered=16384
t=1337066 pipe_read event=275 count=16384 read_us=159 buffered=16384
t=1342387 pipe_read event=276 count=16384 read_us=1510 buffered=16384
t=1346390 pipe_read event=277 count=16384 read_us=167 buffered=16384
t=1350355 pipe_read event=278 count=16384 read_us=162 buffered=16384
t=1355385 pipe_read event=279 count=16384 read_us=1220 buffered=16384
t=1359374 pipe_read event=280 count=16384 read_us=167 buffered=16384
t=1363349 pipe_read event=281 count=16384 read_us=167 buffered=16384
t=1366193 transfer event=2240 count=2048 submitted=4587520 tx_us=465 fast_bytes=2048 slow_bytes=0 queries=2
t=1367292 pipe_read event=282 count=16384 read_us=157 buffered=16384
t=1372807 pipe_read event=283 count=16384 read_us=1699 buffered=16384
t=1376826 pipe_read event=284 count=16384 read_us=189 buffered=16384
t=1380808 pipe_read event=285 count=16384 read_us=184 buffered=16384
t=1387180 pipe_read event=286 count=16384 read_us=2572 buffered=16384
t=1391216 pipe_read event=287 count=16384 read_us=181 buffered=16384
t=1395202 pipe_read event=288 count=16384 read_us=168 buffered=16384
t=1400546 pipe_read event=289 count=16384 read_us=1524 buffered=16384
t=1403417 transfer event=2304 count=2048 submitted=4718592 tx_us=450 fast_bytes=2048 slow_bytes=0 queries=2
t=1404591 pipe_read event=290 count=16384 read_us=174 buffered=16384
t=1411856 pipe_read event=291 count=16384 read_us=3450 buffered=16384
t=1417213 pipe_read event=292 count=16384 read_us=1514 buffered=16384
t=1423921 pipe_read event=293 count=16384 read_us=2876 buffered=16384
t=1427944 pipe_read event=294 count=16384 read_us=173 buffered=16384
t=1431932 pipe_read event=295 count=16384 read_us=160 buffered=16384
t=1437260 pipe_read event=296 count=16384 read_us=1512 buffered=16384
t=1441265 pipe_read event=297 count=16384 read_us=167 buffered=16384
t=1444113 transfer event=2368 count=2048 submitted=4849664 tx_us=461 fast_bytes=2048 slow_bytes=0 queries=2
t=1445276 pipe_read event=298 count=16384 read_us=166 buffered=16384
t=1451434 pipe_read event=299 count=16384 read_us=2345 buffered=16384
t=1455464 pipe_read event=300 count=16384 read_us=171 buffered=16384
t=1459439 pipe_read event=301 count=16384 read_us=165 buffered=16384
t=1460851 profile_poll polls=960 elapsed_us=2033 interval_us=2343 chunks=4
t=1463419 pipe_read event=302 count=16384 read_us=164 buffered=16384
t=1467339 pipe_read event=303 count=16384 read_us=164 buffered=16384
t=1471310 pipe_read event=304 count=16384 read_us=158 buffered=16384
t=1475281 pipe_read event=305 count=16384 read_us=158 buffered=16384
t=1478121 transfer event=2432 count=2048 submitted=4980736 tx_us=460 fast_bytes=2048 slow_bytes=0 queries=2
t=1480647 pipe_read event=306 count=16384 read_us=1536 buffered=16384
t=1484648 pipe_read event=307 count=16384 read_us=169 buffered=16384
t=1488619 pipe_read event=308 count=16384 read_us=161 buffered=16384
t=1494117 pipe_read event=309 count=16384 read_us=1686 buffered=16384
t=1498185 pipe_read event=310 count=16384 read_us=166 buffered=16384
t=1502161 pipe_read event=311 count=16384 read_us=162 buffered=16384
t=1506133 pipe_read event=312 count=16384 read_us=164 buffered=16384
t=1511886 pipe_read event=313 count=16384 read_us=1991 buffered=16384
t=1514759 transfer event=2496 count=2048 submitted=5111808 tx_us=459 fast_bytes=2048 slow_bytes=0 queries=2
t=1515940 pipe_read event=314 count=16384 read_us=175 buffered=16384
t=1519933 pipe_read event=315 count=16384 read_us=168 buffered=16384
t=1525200 pipe_read event=316 count=16384 read_us=1469 buffered=16384
t=1529194 pipe_read event=317 count=16384 read_us=163 buffered=16384
t=1533157 pipe_read event=318 count=16384 read_us=158 buffered=16384
t=1538574 pipe_read event=319 count=16384 read_us=1656 buffered=16384
t=1542608 pipe_read event=320 count=16384 read_us=173 buffered=16384
t=1546589 pipe_read event=321 count=16384 read_us=166 buffered=16384
t=1549436 transfer event=2560 count=2048 submitted=5242880 tx_us=452 fast_bytes=2048 slow_bytes=0 queries=2
t=1550594 pipe_read event=322 count=16384 read_us=169 buffered=16384
t=1556065 pipe_read event=323 count=16384 read_us=1707 buffered=16384
t=1560078 pipe_read event=324 count=16384 read_us=171 buffered=16384
t=1564047 pipe_read event=325 count=16384 read_us=162 buffered=16384
t=1569574 pipe_read event=326 count=16384 read_us=1713 buffered=16384
t=1575074 pipe_read event=327 count=16384 read_us=1664 buffered=16384
t=1579106 pipe_read event=328 count=16384 read_us=177 buffered=16384
t=1587021 pipe_read event=329 count=16384 read_us=4091 buffered=16384
t=1589912 transfer event=2624 count=2048 submitted=5373952 tx_us=461 fast_bytes=2048 slow_bytes=0 queries=2
t=1593024 pipe_read event=330 count=16384 read_us=2110 buffered=16384
t=1598669 pipe_read event=331 count=16384 read_us=1779 buffered=16384
t=1602753 pipe_read event=332 count=16384 read_us=195 buffered=16384
t=1606722 pipe_read event=333 count=16384 read_us=167 buffered=16384
t=1611974 pipe_read event=334 count=16384 read_us=1445 buffered=16384
t=1615982 pipe_read event=335 count=16384 read_us=172 buffered=16384
t=1617393 profile_poll polls=1024 elapsed_us=2053 interval_us=2341 chunks=4
t=1619981 pipe_read event=336 count=16384 read_us=164 buffered=16384
t=1625248 pipe_read event=337 count=16384 read_us=1518 buffered=16384
t=1628108 transfer event=2688 count=2048 submitted=5505024 tx_us=460 fast_bytes=2048 slow_bytes=0 queries=2
t=1629275 pipe_read event=338 count=16384 read_us=166 buffered=16384
t=1633246 pipe_read event=339 count=16384 read_us=165 buffered=16384
t=1637226 pipe_read event=340 count=16384 read_us=166 buffered=16384
t=1642695 pipe_read event=341 count=16384 read_us=1699 buffered=16384
t=1646708 pipe_read event=342 count=16384 read_us=177 buffered=16384
t=1650691 pipe_read event=343 count=16384 read_us=169 buffered=16384
t=1656158 pipe_read event=344 count=16384 read_us=1654 buffered=16384
t=1660148 pipe_read event=345 count=16384 read_us=169 buffered=16384
t=1662992 transfer event=2752 count=2048 submitted=5636096 tx_us=459 fast_bytes=2048 slow_bytes=0 queries=2
t=1664147 pipe_read event=346 count=16384 read_us=163 buffered=16384
t=1668113 pipe_read event=347 count=16384 read_us=159 buffered=16384
t=1674185 pipe_read event=348 count=16384 read_us=2315 buffered=16384
t=1678184 pipe_read event=349 count=16384 read_us=164 buffered=16384
t=1682150 pipe_read event=350 count=16384 read_us=164 buffered=16384
t=1686122 pipe_read event=351 count=16384 read_us=161 buffered=16384
t=1690038 pipe_read event=352 count=16384 read_us=155 buffered=16384
t=1693996 pipe_read event=353 count=16384 read_us=156 buffered=16384
t=1696831 transfer event=2816 count=2048 submitted=5767168 tx_us=458 fast_bytes=2048 slow_bytes=0 queries=2
t=1699042 pipe_read event=354 count=16384 read_us=1218 buffered=16384
t=1703034 pipe_read event=355 count=16384 read_us=170 buffered=16384
t=1707030 pipe_read event=356 count=16384 read_us=166 buffered=16384
t=1710997 pipe_read event=357 count=16384 read_us=160 buffered=16384
t=1717044 pipe_read event=358 count=16384 read_us=2287 buffered=16384
t=1721069 pipe_read event=359 count=16384 read_us=180 buffered=16384
t=1725056 pipe_read event=360 count=16384 read_us=174 buffered=16384
t=1730260 pipe_read event=361 count=16384 read_us=1390 buffered=16384
t=1733123 transfer event=2880 count=2048 submitted=5898240 tx_us=459 fast_bytes=2048 slow_bytes=0 queries=2
t=1734289 pipe_read event=362 count=16384 read_us=167 buffered=16384
t=1738268 pipe_read event=363 count=16384 read_us=168 buffered=16384
t=1743512 pipe_read event=364 count=16384 read_us=1484 buffered=16384
t=1747526 pipe_read event=365 count=16384 read_us=174 buffered=16384
t=1756074 pipe_read event=366 count=16384 read_us=4716 buffered=16384
t=1762012 pipe_read event=367 count=16384 read_us=2075 buffered=16384
t=1766045 pipe_read event=368 count=16384 read_us=186 buffered=16384
t=1771590 pipe_read event=369 count=16384 read_us=1710 buffered=16384
t=1774460 transfer event=2944 count=2048 submitted=6029312 tx_us=453 fast_bytes=2048 slow_bytes=0 queries=2
t=1775631 pipe_read event=370 count=16384 read_us=175 buffered=16384
t=1776586 profile_poll polls=1088 elapsed_us=2057 interval_us=2365 chunks=4
t=1779624 pipe_read event=371 count=16384 read_us=168 buffered=16384
t=1785458 pipe_read event=372 count=16384 read_us=2024 buffered=16384
t=1789478 pipe_read event=373 count=16384 read_us=172 buffered=16384
t=1793465 pipe_read event=374 count=16384 read_us=167 buffered=16384
t=1797436 pipe_read event=375 count=16384 read_us=165 buffered=16384
t=1802699 pipe_read event=376 count=16384 read_us=1497 buffered=16384
t=1806698 pipe_read event=377 count=16384 read_us=168 buffered=16384
t=1809547 transfer event=3008 count=2048 submitted=6160384 tx_us=450 fast_bytes=2048 slow_bytes=0 queries=2
t=1810693 pipe_read event=378 count=16384 read_us=159 buffered=16384
t=1816250 pipe_read event=379 count=16384 read_us=1752 buffered=16384
t=1820266 pipe_read event=380 count=16384 read_us=176 buffered=16384
t=1824247 pipe_read event=381 count=16384 read_us=164 buffered=16384
t=1828209 pipe_read event=382 count=16384 read_us=155 buffered=16384
t=1833593 pipe_read event=383 count=16384 read_us=1605 buffered=16384
t=1837601 pipe_read event=384 count=16384 read_us=169 buffered=16384
t=1841564 pipe_read event=385 count=16384 read_us=158 buffered=16384
t=1844423 transfer event=3072 count=2048 submitted=6291456 tx_us=453 fast_bytes=2048 slow_bytes=0 queries=2
t=1847033 pipe_read event=386 count=16384 read_us=1620 buffered=16384
t=1851029 pipe_read event=387 count=16384 read_us=170 buffered=16384
t=1855014 pipe_read event=388 count=16384 read_us=162 buffered=16384
t=1860131 pipe_read event=389 count=16384 read_us=1308 buffered=16384
t=1864122 pipe_read event=390 count=16384 read_us=168 buffered=16384
t=1868096 pipe_read event=391 count=16384 read_us=164 buffered=16384
t=1872025 pipe_read event=392 count=16384 read_us=163 buffered=16384
t=1878363 pipe_read event=393 count=16384 read_us=2533 buffered=16384
t=1881235 transfer event=3136 count=2048 submitted=6422528 tx_us=450 fast_bytes=2048 slow_bytes=0 queries=2
t=1882403 pipe_read event=394 count=16384 read_us=168 buffered=16384
t=1886384 pipe_read event=395 count=16384 read_us=166 buffered=16384
t=1890355 pipe_read event=396 count=16384 read_us=169 buffered=16384
t=1894294 pipe_read event=397 count=16384 read_us=161 buffered=16384
t=1898265 pipe_read event=398 count=16384 read_us=161 buffered=16384
t=1903778 pipe_read event=399 count=16384 read_us=1710 buffered=16384
t=1909789 pipe_read event=400 count=16384 read_us=2186 buffered=16384
t=1913817 pipe_read event=401 count=16384 read_us=191 buffered=16384
t=1916660 transfer event=3200 count=2048 submitted=6553600 tx_us=454 fast_bytes=2048 slow_bytes=0 queries=2
t=1917832 pipe_read event=402 count=16384 read_us=184 buffered=16384
t=1924682 pipe_read event=403 count=16384 read_us=3054 buffered=16384
t=1931313 pipe_read event=404 count=16384 read_us=2785 buffered=16384
t=1931824 profile_poll polls=1152 elapsed_us=4223 interval_us=2341 chunks=3
t=1936939 pipe_read event=405 count=16384 read_us=1764 buffered=16384
t=1940946 pipe_read event=406 count=16384 read_us=167 buffered=16384
t=1944933 pipe_read event=407 count=16384 read_us=167 buffered=16384
t=1951069 pipe_read event=408 count=16384 read_us=2334 buffered=16384
t=1955070 pipe_read event=409 count=16384 read_us=172 buffered=16384
t=1957925 transfer event=3264 count=2048 submitted=6684672 tx_us=460 fast_bytes=2048 slow_bytes=0 queries=2
t=1959087 pipe_read event=410 count=16384 read_us=164 buffered=16384
t=1963052 pipe_read event=411 count=16384 read_us=161 buffered=16384
t=1966967 pipe_read event=412 count=16384 read_us=161 buffered=16384
t=1970997 pipe_read event=413 count=16384 read_us=161 buffered=16384
t=1976344 pipe_read event=414 count=16384 read_us=1533 buffered=16384
t=1980356 pipe_read event=415 count=16384 read_us=172 buffered=16384
t=1984354 pipe_read event=416 count=16384 read_us=166 buffered=16384
t=1988331 pipe_read event=417 count=16384 read_us=161 buffered=16384
t=1991170 transfer event=3328 count=2048 submitted=6815744 tx_us=462 fast_bytes=2048 slow_bytes=0 queries=2
t=1994350 pipe_read event=418 count=16384 read_us=2234 buffered=16384
t=1998373 pipe_read event=419 count=16384 read_us=179 buffered=16384
t=2002358 pipe_read event=420 count=16384 read_us=169 buffered=16384
t=2007683 pipe_read event=421 count=16384 read_us=1520 buffered=16384
t=2011685 pipe_read event=422 count=16384 read_us=169 buffered=16384
t=2015670 pipe_read event=423 count=16384 read_us=168 buffered=16384
t=2020928 pipe_read event=424 count=16384 read_us=1449 buffered=16384
t=2024923 pipe_read event=425 count=16384 read_us=167 buffered=16384
t=2027765 transfer event=3392 count=2048 submitted=6946816 tx_us=458 fast_bytes=2048 slow_bytes=0 queries=2
t=2028921 pipe_read event=426 count=16384 read_us=162 buffered=16384
t=2032854 pipe_read event=427 count=16384 read_us=175 buffered=16384
t=2038150 pipe_read event=428 count=16384 read_us=1505 buffered=16384
t=2042127 pipe_read event=429 count=16384 read_us=162 buffered=16384
t=2046105 pipe_read event=430 count=16384 read_us=164 buffered=16384
t=2051590 pipe_read event=431 count=16384 read_us=1681 buffered=16384
t=2055611 pipe_read event=432 count=16384 read_us=178 buffered=16384
t=2059592 pipe_read event=433 count=16384 read_us=173 buffered=16384
t=2062439 transfer event=3456 count=2048 submitted=7077888 tx_us=453 fast_bytes=2048 slow_bytes=0 queries=2
t=2063595 pipe_read event=434 count=16384 read_us=168 buffered=16384
t=2069076 pipe_read event=435 count=16384 read_us=1716 buffered=16384
t=2073097 pipe_read event=436 count=16384 read_us=172 buffered=16384
t=2079343 pipe_read event=437 count=16384 read_us=2431 buffered=16384
t=2083375 pipe_read event=438 count=16384 read_us=186 buffered=16384
t=2084335 profile_poll polls=1216 elapsed_us=2086 interval_us=2336 chunks=4
t=2087378 pipe_read event=439 count=16384 read_us=167 buffered=16384
t=2092964 pipe_read event=440 count=16384 read_us=1776 buffered=16384
t=2101562 pipe_read event=441 count=16384 read_us=4736 buffered=16384
t=2104456 transfer event=3520 count=2048 submitted=7208960 tx_us=452 fast_bytes=2048 slow_bytes=0 queries=2
t=2107179 pipe_read event=442 count=16384 read_us=1724 buffered=16384
t=2111196 pipe_read event=443 count=16384 read_us=179 buffered=16384
t=2115185 pipe_read event=444 count=16384 read_us=169 buffered=16384
t=2119161 pipe_read event=445 count=16384 read_us=164 buffered=16384
t=2124393 pipe_read event=446 count=16384 read_us=1477 buffered=16384
t=2128387 pipe_read event=447 count=16384 read_us=168 buffered=16384
t=2132367 pipe_read event=448 count=16384 read_us=166 buffered=16384
t=2137653 pipe_read event=449 count=16384 read_us=1479 buffered=16384
t=2140517 transfer event=3584 count=2048 submitted=7340032 tx_us=454 fast_bytes=2048 slow_bytes=0 queries=2
t=2141676 pipe_read event=450 count=16384 read_us=165 buffered=16384
t=2145654 pipe_read event=451 count=16384 read_us=164 buffered=16384
t=2149585 pipe_read event=452 count=16384 read_us=158 buffered=16384
t=2155959 pipe_read event=453 count=16384 read_us=2564 buffered=16384
t=2159958 pipe_read event=454 count=16384 read_us=164 buffered=16384
t=2163951 pipe_read event=455 count=16384 read_us=169 buffered=16384
t=2167921 pipe_read event=456 count=16384 read_us=159 buffered=16384
t=2171855 pipe_read event=457 count=16384 read_us=177 buffered=16384
t=2174697 transfer event=3648 count=2048 submitted=7471104 tx_us=451 fast_bytes=2048 slow_bytes=0 queries=2
t=2175872 pipe_read event=458 count=16384 read_us=188 buffered=16384
t=2181378 pipe_read event=459 count=16384 read_us=1703 buffered=16384
t=2185383 pipe_read event=460 count=16384 read_us=173 buffered=16384
t=2189360 pipe_read event=461 count=16384 read_us=162 buffered=16384
t=2193331 pipe_read event=462 count=16384 read_us=162 buffered=16384
t=2198706 pipe_read event=463 count=16384 read_us=1608 buffered=16384
t=2202711 pipe_read event=464 count=16384 read_us=171 buffered=16384
t=2206721 pipe_read event=465 count=16384 read_us=168 buffered=16384
t=2209579 transfer event=3712 count=2048 submitted=7602176 tx_us=450 fast_bytes=2048 slow_bytes=0 queries=2
t=2212311 pipe_read event=466 count=16384 read_us=1739 buffered=16384
t=2216328 pipe_read event=467 count=16384 read_us=177 buffered=16384
t=2220307 pipe_read event=468 count=16384 read_us=166 buffered=16384
t=2225803 pipe_read event=469 count=16384 read_us=1688 buffered=16384
t=2229816 pipe_read event=470 count=16384 read_us=190 buffered=16384
t=2233812 pipe_read event=471 count=16384 read_us=192 buffered=16384
t=2237813 pipe_read event=472 count=16384 read_us=194 buffered=16384
t=2239672 profile_poll polls=1280 elapsed_us=2057 interval_us=2337 chunks=4
t=2243232 pipe_read event=473 count=16384 read_us=1644 buffered=16384
t=2246104 transfer event=3776 count=2048 submitted=7733248 tx_us=460 fast_bytes=2048 slow_bytes=0 queries=2
t=2247273 pipe_read event=474 count=16384 read_us=172 buffered=16384
t=2252637 pipe_read event=475 count=16384 read_us=1548 buffered=16384
t=2256652 pipe_read event=476 count=16384 read_us=170 buffered=16384
t=2264563 pipe_read event=477 count=16384 read_us=4090 buffered=16384
t=2270183 pipe_read event=478 count=16384 read_us=1759 buffered=16384
t=2275942 pipe_read event=479 count=16384 read_us=1894 buffered=16384
t=2279963 pipe_read event=480 count=16384 read_us=173 buffered=16384
t=2285486 pipe_read event=481 count=16384 read_us=1707 buffered=16384
t=2288364 transfer event=3840 count=2048 submitted=7864320 tx_us=455 fast_bytes=2048 slow_bytes=0 queries=2
t=2289528 pipe_read event=482 count=16384 read_us=172 buffered=16384
t=2293502 pipe_read event=483 count=16384 read_us=164 buffered=16384
t=2298808 pipe_read event=484 count=16384 read_us=1490 buffered=16384
t=2302810 pipe_read event=485 count=16384 read_us=182 buffered=16384
t=2306797 pipe_read event=486 count=16384 read_us=185 buffered=16384
t=2310716 pipe_read event=487 count=16384 read_us=161 buffered=16384
t=2316032 pipe_read event=488 count=16384 read_us=1508 buffered=16384
t=2320029 pipe_read event=489 count=16384 read_us=167 buffered=16384
t=2322880 transfer event=3904 count=2048 submitted=7995392 tx_us=461 fast_bytes=2048 slow_bytes=0 queries=2
t=2324032 pipe_read event=490 count=16384 read_us=162 buffered=16384
t=2329517 pipe_read event=491 count=16384 read_us=1691 buffered=16384
t=2333518 pipe_read event=492 count=16384 read_us=170 buffered=16384
t=2337514 pipe_read event=493 count=16384 read_us=162 buffered=16384
t=2342908 pipe_read event=494 count=16384 read_us=1582 buffered=16384
t=2346920 pipe_read event=495 count=16384 read_us=192 buffered=16384
t=2350904 pipe_read event=496 count=16384 read_us=178 buffered=16384
t=2354877 pipe_read event=497 count=16384 read_us=176 buffered=16384
t=2357705 transfer event=3968 count=2048 submitted=8126464 tx_us=450 fast_bytes=2048 slow_bytes=0 queries=2
t=2361046 pipe_read event=498 count=16384 read_us=2390 buffered=16384
t=2365045 pipe_read event=499 count=16384 read_us=170 buffered=16384
t=2369018 pipe_read event=500 count=16384 read_us=167 buffered=16384
t=2372987 pipe_read event=501 count=16384 read_us=155 buffered=16384
t=2376901 pipe_read event=502 count=16384 read_us=167 buffered=16384
t=2380879 pipe_read event=503 count=16384 read_us=180 buffered=16384
t=2385999 pipe_read event=504 count=16384 read_us=1319 buffered=16384
t=2389988 pipe_read event=505 count=16384 read_us=169 buffered=16384
t=2392834 transfer event=4032 count=2048 submitted=8257536 tx_us=458 fast_bytes=2048 slow_bytes=0 queries=2
t=2393984 pipe_read event=506 count=16384 read_us=161 buffered=16384
t=2395381 profile_poll polls=1344 elapsed_us=2026 interval_us=2360 chunks=4
t=2397979 pipe_read event=507 count=16384 read_us=161 buffered=16384
t=2404054 pipe_read event=508 count=16384 read_us=2327 buffered=16384
t=2408079 pipe_read event=509 count=16384 read_us=178 buffered=16384
t=2412053 pipe_read event=510 count=16384 read_us=165 buffered=16384
t=2417385 pipe_read event=511 count=16384 read_us=1531 buffered=16384
t=2421423 pipe_read event=512 count=16384 read_us=190 buffered=16384
t=2426793 pipe_read event=513 count=16384 read_us=1553 buffered=16384
t=2429642 transfer event=4096 count=2048 submitted=8388608 tx_us=450 fast_bytes=2048 slow_bytes=0 queries=2
t=2432347 pipe_read event=514 count=16384 read_us=1701 buffered=16384
t=2441349 pipe_read event=515 count=16384 read_us=5159 buffered=16384
t=2445454 pipe_read event=516 count=16384 read_us=243 buffered=16384
t=2449449 pipe_read event=517 count=16384 read_us=170 buffered=16384
t=2453424 pipe_read event=518 count=16384 read_us=166 buffered=16384
t=2458919 pipe_read event=519 count=16384 read_us=1725 buffered=16384
t=2462958 pipe_read event=520 count=16384 read_us=181 buffered=16384
t=2466941 pipe_read event=521 count=16384 read_us=169 buffered=16384
t=2469788 transfer event=4160 count=2048 submitted=8519680 tx_us=458 fast_bytes=2048 slow_bytes=0 queries=2
t=2470952 pipe_read event=522 count=16384 read_us=170 buffered=16384
t=2476688 pipe_read event=523 count=16384 read_us=1982 buffered=16384
t=2480708 pipe_read event=524 count=16384 read_us=173 buffered=16384
t=2484683 pipe_read event=525 count=16384 read_us=162 buffered=16384
t=2490162 pipe_read event=526 count=16384 read_us=1669 buffered=16384
t=2494162 pipe_read event=527 count=16384 read_us=169 buffered=16384
t=2498143 pipe_read event=528 count=16384 read_us=167 buffered=16384
t=2503646 pipe_read event=529 count=16384 read_us=1690 buffered=16384
t=2506516 transfer event=4224 count=2048 submitted=8650752 tx_us=454 fast_bytes=2048 slow_bytes=0 queries=2
t=2507684 pipe_read event=530 count=16384 read_us=169 buffered=16384
t=2511663 pipe_read event=531 count=16384 read_us=168 buffered=16384
t=2515632 pipe_read event=532 count=16384 read_us=164 buffered=16384
t=2520894 pipe_read event=533 count=16384 read_us=1508 buffered=16384
t=2524906 pipe_read event=534 count=16384 read_us=184 buffered=16384
t=2528879 pipe_read event=535 count=16384 read_us=177 buffered=16384
t=2534041 pipe_read event=536 count=16384 read_us=1361 buffered=16384
t=2538033 pipe_read event=537 count=16384 read_us=167 buffered=16384
t=2540870 transfer event=4288 count=2048 submitted=8781824 tx_us=458 fast_bytes=2048 slow_bytes=0 queries=2
t=2542015 pipe_read event=538 count=16384 read_us=159 buffered=16384
t=2545934 pipe_read event=539 count=16384 read_us=160 buffered=16384
t=2551283 pipe_read event=540 count=16384 read_us=1553 buffered=16384
t=2554147 profile_poll polls=1408 elapsed_us=2298 interval_us=3032 chunks=5
t=2555306 pipe_read event=541 count=16384 read_us=169 buffered=16384
t=2559280 pipe_read event=542 count=16384 read_us=161 buffered=16384
t=2565609 pipe_read event=543 count=16384 read_us=2528 buffered=16384
t=2569622 pipe_read event=544 count=16384 read_us=172 buffered=16384
t=2573604 pipe_read event=545 count=16384 read_us=165 buffered=16384
t=2576452 transfer event=4352 count=2048 submitted=8912896 tx_us=454 fast_bytes=2048 slow_bytes=0 queries=2
t=2577603 pipe_read event=546 count=16384 read_us=169 buffered=16384
t=2581535 pipe_read event=547 count=16384 read_us=166 buffered=16384
t=2585512 pipe_read event=548 count=16384 read_us=166 buffered=16384
t=2589487 pipe_read event=549 count=16384 read_us=159 buffered=16384
t=2594791 pipe_read event=550 count=16384 read_us=1497 buffered=16384
t=2600680 pipe_read event=551 count=16384 read_us=2071 buffered=16384
t=2607822 pipe_read event=552 count=16384 read_us=3295 buffered=16384
t=2614621 pipe_read event=553 count=16384 read_us=2947 buffered=16384
t=2617510 transfer event=4416 count=2048 submitted=9043968 tx_us=451 fast_bytes=2048 slow_bytes=0 queries=2
t=2620206 pipe_read event=554 count=16384 read_us=1695 buffered=16384
t=2624220 pipe_read event=555 count=16384 read_us=175 buffered=16384
t=2628205 pipe_read event=556 count=16384 read_us=166 buffered=16384
t=2632174 pipe_read event=557 count=16384 read_us=161 buffered=16384
t=2638245 pipe_read event=558 count=16384 read_us=2312 buffered=16384
t=2642241 pipe_read event=559 count=16384 read_us=169 buffered=16384
t=2646216 pipe_read event=560 count=16384 read_us=163 buffered=16384
t=2650220 pipe_read event=561 count=16384 read_us=170 buffered=16384
t=2653061 transfer event=4480 count=2048 submitted=9175040 tx_us=463 fast_bytes=2048 slow_bytes=0 queries=2
t=2654163 pipe_read event=562 count=16384 read_us=161 buffered=16384
t=2658123 pipe_read event=563 count=16384 read_us=157 buffered=16384
t=2663401 pipe_read event=564 count=16384 read_us=1462 buffered=16384
t=2667396 pipe_read event=565 count=16384 read_us=166 buffered=16384
t=2671374 pipe_read event=566 count=16384 read_us=164 buffered=16384
t=2675361 pipe_read event=567 count=16384 read_us=166 buffered=16384
t=2681454 pipe_read event=568 count=16384 read_us=2324 buffered=16384
t=2685485 pipe_read event=569 count=16384 read_us=172 buffered=16384
t=2688337 transfer event=4544 count=2048 submitted=9306112 tx_us=454 fast_bytes=2048 slow_bytes=0 queries=2
t=2689496 pipe_read event=570 count=16384 read_us=169 buffered=16384
t=2694854 pipe_read event=571 count=16384 read_us=1545 buffered=16384
t=2698866 pipe_read event=572 count=16384 read_us=187 buffered=16384
t=2702847 pipe_read event=573 count=16384 read_us=183 buffered=16384
t=2706827 pipe_read event=574 count=16384 read_us=178 buffered=16384
t=2711681 pipe_read event=575 count=16384 read_us=1109 buffered=16384
t=2712181 profile_poll polls=1472 elapsed_us=3433 interval_us=2103 chunks=5
t=2715707 pipe_read event=576 count=16384 read_us=161 buffered=16384
t=2719673 pipe_read event=577 count=16384 read_us=162 buffered=16384
t=2722513 transfer event=4608 count=2048 submitted=9437184 tx_us=452 fast_bytes=2048 slow_bytes=0 queries=2
t=2725252 pipe_read event=578 count=16384 read_us=1746 buffered=16384
t=2729256 pipe_read event=579 count=16384 read_us=167 buffered=16384
t=2733230 pipe_read event=580 count=16384 read_us=164 buffered=16384
t=2738702 pipe_read event=581 count=16384 read_us=1668 buffered=16384
t=2742719 pipe_read event=582 count=16384 read_us=173 buffered=16384
t=2746694 pipe_read event=583 count=16384 read_us=165 buffered=16384
t=2750665 pipe_read event=584 count=16384 read_us=165 buffered=16384
t=2755885 pipe_read event=585 count=16384 read_us=1459 buffered=16384
t=2758751 transfer event=4672 count=2048 submitted=9568256 tx_us=458 fast_bytes=2048 slow_bytes=0 queries=2
t=2759917 pipe_read event=586 count=16384 read_us=184 buffered=16384
t=2766055 pipe_read event=587 count=16384 read_us=2337 buffered=16384
t=2770057 pipe_read event=588 count=16384 read_us=172 buffered=16384
t=2777750 pipe_read event=589 count=16384 read_us=3850 buffered=16384
t=2783205 pipe_read event=590 count=16384 read_us=1608 buffered=16384
t=2788729 pipe_read event=591 count=16384 read_us=1679 buffered=16384
t=2792751 pipe_read event=592 count=16384 read_us=185 buffered=16384
t=2798229 pipe_read event=593 count=16384 read_us=1683 buffered=16384
t=2801091 transfer event=4736 count=2048 submitted=9699328 tx_us=460 fast_bytes=2048 slow_bytes=0 queries=2
t=2802263 pipe_read event=594 count=16384 read_us=174 buffered=16384
t=2806233 pipe_read event=595 count=16384 read_us=162 buffered=16384
t=2811531 pipe_read event=596 count=16384 read_us=1490 buffered=16384
t=2815528 pipe_read event=597 count=16384 read_us=165 buffered=16384
t=2819505 pipe_read event=598 count=16384 read_us=166 buffered=16384
t=2823428 pipe_read event=599 count=16384 read_us=163 buffered=16384
t=2828714 pipe_read event=600 count=16384 read_us=1474 buffered=16384
t=2832711 pipe_read event=601 count=16384 read_us=163 buffered=16384
t=2835555 transfer event=4800 count=2048 submitted=9830400 tx_us=448 fast_bytes=2048 slow_bytes=0 queries=2
t=2836713 pipe_read event=602 count=16384 read_us=164 buffered=16384
t=2843116 pipe_read event=603 count=16384 read_us=2575 buffered=16384
t=2847122 pipe_read event=604 count=16384 read_us=167 buffered=16384
t=2851104 pipe_read event=605 count=16384 read_us=167 buffered=16384
t=2855065 pipe_read event=606 count=16384 read_us=158 buffered=16384
t=2859005 pipe_read event=607 count=16384 read_us=172 buffered=16384
t=2863010 pipe_read event=608 count=16384 read_us=179 buffered=16384
t=2866332 profile_poll polls=1536 elapsed_us=2295 interval_us=2132 chunks=5
t=2867037 pipe_read event=609 count=16384 read_us=166 buffered=16384
t=2869881 transfer event=4864 count=2048 submitted=9961472 tx_us=459 fast_bytes=2048 slow_bytes=0 queries=2
t=2872327 pipe_read event=610 count=16384 read_us=1454 buffered=16384
t=2876333 pipe_read event=611 count=16384 read_us=166 buffered=16384
t=2880314 pipe_read event=612 count=16384 read_us=163 buffered=16384
t=2885847 pipe_read event=613 count=16384 read_us=1766 buffered=16384
t=2889873 pipe_read event=614 count=16384 read_us=191 buffered=16384
t=2893860 pipe_read event=615 count=16384 read_us=178 buffered=16384
t=2899358 pipe_read event=616 count=16384 read_us=1693 buffered=16384
t=2903380 pipe_read event=617 count=16384 read_us=169 buffered=16384
t=2906236 transfer event=4928 count=2048 submitted=10092544 tx_us=454 fast_bytes=2048 slow_bytes=0 queries=2
t=2907381 pipe_read event=618 count=16384 read_us=159 buffered=16384
t=2911345 pipe_read event=619 count=16384 read_us=160 buffered=16384
t=2916611 pipe_read event=620 count=16384 read_us=1509 buffered=16384
t=2920611 pipe_read event=621 count=16384 read_us=167 buffered=16384
t=2924588 pipe_read event=622 count=16384 read_us=169 buffered=16384
t=2929883 pipe_read event=623 count=16384 read_us=1488 buffered=16384
t=2933896 pipe_read event=624 count=16384 read_us=193 buffered=16384
t=2939269 pipe_read event=625 count=16384 read_us=1579 buffered=16384
t=2942135 transfer event=4992 count=2048 submitted=10223616 tx_us=461 fast_bytes=2048 slow_bytes=0 queries=2
t=2944901 pipe_read event=626 count=16384 read_us=1773 buffered=16384
t=2952865 pipe_read event=627 count=16384 read_us=4129 buffered=16384
t=2958906 pipe_read event=628 count=16384 read_us=2205 buffered=16384
t=2962939 pipe_read event=629 count=16384 read_us=181 buffered=16384
t=2966938 pipe_read event=630 count=16384 read_us=165 buffered=16384
t=2972167 pipe_read event=631 count=16384 read_us=1409 buffered=16384
t=2976169 pipe_read event=632 count=16384 read_us=169 buffered=16384
t=2980140 pipe_read event=633 count=16384 read_us=163 buffered=16384
t=2982982 transfer event=5056 count=2048 submitted=10354688 tx_us=464 fast_bytes=2048 slow_bytes=0 queries=2
t=2985410 pipe_read event=634 count=16384 read_us=1486 buffered=16384
t=2989415 pipe_read event=635 count=16384 read_us=170 buffered=16384
t=2993398 pipe_read event=636 count=16384 read_us=166 buffered=16384
t=2997428 pipe_read event=637 count=16384 read_us=164 buffered=16384
t=3002905 pipe_read event=638 count=16384 read_us=1712 buffered=16384
t=3006911 pipe_read event=639 count=16384 read_us=180 buffered=16384
t=3010887 pipe_read event=640 count=16384 read_us=177 buffered=16384
t=3016368 pipe_read event=641 count=16384 read_us=1677 buffered=16384
t=3019240 transfer event=5120 count=2048 submitted=10485760 tx_us=451 fast_bytes=2048 slow_bytes=0 queries=2
t=3020401 pipe_read event=642 count=16384 read_us=166 buffered=16384
t=3023697 profile_poll polls=1600 elapsed_us=2295 interval_us=2091 chunks=5
t=3024398 pipe_read event=643 count=16384 read_us=167 buffered=16384
t=3028389 pipe_read event=644 count=16384 read_us=161 buffered=16384
t=3033601 pipe_read event=645 count=16384 read_us=1443 buffered=16384
t=3037602 pipe_read event=646 count=16384 read_us=164 buffered=16384
t=3041572 pipe_read event=647 count=16384 read_us=164 buffered=16384
t=3047535 pipe_read event=648 count=16384 read_us=2157 buffered=16384
t=3051532 pipe_read event=649 count=16384 read_us=162 buffered=16384
t=3054386 transfer event=5184 count=2048 submitted=10616832 tx_us=455 fast_bytes=2048 slow_bytes=0 queries=2
t=3055534 pipe_read event=650 count=16384 read_us=163 buffered=16384
t=3059516 pipe_read event=651 count=16384 read_us=168 buffered=16384
t=3063444 pipe_read event=652 count=16384 read_us=163 buffered=16384
t=3067412 pipe_read event=653 count=16384 read_us=158 buffered=16384
t=3071384 pipe_read event=654 count=16384 read_us=160 buffered=16384
t=3076835 pipe_read event=655 count=16384 read_us=1633 buffered=16384
t=3080843 pipe_read event=656 count=16384 read_us=184 buffered=16384
t=3084852 pipe_read event=657 count=16384 read_us=188 buffered=16384
t=3087688 transfer event=5248 count=2048 submitted=10747904 tx_us=450 fast_bytes=2048 slow_bytes=0 queries=2
t=3090637 pipe_read event=658 count=16384 read_us=1955 buffered=16384
t=3094677 pipe_read event=659 count=16384 read_us=179 buffered=16384
t=3098667 pipe_read event=660 count=16384 read_us=169 buffered=16384
t=3103972 pipe_read event=661 count=16384 read_us=1485 buffered=16384
t=3107983 pipe_read event=662 count=16384 read_us=176 buffered=16384
t=3115031 pipe_read event=663 count=16384 read_us=3230 buffered=16384
t=3124367 pipe_read event=664 count=16384 read_us=5491 buffered=16384
t=3128457 pipe_read event=665 count=16384 read_us=212 buffered=16384
t=3131311 transfer event=5312 count=2048 submitted=10878976 tx_us=451 fast_bytes=2048 slow_bytes=0 queries=2
t=3132474 pipe_read event=666 count=16384 read_us=169 buffered=16384
t=3136445 pipe_read event=667 count=16384 read_us=161 buffered=16384
t=3140373 pipe_read event=668 count=16384 read_us=168 buffered=16384
t=3145904 pipe_read event=669 count=16384 read_us=1721 buffered=16384
t=3149908 pipe_read event=670 count=16384 read_us=180 buffered=16384
t=3153902 pipe_read event=671 count=16384 read_us=190 buffered=16384
t=3157880 pipe_read event=672 count=16384 read_us=174 buffered=16384
t=3163467 pipe_read event=673 count=16384 read_us=1830 buffered=16384
t=3166337 transfer event=5376 count=2048 submitted=11010048 tx_us=455 fast_bytes=2048 slow_bytes=0 queries=2
t=3167501 pipe_read event=674 count=16384 read_us=169 buffered=16384
t=3171469 pipe_read event=675 count=16384 read_us=163 buffered=16384
t=3176998 pipe_read event=676 count=16384 read_us=1710 buffered=16384
t=3179858 profile_poll polls=1664 elapsed_us=2309 interval_us=2267 chunks=5
t=3181016 pipe_read event=677 count=16384 read_us=167 buffered=16384
t=3184991 pipe_read event=678 count=16384 read_us=165 buffered=16384
t=3188973 pipe_read event=679 count=16384 read_us=162 buffered=16384
t=3194377 pipe_read event=680 count=16384 read_us=1639 buffered=16384
t=3198379 pipe_read event=681 count=16384 read_us=173 buffered=16384
t=3201225 transfer event=5440 count=2048 submitted=11141120 tx_us=450 fast_bytes=2048 slow_bytes=0 queries=2
t=3202393 pipe_read event=682 count=16384 read_us=175 buffered=16384
t=3207663 pipe_read event=683 count=16384 read_us=1468 buffered=16384
t=3211664 pipe_read event=684 count=16384 read_us=170 buffered=16384
t=3215635 pipe_read event=685 count=16384 read_us=159 buffered=16384
t=3220583 pipe_read event=686 count=16384 read_us=1163 buffered=16384
t=3224571 pipe_read event=687 count=16384 read_us=162 buffered=16384
t=3228551 pipe_read event=688 count=16384 read_us=164 buffered=16384
t=3232512 pipe_read event=689 count=16384 read_us=162 buffered=16384
t=3235350 transfer event=5504 count=2048 submitted=11272192 tx_us=449 fast_bytes=2048 slow_bytes=0 queries=2
t=3238000 pipe_read event=690 count=16384 read_us=1702 buffered=16384
t=3242006 pipe_read event=691 count=16384 read_us=173 buffered=16384
t=3245992 pipe_read event=692 count=16384 read_us=165 buffered=16384
t=3252345 pipe_read event=693 count=16384 read_us=2546 buffered=16384
t=3256357 pipe_read event=694 count=16384 read_us=172 buffered=16384
t=3260357 pipe_read event=695 count=16384 read_us=168 buffered=16384
t=3264330 pipe_read event=696 count=16384 read_us=166 buffered=16384
t=3268253 pipe_read event=697 count=16384 read_us=162 buffered=16384
t=3271091 transfer event=5568 count=2048 submitted=11403264 tx_us=458 fast_bytes=2048 slow_bytes=0 queries=2
t=3273597 pipe_read event=698 count=16384 read_us=1510 buffered=16384
t=3277607 pipe_read event=699 count=16384 read_us=169 buffered=16384
t=3282931 pipe_read event=700 count=16384 read_us=1489 buffered=16384
t=3291636 pipe_read event=701 count=16384 read_us=4873 buffered=16384
t=3297266 pipe_read event=702 count=16384 read_us=1755 buffered=16384
t=3301304 pipe_read event=703 count=16384 read_us=177 buffered=16384
t=3306678 pipe_read event=704 count=16384 read_us=1553 buffered=16384
t=3310698 pipe_read event=705 count=16384 read_us=173 buffered=16384
t=3313549 transfer event=5632 count=2048 submitted=11534336 tx_us=450 fast_bytes=2048 slow_bytes=0 queries=2
t=3314706 pipe_read event=706 count=16384 read_us=166 buffered=16384
t=3318672 pipe_read event=707 count=16384 read_us=164 buffered=16384
t=3324820 pipe_read event=708 count=16384 read_us=2378 buffered=16384
t=3328845 pipe_read event=709 count=16384 read_us=192 buffered=16384
t=3332826 pipe_read event=710 count=16384 read_us=180 buffered=16384
t=3336815 pipe_read event=711 count=16384 read_us=185 buffered=16384
t=3338674 profile_poll polls=1728 elapsed_us=2048 interval_us=2340 chunks=4
t=3340761 pipe_read event=712 count=16384 read_us=176 buffered=16384
t=3344757 pipe_read event=713 count=16384 read_us=179 buffered=16384
t=3347579 transfer event=5696 count=2048 submitted=11665408 tx_us=450 fast_bytes=2048 slow_bytes=0 queries=2
t=3348729 pipe_read event=714 count=16384 read_us=161 buffered=16384
t=3354068 pipe_read event=715 count=16384 read_us=1537 buffered=16384
t=3358070 pipe_read event=716 count=16384 read_us=171 buffered=16384
t=3362044 pipe_read event=717 count=16384 read_us=163 buffered=16384
t=3367524 pipe_read event=718 count=16384 read_us=1678 buffered=16384
t=3371530 pipe_read event=719 count=16384 read_us=169 buffered=16384
t=3375511 pipe_read event=720 count=16384 read_us=161 buffered=16384
t=3381210 pipe_read event=721 count=16384 read_us=1887 buffered=16384
t=3384086 transfer event=5760 count=2048 submitted=11796480 tx_us=462 fast_bytes=2048 slow_bytes=0 queries=2
t=3385259 pipe_read event=722 count=16384 read_us=172 buffered=16384
t=3389233 pipe_read event=723 count=16384 read_us=163 buffered=16384
t=3393208 pipe_read event=724 count=16384 read_us=165 buffered=16384
t=3398395 pipe_read event=725 count=16384 read_us=1421 buffered=16384
t=3402392 pipe_read event=726 count=16384 read_us=168 buffered=16384
t=3406392 pipe_read event=727 count=16384 read_us=168 buffered=16384
t=3411897 pipe_read event=728 count=16384 read_us=1706 buffered=16384
t=3415904 pipe_read event=729 count=16384 read_us=187 buffered=16384
t=3418752 transfer event=5824 count=2048 submitted=11927552 tx_us=460 fast_bytes=2048 slow_bytes=0 queries=2
t=3419906 pipe_read event=730 count=16384 read_us=175 buffered=16384
t=3425310 pipe_read event=731 count=16384 read_us=1614 buffered=16384
t=3429321 pipe_read event=732 count=16384 read_us=177 buffered=16384
t=3433296 pipe_read event=733 count=16384 read_us=159 buffered=16384
t=3437277 pipe_read event=734 count=16384 read_us=166 buffered=16384
t=3442594 pipe_read event=735 count=16384 read_us=1549 buffered=16384
t=3448054 pipe_read event=736 count=16384 read_us=1629 buffered=16384
t=3454432 pipe_read event=737 count=16384 read_us=2546 buffered=16384
t=3457297 transfer event=5888 count=2048 submitted=12058624 tx_us=449 fast_bytes=2048 slow_bytes=0 queries=2
t=3461660 pipe_read event=738 count=16384 read_us=3361 buffered=16384
t=3467323 pipe_read event=739 count=16384 read_us=1806 buffered=16384
t=3471357 pipe_read event=740 count=16384 read_us=174 buffered=16384
t=3475344 pipe_read event=741 count=16384 read_us=170 buffered=16384
t=3479333 pipe_read event=742 count=16384 read_us=163 buffered=16384
t=3484555 pipe_read event=743 count=16384 read_us=1451 buffered=16384
t=3488557 pipe_read event=744 count=16384 read_us=167 buffered=16384
t=3492537 pipe_read event=745 count=16384 read_us=164 buffered=16384
t=3493949 profile_poll polls=1792 elapsed_us=2039 interval_us=2347 chunks=4
t=3495394 transfer event=5952 count=2048 submitted=12189696 tx_us=450 fast_bytes=2048 slow_bytes=0 queries=2
t=3497859 pipe_read event=746 count=16384 read_us=1475 buffered=16384
t=3501868 pipe_read event=747 count=16384 read_us=190 buffered=16384
t=3505866 pipe_read event=748 count=16384 read_us=192 buffered=16384
t=3511339 pipe_read event=749 count=16384 read_us=1708 buffered=16384
t=3515353 pipe_read event=750 count=16384 read_us=171 buffered=16384
t=3519336 pipe_read event=751 count=16384 read_us=163 buffered=16384
t=3523304 pipe_read event=752 count=16384 read_us=161 buffered=16384
t=3528802 pipe_read event=753 count=16384 read_us=1717 buffered=16384
t=3531662 transfer event=6016 count=2048 submitted=12320768 tx_us=452 fast_bytes=2048 slow_bytes=0 queries=2
t=3532867 pipe_read event=754 count=16384 read_us=192 buffered=16384
t=3536853 pipe_read event=755 count=16384 read_us=178 buffered=16384
t=3542877 pipe_read event=756 count=16384 read_us=2226 buffered=16384
t=3546882 pipe_read event=757 count=16384 read_us=180 buffered=16384
t=3550865 pipe_read event=758 count=16384 read_us=184 buffered=16384
t=3554843 pipe_read event=759 count=16384 read_us=188 buffered=16384
t=3558772 pipe_read event=760 count=16384 read_us=174 buffered=16384
t=3562722 pipe_read event=761 count=16384 read_us=157 buffered=16384
t=3565563 transfer event=6080 count=2048 submitted=12451840 tx_us=450 fast_bytes=2048 slow_bytes=0 queries=2
t=3566714 pipe_read event=762 count=16384 read_us=166 buffered=16384
t=3571602 pipe_read event=763 count=16384 read_us=1081 buffered=16384
t=3575589 pipe_read event=764 count=16384 read_us=165 buffered=16384
t=3579567 pipe_read event=765 count=16384 read_us=159 buffered=16384
t=3584435 pipe_read event=766 count=16384 read_us=1110 buffered=16384
t=3588426 pipe_read event=767 count=16384 read_us=164 buffered=16384
t=3592408 pipe_read event=768 count=16384 read_us=166 buffered=16384
t=3596391 pipe_read event=769 count=16384 read_us=158 buffered=16384
t=3599229 transfer event=6144 count=2048 submitted=12582912 tx_us=450 fast_bytes=2048 slow_bytes=0 queries=2
t=3601253 pipe_read event=770 count=16384 read_us=1079 buffered=16384
t=3605237 pipe_read event=771 count=16384 read_us=163 buffered=16384
t=3609228 pipe_read event=772 count=16384 read_us=183 buffered=16384
t=3613191 pipe_read event=773 count=16384 read_us=149 buffered=16384
t=3617133 pipe_read event=774 count=16384 read_us=173 buffered=16384
t=3621104 pipe_read event=775 count=16384 read_us=158 buffered=16384
t=3625082 pipe_read event=776 count=16384 read_us=161 buffered=16384
t=3629042 pipe_read event=777 count=16384 read_us=152 buffered=16384
t=3631882 transfer event=6208 count=2048 submitted=12713984 tx_us=464 fast_bytes=2048 slow_bytes=0 queries=2
t=3632971 pipe_read event=778 count=16384 read_us=148 buffered=16384
media_player_helper: video=10334393 bytes, pts=25, audio=375 frames/576000 samples
media_player_helper: scheduler video_peak=460560 bytes, pcm_peak=15360 samples, pcm_emitted=576000 samples
t=3637112 pipe_read event=779 count=16384 read_us=327 buffered=16384
t=3641324 pipe_read event=780 count=16384 read_us=340 buffered=16384
t=3645147 profile_poll polls=1856 elapsed_us=2315 interval_us=2331 chunks=5
t=3645251 pipe_read event=781 count=16384 read_us=32 buffered=16384
t=3649052 pipe_read event=782 count=16384 read_us=28 buffered=16384
t=3652881 pipe_read event=783 count=16384 read_us=29 buffered=16384
t=3656621 pipe_read event=784 count=2118 read_us=12 buffered=2118
t=3657194 helper stdout eof
t=3657207 finish reason=eof fd=14 download=1 submitted=12818502 reads=784 would_block=388
t=3657249 download released
t=3657327 child wait=2174 status=0x0 wait_errno=0 exited=1 exit_code=0 signaled=0 signal=0
t=3657347 transfer complete submitted=12818502 reads=784
t=3657359 profile_poll polls=1862 elapsed_us=211 interval_us=2360 chunks=1
t=3657370 profile_summary polls=1862 poll_us=3538142 poll_max_us=7190 data_polls=1475 data_poll_us=3535290 intervals=1861 interval_us=3654927 interval_max_us=12399 read_calls=1173 read_us=620316 tx_calls=6260 tx_us=2869347 tx_max_us=5806 ack_chunks=97 fast_bytes=12818502 slow_bytes=0 burst_calls=6260 status_queries=12520 transport_mode=2
