----------------
; Command Info ;
----------------
Report Timing: Found 2 setup paths (0 violated).  Worst case slack is 2.934 

Tcl Command:
    report_timing -setup -file /home/vash/mister-builds/entry681/results/transform_iq_non_intra_weight_output.rpt -from [get_registers {*|mpeg2_h262_p_non_intra_transform:transform|iq_non_intra_weight*}] -npaths 2 -detail full_path

Options:
    -from [get_registers {*|mpeg2_h262_p_non_intra_transform:transform|iq_non_intra_weight*}] 
    -setup 
    -npaths 2 
    -detail full_path 
    -file {/home/vash/mister-builds/entry681/results/transform_iq_non_intra_weight_output.rpt} 

Delay Model:
    Slow 1100mV 100C Model

+------------------------------------------------------------------------------------------------------------------------------------------------------------------------------------------------------------------------------------------------------------------------------------------------------------------------------------------------------------------------------------------------------------------------------------------------------------------------------------------------------------------------------------------------------------------------------------------------------------------------------------------------------------------------------------------+
; Summary of Paths                                                                                                                                                                                                                                                                                                                                                                                                                                                                                                                                                                                                                                                                         ;
+-------+--------------------------------------------------------------------------------------------------------------------------------------------------------------------------------------------------------------------------------+----------------------------------------------------------------------------------------------------------------------------------------------------------------------------------------------------------------------------------------------------+-------------------------------------------------------------------------+-------------------------------------------------------------------------+--------------+------------+------------+
; Slack ; From Node                                                                                                                                                                                                                      ; To Node                                                                                                                                                                                                                                            ; Launch Clock                                                            ; Latch Clock                                                             ; Relationship ; Clock Skew ; Data Delay ;
+-------+--------------------------------------------------------------------------------------------------------------------------------------------------------------------------------------------------------------------------------+----------------------------------------------------------------------------------------------------------------------------------------------------------------------------------------------------------------------------------------------------+-------------------------------------------------------------------------+-------------------------------------------------------------------------+--------------+------------+------------+
; 2.934 ; emu:emu|mpeg2_h262_two_picture_probe:mpeg2_h262_two_picture_probe|mpeg2_h262_p_diagnostic_controller:p_controller|mpeg2_h262_p_residual_probe:residual_probe|mpeg2_h262_p_non_intra_transform:transform|iq_non_intra_weight[1] ; emu:emu|mpeg2_h262_two_picture_probe:mpeg2_h262_two_picture_probe|mpeg2_h262_p_diagnostic_controller:p_controller|mpeg2_h262_p_residual_probe:residual_probe|mpeg2_h262_p_non_intra_transform:transform|y0_f00_proven_OTERM97_OTERM9299_OTERM11813 ; emu|pll|pll_inst|altera_pll_i|general[2].gpll~PLL_OUTPUT_COUNTER|divclk ; emu|pll|pll_inst|altera_pll_i|general[2].gpll~PLL_OUTPUT_COUNTER|divclk ; 16.666       ; -0.114     ; 13.498     ;
; 2.982 ; emu:emu|mpeg2_h262_two_picture_probe:mpeg2_h262_two_picture_probe|mpeg2_h262_p_diagnostic_controller:p_controller|mpeg2_h262_p_residual_probe:residual_probe|mpeg2_h262_p_non_intra_transform:transform|iq_non_intra_weight[1] ; emu:emu|mpeg2_h262_two_picture_probe:mpeg2_h262_two_picture_probe|mpeg2_h262_p_diagnostic_controller:p_controller|mpeg2_h262_p_residual_probe:residual_probe|mpeg2_h262_p_non_intra_transform:transform|y0_f00_proven_OTERM97_OTERM9299_OTERM11813 ; emu|pll|pll_inst|altera_pll_i|general[2].gpll~PLL_OUTPUT_COUNTER|divclk ; emu|pll|pll_inst|altera_pll_i|general[2].gpll~PLL_OUTPUT_COUNTER|divclk ; 16.666       ; -0.114     ; 13.450     ;
+-------+--------------------------------------------------------------------------------------------------------------------------------------------------------------------------------------------------------------------------------+----------------------------------------------------------------------------------------------------------------------------------------------------------------------------------------------------------------------------------------------------+-------------------------------------------------------------------------+-------------------------------------------------------------------------+--------------+------------+------------+

Path #1: Setup slack is 2.934 
===============================================================================
+-------------------------------------------------------------------------------------------------------------------------------------------------------------------------------------------------------------------------------------------------------------------------+
; Path Summary                                                                                                                                                                                                                                                            ;
+--------------------+----------------------------------------------------------------------------------------------------------------------------------------------------------------------------------------------------------------------------------------------------+
; Property           ; Value                                                                                                                                                                                                                                              ;
+--------------------+----------------------------------------------------------------------------------------------------------------------------------------------------------------------------------------------------------------------------------------------------+
; From Node          ; emu:emu|mpeg2_h262_two_picture_probe:mpeg2_h262_two_picture_probe|mpeg2_h262_p_diagnostic_controller:p_controller|mpeg2_h262_p_residual_probe:residual_probe|mpeg2_h262_p_non_intra_transform:transform|iq_non_intra_weight[1]                     ;
; To Node            ; emu:emu|mpeg2_h262_two_picture_probe:mpeg2_h262_two_picture_probe|mpeg2_h262_p_diagnostic_controller:p_controller|mpeg2_h262_p_residual_probe:residual_probe|mpeg2_h262_p_non_intra_transform:transform|y0_f00_proven_OTERM97_OTERM9299_OTERM11813 ;
; Launch Clock       ; emu|pll|pll_inst|altera_pll_i|general[2].gpll~PLL_OUTPUT_COUNTER|divclk                                                                                                                                                                            ;
; Latch Clock        ; emu|pll|pll_inst|altera_pll_i|general[2].gpll~PLL_OUTPUT_COUNTER|divclk                                                                                                                                                                            ;
; Data Arrival Time  ; 17.949                                                                                                                                                                                                                                             ;
; Data Required Time ; 20.883                                                                                                                                                                                                                                             ;
; Slack              ; 2.934                                                                                                                                                                                                                                              ;
+--------------------+----------------------------------------------------------------------------------------------------------------------------------------------------------------------------------------------------------------------------------------------------+

+--------------------------------------------------------------------------------------+
; Statistics                                                                           ;
+------------------------+--------+-------+-------------+------------+--------+--------+
; Property               ; Value  ; Count ; Total Delay ; % of Total ; Min    ; Max    ;
+------------------------+--------+-------+-------------+------------+--------+--------+
; Setup Relationship     ; 16.666 ;       ;             ;            ;        ;        ;
; Clock Skew             ; -0.114 ;       ;             ;            ;        ;        ;
; Data Delay             ; 13.498 ;       ;             ;            ;        ;        ;
; Number of Logic Levels ;        ; 8     ;             ;            ;        ;        ;
; Physical Delays        ;        ;       ;             ;            ;        ;        ;
;  Arrival Path          ;        ;       ;             ;            ;        ;        ;
;   Clock                ;        ;       ;             ;            ;        ;        ;
;    IC                  ;        ; 6     ; 4.685       ; 57         ; 0.000  ; 2.332  ;
;    Cell                ;        ; 5     ; 3.534       ; 43         ; 0.322  ; 1.535  ;
;    PLL Compensation    ;        ; 1     ; -3.768      ; 0          ; -3.768 ; -3.768 ;
;   Data                 ;        ;       ;             ;            ;        ;        ;
;    IC                  ;        ; 35    ; 4.653       ; 34         ; 0.000  ; 0.896  ;
;    Cell                ;        ; 36    ; 8.845       ; 66         ; 0.000  ; 3.882  ;
;    uTco                ;        ; 1     ; 0.000       ; 0          ; 0.000  ; 0.000  ;
;  Required Path         ;        ;       ;             ;            ;        ;        ;
;   Clock                ;        ;       ;             ;            ;        ;        ;
;    IC                  ;        ; 6     ; 4.018       ; 56         ; 0.000  ; 1.903  ;
;    Cell                ;        ; 5     ; 3.146       ; 44         ; 0.296  ; 1.268  ;
;    PLL Compensation    ;        ; 1     ; -4.932      ; 0          ; -4.932 ; -4.932 ;
+------------------------+--------+-------+-------------+------------+--------+--------+
Note: Negative delays are omitted from totals when calculating percentages

+----------------------------------------------------------------------------------------------------------------------------------------------------------------------------------------------------------------------------------------------------------------------------------------------------------------------------+
; Data Arrival Path                                                                                                                                                                                                                                                                                                          ;
+----------+----------+----+------+--------+----------------------------+----------------------------------------------------------------------------------------------------------------------------------------------------------------------------------------------------------------------------------------------------+
; Total    ; Incr     ; RF ; Type ; Fanout ; Location                   ; Element                                                                                                                                                                                                                                            ;
+----------+----------+----+------+--------+----------------------------+----------------------------------------------------------------------------------------------------------------------------------------------------------------------------------------------------------------------------------------------------+
; 0.000    ; 0.000    ;    ;      ;        ;                            ; launch edge time                                                                                                                                                                                                                                   ;
; 4.451    ; 4.451    ;    ;      ;        ;                            ; clock path                                                                                                                                                                                                                                         ;
;   0.000  ;   0.000  ;    ;      ;        ;                            ; source latency                                                                                                                                                                                                                                     ;
;   0.000  ;   0.000  ;    ;      ; 1      ; PIN_Y13                    ; FPGA_CLK2_50                                                                                                                                                                                                                                       ;
;   0.000  ;   0.000  ; RR ; IC   ; 1      ; IOIBUF_X56_Y0_N1           ; FPGA_CLK2_50~input|i                                                                                                                                                                                                                               ;
;   0.761  ;   0.761  ; RR ; CELL ; 2      ; IOIBUF_X56_Y0_N1           ; FPGA_CLK2_50~input|o                                                                                                                                                                                                                               ;
;   2.096  ;   1.335  ; RR ; IC   ; 1      ; PLLREFCLKSELECT_X89_Y7_N0  ; emu|pll|pll_inst|altera_pll_i|general[0].gpll~PLL_REFCLK_SELECT|clkin[0]                                                                                                                                                                           ;
;   2.429  ;   0.333  ; RR ; CELL ; 1      ; PLLREFCLKSELECT_X89_Y7_N0  ; emu|pll|pll_inst|altera_pll_i|general[0].gpll~PLL_REFCLK_SELECT|clkout                                                                                                                                                                             ;
;   2.429  ;   0.000  ; RR ; IC   ; 10     ; FRACTIONALPLL_X89_Y1_N0    ; emu|pll|pll_inst|altera_pll_i|general[0].gpll~FRACTIONAL_PLL|refclkin                                                                                                                                                                              ;
;   -1.339 ;   -3.768 ; RR ; COMP ; 3      ; FRACTIONALPLL_X89_Y1_N0    ; emu|pll|pll_inst|altera_pll_i|general[0].gpll~FRACTIONAL_PLL|vcoph[0]                                                                                                                                                                              ;
;   -1.339 ;   0.000  ; RR ; IC   ; 1      ; PLLOUTPUTCOUNTER_X89_Y0_N1 ; emu|pll|pll_inst|altera_pll_i|general[2].gpll~PLL_OUTPUT_COUNTER|vco0ph[0]                                                                                                                                                                         ;
;   0.196  ;   1.535  ; RR ; CELL ; 1      ; PLLOUTPUTCOUNTER_X89_Y0_N1 ; emu|pll|pll_inst|altera_pll_i|general[2].gpll~PLL_OUTPUT_COUNTER|divclk                                                                                                                                                                            ;
;   1.214  ;   1.018  ; RR ; IC   ; 1      ; CLKCTRL_G11                ; emu|pll|pll_inst|altera_pll_i|outclk_wire[2]~CLKENA0|inclk                                                                                                                                                                                         ;
;   1.536  ;   0.322  ; RR ; CELL ; 36256  ; CLKCTRL_G11                ; emu|pll|pll_inst|altera_pll_i|outclk_wire[2]~CLKENA0|outclk                                                                                                                                                                                        ;
;   3.868  ;   2.332  ; RR ; IC   ; 1      ; FF_X33_Y10_N37             ; emu|mpeg2_h262_two_picture_probe|p_controller|residual_probe|transform|iq_non_intra_weight[1]|clk                                                                                                                                                  ;
;   4.451  ;   0.583  ; RR ; CELL ; 1      ; FF_X33_Y10_N37             ; emu:emu|mpeg2_h262_two_picture_probe:mpeg2_h262_two_picture_probe|mpeg2_h262_p_diagnostic_controller:p_controller|mpeg2_h262_p_residual_probe:residual_probe|mpeg2_h262_p_non_intra_transform:transform|iq_non_intra_weight[1]                     ;
; 17.949   ; 13.498   ;    ;      ;        ;                            ; data path                                                                                                                                                                                                                                          ;
;   4.451  ;   0.000  ;    ; uTco ; 1      ; FF_X33_Y10_N37             ; emu:emu|mpeg2_h262_two_picture_probe:mpeg2_h262_two_picture_probe|mpeg2_h262_p_diagnostic_controller:p_controller|mpeg2_h262_p_residual_probe:residual_probe|mpeg2_h262_p_non_intra_transform:transform|iq_non_intra_weight[1]                     ;
;   4.451  ;   0.000  ; FF ; CELL ; 1      ; FF_X33_Y10_N37             ; emu|mpeg2_h262_two_picture_probe|p_controller|residual_probe|transform|iq_non_intra_weight[1]|q                                                                                                                                                    ;
;   4.902  ;   0.451  ; FF ; IC   ; 1      ; LABCELL_X33_Y10_N9         ; emu|mpeg2_h262_two_picture_probe|p_controller|residual_probe|transform|iq_multiplier_b[1]~2_RESYN17224|datac                                                                                                                                       ;
;   5.380  ;   0.478  ; FF ; CELL ; 1      ; LABCELL_X33_Y10_N9         ; emu|mpeg2_h262_two_picture_probe|p_controller|residual_probe|transform|iq_multiplier_b[1]~2_RESYN17224|combout                                                                                                                                     ;
;   5.606  ;   0.226  ; FF ; IC   ; 1      ; LABCELL_X33_Y10_N24        ; emu|mpeg2_h262_two_picture_probe|p_controller|residual_probe|transform|iq_multiplier_b[1]~2|datad                                                                                                                                                  ;
;   6.114  ;   0.508  ; FF ; CELL ; 1      ; LABCELL_X33_Y10_N24        ; emu|mpeg2_h262_two_picture_probe|p_controller|residual_probe|transform|iq_multiplier_b[1]~2|combout                                                                                                                                                ;
;   6.864  ;   0.750  ; FF ; IC   ; 32     ; DSP_X32_Y10_N0             ; emu|mpeg2_h262_two_picture_probe|p_controller|residual_probe|transform|Mult0~mac|ay[1]                                                                                                                                                             ;
;   10.746 ;   3.882  ; FF ; CELL ; 3      ; DSP_X32_Y10_N0             ; emu|mpeg2_h262_two_picture_probe|p_controller|residual_probe|transform|Mult0~mac|resulta[3]                                                                                                                                                        ;
;   11.640 ;   0.894  ; FF ; IC   ; 1      ; LABCELL_X31_Y10_N15        ; emu|mpeg2_h262_two_picture_probe|p_controller|residual_probe|transform|WideOr1|datac                                                                                                                                                               ;
;   12.118 ;   0.478  ; FF ; CELL ; 1      ; LABCELL_X31_Y10_N15        ; emu|mpeg2_h262_two_picture_probe|p_controller|residual_probe|transform|WideOr1|combout                                                                                                                                                             ;
;   12.328 ;   0.210  ; FF ; IC   ; 1      ; LABCELL_X31_Y10_N30        ; emu|mpeg2_h262_two_picture_probe|p_controller|residual_probe|transform|Add3~114|datab                                                                                                                                                              ;
;   13.304 ;   0.976  ; FF ; CELL ; 1      ; LABCELL_X31_Y10_N30        ; emu|mpeg2_h262_two_picture_probe|p_controller|residual_probe|transform|Add3~114|cout                                                                                                                                                               ;
;   13.304 ;   0.000  ; FF ; IC   ; 2      ; LABCELL_X31_Y10_N33        ; emu|mpeg2_h262_two_picture_probe|p_controller|residual_probe|transform|Add3~81|cin                                                                                                                                                                 ;
;   13.304 ;   0.000  ; FF ; CELL ; 1      ; LABCELL_X31_Y10_N33        ; emu|mpeg2_h262_two_picture_probe|p_controller|residual_probe|transform|Add3~81|cout                                                                                                                                                                ;
;   13.304 ;   0.000  ; FF ; IC   ; 2      ; LABCELL_X31_Y10_N36        ; emu|mpeg2_h262_two_picture_probe|p_controller|residual_probe|transform|Add3~93|cin                                                                                                                                                                 ;
;   13.349 ;   0.045  ; FF ; CELL ; 1      ; LABCELL_X31_Y10_N36        ; emu|mpeg2_h262_two_picture_probe|p_controller|residual_probe|transform|Add3~93|cout                                                                                                                                                                ;
;   13.349 ;   0.000  ; FF ; IC   ; 2      ; LABCELL_X31_Y10_N39        ; emu|mpeg2_h262_two_picture_probe|p_controller|residual_probe|transform|Add3~89|cin                                                                                                                                                                 ;
;   13.349 ;   0.000  ; FF ; CELL ; 1      ; LABCELL_X31_Y10_N39        ; emu|mpeg2_h262_two_picture_probe|p_controller|residual_probe|transform|Add3~89|cout                                                                                                                                                                ;
;   13.349 ;   0.000  ; FF ; IC   ; 2      ; LABCELL_X31_Y10_N42        ; emu|mpeg2_h262_two_picture_probe|p_controller|residual_probe|transform|Add3~85|cin                                                                                                                                                                 ;
;   13.394 ;   0.045  ; FF ; CELL ; 1      ; LABCELL_X31_Y10_N42        ; emu|mpeg2_h262_two_picture_probe|p_controller|residual_probe|transform|Add3~85|cout                                                                                                                                                                ;
;   13.394 ;   0.000  ; FF ; IC   ; 2      ; LABCELL_X31_Y10_N45        ; emu|mpeg2_h262_two_picture_probe|p_controller|residual_probe|transform|Add3~109|cin                                                                                                                                                                ;
;   13.394 ;   0.000  ; FF ; CELL ; 1      ; LABCELL_X31_Y10_N45        ; emu|mpeg2_h262_two_picture_probe|p_controller|residual_probe|transform|Add3~109|cout                                                                                                                                                               ;
;   13.394 ;   0.000  ; FF ; IC   ; 2      ; LABCELL_X31_Y10_N48        ; emu|mpeg2_h262_two_picture_probe|p_controller|residual_probe|transform|Add3~73|cin                                                                                                                                                                 ;
;   13.439 ;   0.045  ; FF ; CELL ; 1      ; LABCELL_X31_Y10_N48        ; emu|mpeg2_h262_two_picture_probe|p_controller|residual_probe|transform|Add3~73|cout                                                                                                                                                                ;
;   13.439 ;   0.000  ; FF ; IC   ; 2      ; LABCELL_X31_Y10_N51        ; emu|mpeg2_h262_two_picture_probe|p_controller|residual_probe|transform|Add3~105|cin                                                                                                                                                                ;
;   13.439 ;   0.000  ; FF ; CELL ; 1      ; LABCELL_X31_Y10_N51        ; emu|mpeg2_h262_two_picture_probe|p_controller|residual_probe|transform|Add3~105|cout                                                                                                                                                               ;
;   13.439 ;   0.000  ; FF ; IC   ; 2      ; LABCELL_X31_Y10_N54        ; emu|mpeg2_h262_two_picture_probe|p_controller|residual_probe|transform|Add3~101|cin                                                                                                                                                                ;
;   13.482 ;   0.043  ; FF ; CELL ; 1      ; LABCELL_X31_Y10_N54        ; emu|mpeg2_h262_two_picture_probe|p_controller|residual_probe|transform|Add3~101|cout                                                                                                                                                               ;
;   13.482 ;   0.000  ; FF ; IC   ; 2      ; LABCELL_X31_Y10_N57        ; emu|mpeg2_h262_two_picture_probe|p_controller|residual_probe|transform|Add3~1|cin                                                                                                                                                                  ;
;   13.482 ;   0.000  ; FF ; CELL ; 1      ; LABCELL_X31_Y10_N57        ; emu|mpeg2_h262_two_picture_probe|p_controller|residual_probe|transform|Add3~1|cout                                                                                                                                                                 ;
;   13.482 ;   0.000  ; FF ; IC   ; 2      ; LABCELL_X31_Y9_N0          ; emu|mpeg2_h262_two_picture_probe|p_controller|residual_probe|transform|Add3~97|cin                                                                                                                                                                 ;
;   13.609 ;   0.127  ; FF ; CELL ; 1      ; LABCELL_X31_Y9_N0          ; emu|mpeg2_h262_two_picture_probe|p_controller|residual_probe|transform|Add3~97|cout                                                                                                                                                                ;
;   13.609 ;   0.000  ; FF ; IC   ; 2      ; LABCELL_X31_Y9_N3          ; emu|mpeg2_h262_two_picture_probe|p_controller|residual_probe|transform|Add3~77|cin                                                                                                                                                                 ;
;   13.609 ;   0.000  ; FF ; CELL ; 1      ; LABCELL_X31_Y9_N3          ; emu|mpeg2_h262_two_picture_probe|p_controller|residual_probe|transform|Add3~77|cout                                                                                                                                                                ;
;   13.609 ;   0.000  ; FF ; IC   ; 2      ; LABCELL_X31_Y9_N6          ; emu|mpeg2_h262_two_picture_probe|p_controller|residual_probe|transform|Add3~29|cin                                                                                                                                                                 ;
;   13.654 ;   0.045  ; FF ; CELL ; 1      ; LABCELL_X31_Y9_N6          ; emu|mpeg2_h262_two_picture_probe|p_controller|residual_probe|transform|Add3~29|cout                                                                                                                                                                ;
;   13.654 ;   0.000  ; FF ; IC   ; 2      ; LABCELL_X31_Y9_N9          ; emu|mpeg2_h262_two_picture_probe|p_controller|residual_probe|transform|Add3~33|cin                                                                                                                                                                 ;
;   13.654 ;   0.000  ; FF ; CELL ; 1      ; LABCELL_X31_Y9_N9          ; emu|mpeg2_h262_two_picture_probe|p_controller|residual_probe|transform|Add3~33|cout                                                                                                                                                                ;
;   13.654 ;   0.000  ; FF ; IC   ; 2      ; LABCELL_X31_Y9_N12         ; emu|mpeg2_h262_two_picture_probe|p_controller|residual_probe|transform|Add3~61|cin                                                                                                                                                                 ;
;   13.699 ;   0.045  ; FF ; CELL ; 1      ; LABCELL_X31_Y9_N12         ; emu|mpeg2_h262_two_picture_probe|p_controller|residual_probe|transform|Add3~61|cout                                                                                                                                                                ;
;   13.699 ;   0.000  ; FF ; IC   ; 2      ; LABCELL_X31_Y9_N15         ; emu|mpeg2_h262_two_picture_probe|p_controller|residual_probe|transform|Add3~65|cin                                                                                                                                                                 ;
;   13.699 ;   0.000  ; FF ; CELL ; 1      ; LABCELL_X31_Y9_N15         ; emu|mpeg2_h262_two_picture_probe|p_controller|residual_probe|transform|Add3~65|cout                                                                                                                                                                ;
;   13.699 ;   0.000  ; FF ; IC   ; 2      ; LABCELL_X31_Y9_N18         ; emu|mpeg2_h262_two_picture_probe|p_controller|residual_probe|transform|Add3~53|cin                                                                                                                                                                 ;
;   13.744 ;   0.045  ; FF ; CELL ; 1      ; LABCELL_X31_Y9_N18         ; emu|mpeg2_h262_two_picture_probe|p_controller|residual_probe|transform|Add3~53|cout                                                                                                                                                                ;
;   13.744 ;   0.000  ; FF ; IC   ; 2      ; LABCELL_X31_Y9_N21         ; emu|mpeg2_h262_two_picture_probe|p_controller|residual_probe|transform|Add3~57|cin                                                                                                                                                                 ;
;   13.744 ;   0.000  ; FF ; CELL ; 1      ; LABCELL_X31_Y9_N21         ; emu|mpeg2_h262_two_picture_probe|p_controller|residual_probe|transform|Add3~57|cout                                                                                                                                                                ;
;   13.744 ;   0.000  ; FF ; IC   ; 2      ; LABCELL_X31_Y9_N24         ; emu|mpeg2_h262_two_picture_probe|p_controller|residual_probe|transform|Add3~17|cin                                                                                                                                                                 ;
;   13.801 ;   0.057  ; FF ; CELL ; 1      ; LABCELL_X31_Y9_N24         ; emu|mpeg2_h262_two_picture_probe|p_controller|residual_probe|transform|Add3~17|cout                                                                                                                                                                ;
;   13.801 ;   0.000  ; FF ; IC   ; 2      ; LABCELL_X31_Y9_N27         ; emu|mpeg2_h262_two_picture_probe|p_controller|residual_probe|transform|Add3~13|cin                                                                                                                                                                 ;
;   13.801 ;   0.000  ; FF ; CELL ; 1      ; LABCELL_X31_Y9_N27         ; emu|mpeg2_h262_two_picture_probe|p_controller|residual_probe|transform|Add3~13|cout                                                                                                                                                                ;
;   13.801 ;   0.000  ; FF ; IC   ; 2      ; LABCELL_X31_Y9_N30         ; emu|mpeg2_h262_two_picture_probe|p_controller|residual_probe|transform|Add3~25|cin                                                                                                                                                                 ;
;   13.919 ;   0.118  ; FF ; CELL ; 1      ; LABCELL_X31_Y9_N30         ; emu|mpeg2_h262_two_picture_probe|p_controller|residual_probe|transform|Add3~25|cout                                                                                                                                                                ;
;   13.919 ;   0.000  ; FF ; IC   ; 2      ; LABCELL_X31_Y9_N33         ; emu|mpeg2_h262_two_picture_probe|p_controller|residual_probe|transform|Add3~37|cin                                                                                                                                                                 ;
;   13.919 ;   0.000  ; FF ; CELL ; 1      ; LABCELL_X31_Y9_N33         ; emu|mpeg2_h262_two_picture_probe|p_controller|residual_probe|transform|Add3~37|cout                                                                                                                                                                ;
;   13.919 ;   0.000  ; FF ; IC   ; 2      ; LABCELL_X31_Y9_N36         ; emu|mpeg2_h262_two_picture_probe|p_controller|residual_probe|transform|Add3~21|cin                                                                                                                                                                 ;
;   13.964 ;   0.045  ; FF ; CELL ; 1      ; LABCELL_X31_Y9_N36         ; emu|mpeg2_h262_two_picture_probe|p_controller|residual_probe|transform|Add3~21|cout                                                                                                                                                                ;
;   13.964 ;   0.000  ; FF ; IC   ; 2      ; LABCELL_X31_Y9_N39         ; emu|mpeg2_h262_two_picture_probe|p_controller|residual_probe|transform|Add3~9|cin                                                                                                                                                                  ;
;   13.964 ;   0.000  ; FF ; CELL ; 1      ; LABCELL_X31_Y9_N39         ; emu|mpeg2_h262_two_picture_probe|p_controller|residual_probe|transform|Add3~9|cout                                                                                                                                                                 ;
;   13.964 ;   0.000  ; FF ; IC   ; 2      ; LABCELL_X31_Y9_N42         ; emu|mpeg2_h262_two_picture_probe|p_controller|residual_probe|transform|Add3~69|cin                                                                                                                                                                 ;
;   14.009 ;   0.045  ; FF ; CELL ; 1      ; LABCELL_X31_Y9_N42         ; emu|mpeg2_h262_two_picture_probe|p_controller|residual_probe|transform|Add3~69|cout                                                                                                                                                                ;
;   14.009 ;   0.000  ; FF ; IC   ; 2      ; LABCELL_X31_Y9_N45         ; emu|mpeg2_h262_two_picture_probe|p_controller|residual_probe|transform|Add3~49|cin                                                                                                                                                                 ;
;   14.009 ;   0.000  ; FF ; CELL ; 1      ; LABCELL_X31_Y9_N45         ; emu|mpeg2_h262_two_picture_probe|p_controller|residual_probe|transform|Add3~49|cout                                                                                                                                                                ;
;   14.009 ;   0.000  ; FF ; IC   ; 2      ; LABCELL_X31_Y9_N48         ; emu|mpeg2_h262_two_picture_probe|p_controller|residual_probe|transform|Add3~41|cin                                                                                                                                                                 ;
;   14.361 ;   0.352  ; FR ; CELL ; 1      ; LABCELL_X31_Y9_N48         ; emu|mpeg2_h262_two_picture_probe|p_controller|residual_probe|transform|Add3~41|sumout                                                                                                                                                              ;
;   15.041 ;   0.680  ; RR ; IC   ; 1      ; LABCELL_X30_Y8_N12         ; emu|mpeg2_h262_two_picture_probe|p_controller|residual_probe|transform|iq_unclipped[25]~15|dataa                                                                                                                                                   ;
;   15.634 ;   0.593  ; RF ; CELL ; 8      ; LABCELL_X30_Y8_N12         ; emu|mpeg2_h262_two_picture_probe|p_controller|residual_probe|transform|iq_unclipped[25]~15|combout                                                                                                                                                 ;
;   16.180 ;   0.546  ; FF ; IC   ; 1      ; LABCELL_X29_Y8_N45         ; emu|mpeg2_h262_two_picture_probe|p_controller|residual_probe|transform|LessThan2~3_Duplicate_Duplicate_Duplicate|datab                                                                                                                             ;
;   16.716 ;   0.536  ; FF ; CELL ; 2      ; LABCELL_X29_Y8_N45         ; emu|mpeg2_h262_two_picture_probe|p_controller|residual_probe|transform|LessThan2~3_Duplicate_Duplicate_Duplicate|combout                                                                                                                           ;
;   17.612 ;   0.896  ; FF ; IC   ; 1      ; LABCELL_X29_Y9_N42         ; emu|mpeg2_h262_two_picture_probe|p_controller|residual_probe|transform|iq_saturated[8]~25_Duplicate_Duplicate|dataf                                                                                                                                ;
;   17.689 ;   0.077  ; FF ; CELL ; 1      ; LABCELL_X29_Y9_N42         ; emu|mpeg2_h262_two_picture_probe|p_controller|residual_probe|transform|iq_saturated[8]~25_Duplicate_Duplicate|combout                                                                                                                              ;
;   17.689 ;   0.000  ; FF ; IC   ; 1      ; FF_X29_Y9_N43              ; emu|mpeg2_h262_two_picture_probe|p_controller|residual_probe|transform|y0_f00_proven_OTERM97_OTERM9299_NEW_REG11812|d                                                                                                                              ;
;   17.949 ;   0.260  ; FF ; CELL ; 1      ; FF_X29_Y9_N43              ; emu:emu|mpeg2_h262_two_picture_probe:mpeg2_h262_two_picture_probe|mpeg2_h262_p_diagnostic_controller:p_controller|mpeg2_h262_p_residual_probe:residual_probe|mpeg2_h262_p_non_intra_transform:transform|y0_f00_proven_OTERM97_OTERM9299_OTERM11813 ;
+----------+----------+----+------+--------+----------------------------+----------------------------------------------------------------------------------------------------------------------------------------------------------------------------------------------------------------------------------------------------+

+----------------------------------------------------------------------------------------------------------------------------------------------------------------------------------------------------------------------------------------------------------------------------------------------------------------------------+
; Data Required Path                                                                                                                                                                                                                                                                                                         ;
+----------+----------+----+------+--------+----------------------------+----------------------------------------------------------------------------------------------------------------------------------------------------------------------------------------------------------------------------------------------------+
; Total    ; Incr     ; RF ; Type ; Fanout ; Location                   ; Element                                                                                                                                                                                                                                            ;
+----------+----------+----+------+--------+----------------------------+----------------------------------------------------------------------------------------------------------------------------------------------------------------------------------------------------------------------------------------------------+
; 16.666   ; 16.666   ;    ;      ;        ;                            ; latch edge time                                                                                                                                                                                                                                    ;
; 21.003   ; 4.337    ;    ;      ;        ;                            ; clock path                                                                                                                                                                                                                                         ;
;   16.666 ;   0.000  ;    ;      ;        ;                            ; source latency                                                                                                                                                                                                                                     ;
;   16.666 ;   0.000  ;    ;      ; 1      ; PIN_Y13                    ; FPGA_CLK2_50                                                                                                                                                                                                                                       ;
;   16.666 ;   0.000  ; RR ; IC   ; 1      ; IOIBUF_X56_Y0_N1           ; FPGA_CLK2_50~input|i                                                                                                                                                                                                                               ;
;   17.427 ;   0.761  ; RR ; CELL ; 2      ; IOIBUF_X56_Y0_N1           ; FPGA_CLK2_50~input|o                                                                                                                                                                                                                               ;
;   18.598 ;   1.171  ; RR ; IC   ; 1      ; PLLREFCLKSELECT_X89_Y7_N0  ; emu|pll|pll_inst|altera_pll_i|general[0].gpll~PLL_REFCLK_SELECT|clkin[0]                                                                                                                                                                           ;
;   18.906 ;   0.308  ; RR ; CELL ; 1      ; PLLREFCLKSELECT_X89_Y7_N0  ; emu|pll|pll_inst|altera_pll_i|general[0].gpll~PLL_REFCLK_SELECT|clkout                                                                                                                                                                             ;
;   18.906 ;   0.000  ; RR ; IC   ; 10     ; FRACTIONALPLL_X89_Y1_N0    ; emu|pll|pll_inst|altera_pll_i|general[0].gpll~FRACTIONAL_PLL|refclkin                                                                                                                                                                              ;
;   13.974 ;   -4.932 ; RR ; COMP ; 3      ; FRACTIONALPLL_X89_Y1_N0    ; emu|pll|pll_inst|altera_pll_i|general[0].gpll~FRACTIONAL_PLL|vcoph[0]                                                                                                                                                                              ;
;   13.974 ;   0.000  ; RR ; IC   ; 1      ; PLLOUTPUTCOUNTER_X89_Y0_N1 ; emu|pll|pll_inst|altera_pll_i|general[2].gpll~PLL_OUTPUT_COUNTER|vco0ph[0]                                                                                                                                                                         ;
;   15.242 ;   1.268  ; RR ; CELL ; 1      ; PLLOUTPUTCOUNTER_X89_Y0_N1 ; emu|pll|pll_inst|altera_pll_i|general[2].gpll~PLL_OUTPUT_COUNTER|divclk                                                                                                                                                                            ;
;   16.186 ;   0.944  ; RR ; IC   ; 1      ; CLKCTRL_G11                ; emu|pll|pll_inst|altera_pll_i|outclk_wire[2]~CLKENA0|inclk                                                                                                                                                                                         ;
;   16.482 ;   0.296  ; RR ; CELL ; 36256  ; CLKCTRL_G11                ; emu|pll|pll_inst|altera_pll_i|outclk_wire[2]~CLKENA0|outclk                                                                                                                                                                                        ;
;   18.385 ;   1.903  ; RR ; IC   ; 1      ; FF_X29_Y9_N43              ; emu|mpeg2_h262_two_picture_probe|p_controller|residual_probe|transform|y0_f00_proven_OTERM97_OTERM9299_NEW_REG11812|clk                                                                                                                            ;
;   18.898 ;   0.513  ; RR ; CELL ; 1      ; FF_X29_Y9_N43              ; emu:emu|mpeg2_h262_two_picture_probe:mpeg2_h262_two_picture_probe|mpeg2_h262_p_diagnostic_controller:p_controller|mpeg2_h262_p_residual_probe:residual_probe|mpeg2_h262_p_non_intra_transform:transform|y0_f00_proven_OTERM97_OTERM9299_OTERM11813 ;
;   21.003 ;   2.105  ;    ;      ;        ;                            ; clock pessimism removed                                                                                                                                                                                                                            ;
; 20.883   ; -0.120   ;    ;      ;        ;                            ; clock uncertainty                                                                                                                                                                                                                                  ;
; 20.883   ; 0.000    ;    ; uTsu ; 1      ; FF_X29_Y9_N43              ; emu:emu|mpeg2_h262_two_picture_probe:mpeg2_h262_two_picture_probe|mpeg2_h262_p_diagnostic_controller:p_controller|mpeg2_h262_p_residual_probe:residual_probe|mpeg2_h262_p_non_intra_transform:transform|y0_f00_proven_OTERM97_OTERM9299_OTERM11813 ;
+----------+----------+----+------+--------+----------------------------+----------------------------------------------------------------------------------------------------------------------------------------------------------------------------------------------------------------------------------------------------+

----------------------------
; Extra Fitter Information ;
----------------------------
HTML report is unavailable in plain text report export.


Path #2: Setup slack is 2.982 
===============================================================================
+-------------------------------------------------------------------------------------------------------------------------------------------------------------------------------------------------------------------------------------------------------------------------+
; Path Summary                                                                                                                                                                                                                                                            ;
+--------------------+----------------------------------------------------------------------------------------------------------------------------------------------------------------------------------------------------------------------------------------------------+
; Property           ; Value                                                                                                                                                                                                                                              ;
+--------------------+----------------------------------------------------------------------------------------------------------------------------------------------------------------------------------------------------------------------------------------------------+
; From Node          ; emu:emu|mpeg2_h262_two_picture_probe:mpeg2_h262_two_picture_probe|mpeg2_h262_p_diagnostic_controller:p_controller|mpeg2_h262_p_residual_probe:residual_probe|mpeg2_h262_p_non_intra_transform:transform|iq_non_intra_weight[1]                     ;
; To Node            ; emu:emu|mpeg2_h262_two_picture_probe:mpeg2_h262_two_picture_probe|mpeg2_h262_p_diagnostic_controller:p_controller|mpeg2_h262_p_residual_probe:residual_probe|mpeg2_h262_p_non_intra_transform:transform|y0_f00_proven_OTERM97_OTERM9299_OTERM11813 ;
; Launch Clock       ; emu|pll|pll_inst|altera_pll_i|general[2].gpll~PLL_OUTPUT_COUNTER|divclk                                                                                                                                                                            ;
; Latch Clock        ; emu|pll|pll_inst|altera_pll_i|general[2].gpll~PLL_OUTPUT_COUNTER|divclk                                                                                                                                                                            ;
; Data Arrival Time  ; 17.901                                                                                                                                                                                                                                             ;
; Data Required Time ; 20.883                                                                                                                                                                                                                                             ;
; Slack              ; 2.982                                                                                                                                                                                                                                              ;
+--------------------+----------------------------------------------------------------------------------------------------------------------------------------------------------------------------------------------------------------------------------------------------+

+--------------------------------------------------------------------------------------+
; Statistics                                                                           ;
+------------------------+--------+-------+-------------+------------+--------+--------+
; Property               ; Value  ; Count ; Total Delay ; % of Total ; Min    ; Max    ;
+------------------------+--------+-------+-------------+------------+--------+--------+
; Setup Relationship     ; 16.666 ;       ;             ;            ;        ;        ;
; Clock Skew             ; -0.114 ;       ;             ;            ;        ;        ;
; Data Delay             ; 13.450 ;       ;             ;            ;        ;        ;
; Number of Logic Levels ;        ; 8     ;             ;            ;        ;        ;
; Physical Delays        ;        ;       ;             ;            ;        ;        ;
;  Arrival Path          ;        ;       ;             ;            ;        ;        ;
;   Clock                ;        ;       ;             ;            ;        ;        ;
;    IC                  ;        ; 6     ; 4.685       ; 57         ; 0.000  ; 2.332  ;
;    Cell                ;        ; 5     ; 3.534       ; 43         ; 0.322  ; 1.535  ;
;    PLL Compensation    ;        ; 1     ; -3.768      ; 0          ; -3.768 ; -3.768 ;
;   Data                 ;        ;       ;             ;            ;        ;        ;
;    IC                  ;        ; 35    ; 4.400       ; 33         ; 0.000  ; 0.896  ;
;    Cell                ;        ; 36    ; 9.050       ; 67         ; 0.000  ; 3.912  ;
;    uTco                ;        ; 1     ; 0.000       ; 0          ; 0.000  ; 0.000  ;
;  Required Path         ;        ;       ;             ;            ;        ;        ;
;   Clock                ;        ;       ;             ;            ;        ;        ;
;    IC                  ;        ; 6     ; 4.018       ; 56         ; 0.000  ; 1.903  ;
;    Cell                ;        ; 5     ; 3.146       ; 44         ; 0.296  ; 1.268  ;
;    PLL Compensation    ;        ; 1     ; -4.932      ; 0          ; -4.932 ; -4.932 ;
+------------------------+--------+-------+-------------+------------+--------+--------+
Note: Negative delays are omitted from totals when calculating percentages

+----------------------------------------------------------------------------------------------------------------------------------------------------------------------------------------------------------------------------------------------------------------------------------------------------------------------------+
; Data Arrival Path                                                                                                                                                                                                                                                                                                          ;
+----------+----------+----+------+--------+----------------------------+----------------------------------------------------------------------------------------------------------------------------------------------------------------------------------------------------------------------------------------------------+
; Total    ; Incr     ; RF ; Type ; Fanout ; Location                   ; Element                                                                                                                                                                                                                                            ;
+----------+----------+----+------+--------+----------------------------+----------------------------------------------------------------------------------------------------------------------------------------------------------------------------------------------------------------------------------------------------+
; 0.000    ; 0.000    ;    ;      ;        ;                            ; launch edge time                                                                                                                                                                                                                                   ;
; 4.451    ; 4.451    ;    ;      ;        ;                            ; clock path                                                                                                                                                                                                                                         ;
;   0.000  ;   0.000  ;    ;      ;        ;                            ; source latency                                                                                                                                                                                                                                     ;
;   0.000  ;   0.000  ;    ;      ; 1      ; PIN_Y13                    ; FPGA_CLK2_50                                                                                                                                                                                                                                       ;
;   0.000  ;   0.000  ; RR ; IC   ; 1      ; IOIBUF_X56_Y0_N1           ; FPGA_CLK2_50~input|i                                                                                                                                                                                                                               ;
;   0.761  ;   0.761  ; RR ; CELL ; 2      ; IOIBUF_X56_Y0_N1           ; FPGA_CLK2_50~input|o                                                                                                                                                                                                                               ;
;   2.096  ;   1.335  ; RR ; IC   ; 1      ; PLLREFCLKSELECT_X89_Y7_N0  ; emu|pll|pll_inst|altera_pll_i|general[0].gpll~PLL_REFCLK_SELECT|clkin[0]                                                                                                                                                                           ;
;   2.429  ;   0.333  ; RR ; CELL ; 1      ; PLLREFCLKSELECT_X89_Y7_N0  ; emu|pll|pll_inst|altera_pll_i|general[0].gpll~PLL_REFCLK_SELECT|clkout                                                                                                                                                                             ;
;   2.429  ;   0.000  ; RR ; IC   ; 10     ; FRACTIONALPLL_X89_Y1_N0    ; emu|pll|pll_inst|altera_pll_i|general[0].gpll~FRACTIONAL_PLL|refclkin                                                                                                                                                                              ;
;   -1.339 ;   -3.768 ; RR ; COMP ; 3      ; FRACTIONALPLL_X89_Y1_N0    ; emu|pll|pll_inst|altera_pll_i|general[0].gpll~FRACTIONAL_PLL|vcoph[0]                                                                                                                                                                              ;
;   -1.339 ;   0.000  ; RR ; IC   ; 1      ; PLLOUTPUTCOUNTER_X89_Y0_N1 ; emu|pll|pll_inst|altera_pll_i|general[2].gpll~PLL_OUTPUT_COUNTER|vco0ph[0]                                                                                                                                                                         ;
;   0.196  ;   1.535  ; RR ; CELL ; 1      ; PLLOUTPUTCOUNTER_X89_Y0_N1 ; emu|pll|pll_inst|altera_pll_i|general[2].gpll~PLL_OUTPUT_COUNTER|divclk                                                                                                                                                                            ;
;   1.214  ;   1.018  ; RR ; IC   ; 1      ; CLKCTRL_G11                ; emu|pll|pll_inst|altera_pll_i|outclk_wire[2]~CLKENA0|inclk                                                                                                                                                                                         ;
;   1.536  ;   0.322  ; RR ; CELL ; 36256  ; CLKCTRL_G11                ; emu|pll|pll_inst|altera_pll_i|outclk_wire[2]~CLKENA0|outclk                                                                                                                                                                                        ;
;   3.868  ;   2.332  ; RR ; IC   ; 1      ; FF_X33_Y10_N37             ; emu|mpeg2_h262_two_picture_probe|p_controller|residual_probe|transform|iq_non_intra_weight[1]|clk                                                                                                                                                  ;
;   4.451  ;   0.583  ; RR ; CELL ; 1      ; FF_X33_Y10_N37             ; emu:emu|mpeg2_h262_two_picture_probe:mpeg2_h262_two_picture_probe|mpeg2_h262_p_diagnostic_controller:p_controller|mpeg2_h262_p_residual_probe:residual_probe|mpeg2_h262_p_non_intra_transform:transform|iq_non_intra_weight[1]                     ;
; 17.901   ; 13.450   ;    ;      ;        ;                            ; data path                                                                                                                                                                                                                                          ;
;   4.451  ;   0.000  ;    ; uTco ; 1      ; FF_X33_Y10_N37             ; emu:emu|mpeg2_h262_two_picture_probe:mpeg2_h262_two_picture_probe|mpeg2_h262_p_diagnostic_controller:p_controller|mpeg2_h262_p_residual_probe:residual_probe|mpeg2_h262_p_non_intra_transform:transform|iq_non_intra_weight[1]                     ;
;   4.451  ;   0.000  ; FF ; CELL ; 1      ; FF_X33_Y10_N37             ; emu|mpeg2_h262_two_picture_probe|p_controller|residual_probe|transform|iq_non_intra_weight[1]|q                                                                                                                                                    ;
;   4.902  ;   0.451  ; FF ; IC   ; 1      ; LABCELL_X33_Y10_N9         ; emu|mpeg2_h262_two_picture_probe|p_controller|residual_probe|transform|iq_multiplier_b[1]~2_RESYN17224|datac                                                                                                                                       ;
;   5.380  ;   0.478  ; FF ; CELL ; 1      ; LABCELL_X33_Y10_N9         ; emu|mpeg2_h262_two_picture_probe|p_controller|residual_probe|transform|iq_multiplier_b[1]~2_RESYN17224|combout                                                                                                                                     ;
;   5.606  ;   0.226  ; FF ; IC   ; 1      ; LABCELL_X33_Y10_N24        ; emu|mpeg2_h262_two_picture_probe|p_controller|residual_probe|transform|iq_multiplier_b[1]~2|datad                                                                                                                                                  ;
;   6.114  ;   0.508  ; FF ; CELL ; 1      ; LABCELL_X33_Y10_N24        ; emu|mpeg2_h262_two_picture_probe|p_controller|residual_probe|transform|iq_multiplier_b[1]~2|combout                                                                                                                                                ;
;   6.864  ;   0.750  ; FF ; IC   ; 32     ; DSP_X32_Y10_N0             ; emu|mpeg2_h262_two_picture_probe|p_controller|residual_probe|transform|Mult0~mac|ay[1]                                                                                                                                                             ;
;   10.776 ;   3.912  ; FR ; CELL ; 3      ; DSP_X32_Y10_N0             ; emu|mpeg2_h262_two_picture_probe|p_controller|residual_probe|transform|Mult0~mac|resulta[0]                                                                                                                                                        ;
;   11.404 ;   0.628  ; RR ; IC   ; 1      ; LABCELL_X31_Y10_N15        ; emu|mpeg2_h262_two_picture_probe|p_controller|residual_probe|transform|WideOr1|datab                                                                                                                                                               ;
;   11.966 ;   0.562  ; RR ; CELL ; 1      ; LABCELL_X31_Y10_N15        ; emu|mpeg2_h262_two_picture_probe|p_controller|residual_probe|transform|WideOr1|combout                                                                                                                                                             ;
;   12.189 ;   0.223  ; RR ; IC   ; 1      ; LABCELL_X31_Y10_N30        ; emu|mpeg2_h262_two_picture_probe|p_controller|residual_probe|transform|Add3~114|datab                                                                                                                                                              ;
;   13.251 ;   1.062  ; RR ; CELL ; 1      ; LABCELL_X31_Y10_N30        ; emu|mpeg2_h262_two_picture_probe|p_controller|residual_probe|transform|Add3~114|cout                                                                                                                                                               ;
;   13.251 ;   0.000  ; RR ; IC   ; 2      ; LABCELL_X31_Y10_N33        ; emu|mpeg2_h262_two_picture_probe|p_controller|residual_probe|transform|Add3~81|cin                                                                                                                                                                 ;
;   13.251 ;   0.000  ; RR ; CELL ; 1      ; LABCELL_X31_Y10_N33        ; emu|mpeg2_h262_two_picture_probe|p_controller|residual_probe|transform|Add3~81|cout                                                                                                                                                                ;
;   13.251 ;   0.000  ; RR ; IC   ; 2      ; LABCELL_X31_Y10_N36        ; emu|mpeg2_h262_two_picture_probe|p_controller|residual_probe|transform|Add3~93|cin                                                                                                                                                                 ;
;   13.301 ;   0.050  ; RR ; CELL ; 1      ; LABCELL_X31_Y10_N36        ; emu|mpeg2_h262_two_picture_probe|p_controller|residual_probe|transform|Add3~93|cout                                                                                                                                                                ;
;   13.301 ;   0.000  ; RR ; IC   ; 2      ; LABCELL_X31_Y10_N39        ; emu|mpeg2_h262_two_picture_probe|p_controller|residual_probe|transform|Add3~89|cin                                                                                                                                                                 ;
;   13.301 ;   0.000  ; RR ; CELL ; 1      ; LABCELL_X31_Y10_N39        ; emu|mpeg2_h262_two_picture_probe|p_controller|residual_probe|transform|Add3~89|cout                                                                                                                                                                ;
;   13.301 ;   0.000  ; RR ; IC   ; 2      ; LABCELL_X31_Y10_N42        ; emu|mpeg2_h262_two_picture_probe|p_controller|residual_probe|transform|Add3~85|cin                                                                                                                                                                 ;
;   13.351 ;   0.050  ; RR ; CELL ; 1      ; LABCELL_X31_Y10_N42        ; emu|mpeg2_h262_two_picture_probe|p_controller|residual_probe|transform|Add3~85|cout                                                                                                                                                                ;
;   13.351 ;   0.000  ; RR ; IC   ; 2      ; LABCELL_X31_Y10_N45        ; emu|mpeg2_h262_two_picture_probe|p_controller|residual_probe|transform|Add3~109|cin                                                                                                                                                                ;
;   13.351 ;   0.000  ; RR ; CELL ; 1      ; LABCELL_X31_Y10_N45        ; emu|mpeg2_h262_two_picture_probe|p_controller|residual_probe|transform|Add3~109|cout                                                                                                                                                               ;
;   13.351 ;   0.000  ; RR ; IC   ; 2      ; LABCELL_X31_Y10_N48        ; emu|mpeg2_h262_two_picture_probe|p_controller|residual_probe|transform|Add3~73|cin                                                                                                                                                                 ;
;   13.401 ;   0.050  ; RR ; CELL ; 1      ; LABCELL_X31_Y10_N48        ; emu|mpeg2_h262_two_picture_probe|p_controller|residual_probe|transform|Add3~73|cout                                                                                                                                                                ;
;   13.401 ;   0.000  ; RR ; IC   ; 2      ; LABCELL_X31_Y10_N51        ; emu|mpeg2_h262_two_picture_probe|p_controller|residual_probe|transform|Add3~105|cin                                                                                                                                                                ;
;   13.401 ;   0.000  ; RR ; CELL ; 1      ; LABCELL_X31_Y10_N51        ; emu|mpeg2_h262_two_picture_probe|p_controller|residual_probe|transform|Add3~105|cout                                                                                                                                                               ;
;   13.401 ;   0.000  ; RR ; IC   ; 2      ; LABCELL_X31_Y10_N54        ; emu|mpeg2_h262_two_picture_probe|p_controller|residual_probe|transform|Add3~101|cin                                                                                                                                                                ;
;   13.448 ;   0.047  ; RR ; CELL ; 1      ; LABCELL_X31_Y10_N54        ; emu|mpeg2_h262_two_picture_probe|p_controller|residual_probe|transform|Add3~101|cout                                                                                                                                                               ;
;   13.448 ;   0.000  ; RR ; IC   ; 2      ; LABCELL_X31_Y10_N57        ; emu|mpeg2_h262_two_picture_probe|p_controller|residual_probe|transform|Add3~1|cin                                                                                                                                                                  ;
;   13.448 ;   0.000  ; RR ; CELL ; 1      ; LABCELL_X31_Y10_N57        ; emu|mpeg2_h262_two_picture_probe|p_controller|residual_probe|transform|Add3~1|cout                                                                                                                                                                 ;
;   13.448 ;   0.000  ; RR ; IC   ; 2      ; LABCELL_X31_Y9_N0          ; emu|mpeg2_h262_two_picture_probe|p_controller|residual_probe|transform|Add3~97|cin                                                                                                                                                                 ;
;   13.556 ;   0.108  ; RR ; CELL ; 1      ; LABCELL_X31_Y9_N0          ; emu|mpeg2_h262_two_picture_probe|p_controller|residual_probe|transform|Add3~97|cout                                                                                                                                                                ;
;   13.556 ;   0.000  ; RR ; IC   ; 2      ; LABCELL_X31_Y9_N3          ; emu|mpeg2_h262_two_picture_probe|p_controller|residual_probe|transform|Add3~77|cin                                                                                                                                                                 ;
;   13.556 ;   0.000  ; RR ; CELL ; 1      ; LABCELL_X31_Y9_N3          ; emu|mpeg2_h262_two_picture_probe|p_controller|residual_probe|transform|Add3~77|cout                                                                                                                                                                ;
;   13.556 ;   0.000  ; RR ; IC   ; 2      ; LABCELL_X31_Y9_N6          ; emu|mpeg2_h262_two_picture_probe|p_controller|residual_probe|transform|Add3~29|cin                                                                                                                                                                 ;
;   13.606 ;   0.050  ; RR ; CELL ; 1      ; LABCELL_X31_Y9_N6          ; emu|mpeg2_h262_two_picture_probe|p_controller|residual_probe|transform|Add3~29|cout                                                                                                                                                                ;
;   13.606 ;   0.000  ; RR ; IC   ; 2      ; LABCELL_X31_Y9_N9          ; emu|mpeg2_h262_two_picture_probe|p_controller|residual_probe|transform|Add3~33|cin                                                                                                                                                                 ;
;   13.606 ;   0.000  ; RR ; CELL ; 1      ; LABCELL_X31_Y9_N9          ; emu|mpeg2_h262_two_picture_probe|p_controller|residual_probe|transform|Add3~33|cout                                                                                                                                                                ;
;   13.606 ;   0.000  ; RR ; IC   ; 2      ; LABCELL_X31_Y9_N12         ; emu|mpeg2_h262_two_picture_probe|p_controller|residual_probe|transform|Add3~61|cin                                                                                                                                                                 ;
;   13.656 ;   0.050  ; RR ; CELL ; 1      ; LABCELL_X31_Y9_N12         ; emu|mpeg2_h262_two_picture_probe|p_controller|residual_probe|transform|Add3~61|cout                                                                                                                                                                ;
;   13.656 ;   0.000  ; RR ; IC   ; 2      ; LABCELL_X31_Y9_N15         ; emu|mpeg2_h262_two_picture_probe|p_controller|residual_probe|transform|Add3~65|cin                                                                                                                                                                 ;
;   13.656 ;   0.000  ; RR ; CELL ; 1      ; LABCELL_X31_Y9_N15         ; emu|mpeg2_h262_two_picture_probe|p_controller|residual_probe|transform|Add3~65|cout                                                                                                                                                                ;
;   13.656 ;   0.000  ; RR ; IC   ; 2      ; LABCELL_X31_Y9_N18         ; emu|mpeg2_h262_two_picture_probe|p_controller|residual_probe|transform|Add3~53|cin                                                                                                                                                                 ;
;   13.706 ;   0.050  ; RR ; CELL ; 1      ; LABCELL_X31_Y9_N18         ; emu|mpeg2_h262_two_picture_probe|p_controller|residual_probe|transform|Add3~53|cout                                                                                                                                                                ;
;   13.706 ;   0.000  ; RR ; IC   ; 2      ; LABCELL_X31_Y9_N21         ; emu|mpeg2_h262_two_picture_probe|p_controller|residual_probe|transform|Add3~57|cin                                                                                                                                                                 ;
;   13.706 ;   0.000  ; RR ; CELL ; 1      ; LABCELL_X31_Y9_N21         ; emu|mpeg2_h262_two_picture_probe|p_controller|residual_probe|transform|Add3~57|cout                                                                                                                                                                ;
;   13.706 ;   0.000  ; RR ; IC   ; 2      ; LABCELL_X31_Y9_N24         ; emu|mpeg2_h262_two_picture_probe|p_controller|residual_probe|transform|Add3~17|cin                                                                                                                                                                 ;
;   13.770 ;   0.064  ; RR ; CELL ; 1      ; LABCELL_X31_Y9_N24         ; emu|mpeg2_h262_two_picture_probe|p_controller|residual_probe|transform|Add3~17|cout                                                                                                                                                                ;
;   13.770 ;   0.000  ; RR ; IC   ; 2      ; LABCELL_X31_Y9_N27         ; emu|mpeg2_h262_two_picture_probe|p_controller|residual_probe|transform|Add3~13|cin                                                                                                                                                                 ;
;   13.770 ;   0.000  ; RR ; CELL ; 1      ; LABCELL_X31_Y9_N27         ; emu|mpeg2_h262_two_picture_probe|p_controller|residual_probe|transform|Add3~13|cout                                                                                                                                                                ;
;   13.770 ;   0.000  ; RR ; IC   ; 2      ; LABCELL_X31_Y9_N30         ; emu|mpeg2_h262_two_picture_probe|p_controller|residual_probe|transform|Add3~25|cin                                                                                                                                                                 ;
;   13.870 ;   0.100  ; RR ; CELL ; 1      ; LABCELL_X31_Y9_N30         ; emu|mpeg2_h262_two_picture_probe|p_controller|residual_probe|transform|Add3~25|cout                                                                                                                                                                ;
;   13.870 ;   0.000  ; RR ; IC   ; 2      ; LABCELL_X31_Y9_N33         ; emu|mpeg2_h262_two_picture_probe|p_controller|residual_probe|transform|Add3~37|cin                                                                                                                                                                 ;
;   13.870 ;   0.000  ; RR ; CELL ; 1      ; LABCELL_X31_Y9_N33         ; emu|mpeg2_h262_two_picture_probe|p_controller|residual_probe|transform|Add3~37|cout                                                                                                                                                                ;
;   13.870 ;   0.000  ; RR ; IC   ; 2      ; LABCELL_X31_Y9_N36         ; emu|mpeg2_h262_two_picture_probe|p_controller|residual_probe|transform|Add3~21|cin                                                                                                                                                                 ;
;   13.920 ;   0.050  ; RR ; CELL ; 1      ; LABCELL_X31_Y9_N36         ; emu|mpeg2_h262_two_picture_probe|p_controller|residual_probe|transform|Add3~21|cout                                                                                                                                                                ;
;   13.920 ;   0.000  ; RR ; IC   ; 2      ; LABCELL_X31_Y9_N39         ; emu|mpeg2_h262_two_picture_probe|p_controller|residual_probe|transform|Add3~9|cin                                                                                                                                                                  ;
;   13.920 ;   0.000  ; RR ; CELL ; 1      ; LABCELL_X31_Y9_N39         ; emu|mpeg2_h262_two_picture_probe|p_controller|residual_probe|transform|Add3~9|cout                                                                                                                                                                 ;
;   13.920 ;   0.000  ; RR ; IC   ; 2      ; LABCELL_X31_Y9_N42         ; emu|mpeg2_h262_two_picture_probe|p_controller|residual_probe|transform|Add3~69|cin                                                                                                                                                                 ;
;   13.970 ;   0.050  ; RR ; CELL ; 1      ; LABCELL_X31_Y9_N42         ; emu|mpeg2_h262_two_picture_probe|p_controller|residual_probe|transform|Add3~69|cout                                                                                                                                                                ;
;   13.970 ;   0.000  ; RR ; IC   ; 2      ; LABCELL_X31_Y9_N45         ; emu|mpeg2_h262_two_picture_probe|p_controller|residual_probe|transform|Add3~49|cin                                                                                                                                                                 ;
;   13.970 ;   0.000  ; RR ; CELL ; 1      ; LABCELL_X31_Y9_N45         ; emu|mpeg2_h262_two_picture_probe|p_controller|residual_probe|transform|Add3~49|cout                                                                                                                                                                ;
;   13.970 ;   0.000  ; RR ; IC   ; 2      ; LABCELL_X31_Y9_N48         ; emu|mpeg2_h262_two_picture_probe|p_controller|residual_probe|transform|Add3~41|cin                                                                                                                                                                 ;
;   14.313 ;   0.343  ; RR ; CELL ; 1      ; LABCELL_X31_Y9_N48         ; emu|mpeg2_h262_two_picture_probe|p_controller|residual_probe|transform|Add3~41|sumout                                                                                                                                                              ;
;   14.993 ;   0.680  ; RR ; IC   ; 1      ; LABCELL_X30_Y8_N12         ; emu|mpeg2_h262_two_picture_probe|p_controller|residual_probe|transform|iq_unclipped[25]~15|dataa                                                                                                                                                   ;
;   15.586 ;   0.593  ; RF ; CELL ; 8      ; LABCELL_X30_Y8_N12         ; emu|mpeg2_h262_two_picture_probe|p_controller|residual_probe|transform|iq_unclipped[25]~15|combout                                                                                                                                                 ;
;   16.132 ;   0.546  ; FF ; IC   ; 1      ; LABCELL_X29_Y8_N45         ; emu|mpeg2_h262_two_picture_probe|p_controller|residual_probe|transform|LessThan2~3_Duplicate_Duplicate_Duplicate|datab                                                                                                                             ;
;   16.668 ;   0.536  ; FF ; CELL ; 2      ; LABCELL_X29_Y8_N45         ; emu|mpeg2_h262_two_picture_probe|p_controller|residual_probe|transform|LessThan2~3_Duplicate_Duplicate_Duplicate|combout                                                                                                                           ;
;   17.564 ;   0.896  ; FF ; IC   ; 1      ; LABCELL_X29_Y9_N42         ; emu|mpeg2_h262_two_picture_probe|p_controller|residual_probe|transform|iq_saturated[8]~25_Duplicate_Duplicate|dataf                                                                                                                                ;
;   17.641 ;   0.077  ; FF ; CELL ; 1      ; LABCELL_X29_Y9_N42         ; emu|mpeg2_h262_two_picture_probe|p_controller|residual_probe|transform|iq_saturated[8]~25_Duplicate_Duplicate|combout                                                                                                                              ;
;   17.641 ;   0.000  ; FF ; IC   ; 1      ; FF_X29_Y9_N43              ; emu|mpeg2_h262_two_picture_probe|p_controller|residual_probe|transform|y0_f00_proven_OTERM97_OTERM9299_NEW_REG11812|d                                                                                                                              ;
;   17.901 ;   0.260  ; FF ; CELL ; 1      ; FF_X29_Y9_N43              ; emu:emu|mpeg2_h262_two_picture_probe:mpeg2_h262_two_picture_probe|mpeg2_h262_p_diagnostic_controller:p_controller|mpeg2_h262_p_residual_probe:residual_probe|mpeg2_h262_p_non_intra_transform:transform|y0_f00_proven_OTERM97_OTERM9299_OTERM11813 ;
+----------+----------+----+------+--------+----------------------------+----------------------------------------------------------------------------------------------------------------------------------------------------------------------------------------------------------------------------------------------------+

+----------------------------------------------------------------------------------------------------------------------------------------------------------------------------------------------------------------------------------------------------------------------------------------------------------------------------+
; Data Required Path                                                                                                                                                                                                                                                                                                         ;
+----------+----------+----+------+--------+----------------------------+----------------------------------------------------------------------------------------------------------------------------------------------------------------------------------------------------------------------------------------------------+
; Total    ; Incr     ; RF ; Type ; Fanout ; Location                   ; Element                                                                                                                                                                                                                                            ;
+----------+----------+----+------+--------+----------------------------+----------------------------------------------------------------------------------------------------------------------------------------------------------------------------------------------------------------------------------------------------+
; 16.666   ; 16.666   ;    ;      ;        ;                            ; latch edge time                                                                                                                                                                                                                                    ;
; 21.003   ; 4.337    ;    ;      ;        ;                            ; clock path                                                                                                                                                                                                                                         ;
;   16.666 ;   0.000  ;    ;      ;        ;                            ; source latency                                                                                                                                                                                                                                     ;
;   16.666 ;   0.000  ;    ;      ; 1      ; PIN_Y13                    ; FPGA_CLK2_50                                                                                                                                                                                                                                       ;
;   16.666 ;   0.000  ; RR ; IC   ; 1      ; IOIBUF_X56_Y0_N1           ; FPGA_CLK2_50~input|i                                                                                                                                                                                                                               ;
;   17.427 ;   0.761  ; RR ; CELL ; 2      ; IOIBUF_X56_Y0_N1           ; FPGA_CLK2_50~input|o                                                                                                                                                                                                                               ;
;   18.598 ;   1.171  ; RR ; IC   ; 1      ; PLLREFCLKSELECT_X89_Y7_N0  ; emu|pll|pll_inst|altera_pll_i|general[0].gpll~PLL_REFCLK_SELECT|clkin[0]                                                                                                                                                                           ;
;   18.906 ;   0.308  ; RR ; CELL ; 1      ; PLLREFCLKSELECT_X89_Y7_N0  ; emu|pll|pll_inst|altera_pll_i|general[0].gpll~PLL_REFCLK_SELECT|clkout                                                                                                                                                                             ;
;   18.906 ;   0.000  ; RR ; IC   ; 10     ; FRACTIONALPLL_X89_Y1_N0    ; emu|pll|pll_inst|altera_pll_i|general[0].gpll~FRACTIONAL_PLL|refclkin                                                                                                                                                                              ;
;   13.974 ;   -4.932 ; RR ; COMP ; 3      ; FRACTIONALPLL_X89_Y1_N0    ; emu|pll|pll_inst|altera_pll_i|general[0].gpll~FRACTIONAL_PLL|vcoph[0]                                                                                                                                                                              ;
;   13.974 ;   0.000  ; RR ; IC   ; 1      ; PLLOUTPUTCOUNTER_X89_Y0_N1 ; emu|pll|pll_inst|altera_pll_i|general[2].gpll~PLL_OUTPUT_COUNTER|vco0ph[0]                                                                                                                                                                         ;
;   15.242 ;   1.268  ; RR ; CELL ; 1      ; PLLOUTPUTCOUNTER_X89_Y0_N1 ; emu|pll|pll_inst|altera_pll_i|general[2].gpll~PLL_OUTPUT_COUNTER|divclk                                                                                                                                                                            ;
;   16.186 ;   0.944  ; RR ; IC   ; 1      ; CLKCTRL_G11                ; emu|pll|pll_inst|altera_pll_i|outclk_wire[2]~CLKENA0|inclk                                                                                                                                                                                         ;
;   16.482 ;   0.296  ; RR ; CELL ; 36256  ; CLKCTRL_G11                ; emu|pll|pll_inst|altera_pll_i|outclk_wire[2]~CLKENA0|outclk                                                                                                                                                                                        ;
;   18.385 ;   1.903  ; RR ; IC   ; 1      ; FF_X29_Y9_N43              ; emu|mpeg2_h262_two_picture_probe|p_controller|residual_probe|transform|y0_f00_proven_OTERM97_OTERM9299_NEW_REG11812|clk                                                                                                                            ;
;   18.898 ;   0.513  ; RR ; CELL ; 1      ; FF_X29_Y9_N43              ; emu:emu|mpeg2_h262_two_picture_probe:mpeg2_h262_two_picture_probe|mpeg2_h262_p_diagnostic_controller:p_controller|mpeg2_h262_p_residual_probe:residual_probe|mpeg2_h262_p_non_intra_transform:transform|y0_f00_proven_OTERM97_OTERM9299_OTERM11813 ;
;   21.003 ;   2.105  ;    ;      ;        ;                            ; clock pessimism removed                                                                                                                                                                                                                            ;
; 20.883   ; -0.120   ;    ;      ;        ;                            ; clock uncertainty                                                                                                                                                                                                                                  ;
; 20.883   ; 0.000    ;    ; uTsu ; 1      ; FF_X29_Y9_N43              ; emu:emu|mpeg2_h262_two_picture_probe:mpeg2_h262_two_picture_probe|mpeg2_h262_p_diagnostic_controller:p_controller|mpeg2_h262_p_residual_probe:residual_probe|mpeg2_h262_p_non_intra_transform:transform|y0_f00_proven_OTERM97_OTERM9299_OTERM11813 ;
+----------+----------+----+------+--------+----------------------------+----------------------------------------------------------------------------------------------------------------------------------------------------------------------------------------------------------------------------------------------------+

----------------------------
; Extra Fitter Information ;
----------------------------
HTML report is unavailable in plain text report export.


