----------------
; Command Info ;
----------------
Report Timing: Found 2 setup paths (0 violated).  Worst case slack is 2.966 

Tcl Command:
    report_timing -setup -file /home/vash/mister-builds/entry681/results/b_transform_iq_intra_weight_output.rpt -from [get_registers {*|mpeg2_h262_p_non_intra_transform:b_transform|iq_intra_weight*}] -npaths 2 -detail full_path

Options:
    -from [get_registers {*|mpeg2_h262_p_non_intra_transform:b_transform|iq_intra_weight*}] 
    -setup 
    -npaths 2 
    -detail full_path 
    -file {/home/vash/mister-builds/entry681/results/b_transform_iq_intra_weight_output.rpt} 

Delay Model:
    Slow 1100mV 100C Model

+---------------------------------------------------------------------------------------------------------------------------------------------------------------------------------------------------------------------------------------------------------------------------------------------------------------------------------------------------------------------------------------------------------------------------------------------------------------------------------------------------------------------------------------------------------------------------------------+
; Summary of Paths                                                                                                                                                                                                                                                                                                                                                                                                                                                                                                                                                                      ;
+-------+------------------------------------------------------------------------------------------------------------------------------------------------------------------------+---------------------------------------------------------------------------------------------------------------------------------------------------------------------------------------------------------+-------------------------------------------------------------------------+-------------------------------------------------------------------------+--------------+------------+------------+
; Slack ; From Node                                                                                                                                                              ; To Node                                                                                                                                                                                                 ; Launch Clock                                                            ; Latch Clock                                                             ; Relationship ; Clock Skew ; Data Delay ;
+-------+------------------------------------------------------------------------------------------------------------------------------------------------------------------------+---------------------------------------------------------------------------------------------------------------------------------------------------------------------------------------------------------+-------------------------------------------------------------------------+-------------------------------------------------------------------------+--------------+------------+------------+
; 2.966 ; emu:emu|mpeg2_h262_two_picture_probe:mpeg2_h262_two_picture_probe|mpeg2_h262_b_core_probe:b_controller|mpeg2_h262_p_non_intra_transform:b_transform|iq_intra_weight[3] ; emu:emu|mpeg2_h262_two_picture_probe:mpeg2_h262_two_picture_probe|mpeg2_h262_b_core_probe:b_controller|mpeg2_h262_p_non_intra_transform:b_transform|idct_coeff_value[5]_OTERM9002_OTERM11265_OTERM16804 ; emu|pll|pll_inst|altera_pll_i|general[2].gpll~PLL_OUTPUT_COUNTER|divclk ; emu|pll|pll_inst|altera_pll_i|general[2].gpll~PLL_OUTPUT_COUNTER|divclk ; 16.666       ; -0.549     ; 13.031     ;
; 2.969 ; emu:emu|mpeg2_h262_two_picture_probe:mpeg2_h262_two_picture_probe|mpeg2_h262_b_core_probe:b_controller|mpeg2_h262_p_non_intra_transform:b_transform|iq_intra_weight[3] ; emu:emu|mpeg2_h262_two_picture_probe:mpeg2_h262_two_picture_probe|mpeg2_h262_b_core_probe:b_controller|mpeg2_h262_p_non_intra_transform:b_transform|idct_coeff_value[5]_OTERM9002_OTERM11265_OTERM16804 ; emu|pll|pll_inst|altera_pll_i|general[2].gpll~PLL_OUTPUT_COUNTER|divclk ; emu|pll|pll_inst|altera_pll_i|general[2].gpll~PLL_OUTPUT_COUNTER|divclk ; 16.666       ; -0.549     ; 13.028     ;
+-------+------------------------------------------------------------------------------------------------------------------------------------------------------------------------+---------------------------------------------------------------------------------------------------------------------------------------------------------------------------------------------------------+-------------------------------------------------------------------------+-------------------------------------------------------------------------+--------------+------------+------------+

Path #1: Setup slack is 2.966 
===============================================================================
+------------------------------------------------------------------------------------------------------------------------------------------------------------------------------------------------------------------------------+
; Path Summary                                                                                                                                                                                                                 ;
+--------------------+---------------------------------------------------------------------------------------------------------------------------------------------------------------------------------------------------------+
; Property           ; Value                                                                                                                                                                                                   ;
+--------------------+---------------------------------------------------------------------------------------------------------------------------------------------------------------------------------------------------------+
; From Node          ; emu:emu|mpeg2_h262_two_picture_probe:mpeg2_h262_two_picture_probe|mpeg2_h262_b_core_probe:b_controller|mpeg2_h262_p_non_intra_transform:b_transform|iq_intra_weight[3]                                  ;
; To Node            ; emu:emu|mpeg2_h262_two_picture_probe:mpeg2_h262_two_picture_probe|mpeg2_h262_b_core_probe:b_controller|mpeg2_h262_p_non_intra_transform:b_transform|idct_coeff_value[5]_OTERM9002_OTERM11265_OTERM16804 ;
; Launch Clock       ; emu|pll|pll_inst|altera_pll_i|general[2].gpll~PLL_OUTPUT_COUNTER|divclk                                                                                                                                 ;
; Latch Clock        ; emu|pll|pll_inst|altera_pll_i|general[2].gpll~PLL_OUTPUT_COUNTER|divclk                                                                                                                                 ;
; Data Arrival Time  ; 17.477                                                                                                                                                                                                  ;
; Data Required Time ; 20.443                                                                                                                                                                                                  ;
; Slack              ; 2.966                                                                                                                                                                                                   ;
+--------------------+---------------------------------------------------------------------------------------------------------------------------------------------------------------------------------------------------------+

+--------------------------------------------------------------------------------------+
; Statistics                                                                           ;
+------------------------+--------+-------+-------------+------------+--------+--------+
; Property               ; Value  ; Count ; Total Delay ; % of Total ; Min    ; Max    ;
+------------------------+--------+-------+-------------+------------+--------+--------+
; Setup Relationship     ; 16.666 ;       ;             ;            ;        ;        ;
; Clock Skew             ; -0.549 ;       ;             ;            ;        ;        ;
; Data Delay             ; 13.031 ;       ;             ;            ;        ;        ;
; Number of Logic Levels ;        ; 8     ;             ;            ;        ;        ;
; Physical Delays        ;        ;       ;             ;            ;        ;        ;
;  Arrival Path          ;        ;       ;             ;            ;        ;        ;
;   Clock                ;        ;       ;             ;            ;        ;        ;
;    IC                  ;        ; 6     ; 4.667       ; 57         ; 0.000  ; 2.314  ;
;    Cell                ;        ; 5     ; 3.547       ; 43         ; 0.322  ; 1.535  ;
;    PLL Compensation    ;        ; 1     ; -3.768      ; 0          ; -3.768 ; -3.768 ;
;   Data                 ;        ;       ;             ;            ;        ;        ;
;    IC                  ;        ; 21    ; 5.634       ; 43         ; 0.000  ; 1.174  ;
;    Cell                ;        ; 22    ; 7.397       ; 57         ; 0.000  ; 3.882  ;
;    uTco                ;        ; 1     ; 0.000       ; 0          ; 0.000  ; 0.000  ;
;  Required Path         ;        ;       ;             ;            ;        ;        ;
;   Clock                ;        ;       ;             ;            ;        ;        ;
;    IC                  ;        ; 6     ; 3.981       ; 56         ; 0.000  ; 1.866  ;
;    Cell                ;        ; 5     ; 3.128       ; 44         ; 0.296  ; 1.268  ;
;    PLL Compensation    ;        ; 1     ; -4.932      ; 0          ; -4.932 ; -4.932 ;
+------------------------+--------+-------+-------------+------------+--------+--------+
Note: Negative delays are omitted from totals when calculating percentages

+---------------------------------------------------------------------------------------------------------------------------------------------------------------------------------------------------------------------------------------------------------------------------------+
; Data Arrival Path                                                                                                                                                                                                                                                               ;
+----------+----------+----+------+--------+----------------------------+---------------------------------------------------------------------------------------------------------------------------------------------------------------------------------------------------------+
; Total    ; Incr     ; RF ; Type ; Fanout ; Location                   ; Element                                                                                                                                                                                                 ;
+----------+----------+----+------+--------+----------------------------+---------------------------------------------------------------------------------------------------------------------------------------------------------------------------------------------------------+
; 0.000    ; 0.000    ;    ;      ;        ;                            ; launch edge time                                                                                                                                                                                        ;
; 4.446    ; 4.446    ;    ;      ;        ;                            ; clock path                                                                                                                                                                                              ;
;   0.000  ;   0.000  ;    ;      ;        ;                            ; source latency                                                                                                                                                                                          ;
;   0.000  ;   0.000  ;    ;      ; 1      ; PIN_Y13                    ; FPGA_CLK2_50                                                                                                                                                                                            ;
;   0.000  ;   0.000  ; RR ; IC   ; 1      ; IOIBUF_X56_Y0_N1           ; FPGA_CLK2_50~input|i                                                                                                                                                                                    ;
;   0.761  ;   0.761  ; RR ; CELL ; 2      ; IOIBUF_X56_Y0_N1           ; FPGA_CLK2_50~input|o                                                                                                                                                                                    ;
;   2.096  ;   1.335  ; RR ; IC   ; 1      ; PLLREFCLKSELECT_X89_Y7_N0  ; emu|pll|pll_inst|altera_pll_i|general[0].gpll~PLL_REFCLK_SELECT|clkin[0]                                                                                                                                ;
;   2.429  ;   0.333  ; RR ; CELL ; 1      ; PLLREFCLKSELECT_X89_Y7_N0  ; emu|pll|pll_inst|altera_pll_i|general[0].gpll~PLL_REFCLK_SELECT|clkout                                                                                                                                  ;
;   2.429  ;   0.000  ; RR ; IC   ; 10     ; FRACTIONALPLL_X89_Y1_N0    ; emu|pll|pll_inst|altera_pll_i|general[0].gpll~FRACTIONAL_PLL|refclkin                                                                                                                                   ;
;   -1.339 ;   -3.768 ; RR ; COMP ; 3      ; FRACTIONALPLL_X89_Y1_N0    ; emu|pll|pll_inst|altera_pll_i|general[0].gpll~FRACTIONAL_PLL|vcoph[0]                                                                                                                                   ;
;   -1.339 ;   0.000  ; RR ; IC   ; 1      ; PLLOUTPUTCOUNTER_X89_Y0_N1 ; emu|pll|pll_inst|altera_pll_i|general[2].gpll~PLL_OUTPUT_COUNTER|vco0ph[0]                                                                                                                              ;
;   0.196  ;   1.535  ; RR ; CELL ; 1      ; PLLOUTPUTCOUNTER_X89_Y0_N1 ; emu|pll|pll_inst|altera_pll_i|general[2].gpll~PLL_OUTPUT_COUNTER|divclk                                                                                                                                 ;
;   1.214  ;   1.018  ; RR ; IC   ; 1      ; CLKCTRL_G11                ; emu|pll|pll_inst|altera_pll_i|outclk_wire[2]~CLKENA0|inclk                                                                                                                                              ;
;   1.536  ;   0.322  ; RR ; CELL ; 36256  ; CLKCTRL_G11                ; emu|pll|pll_inst|altera_pll_i|outclk_wire[2]~CLKENA0|outclk                                                                                                                                             ;
;   3.850  ;   2.314  ; RR ; IC   ; 1      ; FF_X57_Y14_N25             ; emu|mpeg2_h262_two_picture_probe|b_controller|b_transform|iq_intra_weight[3]|clk                                                                                                                        ;
;   4.446  ;   0.596  ; RR ; CELL ; 1      ; FF_X57_Y14_N25             ; emu:emu|mpeg2_h262_two_picture_probe:mpeg2_h262_two_picture_probe|mpeg2_h262_b_core_probe:b_controller|mpeg2_h262_p_non_intra_transform:b_transform|iq_intra_weight[3]                                  ;
; 17.477   ; 13.031   ;    ;      ;        ;                            ; data path                                                                                                                                                                                               ;
;   4.446  ;   0.000  ;    ; uTco ; 1      ; FF_X57_Y14_N25             ; emu:emu|mpeg2_h262_two_picture_probe:mpeg2_h262_two_picture_probe|mpeg2_h262_b_core_probe:b_controller|mpeg2_h262_p_non_intra_transform:b_transform|iq_intra_weight[3]                                  ;
;   4.446  ;   0.000  ; FF ; CELL ; 1      ; FF_X57_Y14_N25             ; emu|mpeg2_h262_two_picture_probe|b_controller|b_transform|iq_intra_weight[3]|q                                                                                                                          ;
;   5.294  ;   0.848  ; FF ; IC   ; 1      ; LABCELL_X56_Y16_N45        ; emu|mpeg2_h262_two_picture_probe|b_controller|b_transform|iq_multiplier_b[3]~5_RESYN16721|dataf                                                                                                         ;
;   5.373  ;   0.079  ; FF ; CELL ; 1      ; LABCELL_X56_Y16_N45        ; emu|mpeg2_h262_two_picture_probe|b_controller|b_transform|iq_multiplier_b[3]~5_RESYN16721|combout                                                                                                       ;
;   5.836  ;   0.463  ; FF ; IC   ; 1      ; LABCELL_X55_Y16_N39        ; emu|mpeg2_h262_two_picture_probe|b_controller|b_transform|iq_multiplier_b[3]~5|dataf                                                                                                                    ;
;   5.915  ;   0.079  ; FF ; CELL ; 1      ; LABCELL_X55_Y16_N39        ; emu|mpeg2_h262_two_picture_probe|b_controller|b_transform|iq_multiplier_b[3]~5|combout                                                                                                                  ;
;   6.960  ;   1.045  ; FF ; IC   ; 32     ; DSP_X54_Y18_N0             ; emu|mpeg2_h262_two_picture_probe|b_controller|b_transform|Mult0~mac|ay[3]                                                                                                                               ;
;   10.842 ;   3.882  ; FF ; CELL ; 3      ; DSP_X54_Y18_N0             ; emu|mpeg2_h262_two_picture_probe|b_controller|b_transform|Mult0~mac|resulta[3]                                                                                                                          ;
;   11.753 ;   0.911  ; FF ; IC   ; 1      ; LABCELL_X55_Y18_N18        ; emu|mpeg2_h262_two_picture_probe|b_controller|b_transform|WideOr1|dataa                                                                                                                                 ;
;   12.289 ;   0.536  ; FF ; CELL ; 1      ; LABCELL_X55_Y18_N18        ; emu|mpeg2_h262_two_picture_probe|b_controller|b_transform|WideOr1|combout                                                                                                                               ;
;   12.532 ;   0.243  ; FF ; IC   ; 1      ; LABCELL_X55_Y18_N30        ; emu|mpeg2_h262_two_picture_probe|b_controller|b_transform|Add3~114|datac                                                                                                                                ;
;   13.369 ;   0.837  ; FF ; CELL ; 1      ; LABCELL_X55_Y18_N30        ; emu|mpeg2_h262_two_picture_probe|b_controller|b_transform|Add3~114|cout                                                                                                                                 ;
;   13.369 ;   0.000  ; FF ; IC   ; 2      ; LABCELL_X55_Y18_N33        ; emu|mpeg2_h262_two_picture_probe|b_controller|b_transform|Add3~81|cin                                                                                                                                   ;
;   13.369 ;   0.000  ; FF ; CELL ; 1      ; LABCELL_X55_Y18_N33        ; emu|mpeg2_h262_two_picture_probe|b_controller|b_transform|Add3~81|cout                                                                                                                                  ;
;   13.369 ;   0.000  ; FF ; IC   ; 2      ; LABCELL_X55_Y18_N36        ; emu|mpeg2_h262_two_picture_probe|b_controller|b_transform|Add3~77|cin                                                                                                                                   ;
;   13.414 ;   0.045  ; FF ; CELL ; 1      ; LABCELL_X55_Y18_N36        ; emu|mpeg2_h262_two_picture_probe|b_controller|b_transform|Add3~77|cout                                                                                                                                  ;
;   13.414 ;   0.000  ; FF ; IC   ; 2      ; LABCELL_X55_Y18_N39        ; emu|mpeg2_h262_two_picture_probe|b_controller|b_transform|Add3~109|cin                                                                                                                                  ;
;   13.414 ;   0.000  ; FF ; CELL ; 1      ; LABCELL_X55_Y18_N39        ; emu|mpeg2_h262_two_picture_probe|b_controller|b_transform|Add3~109|cout                                                                                                                                 ;
;   13.414 ;   0.000  ; FF ; IC   ; 2      ; LABCELL_X55_Y18_N42        ; emu|mpeg2_h262_two_picture_probe|b_controller|b_transform|Add3~105|cin                                                                                                                                  ;
;   13.459 ;   0.045  ; FF ; CELL ; 1      ; LABCELL_X55_Y18_N42        ; emu|mpeg2_h262_two_picture_probe|b_controller|b_transform|Add3~105|cout                                                                                                                                 ;
;   13.459 ;   0.000  ; FF ; IC   ; 2      ; LABCELL_X55_Y18_N45        ; emu|mpeg2_h262_two_picture_probe|b_controller|b_transform|Add3~73|cin                                                                                                                                   ;
;   13.459 ;   0.000  ; FF ; CELL ; 1      ; LABCELL_X55_Y18_N45        ; emu|mpeg2_h262_two_picture_probe|b_controller|b_transform|Add3~73|cout                                                                                                                                  ;
;   13.459 ;   0.000  ; FF ; IC   ; 2      ; LABCELL_X55_Y18_N48        ; emu|mpeg2_h262_two_picture_probe|b_controller|b_transform|Add3~1|cin                                                                                                                                    ;
;   13.504 ;   0.045  ; FF ; CELL ; 1      ; LABCELL_X55_Y18_N48        ; emu|mpeg2_h262_two_picture_probe|b_controller|b_transform|Add3~1|cout                                                                                                                                   ;
;   13.504 ;   0.000  ; FF ; IC   ; 2      ; LABCELL_X55_Y18_N51        ; emu|mpeg2_h262_two_picture_probe|b_controller|b_transform|Add3~97|cin                                                                                                                                   ;
;   13.504 ;   0.000  ; FF ; CELL ; 1      ; LABCELL_X55_Y18_N51        ; emu|mpeg2_h262_two_picture_probe|b_controller|b_transform|Add3~97|cout                                                                                                                                  ;
;   13.504 ;   0.000  ; FF ; IC   ; 2      ; LABCELL_X55_Y18_N54        ; emu|mpeg2_h262_two_picture_probe|b_controller|b_transform|Add3~93|cin                                                                                                                                   ;
;   13.547 ;   0.043  ; FF ; CELL ; 1      ; LABCELL_X55_Y18_N54        ; emu|mpeg2_h262_two_picture_probe|b_controller|b_transform|Add3~93|cout                                                                                                                                  ;
;   13.547 ;   0.000  ; FF ; IC   ; 2      ; LABCELL_X55_Y18_N57        ; emu|mpeg2_h262_two_picture_probe|b_controller|b_transform|Add3~89|cin                                                                                                                                   ;
;   13.547 ;   0.000  ; FF ; CELL ; 1      ; LABCELL_X55_Y18_N57        ; emu|mpeg2_h262_two_picture_probe|b_controller|b_transform|Add3~89|cout                                                                                                                                  ;
;   13.547 ;   0.000  ; FF ; IC   ; 2      ; LABCELL_X55_Y17_N0         ; emu|mpeg2_h262_two_picture_probe|b_controller|b_transform|Add3~101|cin                                                                                                                                  ;
;   13.674 ;   0.127  ; FF ; CELL ; 1      ; LABCELL_X55_Y17_N0         ; emu|mpeg2_h262_two_picture_probe|b_controller|b_transform|Add3~101|cout                                                                                                                                 ;
;   13.674 ;   0.000  ; FF ; IC   ; 2      ; LABCELL_X55_Y17_N3         ; emu|mpeg2_h262_two_picture_probe|b_controller|b_transform|Add3~85|cin                                                                                                                                   ;
;   13.674 ;   0.000  ; FF ; CELL ; 1      ; LABCELL_X55_Y17_N3         ; emu|mpeg2_h262_two_picture_probe|b_controller|b_transform|Add3~85|cout                                                                                                                                  ;
;   13.674 ;   0.000  ; FF ; IC   ; 2      ; LABCELL_X55_Y17_N6         ; emu|mpeg2_h262_two_picture_probe|b_controller|b_transform|Add3~61|cin                                                                                                                                   ;
;   14.029 ;   0.355  ; FF ; CELL ; 3      ; LABCELL_X55_Y17_N6         ; emu|mpeg2_h262_two_picture_probe|b_controller|b_transform|Add3~61|sumout                                                                                                                                ;
;   15.203 ;   1.174  ; FF ; IC   ; 1      ; LABCELL_X56_Y19_N12        ; emu|mpeg2_h262_two_picture_probe|b_controller|b_transform|iq_unclipped[11]~20_Duplicate_Duplicate|datae                                                                                                 ;
;   15.435 ;   0.232  ; FR ; CELL ; 4      ; LABCELL_X56_Y19_N12        ; emu|mpeg2_h262_two_picture_probe|b_controller|b_transform|iq_unclipped[11]~20_Duplicate_Duplicate|combout                                                                                               ;
;   15.712 ;   0.277  ; RR ; IC   ; 1      ; LABCELL_X56_Y19_N57        ; emu|mpeg2_h262_two_picture_probe|b_controller|b_transform|LessThan2~3_Duplicate_Duplicate_RESYN16783|datac                                                                                              ;
;   16.122 ;   0.410  ; RR ; CELL ; 1      ; LABCELL_X56_Y19_N57        ; emu|mpeg2_h262_two_picture_probe|b_controller|b_transform|LessThan2~3_Duplicate_Duplicate_RESYN16783|combout                                                                                            ;
;   16.442 ;   0.320  ; RR ; IC   ; 1      ; LABCELL_X56_Y19_N6         ; emu|mpeg2_h262_two_picture_probe|b_controller|b_transform|LessThan2~3_Duplicate_Duplicate|dataf                                                                                                         ;
;   16.528 ;   0.086  ; RR ; CELL ; 2      ; LABCELL_X56_Y19_N6         ; emu|mpeg2_h262_two_picture_probe|b_controller|b_transform|LessThan2~3_Duplicate_Duplicate|combout                                                                                                       ;
;   16.881 ;   0.353  ; RR ; IC   ; 1      ; FF_X56_Y19_N22             ; emu|mpeg2_h262_two_picture_probe|b_controller|b_transform|idct_coeff_value[5]_OTERM9002_OTERM11265_NEW_REG16803|asdata                                                                                  ;
;   17.477 ;   0.596  ; RR ; CELL ; 1      ; FF_X56_Y19_N22             ; emu:emu|mpeg2_h262_two_picture_probe:mpeg2_h262_two_picture_probe|mpeg2_h262_b_core_probe:b_controller|mpeg2_h262_p_non_intra_transform:b_transform|idct_coeff_value[5]_OTERM9002_OTERM11265_OTERM16804 ;
+----------+----------+----+------+--------+----------------------------+---------------------------------------------------------------------------------------------------------------------------------------------------------------------------------------------------------+

+---------------------------------------------------------------------------------------------------------------------------------------------------------------------------------------------------------------------------------------------------------------------------------+
; Data Required Path                                                                                                                                                                                                                                                              ;
+----------+----------+----+------+--------+----------------------------+---------------------------------------------------------------------------------------------------------------------------------------------------------------------------------------------------------+
; Total    ; Incr     ; RF ; Type ; Fanout ; Location                   ; Element                                                                                                                                                                                                 ;
+----------+----------+----+------+--------+----------------------------+---------------------------------------------------------------------------------------------------------------------------------------------------------------------------------------------------------+
; 16.666   ; 16.666   ;    ;      ;        ;                            ; latch edge time                                                                                                                                                                                         ;
; 20.563   ; 3.897    ;    ;      ;        ;                            ; clock path                                                                                                                                                                                              ;
;   16.666 ;   0.000  ;    ;      ;        ;                            ; source latency                                                                                                                                                                                          ;
;   16.666 ;   0.000  ;    ;      ; 1      ; PIN_Y13                    ; FPGA_CLK2_50                                                                                                                                                                                            ;
;   16.666 ;   0.000  ; RR ; IC   ; 1      ; IOIBUF_X56_Y0_N1           ; FPGA_CLK2_50~input|i                                                                                                                                                                                    ;
;   17.427 ;   0.761  ; RR ; CELL ; 2      ; IOIBUF_X56_Y0_N1           ; FPGA_CLK2_50~input|o                                                                                                                                                                                    ;
;   18.598 ;   1.171  ; RR ; IC   ; 1      ; PLLREFCLKSELECT_X89_Y7_N0  ; emu|pll|pll_inst|altera_pll_i|general[0].gpll~PLL_REFCLK_SELECT|clkin[0]                                                                                                                                ;
;   18.906 ;   0.308  ; RR ; CELL ; 1      ; PLLREFCLKSELECT_X89_Y7_N0  ; emu|pll|pll_inst|altera_pll_i|general[0].gpll~PLL_REFCLK_SELECT|clkout                                                                                                                                  ;
;   18.906 ;   0.000  ; RR ; IC   ; 10     ; FRACTIONALPLL_X89_Y1_N0    ; emu|pll|pll_inst|altera_pll_i|general[0].gpll~FRACTIONAL_PLL|refclkin                                                                                                                                   ;
;   13.974 ;   -4.932 ; RR ; COMP ; 3      ; FRACTIONALPLL_X89_Y1_N0    ; emu|pll|pll_inst|altera_pll_i|general[0].gpll~FRACTIONAL_PLL|vcoph[0]                                                                                                                                   ;
;   13.974 ;   0.000  ; RR ; IC   ; 1      ; PLLOUTPUTCOUNTER_X89_Y0_N1 ; emu|pll|pll_inst|altera_pll_i|general[2].gpll~PLL_OUTPUT_COUNTER|vco0ph[0]                                                                                                                              ;
;   15.242 ;   1.268  ; RR ; CELL ; 1      ; PLLOUTPUTCOUNTER_X89_Y0_N1 ; emu|pll|pll_inst|altera_pll_i|general[2].gpll~PLL_OUTPUT_COUNTER|divclk                                                                                                                                 ;
;   16.186 ;   0.944  ; RR ; IC   ; 1      ; CLKCTRL_G11                ; emu|pll|pll_inst|altera_pll_i|outclk_wire[2]~CLKENA0|inclk                                                                                                                                              ;
;   16.482 ;   0.296  ; RR ; CELL ; 36256  ; CLKCTRL_G11                ; emu|pll|pll_inst|altera_pll_i|outclk_wire[2]~CLKENA0|outclk                                                                                                                                             ;
;   18.348 ;   1.866  ; RR ; IC   ; 1      ; FF_X56_Y19_N22             ; emu|mpeg2_h262_two_picture_probe|b_controller|b_transform|idct_coeff_value[5]_OTERM9002_OTERM11265_NEW_REG16803|clk                                                                                     ;
;   18.843 ;   0.495  ; RR ; CELL ; 1      ; FF_X56_Y19_N22             ; emu:emu|mpeg2_h262_two_picture_probe:mpeg2_h262_two_picture_probe|mpeg2_h262_b_core_probe:b_controller|mpeg2_h262_p_non_intra_transform:b_transform|idct_coeff_value[5]_OTERM9002_OTERM11265_OTERM16804 ;
;   20.563 ;   1.720  ;    ;      ;        ;                            ; clock pessimism removed                                                                                                                                                                                 ;
; 20.443   ; -0.120   ;    ;      ;        ;                            ; clock uncertainty                                                                                                                                                                                       ;
; 20.443   ; 0.000    ;    ; uTsu ; 1      ; FF_X56_Y19_N22             ; emu:emu|mpeg2_h262_two_picture_probe:mpeg2_h262_two_picture_probe|mpeg2_h262_b_core_probe:b_controller|mpeg2_h262_p_non_intra_transform:b_transform|idct_coeff_value[5]_OTERM9002_OTERM11265_OTERM16804 ;
+----------+----------+----+------+--------+----------------------------+---------------------------------------------------------------------------------------------------------------------------------------------------------------------------------------------------------+

----------------------------
; Extra Fitter Information ;
----------------------------
HTML report is unavailable in plain text report export.


Path #2: Setup slack is 2.969 
===============================================================================
+------------------------------------------------------------------------------------------------------------------------------------------------------------------------------------------------------------------------------+
; Path Summary                                                                                                                                                                                                                 ;
+--------------------+---------------------------------------------------------------------------------------------------------------------------------------------------------------------------------------------------------+
; Property           ; Value                                                                                                                                                                                                   ;
+--------------------+---------------------------------------------------------------------------------------------------------------------------------------------------------------------------------------------------------+
; From Node          ; emu:emu|mpeg2_h262_two_picture_probe:mpeg2_h262_two_picture_probe|mpeg2_h262_b_core_probe:b_controller|mpeg2_h262_p_non_intra_transform:b_transform|iq_intra_weight[3]                                  ;
; To Node            ; emu:emu|mpeg2_h262_two_picture_probe:mpeg2_h262_two_picture_probe|mpeg2_h262_b_core_probe:b_controller|mpeg2_h262_p_non_intra_transform:b_transform|idct_coeff_value[5]_OTERM9002_OTERM11265_OTERM16804 ;
; Launch Clock       ; emu|pll|pll_inst|altera_pll_i|general[2].gpll~PLL_OUTPUT_COUNTER|divclk                                                                                                                                 ;
; Latch Clock        ; emu|pll|pll_inst|altera_pll_i|general[2].gpll~PLL_OUTPUT_COUNTER|divclk                                                                                                                                 ;
; Data Arrival Time  ; 17.474                                                                                                                                                                                                  ;
; Data Required Time ; 20.443                                                                                                                                                                                                  ;
; Slack              ; 2.969                                                                                                                                                                                                   ;
+--------------------+---------------------------------------------------------------------------------------------------------------------------------------------------------------------------------------------------------+

+--------------------------------------------------------------------------------------+
; Statistics                                                                           ;
+------------------------+--------+-------+-------------+------------+--------+--------+
; Property               ; Value  ; Count ; Total Delay ; % of Total ; Min    ; Max    ;
+------------------------+--------+-------+-------------+------------+--------+--------+
; Setup Relationship     ; 16.666 ;       ;             ;            ;        ;        ;
; Clock Skew             ; -0.549 ;       ;             ;            ;        ;        ;
; Data Delay             ; 13.028 ;       ;             ;            ;        ;        ;
; Number of Logic Levels ;        ; 8     ;             ;            ;        ;        ;
; Physical Delays        ;        ;       ;             ;            ;        ;        ;
;  Arrival Path          ;        ;       ;             ;            ;        ;        ;
;   Clock                ;        ;       ;             ;            ;        ;        ;
;    IC                  ;        ; 6     ; 4.667       ; 57         ; 0.000  ; 2.314  ;
;    Cell                ;        ; 5     ; 3.547       ; 43         ; 0.322  ; 1.535  ;
;    PLL Compensation    ;        ; 1     ; -3.768      ; 0          ; -3.768 ; -3.768 ;
;   Data                 ;        ;       ;             ;            ;        ;        ;
;    IC                  ;        ; 21    ; 5.684       ; 44         ; 0.000  ; 1.174  ;
;    Cell                ;        ; 22    ; 7.344       ; 56         ; 0.000  ; 3.882  ;
;    uTco                ;        ; 1     ; 0.000       ; 0          ; 0.000  ; 0.000  ;
;  Required Path         ;        ;       ;             ;            ;        ;        ;
;   Clock                ;        ;       ;             ;            ;        ;        ;
;    IC                  ;        ; 6     ; 3.981       ; 56         ; 0.000  ; 1.866  ;
;    Cell                ;        ; 5     ; 3.128       ; 44         ; 0.296  ; 1.268  ;
;    PLL Compensation    ;        ; 1     ; -4.932      ; 0          ; -4.932 ; -4.932 ;
+------------------------+--------+-------+-------------+------------+--------+--------+
Note: Negative delays are omitted from totals when calculating percentages

+---------------------------------------------------------------------------------------------------------------------------------------------------------------------------------------------------------------------------------------------------------------------------------+
; Data Arrival Path                                                                                                                                                                                                                                                               ;
+----------+----------+----+------+--------+----------------------------+---------------------------------------------------------------------------------------------------------------------------------------------------------------------------------------------------------+
; Total    ; Incr     ; RF ; Type ; Fanout ; Location                   ; Element                                                                                                                                                                                                 ;
+----------+----------+----+------+--------+----------------------------+---------------------------------------------------------------------------------------------------------------------------------------------------------------------------------------------------------+
; 0.000    ; 0.000    ;    ;      ;        ;                            ; launch edge time                                                                                                                                                                                        ;
; 4.446    ; 4.446    ;    ;      ;        ;                            ; clock path                                                                                                                                                                                              ;
;   0.000  ;   0.000  ;    ;      ;        ;                            ; source latency                                                                                                                                                                                          ;
;   0.000  ;   0.000  ;    ;      ; 1      ; PIN_Y13                    ; FPGA_CLK2_50                                                                                                                                                                                            ;
;   0.000  ;   0.000  ; RR ; IC   ; 1      ; IOIBUF_X56_Y0_N1           ; FPGA_CLK2_50~input|i                                                                                                                                                                                    ;
;   0.761  ;   0.761  ; RR ; CELL ; 2      ; IOIBUF_X56_Y0_N1           ; FPGA_CLK2_50~input|o                                                                                                                                                                                    ;
;   2.096  ;   1.335  ; RR ; IC   ; 1      ; PLLREFCLKSELECT_X89_Y7_N0  ; emu|pll|pll_inst|altera_pll_i|general[0].gpll~PLL_REFCLK_SELECT|clkin[0]                                                                                                                                ;
;   2.429  ;   0.333  ; RR ; CELL ; 1      ; PLLREFCLKSELECT_X89_Y7_N0  ; emu|pll|pll_inst|altera_pll_i|general[0].gpll~PLL_REFCLK_SELECT|clkout                                                                                                                                  ;
;   2.429  ;   0.000  ; RR ; IC   ; 10     ; FRACTIONALPLL_X89_Y1_N0    ; emu|pll|pll_inst|altera_pll_i|general[0].gpll~FRACTIONAL_PLL|refclkin                                                                                                                                   ;
;   -1.339 ;   -3.768 ; RR ; COMP ; 3      ; FRACTIONALPLL_X89_Y1_N0    ; emu|pll|pll_inst|altera_pll_i|general[0].gpll~FRACTIONAL_PLL|vcoph[0]                                                                                                                                   ;
;   -1.339 ;   0.000  ; RR ; IC   ; 1      ; PLLOUTPUTCOUNTER_X89_Y0_N1 ; emu|pll|pll_inst|altera_pll_i|general[2].gpll~PLL_OUTPUT_COUNTER|vco0ph[0]                                                                                                                              ;
;   0.196  ;   1.535  ; RR ; CELL ; 1      ; PLLOUTPUTCOUNTER_X89_Y0_N1 ; emu|pll|pll_inst|altera_pll_i|general[2].gpll~PLL_OUTPUT_COUNTER|divclk                                                                                                                                 ;
;   1.214  ;   1.018  ; RR ; IC   ; 1      ; CLKCTRL_G11                ; emu|pll|pll_inst|altera_pll_i|outclk_wire[2]~CLKENA0|inclk                                                                                                                                              ;
;   1.536  ;   0.322  ; RR ; CELL ; 36256  ; CLKCTRL_G11                ; emu|pll|pll_inst|altera_pll_i|outclk_wire[2]~CLKENA0|outclk                                                                                                                                             ;
;   3.850  ;   2.314  ; RR ; IC   ; 1      ; FF_X57_Y14_N25             ; emu|mpeg2_h262_two_picture_probe|b_controller|b_transform|iq_intra_weight[3]|clk                                                                                                                        ;
;   4.446  ;   0.596  ; RR ; CELL ; 1      ; FF_X57_Y14_N25             ; emu:emu|mpeg2_h262_two_picture_probe:mpeg2_h262_two_picture_probe|mpeg2_h262_b_core_probe:b_controller|mpeg2_h262_p_non_intra_transform:b_transform|iq_intra_weight[3]                                  ;
; 17.474   ; 13.028   ;    ;      ;        ;                            ; data path                                                                                                                                                                                               ;
;   4.446  ;   0.000  ;    ; uTco ; 1      ; FF_X57_Y14_N25             ; emu:emu|mpeg2_h262_two_picture_probe:mpeg2_h262_two_picture_probe|mpeg2_h262_b_core_probe:b_controller|mpeg2_h262_p_non_intra_transform:b_transform|iq_intra_weight[3]                                  ;
;   4.446  ;   0.000  ; FF ; CELL ; 1      ; FF_X57_Y14_N25             ; emu|mpeg2_h262_two_picture_probe|b_controller|b_transform|iq_intra_weight[3]|q                                                                                                                          ;
;   5.294  ;   0.848  ; FF ; IC   ; 1      ; LABCELL_X56_Y16_N45        ; emu|mpeg2_h262_two_picture_probe|b_controller|b_transform|iq_multiplier_b[3]~5_RESYN16721|dataf                                                                                                         ;
;   5.373  ;   0.079  ; FF ; CELL ; 1      ; LABCELL_X56_Y16_N45        ; emu|mpeg2_h262_two_picture_probe|b_controller|b_transform|iq_multiplier_b[3]~5_RESYN16721|combout                                                                                                       ;
;   5.836  ;   0.463  ; FF ; IC   ; 1      ; LABCELL_X55_Y16_N39        ; emu|mpeg2_h262_two_picture_probe|b_controller|b_transform|iq_multiplier_b[3]~5|dataf                                                                                                                    ;
;   5.915  ;   0.079  ; FF ; CELL ; 1      ; LABCELL_X55_Y16_N39        ; emu|mpeg2_h262_two_picture_probe|b_controller|b_transform|iq_multiplier_b[3]~5|combout                                                                                                                  ;
;   6.960  ;   1.045  ; FF ; IC   ; 32     ; DSP_X54_Y18_N0             ; emu|mpeg2_h262_two_picture_probe|b_controller|b_transform|Mult0~mac|ay[3]                                                                                                                               ;
;   10.842 ;   3.882  ; FF ; CELL ; 3      ; DSP_X54_Y18_N0             ; emu|mpeg2_h262_two_picture_probe|b_controller|b_transform|Mult0~mac|resulta[2]                                                                                                                          ;
;   11.803 ;   0.961  ; FF ; IC   ; 1      ; LABCELL_X55_Y18_N18        ; emu|mpeg2_h262_two_picture_probe|b_controller|b_transform|WideOr1|datac                                                                                                                                 ;
;   12.286 ;   0.483  ; FF ; CELL ; 1      ; LABCELL_X55_Y18_N18        ; emu|mpeg2_h262_two_picture_probe|b_controller|b_transform|WideOr1|combout                                                                                                                               ;
;   12.529 ;   0.243  ; FF ; IC   ; 1      ; LABCELL_X55_Y18_N30        ; emu|mpeg2_h262_two_picture_probe|b_controller|b_transform|Add3~114|datac                                                                                                                                ;
;   13.366 ;   0.837  ; FF ; CELL ; 1      ; LABCELL_X55_Y18_N30        ; emu|mpeg2_h262_two_picture_probe|b_controller|b_transform|Add3~114|cout                                                                                                                                 ;
;   13.366 ;   0.000  ; FF ; IC   ; 2      ; LABCELL_X55_Y18_N33        ; emu|mpeg2_h262_two_picture_probe|b_controller|b_transform|Add3~81|cin                                                                                                                                   ;
;   13.366 ;   0.000  ; FF ; CELL ; 1      ; LABCELL_X55_Y18_N33        ; emu|mpeg2_h262_two_picture_probe|b_controller|b_transform|Add3~81|cout                                                                                                                                  ;
;   13.366 ;   0.000  ; FF ; IC   ; 2      ; LABCELL_X55_Y18_N36        ; emu|mpeg2_h262_two_picture_probe|b_controller|b_transform|Add3~77|cin                                                                                                                                   ;
;   13.411 ;   0.045  ; FF ; CELL ; 1      ; LABCELL_X55_Y18_N36        ; emu|mpeg2_h262_two_picture_probe|b_controller|b_transform|Add3~77|cout                                                                                                                                  ;
;   13.411 ;   0.000  ; FF ; IC   ; 2      ; LABCELL_X55_Y18_N39        ; emu|mpeg2_h262_two_picture_probe|b_controller|b_transform|Add3~109|cin                                                                                                                                  ;
;   13.411 ;   0.000  ; FF ; CELL ; 1      ; LABCELL_X55_Y18_N39        ; emu|mpeg2_h262_two_picture_probe|b_controller|b_transform|Add3~109|cout                                                                                                                                 ;
;   13.411 ;   0.000  ; FF ; IC   ; 2      ; LABCELL_X55_Y18_N42        ; emu|mpeg2_h262_two_picture_probe|b_controller|b_transform|Add3~105|cin                                                                                                                                  ;
;   13.456 ;   0.045  ; FF ; CELL ; 1      ; LABCELL_X55_Y18_N42        ; emu|mpeg2_h262_two_picture_probe|b_controller|b_transform|Add3~105|cout                                                                                                                                 ;
;   13.456 ;   0.000  ; FF ; IC   ; 2      ; LABCELL_X55_Y18_N45        ; emu|mpeg2_h262_two_picture_probe|b_controller|b_transform|Add3~73|cin                                                                                                                                   ;
;   13.456 ;   0.000  ; FF ; CELL ; 1      ; LABCELL_X55_Y18_N45        ; emu|mpeg2_h262_two_picture_probe|b_controller|b_transform|Add3~73|cout                                                                                                                                  ;
;   13.456 ;   0.000  ; FF ; IC   ; 2      ; LABCELL_X55_Y18_N48        ; emu|mpeg2_h262_two_picture_probe|b_controller|b_transform|Add3~1|cin                                                                                                                                    ;
;   13.501 ;   0.045  ; FF ; CELL ; 1      ; LABCELL_X55_Y18_N48        ; emu|mpeg2_h262_two_picture_probe|b_controller|b_transform|Add3~1|cout                                                                                                                                   ;
;   13.501 ;   0.000  ; FF ; IC   ; 2      ; LABCELL_X55_Y18_N51        ; emu|mpeg2_h262_two_picture_probe|b_controller|b_transform|Add3~97|cin                                                                                                                                   ;
;   13.501 ;   0.000  ; FF ; CELL ; 1      ; LABCELL_X55_Y18_N51        ; emu|mpeg2_h262_two_picture_probe|b_controller|b_transform|Add3~97|cout                                                                                                                                  ;
;   13.501 ;   0.000  ; FF ; IC   ; 2      ; LABCELL_X55_Y18_N54        ; emu|mpeg2_h262_two_picture_probe|b_controller|b_transform|Add3~93|cin                                                                                                                                   ;
;   13.544 ;   0.043  ; FF ; CELL ; 1      ; LABCELL_X55_Y18_N54        ; emu|mpeg2_h262_two_picture_probe|b_controller|b_transform|Add3~93|cout                                                                                                                                  ;
;   13.544 ;   0.000  ; FF ; IC   ; 2      ; LABCELL_X55_Y18_N57        ; emu|mpeg2_h262_two_picture_probe|b_controller|b_transform|Add3~89|cin                                                                                                                                   ;
;   13.544 ;   0.000  ; FF ; CELL ; 1      ; LABCELL_X55_Y18_N57        ; emu|mpeg2_h262_two_picture_probe|b_controller|b_transform|Add3~89|cout                                                                                                                                  ;
;   13.544 ;   0.000  ; FF ; IC   ; 2      ; LABCELL_X55_Y17_N0         ; emu|mpeg2_h262_two_picture_probe|b_controller|b_transform|Add3~101|cin                                                                                                                                  ;
;   13.671 ;   0.127  ; FF ; CELL ; 1      ; LABCELL_X55_Y17_N0         ; emu|mpeg2_h262_two_picture_probe|b_controller|b_transform|Add3~101|cout                                                                                                                                 ;
;   13.671 ;   0.000  ; FF ; IC   ; 2      ; LABCELL_X55_Y17_N3         ; emu|mpeg2_h262_two_picture_probe|b_controller|b_transform|Add3~85|cin                                                                                                                                   ;
;   13.671 ;   0.000  ; FF ; CELL ; 1      ; LABCELL_X55_Y17_N3         ; emu|mpeg2_h262_two_picture_probe|b_controller|b_transform|Add3~85|cout                                                                                                                                  ;
;   13.671 ;   0.000  ; FF ; IC   ; 2      ; LABCELL_X55_Y17_N6         ; emu|mpeg2_h262_two_picture_probe|b_controller|b_transform|Add3~61|cin                                                                                                                                   ;
;   14.026 ;   0.355  ; FF ; CELL ; 3      ; LABCELL_X55_Y17_N6         ; emu|mpeg2_h262_two_picture_probe|b_controller|b_transform|Add3~61|sumout                                                                                                                                ;
;   15.200 ;   1.174  ; FF ; IC   ; 1      ; LABCELL_X56_Y19_N12        ; emu|mpeg2_h262_two_picture_probe|b_controller|b_transform|iq_unclipped[11]~20_Duplicate_Duplicate|datae                                                                                                 ;
;   15.432 ;   0.232  ; FR ; CELL ; 4      ; LABCELL_X56_Y19_N12        ; emu|mpeg2_h262_two_picture_probe|b_controller|b_transform|iq_unclipped[11]~20_Duplicate_Duplicate|combout                                                                                               ;
;   15.709 ;   0.277  ; RR ; IC   ; 1      ; LABCELL_X56_Y19_N57        ; emu|mpeg2_h262_two_picture_probe|b_controller|b_transform|LessThan2~3_Duplicate_Duplicate_RESYN16783|datac                                                                                              ;
;   16.119 ;   0.410  ; RR ; CELL ; 1      ; LABCELL_X56_Y19_N57        ; emu|mpeg2_h262_two_picture_probe|b_controller|b_transform|LessThan2~3_Duplicate_Duplicate_RESYN16783|combout                                                                                            ;
;   16.439 ;   0.320  ; RR ; IC   ; 1      ; LABCELL_X56_Y19_N6         ; emu|mpeg2_h262_two_picture_probe|b_controller|b_transform|LessThan2~3_Duplicate_Duplicate|dataf                                                                                                         ;
;   16.525 ;   0.086  ; RR ; CELL ; 2      ; LABCELL_X56_Y19_N6         ; emu|mpeg2_h262_two_picture_probe|b_controller|b_transform|LessThan2~3_Duplicate_Duplicate|combout                                                                                                       ;
;   16.878 ;   0.353  ; RR ; IC   ; 1      ; FF_X56_Y19_N22             ; emu|mpeg2_h262_two_picture_probe|b_controller|b_transform|idct_coeff_value[5]_OTERM9002_OTERM11265_NEW_REG16803|asdata                                                                                  ;
;   17.474 ;   0.596  ; RR ; CELL ; 1      ; FF_X56_Y19_N22             ; emu:emu|mpeg2_h262_two_picture_probe:mpeg2_h262_two_picture_probe|mpeg2_h262_b_core_probe:b_controller|mpeg2_h262_p_non_intra_transform:b_transform|idct_coeff_value[5]_OTERM9002_OTERM11265_OTERM16804 ;
+----------+----------+----+------+--------+----------------------------+---------------------------------------------------------------------------------------------------------------------------------------------------------------------------------------------------------+

+---------------------------------------------------------------------------------------------------------------------------------------------------------------------------------------------------------------------------------------------------------------------------------+
; Data Required Path                                                                                                                                                                                                                                                              ;
+----------+----------+----+------+--------+----------------------------+---------------------------------------------------------------------------------------------------------------------------------------------------------------------------------------------------------+
; Total    ; Incr     ; RF ; Type ; Fanout ; Location                   ; Element                                                                                                                                                                                                 ;
+----------+----------+----+------+--------+----------------------------+---------------------------------------------------------------------------------------------------------------------------------------------------------------------------------------------------------+
; 16.666   ; 16.666   ;    ;      ;        ;                            ; latch edge time                                                                                                                                                                                         ;
; 20.563   ; 3.897    ;    ;      ;        ;                            ; clock path                                                                                                                                                                                              ;
;   16.666 ;   0.000  ;    ;      ;        ;                            ; source latency                                                                                                                                                                                          ;
;   16.666 ;   0.000  ;    ;      ; 1      ; PIN_Y13                    ; FPGA_CLK2_50                                                                                                                                                                                            ;
;   16.666 ;   0.000  ; RR ; IC   ; 1      ; IOIBUF_X56_Y0_N1           ; FPGA_CLK2_50~input|i                                                                                                                                                                                    ;
;   17.427 ;   0.761  ; RR ; CELL ; 2      ; IOIBUF_X56_Y0_N1           ; FPGA_CLK2_50~input|o                                                                                                                                                                                    ;
;   18.598 ;   1.171  ; RR ; IC   ; 1      ; PLLREFCLKSELECT_X89_Y7_N0  ; emu|pll|pll_inst|altera_pll_i|general[0].gpll~PLL_REFCLK_SELECT|clkin[0]                                                                                                                                ;
;   18.906 ;   0.308  ; RR ; CELL ; 1      ; PLLREFCLKSELECT_X89_Y7_N0  ; emu|pll|pll_inst|altera_pll_i|general[0].gpll~PLL_REFCLK_SELECT|clkout                                                                                                                                  ;
;   18.906 ;   0.000  ; RR ; IC   ; 10     ; FRACTIONALPLL_X89_Y1_N0    ; emu|pll|pll_inst|altera_pll_i|general[0].gpll~FRACTIONAL_PLL|refclkin                                                                                                                                   ;
;   13.974 ;   -4.932 ; RR ; COMP ; 3      ; FRACTIONALPLL_X89_Y1_N0    ; emu|pll|pll_inst|altera_pll_i|general[0].gpll~FRACTIONAL_PLL|vcoph[0]                                                                                                                                   ;
;   13.974 ;   0.000  ; RR ; IC   ; 1      ; PLLOUTPUTCOUNTER_X89_Y0_N1 ; emu|pll|pll_inst|altera_pll_i|general[2].gpll~PLL_OUTPUT_COUNTER|vco0ph[0]                                                                                                                              ;
;   15.242 ;   1.268  ; RR ; CELL ; 1      ; PLLOUTPUTCOUNTER_X89_Y0_N1 ; emu|pll|pll_inst|altera_pll_i|general[2].gpll~PLL_OUTPUT_COUNTER|divclk                                                                                                                                 ;
;   16.186 ;   0.944  ; RR ; IC   ; 1      ; CLKCTRL_G11                ; emu|pll|pll_inst|altera_pll_i|outclk_wire[2]~CLKENA0|inclk                                                                                                                                              ;
;   16.482 ;   0.296  ; RR ; CELL ; 36256  ; CLKCTRL_G11                ; emu|pll|pll_inst|altera_pll_i|outclk_wire[2]~CLKENA0|outclk                                                                                                                                             ;
;   18.348 ;   1.866  ; RR ; IC   ; 1      ; FF_X56_Y19_N22             ; emu|mpeg2_h262_two_picture_probe|b_controller|b_transform|idct_coeff_value[5]_OTERM9002_OTERM11265_NEW_REG16803|clk                                                                                     ;
;   18.843 ;   0.495  ; RR ; CELL ; 1      ; FF_X56_Y19_N22             ; emu:emu|mpeg2_h262_two_picture_probe:mpeg2_h262_two_picture_probe|mpeg2_h262_b_core_probe:b_controller|mpeg2_h262_p_non_intra_transform:b_transform|idct_coeff_value[5]_OTERM9002_OTERM11265_OTERM16804 ;
;   20.563 ;   1.720  ;    ;      ;        ;                            ; clock pessimism removed                                                                                                                                                                                 ;
; 20.443   ; -0.120   ;    ;      ;        ;                            ; clock uncertainty                                                                                                                                                                                       ;
; 20.443   ; 0.000    ;    ; uTsu ; 1      ; FF_X56_Y19_N22             ; emu:emu|mpeg2_h262_two_picture_probe:mpeg2_h262_two_picture_probe|mpeg2_h262_b_core_probe:b_controller|mpeg2_h262_p_non_intra_transform:b_transform|idct_coeff_value[5]_OTERM9002_OTERM11265_OTERM16804 ;
+----------+----------+----+------+--------+----------------------------+---------------------------------------------------------------------------------------------------------------------------------------------------------------------------------------------------------+

----------------------------
; Extra Fitter Information ;
----------------------------
HTML report is unavailable in plain text report export.


