PASS native startup: 24 readiness phases with crossing skew, full first pair, EOF, warm rearm, interrupted reserve, bypass, Bob/Weave
/run/media/vash/GIT/MiSTer-Media-Player/tools/streams/tb_h262_native_startup.sv:111: $finish called at 229400000 (1ps)
RESULT stable_tff=PASS change_rejected=PASS reset_bff=PASS
/run/media/vash/GIT/MiSTer-Media-Player/tools/streams/tb_native_field_order.sv:37: $finish called at 160000 (1ps)
RESULT luma_sequences=960 chroma_sequences=480 tff_refill=PASS bff_refill=PASS fingerprints=PASS PASS
/run/media/vash/GIT/MiSTer-Media-Player/tools/streams/tb_interlaced_420_cache_mapping.sv:135: $finish called at 4000 (1ps)
RESULT mode=TFF fields=4 field_ticks=225225 active=172800 vsync=2574 half_line=429 ce_div=4 PASS
/run/media/vash/GIT/MiSTer-Media-Player/tools/streams/tb_native_480i_timing.sv:207: $finish called at 83310407984 (1ps)
RESULT mode=BFF fields=4 field_ticks=225225 active=172800 vsync=2574 half_line=429 ce_div=4 PASS
/run/media/vash/GIT/MiSTer-Media-Player/tools/streams/tb_native_480i_timing.sv:207: $finish called at 83310407984 (1ps)
RESULT progressive=weave native_weave=0 native_bob=1 PASS
/run/media/vash/GIT/MiSTer-Media-Player/tools/streams/tb_hdmi_deinterlace_control.sv:69: $finish called at 146000 (1ps)
NATIVE_TIMING_PATTERN_PASS static_bars=8 moving_hold=30 moving_step=96 moving_positions=7 field_invariant=1
/run/media/vash/GIT/MiSTer-Media-Player/tools/streams/tb_native_480i_timing_pattern.sv:108: $finish called at 6422000 (1ps)
NATIVE_ORDINARY_OWNERSHIP_PASS p_serial=1 display_guard=1 secondary_queue=1 ordered_resume=1 duplicate_guard=1 terminal=before/completion/promotion/after
/run/media/vash/GIT/MiSTer-Media-Player/tools/streams/tb_native_ordinary_overlap_ownership.sv:181: $finish called at 866000 (1ps)
NATIVE_PRESENTATION_LATENCY_PASS windows=20 fields=40 serialized_decoded=10 overlap_decoded=13 serialized_presented=10 overlap_presented=13 accelerated_decoded=21 accelerated_presented=20 accelerated_queue=1 terminal_decoded=8 terminal_presented=8 terminal_empty=1 generation_order=1
/run/media/vash/GIT/MiSTer-Media-Player/tools/streams/tb_native_480i_presentation_integration.sv:467: $finish called at 682495674081 (1ps)
NATIVE_CACHE_SYNC_RESET_PASS resets=16 sync_edges=0
/run/media/vash/GIT/MiSTer-Media-Player/tools/streams/tb_native_480i_cache_refill.sv:754: $finish called at 5314666 (1ps)
NATIVE_CACHE_REFILL_PASS mode=ordinary overlap=0 latency=64
/run/media/vash/GIT/MiSTer-Media-Player/tools/streams/tb_native_480i_cache_refill.sv:898: $finish called at 784460287 (1ps)
NATIVE_CACHE_REFILL_PASS mode=delayed overlap=1 latency=3400
/run/media/vash/GIT/MiSTer-Media-Player/tools/streams/tb_native_480i_cache_refill.sv:898: $finish called at 1229259161 (1ps)
NATIVE_CACHE_REFILL_PASS mode=prefill-late miss=1 published=0 latency=3400
/run/media/vash/GIT/MiSTer-Media-Player/tools/streams/tb_native_480i_cache_refill.sv:898: $finish called at 769644213 (1ps)
NATIVE_CACHE_FINGERPRINT_PASS order=TFF corrupted=0 completed=2 mismatches=0
/run/media/vash/GIT/MiSTer-Media-Player/tools/streams/tb_native_480i_cache_refill.sv:898: $finish called at 30527620513 (1ps)
NATIVE_CACHE_FINGERPRINT_PASS order=BFF corrupted=0 completed=2 mismatches=0
/run/media/vash/GIT/MiSTer-Media-Player/tools/streams/tb_native_480i_cache_refill.sv:898: $finish called at 30527620513 (1ps)
NATIVE_CACHE_POSITION_MISMATCH x=80 y=0 word=10 lane=0 expected=0a actual=0b rd_addr=10
NATIVE_CACHE_FINGERPRINT_PASS order=TFF corrupted=1 completed=2 mismatches=1
/run/media/vash/GIT/MiSTer-Media-Player/tools/streams/tb_native_480i_cache_refill.sv:898: $finish called at 30527620513 (1ps)
NATIVE_CACHE_FINGERPRINT_PASS order=TFF corrupted=0 completed=2 mismatches=0
/run/media/vash/GIT/MiSTer-Media-Player/tools/streams/tb_native_480i_cache_refill.sv:898: $finish called at 30527620513 (1ps)
NATIVE_CACHE_POSITION_MISMATCH x=80 y=200 word=10 lane=0 expected=a0 actual=a1 rd_addr=10
NATIVE_CACHE_FINGERPRINT_PASS order=TFF corrupted=0 completed=2 mismatches=0
/run/media/vash/GIT/MiSTer-Media-Player/tools/streams/tb_native_480i_cache_refill.sv:898: $finish called at 30527620513 (1ps)
NATIVE_CACHE_FINGERPRINT_PASS order=TFF corrupted=0 completed=2 mismatches=0
/run/media/vash/GIT/MiSTer-Media-Player/tools/streams/tb_native_480i_cache_refill.sv:898: $finish called at 30527620513 (1ps)
NATIVE_CACHE_GENERATION generation=2a order=TFF fields=240/240 rgb=345600 controls=411840 publication=1 mismatches=0
NATIVE_CACHE_GENERATION generation=2b order=TFF fields=240/240 rgb=345600 controls=411840 publication=1 mismatches=0
NATIVE_CACHE_GENERATION generation=2c order=TFF fields=240/240 rgb=345600 controls=411840 publication=1 mismatches=0
NATIVE_CACHE_GENERATION_PASS order=TFF generations=3 publications=3 fields=720/720 mismatches=0 latency=64
/run/media/vash/GIT/MiSTer-Media-Player/tools/streams/tb_native_480i_cache_refill.sv:782: $finish called at 91582878205 (1ps)
NATIVE_CACHE_GENERATION generation=2a order=BFF fields=240/240 rgb=345600 controls=411840 publication=1 mismatches=0
NATIVE_CACHE_GENERATION generation=2b order=BFF fields=240/240 rgb=345600 controls=411840 publication=1 mismatches=0
NATIVE_CACHE_GENERATION generation=2c order=BFF fields=240/240 rgb=345600 controls=411840 publication=1 mismatches=0
NATIVE_CACHE_GENERATION_PASS order=BFF generations=3 publications=3 fields=720/720 mismatches=0 latency=64
/run/media/vash/GIT/MiSTer-Media-Player/tools/streams/tb_native_480i_cache_refill.sv:782: $finish called at 91582878205 (1ps)
NATIVE_CACHE_GENERATION generation=2a order=TFF fields=240/240 rgb=345600 controls=411840 publication=1 mismatches=0
NATIVE_CACHE_GENERATION generation=2b order=TFF fields=240/240 rgb=345600 controls=411840 publication=1 mismatches=0
NATIVE_CACHE_GENERATION generation=2c order=TFF fields=240/240 rgb=345600 controls=411840 publication=1 mismatches=0
NATIVE_CACHE_GENERATION_PASS order=TFF generations=3 publications=3 fields=720/720 mismatches=0 latency=512
/run/media/vash/GIT/MiSTer-Media-Player/tools/streams/tb_native_480i_cache_refill.sv:782: $finish called at 91762154367 (1ps)
LUMA_WRITE_FINGERPRINT_PASS
/run/media/vash/GIT/MiSTer-Media-Player/tools/streams/tb_h262_luma_write_fingerprint.sv:114: $finish called at 191000 (1ps)
DEADLINE_PROFILER_PASS exact-window input-vs-writer late-ready on-time ordinal348 terminal-idle reset
HARDWARE_CADENCE_PROFILER_PASS current-diagnostic line-provenance+write-read-fingerprints+field-content+framebuffer-publication+timestamp-conflicts+audio-defer+forced+fatal+no-progress checksum=db843fe5
/run/media/vash/GIT/MiSTer-Media-Player/tools/streams/tb_h262_hardware_cadence_profiler.sv:1072: $finish called at 117640000 (1ps)
CADENCE_RTL_PACKET_PASS schema19 ordinals=3,4,348
CADENCE_DECODER_LAYOUT_PASS current=344/224/64 retained=48,43,41,38-words
