----------------
; Command Info ;
----------------
Report Timing: Found 2 setup paths (0 violated).  Worst case slack is 3.869 

Tcl Command:
    report_timing -setup -file /home/vash/mister-builds/entry675/results/transform_iq_intra_weight_input.rpt -to [get_registers {*|mpeg2_h262_p_non_intra_transform:transform|iq_intra_weight*}] -npaths 2 -detail full_path

Options:
    -to [get_registers {*|mpeg2_h262_p_non_intra_transform:transform|iq_intra_weight*}] 
    -setup 
    -npaths 2 
    -detail full_path 
    -file {/home/vash/mister-builds/entry675/results/transform_iq_intra_weight_input.rpt} 

Delay Model:
    Slow 1100mV 100C Model

+-------------------------------------------------------------------------------------------------------------------------------------------------------------------------------------------------------------------------------------------------------------------------------------------------------------------------------------------------------------------------------------------------------------------------------------------------------------------------------------------------------------------------------------------------------------------------------------------------------------------------------------------------------+
; Summary of Paths                                                                                                                                                                                                                                                                                                                                                                                                                                                                                                                                                                                                                                      ;
+-------+---------------------------------------------------------------------------------------------------------------------------------------------------------------------------------------------------------------------+----------------------------------------------------------------------------------------------------------------------------------------------------------------------------------------------------------------------------+-------------------------------------------------------------------------+-------------------------------------------------------------------------+--------------+------------+------------+
; Slack ; From Node                                                                                                                                                                                                           ; To Node                                                                                                                                                                                                                    ; Launch Clock                                                            ; Latch Clock                                                             ; Relationship ; Clock Skew ; Data Delay ;
+-------+---------------------------------------------------------------------------------------------------------------------------------------------------------------------------------------------------------------------+----------------------------------------------------------------------------------------------------------------------------------------------------------------------------------------------------------------------------+-------------------------------------------------------------------------+-------------------------------------------------------------------------+--------------+------------+------------+
; 3.869 ; emu:emu|mpeg2_h262_two_picture_probe:mpeg2_h262_two_picture_probe|mpeg2_h262_p_diagnostic_controller:p_controller|mpeg2_h262_p_residual_probe:residual_probe|mpeg2_h262_p_non_intra_transform:transform|iq_index[3] ; emu:emu|mpeg2_h262_two_picture_probe:mpeg2_h262_two_picture_probe|mpeg2_h262_p_diagnostic_controller:p_controller|mpeg2_h262_p_residual_probe:residual_probe|mpeg2_h262_p_non_intra_transform:transform|iq_intra_weight[2] ; emu|pll|pll_inst|altera_pll_i|general[2].gpll~PLL_OUTPUT_COUNTER|divclk ; emu|pll|pll_inst|altera_pll_i|general[2].gpll~PLL_OUTPUT_COUNTER|divclk ; 16.666       ; -0.141     ; 12.536     ;
; 3.872 ; emu:emu|mpeg2_h262_two_picture_probe:mpeg2_h262_two_picture_probe|mpeg2_h262_p_diagnostic_controller:p_controller|mpeg2_h262_p_residual_probe:residual_probe|mpeg2_h262_p_non_intra_transform:transform|iq_index[0] ; emu:emu|mpeg2_h262_two_picture_probe:mpeg2_h262_two_picture_probe|mpeg2_h262_p_diagnostic_controller:p_controller|mpeg2_h262_p_residual_probe:residual_probe|mpeg2_h262_p_non_intra_transform:transform|iq_intra_weight[2] ; emu|pll|pll_inst|altera_pll_i|general[2].gpll~PLL_OUTPUT_COUNTER|divclk ; emu|pll|pll_inst|altera_pll_i|general[2].gpll~PLL_OUTPUT_COUNTER|divclk ; 16.666       ; -0.147     ; 12.527     ;
+-------+---------------------------------------------------------------------------------------------------------------------------------------------------------------------------------------------------------------------+----------------------------------------------------------------------------------------------------------------------------------------------------------------------------------------------------------------------------+-------------------------------------------------------------------------+-------------------------------------------------------------------------+--------------+------------+------------+

Path #1: Setup slack is 3.869 
===============================================================================
+-------------------------------------------------------------------------------------------------------------------------------------------------------------------------------------------------------------------------------------------------+
; Path Summary                                                                                                                                                                                                                                    ;
+--------------------+----------------------------------------------------------------------------------------------------------------------------------------------------------------------------------------------------------------------------+
; Property           ; Value                                                                                                                                                                                                                      ;
+--------------------+----------------------------------------------------------------------------------------------------------------------------------------------------------------------------------------------------------------------------+
; From Node          ; emu:emu|mpeg2_h262_two_picture_probe:mpeg2_h262_two_picture_probe|mpeg2_h262_p_diagnostic_controller:p_controller|mpeg2_h262_p_residual_probe:residual_probe|mpeg2_h262_p_non_intra_transform:transform|iq_index[3]        ;
; To Node            ; emu:emu|mpeg2_h262_two_picture_probe:mpeg2_h262_two_picture_probe|mpeg2_h262_p_diagnostic_controller:p_controller|mpeg2_h262_p_residual_probe:residual_probe|mpeg2_h262_p_non_intra_transform:transform|iq_intra_weight[2] ;
; Launch Clock       ; emu|pll|pll_inst|altera_pll_i|general[2].gpll~PLL_OUTPUT_COUNTER|divclk                                                                                                                                                    ;
; Latch Clock        ; emu|pll|pll_inst|altera_pll_i|general[2].gpll~PLL_OUTPUT_COUNTER|divclk                                                                                                                                                    ;
; Data Arrival Time  ; 17.150                                                                                                                                                                                                                     ;
; Data Required Time ; 21.019                                                                                                                                                                                                                     ;
; Slack              ; 3.869                                                                                                                                                                                                                      ;
+--------------------+----------------------------------------------------------------------------------------------------------------------------------------------------------------------------------------------------------------------------+

+--------------------------------------------------------------------------------------+
; Statistics                                                                           ;
+------------------------+--------+-------+-------------+------------+--------+--------+
; Property               ; Value  ; Count ; Total Delay ; % of Total ; Min    ; Max    ;
+------------------------+--------+-------+-------------+------------+--------+--------+
; Setup Relationship     ; 16.666 ;       ;             ;            ;        ;        ;
; Clock Skew             ; -0.141 ;       ;             ;            ;        ;        ;
; Data Delay             ; 12.536 ;       ;             ;            ;        ;        ;
; Number of Logic Levels ;        ; 7     ;             ;            ;        ;        ;
; Physical Delays        ;        ;       ;             ;            ;        ;        ;
;  Arrival Path          ;        ;       ;             ;            ;        ;        ;
;   Clock                ;        ;       ;             ;            ;        ;        ;
;    IC                  ;        ; 6     ; 4.673       ; 56         ; 0.000  ; 2.299  ;
;    Cell                ;        ; 5     ; 3.709       ; 44         ; 0.304  ; 1.746  ;
;    PLL Compensation    ;        ; 1     ; -3.768      ; 0          ; -3.768 ; -3.768 ;
;   Data                 ;        ;       ;             ;            ;        ;        ;
;    IC                  ;        ; 8     ; 8.498       ; 68         ; 0.268  ; 1.768  ;
;    Cell                ;        ; 9     ; 4.038       ; 32         ; 0.000  ; 0.580  ;
;    uTco                ;        ; 1     ; 0.000       ; 0          ; 0.000  ; 0.000  ;
;  Required Path         ;        ;       ;             ;            ;        ;        ;
;   Clock                ;        ;       ;             ;            ;        ;        ;
;    IC                  ;        ; 6     ; 3.920       ; 54         ; 0.000  ; 1.841  ;
;    Cell                ;        ; 5     ; 3.332       ; 46         ; 0.279  ; 1.468  ;
;    PLL Compensation    ;        ; 1     ; -4.932      ; 0          ; -4.932 ; -4.932 ;
+------------------------+--------+-------+-------------+------------+--------+--------+
Note: Negative delays are omitted from totals when calculating percentages

+----------------------------------------------------------------------------------------------------------------------------------------------------------------------------------------------------------------------------------------------------------------------------------------------------+
; Data Arrival Path                                                                                                                                                                                                                                                                                  ;
+----------+----------+----+------+--------+----------------------------+----------------------------------------------------------------------------------------------------------------------------------------------------------------------------------------------------------------------------+
; Total    ; Incr     ; RF ; Type ; Fanout ; Location                   ; Element                                                                                                                                                                                                                    ;
+----------+----------+----+------+--------+----------------------------+----------------------------------------------------------------------------------------------------------------------------------------------------------------------------------------------------------------------------+
; 0.000    ; 0.000    ;    ;      ;        ;                            ; launch edge time                                                                                                                                                                                                           ;
; 4.614    ; 4.614    ;    ;      ;        ;                            ; clock path                                                                                                                                                                                                                 ;
;   0.000  ;   0.000  ;    ;      ;        ;                            ; source latency                                                                                                                                                                                                             ;
;   0.000  ;   0.000  ;    ;      ; 1      ; PIN_Y13                    ; FPGA_CLK2_50                                                                                                                                                                                                               ;
;   0.000  ;   0.000  ; RR ; IC   ; 1      ; IOIBUF_X56_Y0_N1           ; FPGA_CLK2_50~input|i                                                                                                                                                                                                       ;
;   0.761  ;   0.761  ; RR ; CELL ; 2      ; IOIBUF_X56_Y0_N1           ; FPGA_CLK2_50~input|o                                                                                                                                                                                                       ;
;   2.096  ;   1.335  ; RR ; IC   ; 1      ; PLLREFCLKSELECT_X89_Y7_N0  ; emu|pll|pll_inst|altera_pll_i|general[0].gpll~PLL_REFCLK_SELECT|clkin[0]                                                                                                                                                   ;
;   2.429  ;   0.333  ; RR ; CELL ; 1      ; PLLREFCLKSELECT_X89_Y7_N0  ; emu|pll|pll_inst|altera_pll_i|general[0].gpll~PLL_REFCLK_SELECT|clkout                                                                                                                                                     ;
;   2.429  ;   0.000  ; RR ; IC   ; 10     ; FRACTIONALPLL_X89_Y1_N0    ; emu|pll|pll_inst|altera_pll_i|general[0].gpll~FRACTIONAL_PLL|refclkin                                                                                                                                                      ;
;   -1.339 ;   -3.768 ; RR ; COMP ; 3      ; FRACTIONALPLL_X89_Y1_N0    ; emu|pll|pll_inst|altera_pll_i|general[0].gpll~FRACTIONAL_PLL|vcoph[0]                                                                                                                                                      ;
;   -1.339 ;   0.000  ; RR ; IC   ; 1      ; PLLOUTPUTCOUNTER_X89_Y6_N1 ; emu|pll|pll_inst|altera_pll_i|general[2].gpll~PLL_OUTPUT_COUNTER|vco0ph[0]                                                                                                                                                 ;
;   0.407  ;   1.746  ; RR ; CELL ; 1      ; PLLOUTPUTCOUNTER_X89_Y6_N1 ; emu|pll|pll_inst|altera_pll_i|general[2].gpll~PLL_OUTPUT_COUNTER|divclk                                                                                                                                                    ;
;   1.446  ;   1.039  ; RR ; IC   ; 1      ; CLKCTRL_G6                 ; emu|pll|pll_inst|altera_pll_i|outclk_wire[2]~CLKENA0|inclk                                                                                                                                                                 ;
;   1.750  ;   0.304  ; RR ; CELL ; 36211  ; CLKCTRL_G6                 ; emu|pll|pll_inst|altera_pll_i|outclk_wire[2]~CLKENA0|outclk                                                                                                                                                                ;
;   4.049  ;   2.299  ; RR ; IC   ; 1      ; FF_X12_Y29_N38             ; emu|mpeg2_h262_two_picture_probe|p_controller|residual_probe|transform|iq_index[3]|clk                                                                                                                                     ;
;   4.614  ;   0.565  ; RR ; CELL ; 1      ; FF_X12_Y29_N38             ; emu:emu|mpeg2_h262_two_picture_probe:mpeg2_h262_two_picture_probe|mpeg2_h262_p_diagnostic_controller:p_controller|mpeg2_h262_p_residual_probe:residual_probe|mpeg2_h262_p_non_intra_transform:transform|iq_index[3]        ;
; 17.150   ; 12.536   ;    ;      ;        ;                            ; data path                                                                                                                                                                                                                  ;
;   4.614  ;   0.000  ;    ; uTco ; 1      ; FF_X12_Y29_N38             ; emu:emu|mpeg2_h262_two_picture_probe:mpeg2_h262_two_picture_probe|mpeg2_h262_p_diagnostic_controller:p_controller|mpeg2_h262_p_residual_probe:residual_probe|mpeg2_h262_p_non_intra_transform:transform|iq_index[3]        ;
;   4.614  ;   0.000  ; FF ; CELL ; 8      ; FF_X12_Y29_N38             ; emu|mpeg2_h262_two_picture_probe|p_controller|residual_probe|transform|iq_index[3]|q                                                                                                                                       ;
;   4.920  ;   0.306  ; FF ; IC   ; 1      ; LABCELL_X12_Y29_N12        ; emu|mpeg2_h262_two_picture_probe|p_controller|residual_probe|transform|iq_weight_read_index~0|dataa                                                                                                                        ;
;   5.455  ;   0.535  ; FF ; CELL ; 4      ; LABCELL_X12_Y29_N12        ; emu|mpeg2_h262_two_picture_probe|p_controller|residual_probe|transform|iq_weight_read_index~0|combout                                                                                                                      ;
;   6.270  ;   0.815  ; FF ; IC   ; 1      ; LABCELL_X12_Y27_N3         ; emu|mpeg2_h262_two_picture_probe|p_controller|residual_probe|transform|iq_weight_read_index~1|datad                                                                                                                        ;
;   6.705  ;   0.435  ; FR ; CELL ; 6      ; LABCELL_X12_Y27_N3         ; emu|mpeg2_h262_two_picture_probe|p_controller|residual_probe|transform|iq_weight_read_index~1|combout                                                                                                                      ;
;   6.973  ;   0.268  ; RR ; IC   ; 1      ; LABCELL_X12_Y27_N54        ; emu|mpeg2_h262_two_picture_probe|p_controller|residual_probe|transform|iq_weight_read_index[3]~5|dataa                                                                                                                     ;
;   7.532  ;   0.559  ; RF ; CELL ; 118    ; LABCELL_X12_Y27_N54        ; emu|mpeg2_h262_two_picture_probe|p_controller|residual_probe|transform|iq_weight_read_index[3]~5|combout                                                                                                                   ;
;   8.983  ;   1.451  ; FF ; IC   ; 1      ; LABCELL_X12_Y21_N54        ; emu|mpeg2_h262_two_picture_probe|p_controller|residual_probe|transform|matrices|intra_mem~572|datac                                                                                                                        ;
;   9.491  ;   0.508  ; FF ; CELL ; 1      ; LABCELL_X12_Y21_N54        ; emu|mpeg2_h262_two_picture_probe|p_controller|residual_probe|transform|matrices|intra_mem~572|combout                                                                                                                      ;
;   10.574 ;   1.083  ; FF ; IC   ; 1      ; LABCELL_X16_Y19_N33        ; emu|mpeg2_h262_two_picture_probe|p_controller|residual_probe|transform|matrices|intra_mem~573|datab                                                                                                                        ;
;   11.132 ;   0.558  ; FF ; CELL ; 1      ; LABCELL_X16_Y19_N33        ; emu|mpeg2_h262_two_picture_probe|p_controller|residual_probe|transform|matrices|intra_mem~573|combout                                                                                                                      ;
;   12.436 ;   1.304  ; FF ; IC   ; 1      ; LABCELL_X11_Y22_N51        ; emu|mpeg2_h262_two_picture_probe|p_controller|residual_probe|transform|matrices|intra_mem~574|datad                                                                                                                        ;
;   12.942 ;   0.506  ; FF ; CELL ; 1      ; LABCELL_X11_Y22_N51        ; emu|mpeg2_h262_two_picture_probe|p_controller|residual_probe|transform|matrices|intra_mem~574|combout                                                                                                                      ;
;   14.445 ;   1.503  ; FF ; IC   ; 1      ; MLABCELL_X15_Y27_N57       ; emu|mpeg2_h262_two_picture_probe|p_controller|residual_probe|transform|iq_intra_weight~2|datae                                                                                                                             ;
;   14.802 ;   0.357  ; FF ; CELL ; 1      ; MLABCELL_X15_Y27_N57       ; emu|mpeg2_h262_two_picture_probe|p_controller|residual_probe|transform|iq_intra_weight~2|combout                                                                                                                           ;
;   16.570 ;   1.768  ; FF ; IC   ; 1      ; FF_X17_Y30_N53             ; emu|mpeg2_h262_two_picture_probe|p_controller|residual_probe|transform|iq_intra_weight[2]|asdata                                                                                                                           ;
;   17.150 ;   0.580  ; FF ; CELL ; 1      ; FF_X17_Y30_N53             ; emu:emu|mpeg2_h262_two_picture_probe:mpeg2_h262_two_picture_probe|mpeg2_h262_p_diagnostic_controller:p_controller|mpeg2_h262_p_residual_probe:residual_probe|mpeg2_h262_p_non_intra_transform:transform|iq_intra_weight[2] ;
+----------+----------+----+------+--------+----------------------------+----------------------------------------------------------------------------------------------------------------------------------------------------------------------------------------------------------------------------+

+----------------------------------------------------------------------------------------------------------------------------------------------------------------------------------------------------------------------------------------------------------------------------------------------------+
; Data Required Path                                                                                                                                                                                                                                                                                 ;
+----------+----------+----+------+--------+----------------------------+----------------------------------------------------------------------------------------------------------------------------------------------------------------------------------------------------------------------------+
; Total    ; Incr     ; RF ; Type ; Fanout ; Location                   ; Element                                                                                                                                                                                                                    ;
+----------+----------+----+------+--------+----------------------------+----------------------------------------------------------------------------------------------------------------------------------------------------------------------------------------------------------------------------+
; 16.666   ; 16.666   ;    ;      ;        ;                            ; latch edge time                                                                                                                                                                                                            ;
; 21.139   ; 4.473    ;    ;      ;        ;                            ; clock path                                                                                                                                                                                                                 ;
;   16.666 ;   0.000  ;    ;      ;        ;                            ; source latency                                                                                                                                                                                                             ;
;   16.666 ;   0.000  ;    ;      ; 1      ; PIN_Y13                    ; FPGA_CLK2_50                                                                                                                                                                                                               ;
;   16.666 ;   0.000  ; RR ; IC   ; 1      ; IOIBUF_X56_Y0_N1           ; FPGA_CLK2_50~input|i                                                                                                                                                                                                       ;
;   17.427 ;   0.761  ; RR ; CELL ; 2      ; IOIBUF_X56_Y0_N1           ; FPGA_CLK2_50~input|o                                                                                                                                                                                                       ;
;   18.598 ;   1.171  ; RR ; IC   ; 1      ; PLLREFCLKSELECT_X89_Y7_N0  ; emu|pll|pll_inst|altera_pll_i|general[0].gpll~PLL_REFCLK_SELECT|clkin[0]                                                                                                                                                   ;
;   18.906 ;   0.308  ; RR ; CELL ; 1      ; PLLREFCLKSELECT_X89_Y7_N0  ; emu|pll|pll_inst|altera_pll_i|general[0].gpll~PLL_REFCLK_SELECT|clkout                                                                                                                                                     ;
;   18.906 ;   0.000  ; RR ; IC   ; 10     ; FRACTIONALPLL_X89_Y1_N0    ; emu|pll|pll_inst|altera_pll_i|general[0].gpll~FRACTIONAL_PLL|refclkin                                                                                                                                                      ;
;   13.974 ;   -4.932 ; RR ; COMP ; 3      ; FRACTIONALPLL_X89_Y1_N0    ; emu|pll|pll_inst|altera_pll_i|general[0].gpll~FRACTIONAL_PLL|vcoph[0]                                                                                                                                                      ;
;   13.974 ;   0.000  ; RR ; IC   ; 1      ; PLLOUTPUTCOUNTER_X89_Y6_N1 ; emu|pll|pll_inst|altera_pll_i|general[2].gpll~PLL_OUTPUT_COUNTER|vco0ph[0]                                                                                                                                                 ;
;   15.442 ;   1.468  ; RR ; CELL ; 1      ; PLLOUTPUTCOUNTER_X89_Y6_N1 ; emu|pll|pll_inst|altera_pll_i|general[2].gpll~PLL_OUTPUT_COUNTER|divclk                                                                                                                                                    ;
;   16.350 ;   0.908  ; RR ; IC   ; 1      ; CLKCTRL_G6                 ; emu|pll|pll_inst|altera_pll_i|outclk_wire[2]~CLKENA0|inclk                                                                                                                                                                 ;
;   16.629 ;   0.279  ; RR ; CELL ; 36211  ; CLKCTRL_G6                 ; emu|pll|pll_inst|altera_pll_i|outclk_wire[2]~CLKENA0|outclk                                                                                                                                                                ;
;   18.470 ;   1.841  ; RR ; IC   ; 1      ; FF_X17_Y30_N53             ; emu|mpeg2_h262_two_picture_probe|p_controller|residual_probe|transform|iq_intra_weight[2]|clk                                                                                                                              ;
;   18.986 ;   0.516  ; RR ; CELL ; 1      ; FF_X17_Y30_N53             ; emu:emu|mpeg2_h262_two_picture_probe:mpeg2_h262_two_picture_probe|mpeg2_h262_p_diagnostic_controller:p_controller|mpeg2_h262_p_residual_probe:residual_probe|mpeg2_h262_p_non_intra_transform:transform|iq_intra_weight[2] ;
;   21.139 ;   2.153  ;    ;      ;        ;                            ; clock pessimism removed                                                                                                                                                                                                    ;
; 21.019   ; -0.120   ;    ;      ;        ;                            ; clock uncertainty                                                                                                                                                                                                          ;
; 21.019   ; 0.000    ;    ; uTsu ; 1      ; FF_X17_Y30_N53             ; emu:emu|mpeg2_h262_two_picture_probe:mpeg2_h262_two_picture_probe|mpeg2_h262_p_diagnostic_controller:p_controller|mpeg2_h262_p_residual_probe:residual_probe|mpeg2_h262_p_non_intra_transform:transform|iq_intra_weight[2] ;
+----------+----------+----+------+--------+----------------------------+----------------------------------------------------------------------------------------------------------------------------------------------------------------------------------------------------------------------------+

----------------------------
; Extra Fitter Information ;
----------------------------
HTML report is unavailable in plain text report export.


Path #2: Setup slack is 3.872 
===============================================================================
+-------------------------------------------------------------------------------------------------------------------------------------------------------------------------------------------------------------------------------------------------+
; Path Summary                                                                                                                                                                                                                                    ;
+--------------------+----------------------------------------------------------------------------------------------------------------------------------------------------------------------------------------------------------------------------+
; Property           ; Value                                                                                                                                                                                                                      ;
+--------------------+----------------------------------------------------------------------------------------------------------------------------------------------------------------------------------------------------------------------------+
; From Node          ; emu:emu|mpeg2_h262_two_picture_probe:mpeg2_h262_two_picture_probe|mpeg2_h262_p_diagnostic_controller:p_controller|mpeg2_h262_p_residual_probe:residual_probe|mpeg2_h262_p_non_intra_transform:transform|iq_index[0]        ;
; To Node            ; emu:emu|mpeg2_h262_two_picture_probe:mpeg2_h262_two_picture_probe|mpeg2_h262_p_diagnostic_controller:p_controller|mpeg2_h262_p_residual_probe:residual_probe|mpeg2_h262_p_non_intra_transform:transform|iq_intra_weight[2] ;
; Launch Clock       ; emu|pll|pll_inst|altera_pll_i|general[2].gpll~PLL_OUTPUT_COUNTER|divclk                                                                                                                                                    ;
; Latch Clock        ; emu|pll|pll_inst|altera_pll_i|general[2].gpll~PLL_OUTPUT_COUNTER|divclk                                                                                                                                                    ;
; Data Arrival Time  ; 17.147                                                                                                                                                                                                                     ;
; Data Required Time ; 21.019                                                                                                                                                                                                                     ;
; Slack              ; 3.872                                                                                                                                                                                                                      ;
+--------------------+----------------------------------------------------------------------------------------------------------------------------------------------------------------------------------------------------------------------------+

+--------------------------------------------------------------------------------------+
; Statistics                                                                           ;
+------------------------+--------+-------+-------------+------------+--------+--------+
; Property               ; Value  ; Count ; Total Delay ; % of Total ; Min    ; Max    ;
+------------------------+--------+-------+-------------+------------+--------+--------+
; Setup Relationship     ; 16.666 ;       ;             ;            ;        ;        ;
; Clock Skew             ; -0.147 ;       ;             ;            ;        ;        ;
; Data Delay             ; 12.527 ;       ;             ;            ;        ;        ;
; Number of Logic Levels ;        ; 7     ;             ;            ;        ;        ;
; Physical Delays        ;        ;       ;             ;            ;        ;        ;
;  Arrival Path          ;        ;       ;             ;            ;        ;        ;
;   Clock                ;        ;       ;             ;            ;        ;        ;
;    IC                  ;        ; 6     ; 4.673       ; 56         ; 0.000  ; 2.299  ;
;    Cell                ;        ; 5     ; 3.715       ; 44         ; 0.304  ; 1.746  ;
;    PLL Compensation    ;        ; 1     ; -3.768      ; 0          ; -3.768 ; -3.768 ;
;   Data                 ;        ;       ;             ;            ;        ;        ;
;    IC                  ;        ; 8     ; 8.543       ; 68         ; 0.268  ; 1.768  ;
;    Cell                ;        ; 9     ; 3.984       ; 32         ; 0.000  ; 0.580  ;
;    uTco                ;        ; 1     ; 0.000       ; 0          ; 0.000  ; 0.000  ;
;  Required Path         ;        ;       ;             ;            ;        ;        ;
;   Clock                ;        ;       ;             ;            ;        ;        ;
;    IC                  ;        ; 6     ; 3.920       ; 54         ; 0.000  ; 1.841  ;
;    Cell                ;        ; 5     ; 3.332       ; 46         ; 0.279  ; 1.468  ;
;    PLL Compensation    ;        ; 1     ; -4.932      ; 0          ; -4.932 ; -4.932 ;
+------------------------+--------+-------+-------------+------------+--------+--------+
Note: Negative delays are omitted from totals when calculating percentages

+----------------------------------------------------------------------------------------------------------------------------------------------------------------------------------------------------------------------------------------------------------------------------------------------------+
; Data Arrival Path                                                                                                                                                                                                                                                                                  ;
+----------+----------+----+------+--------+----------------------------+----------------------------------------------------------------------------------------------------------------------------------------------------------------------------------------------------------------------------+
; Total    ; Incr     ; RF ; Type ; Fanout ; Location                   ; Element                                                                                                                                                                                                                    ;
+----------+----------+----+------+--------+----------------------------+----------------------------------------------------------------------------------------------------------------------------------------------------------------------------------------------------------------------------+
; 0.000    ; 0.000    ;    ;      ;        ;                            ; launch edge time                                                                                                                                                                                                           ;
; 4.620    ; 4.620    ;    ;      ;        ;                            ; clock path                                                                                                                                                                                                                 ;
;   0.000  ;   0.000  ;    ;      ;        ;                            ; source latency                                                                                                                                                                                                             ;
;   0.000  ;   0.000  ;    ;      ; 1      ; PIN_Y13                    ; FPGA_CLK2_50                                                                                                                                                                                                               ;
;   0.000  ;   0.000  ; RR ; IC   ; 1      ; IOIBUF_X56_Y0_N1           ; FPGA_CLK2_50~input|i                                                                                                                                                                                                       ;
;   0.761  ;   0.761  ; RR ; CELL ; 2      ; IOIBUF_X56_Y0_N1           ; FPGA_CLK2_50~input|o                                                                                                                                                                                                       ;
;   2.096  ;   1.335  ; RR ; IC   ; 1      ; PLLREFCLKSELECT_X89_Y7_N0  ; emu|pll|pll_inst|altera_pll_i|general[0].gpll~PLL_REFCLK_SELECT|clkin[0]                                                                                                                                                   ;
;   2.429  ;   0.333  ; RR ; CELL ; 1      ; PLLREFCLKSELECT_X89_Y7_N0  ; emu|pll|pll_inst|altera_pll_i|general[0].gpll~PLL_REFCLK_SELECT|clkout                                                                                                                                                     ;
;   2.429  ;   0.000  ; RR ; IC   ; 10     ; FRACTIONALPLL_X89_Y1_N0    ; emu|pll|pll_inst|altera_pll_i|general[0].gpll~FRACTIONAL_PLL|refclkin                                                                                                                                                      ;
;   -1.339 ;   -3.768 ; RR ; COMP ; 3      ; FRACTIONALPLL_X89_Y1_N0    ; emu|pll|pll_inst|altera_pll_i|general[0].gpll~FRACTIONAL_PLL|vcoph[0]                                                                                                                                                      ;
;   -1.339 ;   0.000  ; RR ; IC   ; 1      ; PLLOUTPUTCOUNTER_X89_Y6_N1 ; emu|pll|pll_inst|altera_pll_i|general[2].gpll~PLL_OUTPUT_COUNTER|vco0ph[0]                                                                                                                                                 ;
;   0.407  ;   1.746  ; RR ; CELL ; 1      ; PLLOUTPUTCOUNTER_X89_Y6_N1 ; emu|pll|pll_inst|altera_pll_i|general[2].gpll~PLL_OUTPUT_COUNTER|divclk                                                                                                                                                    ;
;   1.446  ;   1.039  ; RR ; IC   ; 1      ; CLKCTRL_G6                 ; emu|pll|pll_inst|altera_pll_i|outclk_wire[2]~CLKENA0|inclk                                                                                                                                                                 ;
;   1.750  ;   0.304  ; RR ; CELL ; 36211  ; CLKCTRL_G6                 ; emu|pll|pll_inst|altera_pll_i|outclk_wire[2]~CLKENA0|outclk                                                                                                                                                                ;
;   4.049  ;   2.299  ; RR ; IC   ; 1      ; FF_X12_Y29_N53             ; emu|mpeg2_h262_two_picture_probe|p_controller|residual_probe|transform|iq_index[0]|clk                                                                                                                                     ;
;   4.620  ;   0.571  ; RR ; CELL ; 1      ; FF_X12_Y29_N53             ; emu:emu|mpeg2_h262_two_picture_probe:mpeg2_h262_two_picture_probe|mpeg2_h262_p_diagnostic_controller:p_controller|mpeg2_h262_p_residual_probe:residual_probe|mpeg2_h262_p_non_intra_transform:transform|iq_index[0]        ;
; 17.147   ; 12.527   ;    ;      ;        ;                            ; data path                                                                                                                                                                                                                  ;
;   4.620  ;   0.000  ;    ; uTco ; 1      ; FF_X12_Y29_N53             ; emu:emu|mpeg2_h262_two_picture_probe:mpeg2_h262_two_picture_probe|mpeg2_h262_p_diagnostic_controller:p_controller|mpeg2_h262_p_residual_probe:residual_probe|mpeg2_h262_p_non_intra_transform:transform|iq_index[0]        ;
;   4.620  ;   0.000  ; FF ; CELL ; 35     ; FF_X12_Y29_N53             ; emu|mpeg2_h262_two_picture_probe|p_controller|residual_probe|transform|iq_index[0]|q                                                                                                                                       ;
;   4.971  ;   0.351  ; FF ; IC   ; 1      ; LABCELL_X12_Y29_N12        ; emu|mpeg2_h262_two_picture_probe|p_controller|residual_probe|transform|iq_weight_read_index~0|datac                                                                                                                        ;
;   5.452  ;   0.481  ; FF ; CELL ; 4      ; LABCELL_X12_Y29_N12        ; emu|mpeg2_h262_two_picture_probe|p_controller|residual_probe|transform|iq_weight_read_index~0|combout                                                                                                                      ;
;   6.267  ;   0.815  ; FF ; IC   ; 1      ; LABCELL_X12_Y27_N3         ; emu|mpeg2_h262_two_picture_probe|p_controller|residual_probe|transform|iq_weight_read_index~1|datad                                                                                                                        ;
;   6.702  ;   0.435  ; FR ; CELL ; 6      ; LABCELL_X12_Y27_N3         ; emu|mpeg2_h262_two_picture_probe|p_controller|residual_probe|transform|iq_weight_read_index~1|combout                                                                                                                      ;
;   6.970  ;   0.268  ; RR ; IC   ; 1      ; LABCELL_X12_Y27_N54        ; emu|mpeg2_h262_two_picture_probe|p_controller|residual_probe|transform|iq_weight_read_index[3]~5|dataa                                                                                                                     ;
;   7.529  ;   0.559  ; RF ; CELL ; 118    ; LABCELL_X12_Y27_N54        ; emu|mpeg2_h262_two_picture_probe|p_controller|residual_probe|transform|iq_weight_read_index[3]~5|combout                                                                                                                   ;
;   8.980  ;   1.451  ; FF ; IC   ; 1      ; LABCELL_X12_Y21_N54        ; emu|mpeg2_h262_two_picture_probe|p_controller|residual_probe|transform|matrices|intra_mem~572|datac                                                                                                                        ;
;   9.488  ;   0.508  ; FF ; CELL ; 1      ; LABCELL_X12_Y21_N54        ; emu|mpeg2_h262_two_picture_probe|p_controller|residual_probe|transform|matrices|intra_mem~572|combout                                                                                                                      ;
;   10.571 ;   1.083  ; FF ; IC   ; 1      ; LABCELL_X16_Y19_N33        ; emu|mpeg2_h262_two_picture_probe|p_controller|residual_probe|transform|matrices|intra_mem~573|datab                                                                                                                        ;
;   11.129 ;   0.558  ; FF ; CELL ; 1      ; LABCELL_X16_Y19_N33        ; emu|mpeg2_h262_two_picture_probe|p_controller|residual_probe|transform|matrices|intra_mem~573|combout                                                                                                                      ;
;   12.433 ;   1.304  ; FF ; IC   ; 1      ; LABCELL_X11_Y22_N51        ; emu|mpeg2_h262_two_picture_probe|p_controller|residual_probe|transform|matrices|intra_mem~574|datad                                                                                                                        ;
;   12.939 ;   0.506  ; FF ; CELL ; 1      ; LABCELL_X11_Y22_N51        ; emu|mpeg2_h262_two_picture_probe|p_controller|residual_probe|transform|matrices|intra_mem~574|combout                                                                                                                      ;
;   14.442 ;   1.503  ; FF ; IC   ; 1      ; MLABCELL_X15_Y27_N57       ; emu|mpeg2_h262_two_picture_probe|p_controller|residual_probe|transform|iq_intra_weight~2|datae                                                                                                                             ;
;   14.799 ;   0.357  ; FF ; CELL ; 1      ; MLABCELL_X15_Y27_N57       ; emu|mpeg2_h262_two_picture_probe|p_controller|residual_probe|transform|iq_intra_weight~2|combout                                                                                                                           ;
;   16.567 ;   1.768  ; FF ; IC   ; 1      ; FF_X17_Y30_N53             ; emu|mpeg2_h262_two_picture_probe|p_controller|residual_probe|transform|iq_intra_weight[2]|asdata                                                                                                                           ;
;   17.147 ;   0.580  ; FF ; CELL ; 1      ; FF_X17_Y30_N53             ; emu:emu|mpeg2_h262_two_picture_probe:mpeg2_h262_two_picture_probe|mpeg2_h262_p_diagnostic_controller:p_controller|mpeg2_h262_p_residual_probe:residual_probe|mpeg2_h262_p_non_intra_transform:transform|iq_intra_weight[2] ;
+----------+----------+----+------+--------+----------------------------+----------------------------------------------------------------------------------------------------------------------------------------------------------------------------------------------------------------------------+

+----------------------------------------------------------------------------------------------------------------------------------------------------------------------------------------------------------------------------------------------------------------------------------------------------+
; Data Required Path                                                                                                                                                                                                                                                                                 ;
+----------+----------+----+------+--------+----------------------------+----------------------------------------------------------------------------------------------------------------------------------------------------------------------------------------------------------------------------+
; Total    ; Incr     ; RF ; Type ; Fanout ; Location                   ; Element                                                                                                                                                                                                                    ;
+----------+----------+----+------+--------+----------------------------+----------------------------------------------------------------------------------------------------------------------------------------------------------------------------------------------------------------------------+
; 16.666   ; 16.666   ;    ;      ;        ;                            ; latch edge time                                                                                                                                                                                                            ;
; 21.139   ; 4.473    ;    ;      ;        ;                            ; clock path                                                                                                                                                                                                                 ;
;   16.666 ;   0.000  ;    ;      ;        ;                            ; source latency                                                                                                                                                                                                             ;
;   16.666 ;   0.000  ;    ;      ; 1      ; PIN_Y13                    ; FPGA_CLK2_50                                                                                                                                                                                                               ;
;   16.666 ;   0.000  ; RR ; IC   ; 1      ; IOIBUF_X56_Y0_N1           ; FPGA_CLK2_50~input|i                                                                                                                                                                                                       ;
;   17.427 ;   0.761  ; RR ; CELL ; 2      ; IOIBUF_X56_Y0_N1           ; FPGA_CLK2_50~input|o                                                                                                                                                                                                       ;
;   18.598 ;   1.171  ; RR ; IC   ; 1      ; PLLREFCLKSELECT_X89_Y7_N0  ; emu|pll|pll_inst|altera_pll_i|general[0].gpll~PLL_REFCLK_SELECT|clkin[0]                                                                                                                                                   ;
;   18.906 ;   0.308  ; RR ; CELL ; 1      ; PLLREFCLKSELECT_X89_Y7_N0  ; emu|pll|pll_inst|altera_pll_i|general[0].gpll~PLL_REFCLK_SELECT|clkout                                                                                                                                                     ;
;   18.906 ;   0.000  ; RR ; IC   ; 10     ; FRACTIONALPLL_X89_Y1_N0    ; emu|pll|pll_inst|altera_pll_i|general[0].gpll~FRACTIONAL_PLL|refclkin                                                                                                                                                      ;
;   13.974 ;   -4.932 ; RR ; COMP ; 3      ; FRACTIONALPLL_X89_Y1_N0    ; emu|pll|pll_inst|altera_pll_i|general[0].gpll~FRACTIONAL_PLL|vcoph[0]                                                                                                                                                      ;
;   13.974 ;   0.000  ; RR ; IC   ; 1      ; PLLOUTPUTCOUNTER_X89_Y6_N1 ; emu|pll|pll_inst|altera_pll_i|general[2].gpll~PLL_OUTPUT_COUNTER|vco0ph[0]                                                                                                                                                 ;
;   15.442 ;   1.468  ; RR ; CELL ; 1      ; PLLOUTPUTCOUNTER_X89_Y6_N1 ; emu|pll|pll_inst|altera_pll_i|general[2].gpll~PLL_OUTPUT_COUNTER|divclk                                                                                                                                                    ;
;   16.350 ;   0.908  ; RR ; IC   ; 1      ; CLKCTRL_G6                 ; emu|pll|pll_inst|altera_pll_i|outclk_wire[2]~CLKENA0|inclk                                                                                                                                                                 ;
;   16.629 ;   0.279  ; RR ; CELL ; 36211  ; CLKCTRL_G6                 ; emu|pll|pll_inst|altera_pll_i|outclk_wire[2]~CLKENA0|outclk                                                                                                                                                                ;
;   18.470 ;   1.841  ; RR ; IC   ; 1      ; FF_X17_Y30_N53             ; emu|mpeg2_h262_two_picture_probe|p_controller|residual_probe|transform|iq_intra_weight[2]|clk                                                                                                                              ;
;   18.986 ;   0.516  ; RR ; CELL ; 1      ; FF_X17_Y30_N53             ; emu:emu|mpeg2_h262_two_picture_probe:mpeg2_h262_two_picture_probe|mpeg2_h262_p_diagnostic_controller:p_controller|mpeg2_h262_p_residual_probe:residual_probe|mpeg2_h262_p_non_intra_transform:transform|iq_intra_weight[2] ;
;   21.139 ;   2.153  ;    ;      ;        ;                            ; clock pessimism removed                                                                                                                                                                                                    ;
; 21.019   ; -0.120   ;    ;      ;        ;                            ; clock uncertainty                                                                                                                                                                                                          ;
; 21.019   ; 0.000    ;    ; uTsu ; 1      ; FF_X17_Y30_N53             ; emu:emu|mpeg2_h262_two_picture_probe:mpeg2_h262_two_picture_probe|mpeg2_h262_p_diagnostic_controller:p_controller|mpeg2_h262_p_residual_probe:residual_probe|mpeg2_h262_p_non_intra_transform:transform|iq_intra_weight[2] ;
+----------+----------+----+------+--------+----------------------------+----------------------------------------------------------------------------------------------------------------------------------------------------------------------------------------------------------------------------+

----------------------------
; Extra Fitter Information ;
----------------------------
HTML report is unavailable in plain text report export.


