----------------
; Command Info ;
----------------
Report Timing: Found 2 setup paths (0 violated).  Worst case slack is 2.679 

Tcl Command:
    report_timing -setup -file /home/vash/mister-builds/entry679/results/transform_iq_intra_weight_output.rpt -from [get_registers {*|mpeg2_h262_p_non_intra_transform:transform|iq_intra_weight*}] -npaths 2 -detail full_path

Options:
    -from [get_registers {*|mpeg2_h262_p_non_intra_transform:transform|iq_intra_weight*}] 
    -setup 
    -npaths 2 
    -detail full_path 
    -file {/home/vash/mister-builds/entry679/results/transform_iq_intra_weight_output.rpt} 

Delay Model:
    Slow 1100mV 100C Model

+------------------------------------------------------------------------------------------------------------------------------------------------------------------------------------------------------------------------------------------------------------------------------------------------------------------------------------------------------------------------------------------------------------------------------------------------------------------------------------------------------------------------------------------------------------------------------------------------------------------------------------------------------------------------------------------------+
; Summary of Paths                                                                                                                                                                                                                                                                                                                                                                                                                                                                                                                                                                                                                                                                               ;
+-------+----------------------------------------------------------------------------------------------------------------------------------------------------------------------------------------------------------------------------+--------------------------------------------------------------------------------------------------------------------------------------------------------------------------------------------------------------------------------------------------------------+-------------------------------------------------------------------------+-------------------------------------------------------------------------+--------------+------------+------------+
; Slack ; From Node                                                                                                                                                                                                                  ; To Node                                                                                                                                                                                                                                                      ; Launch Clock                                                            ; Latch Clock                                                             ; Relationship ; Clock Skew ; Data Delay ;
+-------+----------------------------------------------------------------------------------------------------------------------------------------------------------------------------------------------------------------------------+--------------------------------------------------------------------------------------------------------------------------------------------------------------------------------------------------------------------------------------------------------------+-------------------------------------------------------------------------+-------------------------------------------------------------------------+--------------+------------+------------+
; 2.679 ; emu:emu|mpeg2_h262_two_picture_probe:mpeg2_h262_two_picture_probe|mpeg2_h262_p_diagnostic_controller:p_controller|mpeg2_h262_p_residual_probe:residual_probe|mpeg2_h262_p_non_intra_transform:transform|iq_intra_weight[3] ; emu:emu|mpeg2_h262_two_picture_probe:mpeg2_h262_two_picture_probe|mpeg2_h262_p_diagnostic_controller:p_controller|mpeg2_h262_p_residual_probe:residual_probe|mpeg2_h262_p_non_intra_transform:transform|y0_f00_proven_OTERM97_OTERM9299_OTERM11813           ; emu|pll|pll_inst|altera_pll_i|general[2].gpll~PLL_OUTPUT_COUNTER|divclk ; emu|pll|pll_inst|altera_pll_i|general[2].gpll~PLL_OUTPUT_COUNTER|divclk ; 16.666       ; -0.495     ; 13.372     ;
; 2.711 ; emu:emu|mpeg2_h262_two_picture_probe:mpeg2_h262_two_picture_probe|mpeg2_h262_p_diagnostic_controller:p_controller|mpeg2_h262_p_residual_probe:residual_probe|mpeg2_h262_p_non_intra_transform:transform|iq_intra_weight[3] ; emu:emu|mpeg2_h262_two_picture_probe:mpeg2_h262_two_picture_probe|mpeg2_h262_p_diagnostic_controller:p_controller|mpeg2_h262_p_residual_probe:residual_probe|mpeg2_h262_p_non_intra_transform:transform|iq_saturated[8]~1_Duplicate_41_OTERM11550_OTERM14645 ; emu|pll|pll_inst|altera_pll_i|general[2].gpll~PLL_OUTPUT_COUNTER|divclk ; emu|pll|pll_inst|altera_pll_i|general[2].gpll~PLL_OUTPUT_COUNTER|divclk ; 16.666       ; -0.490     ; 13.345     ;
+-------+----------------------------------------------------------------------------------------------------------------------------------------------------------------------------------------------------------------------------+--------------------------------------------------------------------------------------------------------------------------------------------------------------------------------------------------------------------------------------------------------------+-------------------------------------------------------------------------+-------------------------------------------------------------------------+--------------+------------+------------+

Path #1: Setup slack is 2.679 
===============================================================================
+-------------------------------------------------------------------------------------------------------------------------------------------------------------------------------------------------------------------------------------------------------------------------+
; Path Summary                                                                                                                                                                                                                                                            ;
+--------------------+----------------------------------------------------------------------------------------------------------------------------------------------------------------------------------------------------------------------------------------------------+
; Property           ; Value                                                                                                                                                                                                                                              ;
+--------------------+----------------------------------------------------------------------------------------------------------------------------------------------------------------------------------------------------------------------------------------------------+
; From Node          ; emu:emu|mpeg2_h262_two_picture_probe:mpeg2_h262_two_picture_probe|mpeg2_h262_p_diagnostic_controller:p_controller|mpeg2_h262_p_residual_probe:residual_probe|mpeg2_h262_p_non_intra_transform:transform|iq_intra_weight[3]                         ;
; To Node            ; emu:emu|mpeg2_h262_two_picture_probe:mpeg2_h262_two_picture_probe|mpeg2_h262_p_diagnostic_controller:p_controller|mpeg2_h262_p_residual_probe:residual_probe|mpeg2_h262_p_non_intra_transform:transform|y0_f00_proven_OTERM97_OTERM9299_OTERM11813 ;
; Launch Clock       ; emu|pll|pll_inst|altera_pll_i|general[2].gpll~PLL_OUTPUT_COUNTER|divclk                                                                                                                                                                            ;
; Latch Clock        ; emu|pll|pll_inst|altera_pll_i|general[2].gpll~PLL_OUTPUT_COUNTER|divclk                                                                                                                                                                            ;
; Data Arrival Time  ; 17.820                                                                                                                                                                                                                                             ;
; Data Required Time ; 20.499                                                                                                                                                                                                                                             ;
; Slack              ; 2.679                                                                                                                                                                                                                                              ;
+--------------------+----------------------------------------------------------------------------------------------------------------------------------------------------------------------------------------------------------------------------------------------------+

+--------------------------------------------------------------------------------------+
; Statistics                                                                           ;
+------------------------+--------+-------+-------------+------------+--------+--------+
; Property               ; Value  ; Count ; Total Delay ; % of Total ; Min    ; Max    ;
+------------------------+--------+-------+-------------+------------+--------+--------+
; Setup Relationship     ; 16.666 ;       ;             ;            ;        ;        ;
; Clock Skew             ; -0.495 ;       ;             ;            ;        ;        ;
; Data Delay             ; 13.372 ;       ;             ;            ;        ;        ;
; Number of Logic Levels ;        ; 9     ;             ;            ;        ;        ;
; Physical Delays        ;        ;       ;             ;            ;        ;        ;
;  Arrival Path          ;        ;       ;             ;            ;        ;        ;
;   Clock                ;        ;       ;             ;            ;        ;        ;
;    IC                  ;        ; 6     ; 4.686       ; 57         ; 0.000  ; 2.332  ;
;    Cell                ;        ; 5     ; 3.522       ; 43         ; 0.322  ; 1.535  ;
;    PLL Compensation    ;        ; 1     ; -3.760      ; 0          ; -3.760 ; -3.760 ;
;   Data                 ;        ;       ;             ;            ;        ;        ;
;    IC                  ;        ; 34    ; 5.726       ; 43         ; 0.000  ; 1.332  ;
;    Cell                ;        ; 35    ; 7.646       ; 57         ; 0.000  ; 3.882  ;
;    uTco                ;        ; 1     ; 0.000       ; 0          ; 0.000  ; 0.000  ;
;  Required Path         ;        ;       ;             ;            ;        ;        ;
;   Clock                ;        ;       ;             ;            ;        ;        ;
;    IC                  ;        ; 6     ; 4.011       ; 56         ; 0.000  ; 1.894  ;
;    Cell                ;        ; 5     ; 3.147       ; 44         ; 0.296  ; 1.268  ;
;    PLL Compensation    ;        ; 1     ; -4.918      ; 0          ; -4.918 ; -4.918 ;
+------------------------+--------+-------+-------------+------------+--------+--------+
Note: Negative delays are omitted from totals when calculating percentages

+----------------------------------------------------------------------------------------------------------------------------------------------------------------------------------------------------------------------------------------------------------------------------------------------------------------------------+
; Data Arrival Path                                                                                                                                                                                                                                                                                                          ;
+----------+----------+----+------+--------+----------------------------+----------------------------------------------------------------------------------------------------------------------------------------------------------------------------------------------------------------------------------------------------+
; Total    ; Incr     ; RF ; Type ; Fanout ; Location                   ; Element                                                                                                                                                                                                                                            ;
+----------+----------+----+------+--------+----------------------------+----------------------------------------------------------------------------------------------------------------------------------------------------------------------------------------------------------------------------------------------------+
; 0.000    ; 0.000    ;    ;      ;        ;                            ; launch edge time                                                                                                                                                                                                                                   ;
; 4.448    ; 4.448    ;    ;      ;        ;                            ; clock path                                                                                                                                                                                                                                         ;
;   0.000  ;   0.000  ;    ;      ;        ;                            ; source latency                                                                                                                                                                                                                                     ;
;   0.000  ;   0.000  ;    ;      ; 1      ; PIN_Y13                    ; FPGA_CLK2_50                                                                                                                                                                                                                                       ;
;   0.000  ;   0.000  ; RR ; IC   ; 1      ; IOIBUF_X56_Y0_N1           ; FPGA_CLK2_50~input|i                                                                                                                                                                                                                               ;
;   0.761  ;   0.761  ; RR ; CELL ; 2      ; IOIBUF_X56_Y0_N1           ; FPGA_CLK2_50~input|o                                                                                                                                                                                                                               ;
;   2.096  ;   1.335  ; RR ; IC   ; 1      ; PLLREFCLKSELECT_X89_Y7_N0  ; emu|pll|pll_inst|altera_pll_i|general[0].gpll~PLL_REFCLK_SELECT|clkin[0]                                                                                                                                                                           ;
;   2.429  ;   0.333  ; RR ; CELL ; 1      ; PLLREFCLKSELECT_X89_Y7_N0  ; emu|pll|pll_inst|altera_pll_i|general[0].gpll~PLL_REFCLK_SELECT|clkout                                                                                                                                                                             ;
;   2.429  ;   0.000  ; RR ; IC   ; 10     ; FRACTIONALPLL_X89_Y1_N0    ; emu|pll|pll_inst|altera_pll_i|general[0].gpll~FRACTIONAL_PLL|refclkin                                                                                                                                                                              ;
;   -1.331 ;   -3.760 ; RR ; COMP ; 3      ; FRACTIONALPLL_X89_Y1_N0    ; emu|pll|pll_inst|altera_pll_i|general[0].gpll~FRACTIONAL_PLL|vcoph[0]                                                                                                                                                                              ;
;   -1.331 ;   0.000  ; RR ; IC   ; 1      ; PLLOUTPUTCOUNTER_X89_Y2_N1 ; emu|pll|pll_inst|altera_pll_i|general[2].gpll~PLL_OUTPUT_COUNTER|vco0ph[0]                                                                                                                                                                         ;
;   0.204  ;   1.535  ; RR ; CELL ; 1      ; PLLOUTPUTCOUNTER_X89_Y2_N1 ; emu|pll|pll_inst|altera_pll_i|general[2].gpll~PLL_OUTPUT_COUNTER|divclk                                                                                                                                                                            ;
;   1.223  ;   1.019  ; RR ; IC   ; 1      ; CLKCTRL_G11                ; emu|pll|pll_inst|altera_pll_i|outclk_wire[2]~CLKENA0|inclk                                                                                                                                                                                         ;
;   1.545  ;   0.322  ; RR ; CELL ; 36232  ; CLKCTRL_G11                ; emu|pll|pll_inst|altera_pll_i|outclk_wire[2]~CLKENA0|outclk                                                                                                                                                                                        ;
;   3.877  ;   2.332  ; RR ; IC   ; 1      ; FF_X29_Y12_N41             ; emu|mpeg2_h262_two_picture_probe|p_controller|residual_probe|transform|iq_intra_weight[3]|clk                                                                                                                                                      ;
;   4.448  ;   0.571  ; RR ; CELL ; 1      ; FF_X29_Y12_N41             ; emu:emu|mpeg2_h262_two_picture_probe:mpeg2_h262_two_picture_probe|mpeg2_h262_p_diagnostic_controller:p_controller|mpeg2_h262_p_residual_probe:residual_probe|mpeg2_h262_p_non_intra_transform:transform|iq_intra_weight[3]                         ;
; 17.820   ; 13.372   ;    ;      ;        ;                            ; data path                                                                                                                                                                                                                                          ;
;   4.448  ;   0.000  ;    ; uTco ; 1      ; FF_X29_Y12_N41             ; emu:emu|mpeg2_h262_two_picture_probe:mpeg2_h262_two_picture_probe|mpeg2_h262_p_diagnostic_controller:p_controller|mpeg2_h262_p_residual_probe:residual_probe|mpeg2_h262_p_non_intra_transform:transform|iq_intra_weight[3]                         ;
;   4.448  ;   0.000  ; FF ; CELL ; 1      ; FF_X29_Y12_N41             ; emu|mpeg2_h262_two_picture_probe|p_controller|residual_probe|transform|iq_intra_weight[3]|q                                                                                                                                                        ;
;   5.780  ;   1.332  ; FF ; IC   ; 1      ; LABCELL_X19_Y10_N12        ; emu|mpeg2_h262_two_picture_probe|p_controller|residual_probe|transform|iq_multiplier_b[3]~4_RESYN17270|dataf                                                                                                                                       ;
;   5.861  ;   0.081  ; FF ; CELL ; 1      ; LABCELL_X19_Y10_N12        ; emu|mpeg2_h262_two_picture_probe|p_controller|residual_probe|transform|iq_multiplier_b[3]~4_RESYN17270|combout                                                                                                                                     ;
;   6.175  ;   0.314  ; FF ; IC   ; 1      ; LABCELL_X19_Y10_N0         ; emu|mpeg2_h262_two_picture_probe|p_controller|residual_probe|transform|iq_multiplier_b[3]~4|dataf                                                                                                                                                  ;
;   6.256  ;   0.081  ; FF ; CELL ; 1      ; LABCELL_X19_Y10_N0         ; emu|mpeg2_h262_two_picture_probe|p_controller|residual_probe|transform|iq_multiplier_b[3]~4|combout                                                                                                                                                ;
;   7.043  ;   0.787  ; FF ; IC   ; 32     ; DSP_X20_Y10_N0             ; emu|mpeg2_h262_two_picture_probe|p_controller|residual_probe|transform|Mult0~mac|ay[3]                                                                                                                                                             ;
;   10.925 ;   3.882  ; FF ; CELL ; 3      ; DSP_X20_Y10_N0             ; emu|mpeg2_h262_two_picture_probe|p_controller|residual_probe|transform|Mult0~mac|resulta[0]                                                                                                                                                        ;
;   11.780 ;   0.855  ; FF ; IC   ; 1      ; MLABCELL_X21_Y10_N51       ; emu|mpeg2_h262_two_picture_probe|p_controller|residual_probe|transform|WideOr0~0|datab                                                                                                                                                             ;
;   12.337 ;   0.557  ; FR ; CELL ; 1      ; MLABCELL_X21_Y10_N51       ; emu|mpeg2_h262_two_picture_probe|p_controller|residual_probe|transform|WideOr0~0|combout                                                                                                                                                           ;
;   12.675 ;   0.338  ; RR ; IC   ; 1      ; LABCELL_X22_Y10_N0         ; emu|mpeg2_h262_two_picture_probe|p_controller|residual_probe|transform|Add2~118|datac                                                                                                                                                              ;
;   13.497 ;   0.822  ; RF ; CELL ; 1      ; LABCELL_X22_Y10_N0         ; emu|mpeg2_h262_two_picture_probe|p_controller|residual_probe|transform|Add2~118|cout                                                                                                                                                               ;
;   13.497 ;   0.000  ; FF ; IC   ; 2      ; LABCELL_X22_Y10_N3         ; emu|mpeg2_h262_two_picture_probe|p_controller|residual_probe|transform|Add2~85|cin                                                                                                                                                                 ;
;   13.497 ;   0.000  ; FF ; CELL ; 1      ; LABCELL_X22_Y10_N3         ; emu|mpeg2_h262_two_picture_probe|p_controller|residual_probe|transform|Add2~85|cout                                                                                                                                                                ;
;   13.497 ;   0.000  ; FF ; IC   ; 2      ; LABCELL_X22_Y10_N6         ; emu|mpeg2_h262_two_picture_probe|p_controller|residual_probe|transform|Add2~97|cin                                                                                                                                                                 ;
;   13.542 ;   0.045  ; FF ; CELL ; 1      ; LABCELL_X22_Y10_N6         ; emu|mpeg2_h262_two_picture_probe|p_controller|residual_probe|transform|Add2~97|cout                                                                                                                                                                ;
;   13.542 ;   0.000  ; FF ; IC   ; 2      ; LABCELL_X22_Y10_N9         ; emu|mpeg2_h262_two_picture_probe|p_controller|residual_probe|transform|Add2~93|cin                                                                                                                                                                 ;
;   13.542 ;   0.000  ; FF ; CELL ; 1      ; LABCELL_X22_Y10_N9         ; emu|mpeg2_h262_two_picture_probe|p_controller|residual_probe|transform|Add2~93|cout                                                                                                                                                                ;
;   13.542 ;   0.000  ; FF ; IC   ; 2      ; LABCELL_X22_Y10_N12        ; emu|mpeg2_h262_two_picture_probe|p_controller|residual_probe|transform|Add2~89|cin                                                                                                                                                                 ;
;   13.587 ;   0.045  ; FF ; CELL ; 1      ; LABCELL_X22_Y10_N12        ; emu|mpeg2_h262_two_picture_probe|p_controller|residual_probe|transform|Add2~89|cout                                                                                                                                                                ;
;   13.587 ;   0.000  ; FF ; IC   ; 2      ; LABCELL_X22_Y10_N15        ; emu|mpeg2_h262_two_picture_probe|p_controller|residual_probe|transform|Add2~113|cin                                                                                                                                                                ;
;   13.587 ;   0.000  ; FF ; CELL ; 1      ; LABCELL_X22_Y10_N15        ; emu|mpeg2_h262_two_picture_probe|p_controller|residual_probe|transform|Add2~113|cout                                                                                                                                                               ;
;   13.587 ;   0.000  ; FF ; IC   ; 2      ; LABCELL_X22_Y10_N18        ; emu|mpeg2_h262_two_picture_probe|p_controller|residual_probe|transform|Add2~77|cin                                                                                                                                                                 ;
;   13.632 ;   0.045  ; FF ; CELL ; 1      ; LABCELL_X22_Y10_N18        ; emu|mpeg2_h262_two_picture_probe|p_controller|residual_probe|transform|Add2~77|cout                                                                                                                                                                ;
;   13.632 ;   0.000  ; FF ; IC   ; 2      ; LABCELL_X22_Y10_N21        ; emu|mpeg2_h262_two_picture_probe|p_controller|residual_probe|transform|Add2~109|cin                                                                                                                                                                ;
;   13.632 ;   0.000  ; FF ; CELL ; 1      ; LABCELL_X22_Y10_N21        ; emu|mpeg2_h262_two_picture_probe|p_controller|residual_probe|transform|Add2~109|cout                                                                                                                                                               ;
;   13.632 ;   0.000  ; FF ; IC   ; 2      ; LABCELL_X22_Y10_N24        ; emu|mpeg2_h262_two_picture_probe|p_controller|residual_probe|transform|Add2~105|cin                                                                                                                                                                ;
;   13.689 ;   0.057  ; FF ; CELL ; 1      ; LABCELL_X22_Y10_N24        ; emu|mpeg2_h262_two_picture_probe|p_controller|residual_probe|transform|Add2~105|cout                                                                                                                                                               ;
;   13.689 ;   0.000  ; FF ; IC   ; 2      ; LABCELL_X22_Y10_N27        ; emu|mpeg2_h262_two_picture_probe|p_controller|residual_probe|transform|Add2~1|cin                                                                                                                                                                  ;
;   13.689 ;   0.000  ; FF ; CELL ; 1      ; LABCELL_X22_Y10_N27        ; emu|mpeg2_h262_two_picture_probe|p_controller|residual_probe|transform|Add2~1|cout                                                                                                                                                                 ;
;   13.689 ;   0.000  ; FF ; IC   ; 2      ; LABCELL_X22_Y10_N30        ; emu|mpeg2_h262_two_picture_probe|p_controller|residual_probe|transform|Add2~101|cin                                                                                                                                                                ;
;   13.807 ;   0.118  ; FF ; CELL ; 1      ; LABCELL_X22_Y10_N30        ; emu|mpeg2_h262_two_picture_probe|p_controller|residual_probe|transform|Add2~101|cout                                                                                                                                                               ;
;   13.807 ;   0.000  ; FF ; IC   ; 2      ; LABCELL_X22_Y10_N33        ; emu|mpeg2_h262_two_picture_probe|p_controller|residual_probe|transform|Add2~81|cin                                                                                                                                                                 ;
;   13.807 ;   0.000  ; FF ; CELL ; 1      ; LABCELL_X22_Y10_N33        ; emu|mpeg2_h262_two_picture_probe|p_controller|residual_probe|transform|Add2~81|cout                                                                                                                                                                ;
;   13.807 ;   0.000  ; FF ; IC   ; 2      ; LABCELL_X22_Y10_N36        ; emu|mpeg2_h262_two_picture_probe|p_controller|residual_probe|transform|Add2~33|cin                                                                                                                                                                 ;
;   13.852 ;   0.045  ; FF ; CELL ; 1      ; LABCELL_X22_Y10_N36        ; emu|mpeg2_h262_two_picture_probe|p_controller|residual_probe|transform|Add2~33|cout                                                                                                                                                                ;
;   13.852 ;   0.000  ; FF ; IC   ; 2      ; LABCELL_X22_Y10_N39        ; emu|mpeg2_h262_two_picture_probe|p_controller|residual_probe|transform|Add2~37|cin                                                                                                                                                                 ;
;   13.852 ;   0.000  ; FF ; CELL ; 1      ; LABCELL_X22_Y10_N39        ; emu|mpeg2_h262_two_picture_probe|p_controller|residual_probe|transform|Add2~37|cout                                                                                                                                                                ;
;   13.852 ;   0.000  ; FF ; IC   ; 2      ; LABCELL_X22_Y10_N42        ; emu|mpeg2_h262_two_picture_probe|p_controller|residual_probe|transform|Add2~65|cin                                                                                                                                                                 ;
;   13.897 ;   0.045  ; FF ; CELL ; 1      ; LABCELL_X22_Y10_N42        ; emu|mpeg2_h262_two_picture_probe|p_controller|residual_probe|transform|Add2~65|cout                                                                                                                                                                ;
;   13.897 ;   0.000  ; FF ; IC   ; 2      ; LABCELL_X22_Y10_N45        ; emu|mpeg2_h262_two_picture_probe|p_controller|residual_probe|transform|Add2~69|cin                                                                                                                                                                 ;
;   13.897 ;   0.000  ; FF ; CELL ; 1      ; LABCELL_X22_Y10_N45        ; emu|mpeg2_h262_two_picture_probe|p_controller|residual_probe|transform|Add2~69|cout                                                                                                                                                                ;
;   13.897 ;   0.000  ; FF ; IC   ; 2      ; LABCELL_X22_Y10_N48        ; emu|mpeg2_h262_two_picture_probe|p_controller|residual_probe|transform|Add2~57|cin                                                                                                                                                                 ;
;   13.942 ;   0.045  ; FF ; CELL ; 1      ; LABCELL_X22_Y10_N48        ; emu|mpeg2_h262_two_picture_probe|p_controller|residual_probe|transform|Add2~57|cout                                                                                                                                                                ;
;   13.942 ;   0.000  ; FF ; IC   ; 2      ; LABCELL_X22_Y10_N51        ; emu|mpeg2_h262_two_picture_probe|p_controller|residual_probe|transform|Add2~61|cin                                                                                                                                                                 ;
;   13.942 ;   0.000  ; FF ; CELL ; 1      ; LABCELL_X22_Y10_N51        ; emu|mpeg2_h262_two_picture_probe|p_controller|residual_probe|transform|Add2~61|cout                                                                                                                                                                ;
;   13.942 ;   0.000  ; FF ; IC   ; 2      ; LABCELL_X22_Y10_N54        ; emu|mpeg2_h262_two_picture_probe|p_controller|residual_probe|transform|Add2~17|cin                                                                                                                                                                 ;
;   13.985 ;   0.043  ; FF ; CELL ; 1      ; LABCELL_X22_Y10_N54        ; emu|mpeg2_h262_two_picture_probe|p_controller|residual_probe|transform|Add2~17|cout                                                                                                                                                                ;
;   13.985 ;   0.000  ; FF ; IC   ; 2      ; LABCELL_X22_Y10_N57        ; emu|mpeg2_h262_two_picture_probe|p_controller|residual_probe|transform|Add2~13|cin                                                                                                                                                                 ;
;   13.985 ;   0.000  ; FF ; CELL ; 1      ; LABCELL_X22_Y10_N57        ; emu|mpeg2_h262_two_picture_probe|p_controller|residual_probe|transform|Add2~13|cout                                                                                                                                                                ;
;   13.985 ;   0.000  ; FF ; IC   ; 2      ; LABCELL_X22_Y9_N0          ; emu|mpeg2_h262_two_picture_probe|p_controller|residual_probe|transform|Add2~29|cin                                                                                                                                                                 ;
;   14.097 ;   0.112  ; FF ; CELL ; 1      ; LABCELL_X22_Y9_N0          ; emu|mpeg2_h262_two_picture_probe|p_controller|residual_probe|transform|Add2~29|cout                                                                                                                                                                ;
;   14.097 ;   0.000  ; FF ; IC   ; 2      ; LABCELL_X22_Y9_N3          ; emu|mpeg2_h262_two_picture_probe|p_controller|residual_probe|transform|Add2~41|cin                                                                                                                                                                 ;
;   14.097 ;   0.000  ; FF ; CELL ; 1      ; LABCELL_X22_Y9_N3          ; emu|mpeg2_h262_two_picture_probe|p_controller|residual_probe|transform|Add2~41|cout                                                                                                                                                                ;
;   14.097 ;   0.000  ; FF ; IC   ; 2      ; LABCELL_X22_Y9_N6          ; emu|mpeg2_h262_two_picture_probe|p_controller|residual_probe|transform|Add2~21|cin                                                                                                                                                                 ;
;   14.142 ;   0.045  ; FF ; CELL ; 1      ; LABCELL_X22_Y9_N6          ; emu|mpeg2_h262_two_picture_probe|p_controller|residual_probe|transform|Add2~21|cout                                                                                                                                                                ;
;   14.142 ;   0.000  ; FF ; IC   ; 2      ; LABCELL_X22_Y9_N9          ; emu|mpeg2_h262_two_picture_probe|p_controller|residual_probe|transform|Add2~9|cin                                                                                                                                                                  ;
;   14.142 ;   0.000  ; FF ; CELL ; 1      ; LABCELL_X22_Y9_N9          ; emu|mpeg2_h262_two_picture_probe|p_controller|residual_probe|transform|Add2~9|cout                                                                                                                                                                 ;
;   14.142 ;   0.000  ; FF ; IC   ; 2      ; LABCELL_X22_Y9_N12         ; emu|mpeg2_h262_two_picture_probe|p_controller|residual_probe|transform|Add2~73|cin                                                                                                                                                                 ;
;   14.513 ;   0.371  ; FR ; CELL ; 1      ; LABCELL_X22_Y9_N12         ; emu|mpeg2_h262_two_picture_probe|p_controller|residual_probe|transform|Add2~73|sumout                                                                                                                                                              ;
;   15.175 ;   0.662  ; RR ; IC   ; 1      ; LABCELL_X19_Y9_N36         ; emu|mpeg2_h262_two_picture_probe|p_controller|residual_probe|transform|iq_unclipped[23]~22|dataf                                                                                                                                                   ;
;   15.267 ;   0.092  ; RF ; CELL ; 4      ; LABCELL_X19_Y9_N36         ; emu|mpeg2_h262_two_picture_probe|p_controller|residual_probe|transform|iq_unclipped[23]~22|combout                                                                                                                                                 ;
;   15.999 ;   0.732  ; FF ; IC   ; 1      ; MLABCELL_X25_Y9_N33        ; emu|mpeg2_h262_two_picture_probe|p_controller|residual_probe|transform|LessThan2~2_Duplicate|datad                                                                                                                                                 ;
;   16.398 ;   0.399  ; FF ; CELL ; 5      ; MLABCELL_X25_Y9_N33        ; emu|mpeg2_h262_two_picture_probe|p_controller|residual_probe|transform|LessThan2~2_Duplicate|combout                                                                                                                                               ;
;   16.712 ;   0.314  ; FF ; IC   ; 1      ; MLABCELL_X25_Y9_N0         ; emu|mpeg2_h262_two_picture_probe|p_controller|residual_probe|transform|LessThan2~3_Duplicate_Duplicate_Duplicate|dataf                                                                                                                             ;
;   16.792 ;   0.080  ; FF ; CELL ; 2      ; MLABCELL_X25_Y9_N0         ; emu|mpeg2_h262_two_picture_probe|p_controller|residual_probe|transform|LessThan2~3_Duplicate_Duplicate_Duplicate|combout                                                                                                                           ;
;   17.184 ;   0.392  ; FF ; IC   ; 1      ; LABCELL_X24_Y9_N51         ; emu|mpeg2_h262_two_picture_probe|p_controller|residual_probe|transform|iq_saturated[8]~25_Duplicate_Duplicate|datad                                                                                                                                ;
;   17.560 ;   0.376  ; FF ; CELL ; 1      ; LABCELL_X24_Y9_N51         ; emu|mpeg2_h262_two_picture_probe|p_controller|residual_probe|transform|iq_saturated[8]~25_Duplicate_Duplicate|combout                                                                                                                              ;
;   17.560 ;   0.000  ; FF ; IC   ; 1      ; FF_X24_Y9_N52              ; emu|mpeg2_h262_two_picture_probe|p_controller|residual_probe|transform|y0_f00_proven_OTERM97_OTERM9299_NEW_REG11812|d                                                                                                                              ;
;   17.820 ;   0.260  ; FF ; CELL ; 1      ; FF_X24_Y9_N52              ; emu:emu|mpeg2_h262_two_picture_probe:mpeg2_h262_two_picture_probe|mpeg2_h262_p_diagnostic_controller:p_controller|mpeg2_h262_p_residual_probe:residual_probe|mpeg2_h262_p_non_intra_transform:transform|y0_f00_proven_OTERM97_OTERM9299_OTERM11813 ;
+----------+----------+----+------+--------+----------------------------+----------------------------------------------------------------------------------------------------------------------------------------------------------------------------------------------------------------------------------------------------+

+----------------------------------------------------------------------------------------------------------------------------------------------------------------------------------------------------------------------------------------------------------------------------------------------------------------------------+
; Data Required Path                                                                                                                                                                                                                                                                                                         ;
+----------+----------+----+------+--------+----------------------------+----------------------------------------------------------------------------------------------------------------------------------------------------------------------------------------------------------------------------------------------------+
; Total    ; Incr     ; RF ; Type ; Fanout ; Location                   ; Element                                                                                                                                                                                                                                            ;
+----------+----------+----+------+--------+----------------------------+----------------------------------------------------------------------------------------------------------------------------------------------------------------------------------------------------------------------------------------------------+
; 16.666   ; 16.666   ;    ;      ;        ;                            ; latch edge time                                                                                                                                                                                                                                    ;
; 20.619   ; 3.953    ;    ;      ;        ;                            ; clock path                                                                                                                                                                                                                                         ;
;   16.666 ;   0.000  ;    ;      ;        ;                            ; source latency                                                                                                                                                                                                                                     ;
;   16.666 ;   0.000  ;    ;      ; 1      ; PIN_Y13                    ; FPGA_CLK2_50                                                                                                                                                                                                                                       ;
;   16.666 ;   0.000  ; RR ; IC   ; 1      ; IOIBUF_X56_Y0_N1           ; FPGA_CLK2_50~input|i                                                                                                                                                                                                                               ;
;   17.427 ;   0.761  ; RR ; CELL ; 2      ; IOIBUF_X56_Y0_N1           ; FPGA_CLK2_50~input|o                                                                                                                                                                                                                               ;
;   18.598 ;   1.171  ; RR ; IC   ; 1      ; PLLREFCLKSELECT_X89_Y7_N0  ; emu|pll|pll_inst|altera_pll_i|general[0].gpll~PLL_REFCLK_SELECT|clkin[0]                                                                                                                                                                           ;
;   18.906 ;   0.308  ; RR ; CELL ; 1      ; PLLREFCLKSELECT_X89_Y7_N0  ; emu|pll|pll_inst|altera_pll_i|general[0].gpll~PLL_REFCLK_SELECT|clkout                                                                                                                                                                             ;
;   18.906 ;   0.000  ; RR ; IC   ; 10     ; FRACTIONALPLL_X89_Y1_N0    ; emu|pll|pll_inst|altera_pll_i|general[0].gpll~FRACTIONAL_PLL|refclkin                                                                                                                                                                              ;
;   13.988 ;   -4.918 ; RR ; COMP ; 3      ; FRACTIONALPLL_X89_Y1_N0    ; emu|pll|pll_inst|altera_pll_i|general[0].gpll~FRACTIONAL_PLL|vcoph[0]                                                                                                                                                                              ;
;   13.988 ;   0.000  ; RR ; IC   ; 1      ; PLLOUTPUTCOUNTER_X89_Y2_N1 ; emu|pll|pll_inst|altera_pll_i|general[2].gpll~PLL_OUTPUT_COUNTER|vco0ph[0]                                                                                                                                                                         ;
;   15.256 ;   1.268  ; RR ; CELL ; 1      ; PLLOUTPUTCOUNTER_X89_Y2_N1 ; emu|pll|pll_inst|altera_pll_i|general[2].gpll~PLL_OUTPUT_COUNTER|divclk                                                                                                                                                                            ;
;   16.202 ;   0.946  ; RR ; IC   ; 1      ; CLKCTRL_G11                ; emu|pll|pll_inst|altera_pll_i|outclk_wire[2]~CLKENA0|inclk                                                                                                                                                                                         ;
;   16.498 ;   0.296  ; RR ; CELL ; 36232  ; CLKCTRL_G11                ; emu|pll|pll_inst|altera_pll_i|outclk_wire[2]~CLKENA0|outclk                                                                                                                                                                                        ;
;   18.392 ;   1.894  ; RR ; IC   ; 1      ; FF_X24_Y9_N52              ; emu|mpeg2_h262_two_picture_probe|p_controller|residual_probe|transform|y0_f00_proven_OTERM97_OTERM9299_NEW_REG11812|clk                                                                                                                            ;
;   18.906 ;   0.514  ; RR ; CELL ; 1      ; FF_X24_Y9_N52              ; emu:emu|mpeg2_h262_two_picture_probe:mpeg2_h262_two_picture_probe|mpeg2_h262_p_diagnostic_controller:p_controller|mpeg2_h262_p_residual_probe:residual_probe|mpeg2_h262_p_non_intra_transform:transform|y0_f00_proven_OTERM97_OTERM9299_OTERM11813 ;
;   20.619 ;   1.713  ;    ;      ;        ;                            ; clock pessimism removed                                                                                                                                                                                                                            ;
; 20.499   ; -0.120   ;    ;      ;        ;                            ; clock uncertainty                                                                                                                                                                                                                                  ;
; 20.499   ; 0.000    ;    ; uTsu ; 1      ; FF_X24_Y9_N52              ; emu:emu|mpeg2_h262_two_picture_probe:mpeg2_h262_two_picture_probe|mpeg2_h262_p_diagnostic_controller:p_controller|mpeg2_h262_p_residual_probe:residual_probe|mpeg2_h262_p_non_intra_transform:transform|y0_f00_proven_OTERM97_OTERM9299_OTERM11813 ;
+----------+----------+----+------+--------+----------------------------+----------------------------------------------------------------------------------------------------------------------------------------------------------------------------------------------------------------------------------------------------+

----------------------------
; Extra Fitter Information ;
----------------------------
HTML report is unavailable in plain text report export.


Path #2: Setup slack is 2.711 
===============================================================================
+-----------------------------------------------------------------------------------------------------------------------------------------------------------------------------------------------------------------------------------------------------------------------------------+
; Path Summary                                                                                                                                                                                                                                                                      ;
+--------------------+--------------------------------------------------------------------------------------------------------------------------------------------------------------------------------------------------------------------------------------------------------------+
; Property           ; Value                                                                                                                                                                                                                                                        ;
+--------------------+--------------------------------------------------------------------------------------------------------------------------------------------------------------------------------------------------------------------------------------------------------------+
; From Node          ; emu:emu|mpeg2_h262_two_picture_probe:mpeg2_h262_two_picture_probe|mpeg2_h262_p_diagnostic_controller:p_controller|mpeg2_h262_p_residual_probe:residual_probe|mpeg2_h262_p_non_intra_transform:transform|iq_intra_weight[3]                                   ;
; To Node            ; emu:emu|mpeg2_h262_two_picture_probe:mpeg2_h262_two_picture_probe|mpeg2_h262_p_diagnostic_controller:p_controller|mpeg2_h262_p_residual_probe:residual_probe|mpeg2_h262_p_non_intra_transform:transform|iq_saturated[8]~1_Duplicate_41_OTERM11550_OTERM14645 ;
; Launch Clock       ; emu|pll|pll_inst|altera_pll_i|general[2].gpll~PLL_OUTPUT_COUNTER|divclk                                                                                                                                                                                      ;
; Latch Clock        ; emu|pll|pll_inst|altera_pll_i|general[2].gpll~PLL_OUTPUT_COUNTER|divclk                                                                                                                                                                                      ;
; Data Arrival Time  ; 17.793                                                                                                                                                                                                                                                       ;
; Data Required Time ; 20.504                                                                                                                                                                                                                                                       ;
; Slack              ; 2.711                                                                                                                                                                                                                                                        ;
+--------------------+--------------------------------------------------------------------------------------------------------------------------------------------------------------------------------------------------------------------------------------------------------------+

+--------------------------------------------------------------------------------------+
; Statistics                                                                           ;
+------------------------+--------+-------+-------------+------------+--------+--------+
; Property               ; Value  ; Count ; Total Delay ; % of Total ; Min    ; Max    ;
+------------------------+--------+-------+-------------+------------+--------+--------+
; Setup Relationship     ; 16.666 ;       ;             ;            ;        ;        ;
; Clock Skew             ; -0.490 ;       ;             ;            ;        ;        ;
; Data Delay             ; 13.345 ;       ;             ;            ;        ;        ;
; Number of Logic Levels ;        ; 9     ;             ;            ;        ;        ;
; Physical Delays        ;        ;       ;             ;            ;        ;        ;
;  Arrival Path          ;        ;       ;             ;            ;        ;        ;
;   Clock                ;        ;       ;             ;            ;        ;        ;
;    IC                  ;        ; 6     ; 4.686       ; 57         ; 0.000  ; 2.332  ;
;    Cell                ;        ; 5     ; 3.522       ; 43         ; 0.322  ; 1.535  ;
;    PLL Compensation    ;        ; 1     ; -3.760      ; 0          ; -3.760 ; -3.760 ;
;   Data                 ;        ;       ;             ;            ;        ;        ;
;    IC                  ;        ; 34    ; 5.727       ; 43         ; 0.000  ; 1.332  ;
;    Cell                ;        ; 35    ; 7.618       ; 57         ; 0.000  ; 3.882  ;
;    uTco                ;        ; 1     ; 0.000       ; 0          ; 0.000  ; 0.000  ;
;  Required Path         ;        ;       ;             ;            ;        ;        ;
;   Clock                ;        ;       ;             ;            ;        ;        ;
;    IC                  ;        ; 6     ; 4.011       ; 56         ; 0.000  ; 1.894  ;
;    Cell                ;        ; 5     ; 3.152       ; 44         ; 0.296  ; 1.268  ;
;    PLL Compensation    ;        ; 1     ; -4.918      ; 0          ; -4.918 ; -4.918 ;
+------------------------+--------+-------+-------------+------------+--------+--------+
Note: Negative delays are omitted from totals when calculating percentages

+--------------------------------------------------------------------------------------------------------------------------------------------------------------------------------------------------------------------------------------------------------------------------------------------------------------------------------------+
; Data Arrival Path                                                                                                                                                                                                                                                                                                                    ;
+----------+----------+----+------+--------+----------------------------+--------------------------------------------------------------------------------------------------------------------------------------------------------------------------------------------------------------------------------------------------------------+
; Total    ; Incr     ; RF ; Type ; Fanout ; Location                   ; Element                                                                                                                                                                                                                                                      ;
+----------+----------+----+------+--------+----------------------------+--------------------------------------------------------------------------------------------------------------------------------------------------------------------------------------------------------------------------------------------------------------+
; 0.000    ; 0.000    ;    ;      ;        ;                            ; launch edge time                                                                                                                                                                                                                                             ;
; 4.448    ; 4.448    ;    ;      ;        ;                            ; clock path                                                                                                                                                                                                                                                   ;
;   0.000  ;   0.000  ;    ;      ;        ;                            ; source latency                                                                                                                                                                                                                                               ;
;   0.000  ;   0.000  ;    ;      ; 1      ; PIN_Y13                    ; FPGA_CLK2_50                                                                                                                                                                                                                                                 ;
;   0.000  ;   0.000  ; RR ; IC   ; 1      ; IOIBUF_X56_Y0_N1           ; FPGA_CLK2_50~input|i                                                                                                                                                                                                                                         ;
;   0.761  ;   0.761  ; RR ; CELL ; 2      ; IOIBUF_X56_Y0_N1           ; FPGA_CLK2_50~input|o                                                                                                                                                                                                                                         ;
;   2.096  ;   1.335  ; RR ; IC   ; 1      ; PLLREFCLKSELECT_X89_Y7_N0  ; emu|pll|pll_inst|altera_pll_i|general[0].gpll~PLL_REFCLK_SELECT|clkin[0]                                                                                                                                                                                     ;
;   2.429  ;   0.333  ; RR ; CELL ; 1      ; PLLREFCLKSELECT_X89_Y7_N0  ; emu|pll|pll_inst|altera_pll_i|general[0].gpll~PLL_REFCLK_SELECT|clkout                                                                                                                                                                                       ;
;   2.429  ;   0.000  ; RR ; IC   ; 10     ; FRACTIONALPLL_X89_Y1_N0    ; emu|pll|pll_inst|altera_pll_i|general[0].gpll~FRACTIONAL_PLL|refclkin                                                                                                                                                                                        ;
;   -1.331 ;   -3.760 ; RR ; COMP ; 3      ; FRACTIONALPLL_X89_Y1_N0    ; emu|pll|pll_inst|altera_pll_i|general[0].gpll~FRACTIONAL_PLL|vcoph[0]                                                                                                                                                                                        ;
;   -1.331 ;   0.000  ; RR ; IC   ; 1      ; PLLOUTPUTCOUNTER_X89_Y2_N1 ; emu|pll|pll_inst|altera_pll_i|general[2].gpll~PLL_OUTPUT_COUNTER|vco0ph[0]                                                                                                                                                                                   ;
;   0.204  ;   1.535  ; RR ; CELL ; 1      ; PLLOUTPUTCOUNTER_X89_Y2_N1 ; emu|pll|pll_inst|altera_pll_i|general[2].gpll~PLL_OUTPUT_COUNTER|divclk                                                                                                                                                                                      ;
;   1.223  ;   1.019  ; RR ; IC   ; 1      ; CLKCTRL_G11                ; emu|pll|pll_inst|altera_pll_i|outclk_wire[2]~CLKENA0|inclk                                                                                                                                                                                                   ;
;   1.545  ;   0.322  ; RR ; CELL ; 36232  ; CLKCTRL_G11                ; emu|pll|pll_inst|altera_pll_i|outclk_wire[2]~CLKENA0|outclk                                                                                                                                                                                                  ;
;   3.877  ;   2.332  ; RR ; IC   ; 1      ; FF_X29_Y12_N41             ; emu|mpeg2_h262_two_picture_probe|p_controller|residual_probe|transform|iq_intra_weight[3]|clk                                                                                                                                                                ;
;   4.448  ;   0.571  ; RR ; CELL ; 1      ; FF_X29_Y12_N41             ; emu:emu|mpeg2_h262_two_picture_probe:mpeg2_h262_two_picture_probe|mpeg2_h262_p_diagnostic_controller:p_controller|mpeg2_h262_p_residual_probe:residual_probe|mpeg2_h262_p_non_intra_transform:transform|iq_intra_weight[3]                                   ;
; 17.793   ; 13.345   ;    ;      ;        ;                            ; data path                                                                                                                                                                                                                                                    ;
;   4.448  ;   0.000  ;    ; uTco ; 1      ; FF_X29_Y12_N41             ; emu:emu|mpeg2_h262_two_picture_probe:mpeg2_h262_two_picture_probe|mpeg2_h262_p_diagnostic_controller:p_controller|mpeg2_h262_p_residual_probe:residual_probe|mpeg2_h262_p_non_intra_transform:transform|iq_intra_weight[3]                                   ;
;   4.448  ;   0.000  ; FF ; CELL ; 1      ; FF_X29_Y12_N41             ; emu|mpeg2_h262_two_picture_probe|p_controller|residual_probe|transform|iq_intra_weight[3]|q                                                                                                                                                                  ;
;   5.780  ;   1.332  ; FF ; IC   ; 1      ; LABCELL_X19_Y10_N12        ; emu|mpeg2_h262_two_picture_probe|p_controller|residual_probe|transform|iq_multiplier_b[3]~4_RESYN17270|dataf                                                                                                                                                 ;
;   5.861  ;   0.081  ; FF ; CELL ; 1      ; LABCELL_X19_Y10_N12        ; emu|mpeg2_h262_two_picture_probe|p_controller|residual_probe|transform|iq_multiplier_b[3]~4_RESYN17270|combout                                                                                                                                               ;
;   6.175  ;   0.314  ; FF ; IC   ; 1      ; LABCELL_X19_Y10_N0         ; emu|mpeg2_h262_two_picture_probe|p_controller|residual_probe|transform|iq_multiplier_b[3]~4|dataf                                                                                                                                                            ;
;   6.256  ;   0.081  ; FF ; CELL ; 1      ; LABCELL_X19_Y10_N0         ; emu|mpeg2_h262_two_picture_probe|p_controller|residual_probe|transform|iq_multiplier_b[3]~4|combout                                                                                                                                                          ;
;   7.043  ;   0.787  ; FF ; IC   ; 32     ; DSP_X20_Y10_N0             ; emu|mpeg2_h262_two_picture_probe|p_controller|residual_probe|transform|Mult0~mac|ay[3]                                                                                                                                                                       ;
;   10.925 ;   3.882  ; FF ; CELL ; 3      ; DSP_X20_Y10_N0             ; emu|mpeg2_h262_two_picture_probe|p_controller|residual_probe|transform|Mult0~mac|resulta[0]                                                                                                                                                                  ;
;   11.780 ;   0.855  ; FF ; IC   ; 1      ; MLABCELL_X21_Y10_N51       ; emu|mpeg2_h262_two_picture_probe|p_controller|residual_probe|transform|WideOr0~0|datab                                                                                                                                                                       ;
;   12.337 ;   0.557  ; FR ; CELL ; 1      ; MLABCELL_X21_Y10_N51       ; emu|mpeg2_h262_two_picture_probe|p_controller|residual_probe|transform|WideOr0~0|combout                                                                                                                                                                     ;
;   12.675 ;   0.338  ; RR ; IC   ; 1      ; LABCELL_X22_Y10_N0         ; emu|mpeg2_h262_two_picture_probe|p_controller|residual_probe|transform|Add2~118|datac                                                                                                                                                                        ;
;   13.497 ;   0.822  ; RF ; CELL ; 1      ; LABCELL_X22_Y10_N0         ; emu|mpeg2_h262_two_picture_probe|p_controller|residual_probe|transform|Add2~118|cout                                                                                                                                                                         ;
;   13.497 ;   0.000  ; FF ; IC   ; 2      ; LABCELL_X22_Y10_N3         ; emu|mpeg2_h262_two_picture_probe|p_controller|residual_probe|transform|Add2~85|cin                                                                                                                                                                           ;
;   13.497 ;   0.000  ; FF ; CELL ; 1      ; LABCELL_X22_Y10_N3         ; emu|mpeg2_h262_two_picture_probe|p_controller|residual_probe|transform|Add2~85|cout                                                                                                                                                                          ;
;   13.497 ;   0.000  ; FF ; IC   ; 2      ; LABCELL_X22_Y10_N6         ; emu|mpeg2_h262_two_picture_probe|p_controller|residual_probe|transform|Add2~97|cin                                                                                                                                                                           ;
;   13.542 ;   0.045  ; FF ; CELL ; 1      ; LABCELL_X22_Y10_N6         ; emu|mpeg2_h262_two_picture_probe|p_controller|residual_probe|transform|Add2~97|cout                                                                                                                                                                          ;
;   13.542 ;   0.000  ; FF ; IC   ; 2      ; LABCELL_X22_Y10_N9         ; emu|mpeg2_h262_two_picture_probe|p_controller|residual_probe|transform|Add2~93|cin                                                                                                                                                                           ;
;   13.542 ;   0.000  ; FF ; CELL ; 1      ; LABCELL_X22_Y10_N9         ; emu|mpeg2_h262_two_picture_probe|p_controller|residual_probe|transform|Add2~93|cout                                                                                                                                                                          ;
;   13.542 ;   0.000  ; FF ; IC   ; 2      ; LABCELL_X22_Y10_N12        ; emu|mpeg2_h262_two_picture_probe|p_controller|residual_probe|transform|Add2~89|cin                                                                                                                                                                           ;
;   13.587 ;   0.045  ; FF ; CELL ; 1      ; LABCELL_X22_Y10_N12        ; emu|mpeg2_h262_two_picture_probe|p_controller|residual_probe|transform|Add2~89|cout                                                                                                                                                                          ;
;   13.587 ;   0.000  ; FF ; IC   ; 2      ; LABCELL_X22_Y10_N15        ; emu|mpeg2_h262_two_picture_probe|p_controller|residual_probe|transform|Add2~113|cin                                                                                                                                                                          ;
;   13.587 ;   0.000  ; FF ; CELL ; 1      ; LABCELL_X22_Y10_N15        ; emu|mpeg2_h262_two_picture_probe|p_controller|residual_probe|transform|Add2~113|cout                                                                                                                                                                         ;
;   13.587 ;   0.000  ; FF ; IC   ; 2      ; LABCELL_X22_Y10_N18        ; emu|mpeg2_h262_two_picture_probe|p_controller|residual_probe|transform|Add2~77|cin                                                                                                                                                                           ;
;   13.632 ;   0.045  ; FF ; CELL ; 1      ; LABCELL_X22_Y10_N18        ; emu|mpeg2_h262_two_picture_probe|p_controller|residual_probe|transform|Add2~77|cout                                                                                                                                                                          ;
;   13.632 ;   0.000  ; FF ; IC   ; 2      ; LABCELL_X22_Y10_N21        ; emu|mpeg2_h262_two_picture_probe|p_controller|residual_probe|transform|Add2~109|cin                                                                                                                                                                          ;
;   13.632 ;   0.000  ; FF ; CELL ; 1      ; LABCELL_X22_Y10_N21        ; emu|mpeg2_h262_two_picture_probe|p_controller|residual_probe|transform|Add2~109|cout                                                                                                                                                                         ;
;   13.632 ;   0.000  ; FF ; IC   ; 2      ; LABCELL_X22_Y10_N24        ; emu|mpeg2_h262_two_picture_probe|p_controller|residual_probe|transform|Add2~105|cin                                                                                                                                                                          ;
;   13.689 ;   0.057  ; FF ; CELL ; 1      ; LABCELL_X22_Y10_N24        ; emu|mpeg2_h262_two_picture_probe|p_controller|residual_probe|transform|Add2~105|cout                                                                                                                                                                         ;
;   13.689 ;   0.000  ; FF ; IC   ; 2      ; LABCELL_X22_Y10_N27        ; emu|mpeg2_h262_two_picture_probe|p_controller|residual_probe|transform|Add2~1|cin                                                                                                                                                                            ;
;   13.689 ;   0.000  ; FF ; CELL ; 1      ; LABCELL_X22_Y10_N27        ; emu|mpeg2_h262_two_picture_probe|p_controller|residual_probe|transform|Add2~1|cout                                                                                                                                                                           ;
;   13.689 ;   0.000  ; FF ; IC   ; 2      ; LABCELL_X22_Y10_N30        ; emu|mpeg2_h262_two_picture_probe|p_controller|residual_probe|transform|Add2~101|cin                                                                                                                                                                          ;
;   13.807 ;   0.118  ; FF ; CELL ; 1      ; LABCELL_X22_Y10_N30        ; emu|mpeg2_h262_two_picture_probe|p_controller|residual_probe|transform|Add2~101|cout                                                                                                                                                                         ;
;   13.807 ;   0.000  ; FF ; IC   ; 2      ; LABCELL_X22_Y10_N33        ; emu|mpeg2_h262_two_picture_probe|p_controller|residual_probe|transform|Add2~81|cin                                                                                                                                                                           ;
;   13.807 ;   0.000  ; FF ; CELL ; 1      ; LABCELL_X22_Y10_N33        ; emu|mpeg2_h262_two_picture_probe|p_controller|residual_probe|transform|Add2~81|cout                                                                                                                                                                          ;
;   13.807 ;   0.000  ; FF ; IC   ; 2      ; LABCELL_X22_Y10_N36        ; emu|mpeg2_h262_two_picture_probe|p_controller|residual_probe|transform|Add2~33|cin                                                                                                                                                                           ;
;   13.852 ;   0.045  ; FF ; CELL ; 1      ; LABCELL_X22_Y10_N36        ; emu|mpeg2_h262_two_picture_probe|p_controller|residual_probe|transform|Add2~33|cout                                                                                                                                                                          ;
;   13.852 ;   0.000  ; FF ; IC   ; 2      ; LABCELL_X22_Y10_N39        ; emu|mpeg2_h262_two_picture_probe|p_controller|residual_probe|transform|Add2~37|cin                                                                                                                                                                           ;
;   13.852 ;   0.000  ; FF ; CELL ; 1      ; LABCELL_X22_Y10_N39        ; emu|mpeg2_h262_two_picture_probe|p_controller|residual_probe|transform|Add2~37|cout                                                                                                                                                                          ;
;   13.852 ;   0.000  ; FF ; IC   ; 2      ; LABCELL_X22_Y10_N42        ; emu|mpeg2_h262_two_picture_probe|p_controller|residual_probe|transform|Add2~65|cin                                                                                                                                                                           ;
;   13.897 ;   0.045  ; FF ; CELL ; 1      ; LABCELL_X22_Y10_N42        ; emu|mpeg2_h262_two_picture_probe|p_controller|residual_probe|transform|Add2~65|cout                                                                                                                                                                          ;
;   13.897 ;   0.000  ; FF ; IC   ; 2      ; LABCELL_X22_Y10_N45        ; emu|mpeg2_h262_two_picture_probe|p_controller|residual_probe|transform|Add2~69|cin                                                                                                                                                                           ;
;   13.897 ;   0.000  ; FF ; CELL ; 1      ; LABCELL_X22_Y10_N45        ; emu|mpeg2_h262_two_picture_probe|p_controller|residual_probe|transform|Add2~69|cout                                                                                                                                                                          ;
;   13.897 ;   0.000  ; FF ; IC   ; 2      ; LABCELL_X22_Y10_N48        ; emu|mpeg2_h262_two_picture_probe|p_controller|residual_probe|transform|Add2~57|cin                                                                                                                                                                           ;
;   13.942 ;   0.045  ; FF ; CELL ; 1      ; LABCELL_X22_Y10_N48        ; emu|mpeg2_h262_two_picture_probe|p_controller|residual_probe|transform|Add2~57|cout                                                                                                                                                                          ;
;   13.942 ;   0.000  ; FF ; IC   ; 2      ; LABCELL_X22_Y10_N51        ; emu|mpeg2_h262_two_picture_probe|p_controller|residual_probe|transform|Add2~61|cin                                                                                                                                                                           ;
;   13.942 ;   0.000  ; FF ; CELL ; 1      ; LABCELL_X22_Y10_N51        ; emu|mpeg2_h262_two_picture_probe|p_controller|residual_probe|transform|Add2~61|cout                                                                                                                                                                          ;
;   13.942 ;   0.000  ; FF ; IC   ; 2      ; LABCELL_X22_Y10_N54        ; emu|mpeg2_h262_two_picture_probe|p_controller|residual_probe|transform|Add2~17|cin                                                                                                                                                                           ;
;   13.985 ;   0.043  ; FF ; CELL ; 1      ; LABCELL_X22_Y10_N54        ; emu|mpeg2_h262_two_picture_probe|p_controller|residual_probe|transform|Add2~17|cout                                                                                                                                                                          ;
;   13.985 ;   0.000  ; FF ; IC   ; 2      ; LABCELL_X22_Y10_N57        ; emu|mpeg2_h262_two_picture_probe|p_controller|residual_probe|transform|Add2~13|cin                                                                                                                                                                           ;
;   13.985 ;   0.000  ; FF ; CELL ; 1      ; LABCELL_X22_Y10_N57        ; emu|mpeg2_h262_two_picture_probe|p_controller|residual_probe|transform|Add2~13|cout                                                                                                                                                                          ;
;   13.985 ;   0.000  ; FF ; IC   ; 2      ; LABCELL_X22_Y9_N0          ; emu|mpeg2_h262_two_picture_probe|p_controller|residual_probe|transform|Add2~29|cin                                                                                                                                                                           ;
;   14.097 ;   0.112  ; FF ; CELL ; 1      ; LABCELL_X22_Y9_N0          ; emu|mpeg2_h262_two_picture_probe|p_controller|residual_probe|transform|Add2~29|cout                                                                                                                                                                          ;
;   14.097 ;   0.000  ; FF ; IC   ; 2      ; LABCELL_X22_Y9_N3          ; emu|mpeg2_h262_two_picture_probe|p_controller|residual_probe|transform|Add2~41|cin                                                                                                                                                                           ;
;   14.097 ;   0.000  ; FF ; CELL ; 1      ; LABCELL_X22_Y9_N3          ; emu|mpeg2_h262_two_picture_probe|p_controller|residual_probe|transform|Add2~41|cout                                                                                                                                                                          ;
;   14.097 ;   0.000  ; FF ; IC   ; 2      ; LABCELL_X22_Y9_N6          ; emu|mpeg2_h262_two_picture_probe|p_controller|residual_probe|transform|Add2~21|cin                                                                                                                                                                           ;
;   14.142 ;   0.045  ; FF ; CELL ; 1      ; LABCELL_X22_Y9_N6          ; emu|mpeg2_h262_two_picture_probe|p_controller|residual_probe|transform|Add2~21|cout                                                                                                                                                                          ;
;   14.142 ;   0.000  ; FF ; IC   ; 2      ; LABCELL_X22_Y9_N9          ; emu|mpeg2_h262_two_picture_probe|p_controller|residual_probe|transform|Add2~9|cin                                                                                                                                                                            ;
;   14.142 ;   0.000  ; FF ; CELL ; 1      ; LABCELL_X22_Y9_N9          ; emu|mpeg2_h262_two_picture_probe|p_controller|residual_probe|transform|Add2~9|cout                                                                                                                                                                           ;
;   14.142 ;   0.000  ; FF ; IC   ; 2      ; LABCELL_X22_Y9_N12         ; emu|mpeg2_h262_two_picture_probe|p_controller|residual_probe|transform|Add2~73|cin                                                                                                                                                                           ;
;   14.513 ;   0.371  ; FR ; CELL ; 1      ; LABCELL_X22_Y9_N12         ; emu|mpeg2_h262_two_picture_probe|p_controller|residual_probe|transform|Add2~73|sumout                                                                                                                                                                        ;
;   15.175 ;   0.662  ; RR ; IC   ; 1      ; LABCELL_X19_Y9_N36         ; emu|mpeg2_h262_two_picture_probe|p_controller|residual_probe|transform|iq_unclipped[23]~22|dataf                                                                                                                                                             ;
;   15.267 ;   0.092  ; RF ; CELL ; 4      ; LABCELL_X19_Y9_N36         ; emu|mpeg2_h262_two_picture_probe|p_controller|residual_probe|transform|iq_unclipped[23]~22|combout                                                                                                                                                           ;
;   15.999 ;   0.732  ; FF ; IC   ; 1      ; MLABCELL_X25_Y9_N33        ; emu|mpeg2_h262_two_picture_probe|p_controller|residual_probe|transform|LessThan2~2_Duplicate|datad                                                                                                                                                           ;
;   16.398 ;   0.399  ; FF ; CELL ; 5      ; MLABCELL_X25_Y9_N33        ; emu|mpeg2_h262_two_picture_probe|p_controller|residual_probe|transform|LessThan2~2_Duplicate|combout                                                                                                                                                         ;
;   16.712 ;   0.314  ; FF ; IC   ; 1      ; MLABCELL_X25_Y9_N0         ; emu|mpeg2_h262_two_picture_probe|p_controller|residual_probe|transform|LessThan2~3_Duplicate_Duplicate_Duplicate|dataf                                                                                                                                       ;
;   16.792 ;   0.080  ; FF ; CELL ; 2      ; MLABCELL_X25_Y9_N0         ; emu|mpeg2_h262_two_picture_probe|p_controller|residual_probe|transform|LessThan2~3_Duplicate_Duplicate_Duplicate|combout                                                                                                                                     ;
;   17.185 ;   0.393  ; FF ; IC   ; 1      ; LABCELL_X24_Y9_N48         ; emu|mpeg2_h262_two_picture_probe|p_controller|residual_probe|transform|iq_saturated[8]~25_Duplicate_47|datad                                                                                                                                                 ;
;   17.533 ;   0.348  ; FF ; CELL ; 1      ; LABCELL_X24_Y9_N48         ; emu|mpeg2_h262_two_picture_probe|p_controller|residual_probe|transform|iq_saturated[8]~25_Duplicate_47|combout                                                                                                                                               ;
;   17.533 ;   0.000  ; FF ; IC   ; 1      ; FF_X24_Y9_N49              ; emu|mpeg2_h262_two_picture_probe|p_controller|residual_probe|transform|iq_saturated[8]~1_Duplicate_41_OTERM11550_NEW_REG14644|d                                                                                                                              ;
;   17.793 ;   0.260  ; FF ; CELL ; 1      ; FF_X24_Y9_N49              ; emu:emu|mpeg2_h262_two_picture_probe:mpeg2_h262_two_picture_probe|mpeg2_h262_p_diagnostic_controller:p_controller|mpeg2_h262_p_residual_probe:residual_probe|mpeg2_h262_p_non_intra_transform:transform|iq_saturated[8]~1_Duplicate_41_OTERM11550_OTERM14645 ;
+----------+----------+----+------+--------+----------------------------+--------------------------------------------------------------------------------------------------------------------------------------------------------------------------------------------------------------------------------------------------------------+

+--------------------------------------------------------------------------------------------------------------------------------------------------------------------------------------------------------------------------------------------------------------------------------------------------------------------------------------+
; Data Required Path                                                                                                                                                                                                                                                                                                                   ;
+----------+----------+----+------+--------+----------------------------+--------------------------------------------------------------------------------------------------------------------------------------------------------------------------------------------------------------------------------------------------------------+
; Total    ; Incr     ; RF ; Type ; Fanout ; Location                   ; Element                                                                                                                                                                                                                                                      ;
+----------+----------+----+------+--------+----------------------------+--------------------------------------------------------------------------------------------------------------------------------------------------------------------------------------------------------------------------------------------------------------+
; 16.666   ; 16.666   ;    ;      ;        ;                            ; latch edge time                                                                                                                                                                                                                                              ;
; 20.624   ; 3.958    ;    ;      ;        ;                            ; clock path                                                                                                                                                                                                                                                   ;
;   16.666 ;   0.000  ;    ;      ;        ;                            ; source latency                                                                                                                                                                                                                                               ;
;   16.666 ;   0.000  ;    ;      ; 1      ; PIN_Y13                    ; FPGA_CLK2_50                                                                                                                                                                                                                                                 ;
;   16.666 ;   0.000  ; RR ; IC   ; 1      ; IOIBUF_X56_Y0_N1           ; FPGA_CLK2_50~input|i                                                                                                                                                                                                                                         ;
;   17.427 ;   0.761  ; RR ; CELL ; 2      ; IOIBUF_X56_Y0_N1           ; FPGA_CLK2_50~input|o                                                                                                                                                                                                                                         ;
;   18.598 ;   1.171  ; RR ; IC   ; 1      ; PLLREFCLKSELECT_X89_Y7_N0  ; emu|pll|pll_inst|altera_pll_i|general[0].gpll~PLL_REFCLK_SELECT|clkin[0]                                                                                                                                                                                     ;
;   18.906 ;   0.308  ; RR ; CELL ; 1      ; PLLREFCLKSELECT_X89_Y7_N0  ; emu|pll|pll_inst|altera_pll_i|general[0].gpll~PLL_REFCLK_SELECT|clkout                                                                                                                                                                                       ;
;   18.906 ;   0.000  ; RR ; IC   ; 10     ; FRACTIONALPLL_X89_Y1_N0    ; emu|pll|pll_inst|altera_pll_i|general[0].gpll~FRACTIONAL_PLL|refclkin                                                                                                                                                                                        ;
;   13.988 ;   -4.918 ; RR ; COMP ; 3      ; FRACTIONALPLL_X89_Y1_N0    ; emu|pll|pll_inst|altera_pll_i|general[0].gpll~FRACTIONAL_PLL|vcoph[0]                                                                                                                                                                                        ;
;   13.988 ;   0.000  ; RR ; IC   ; 1      ; PLLOUTPUTCOUNTER_X89_Y2_N1 ; emu|pll|pll_inst|altera_pll_i|general[2].gpll~PLL_OUTPUT_COUNTER|vco0ph[0]                                                                                                                                                                                   ;
;   15.256 ;   1.268  ; RR ; CELL ; 1      ; PLLOUTPUTCOUNTER_X89_Y2_N1 ; emu|pll|pll_inst|altera_pll_i|general[2].gpll~PLL_OUTPUT_COUNTER|divclk                                                                                                                                                                                      ;
;   16.202 ;   0.946  ; RR ; IC   ; 1      ; CLKCTRL_G11                ; emu|pll|pll_inst|altera_pll_i|outclk_wire[2]~CLKENA0|inclk                                                                                                                                                                                                   ;
;   16.498 ;   0.296  ; RR ; CELL ; 36232  ; CLKCTRL_G11                ; emu|pll|pll_inst|altera_pll_i|outclk_wire[2]~CLKENA0|outclk                                                                                                                                                                                                  ;
;   18.392 ;   1.894  ; RR ; IC   ; 1      ; FF_X24_Y9_N49              ; emu|mpeg2_h262_two_picture_probe|p_controller|residual_probe|transform|iq_saturated[8]~1_Duplicate_41_OTERM11550_NEW_REG14644|clk                                                                                                                            ;
;   18.911 ;   0.519  ; RR ; CELL ; 1      ; FF_X24_Y9_N49              ; emu:emu|mpeg2_h262_two_picture_probe:mpeg2_h262_two_picture_probe|mpeg2_h262_p_diagnostic_controller:p_controller|mpeg2_h262_p_residual_probe:residual_probe|mpeg2_h262_p_non_intra_transform:transform|iq_saturated[8]~1_Duplicate_41_OTERM11550_OTERM14645 ;
;   20.624 ;   1.713  ;    ;      ;        ;                            ; clock pessimism removed                                                                                                                                                                                                                                      ;
; 20.504   ; -0.120   ;    ;      ;        ;                            ; clock uncertainty                                                                                                                                                                                                                                            ;
; 20.504   ; 0.000    ;    ; uTsu ; 1      ; FF_X24_Y9_N49              ; emu:emu|mpeg2_h262_two_picture_probe:mpeg2_h262_two_picture_probe|mpeg2_h262_p_diagnostic_controller:p_controller|mpeg2_h262_p_residual_probe:residual_probe|mpeg2_h262_p_non_intra_transform:transform|iq_saturated[8]~1_Duplicate_41_OTERM11550_OTERM14645 ;
+----------+----------+----+------+--------+----------------------------+--------------------------------------------------------------------------------------------------------------------------------------------------------------------------------------------------------------------------------------------------------------+

----------------------------
; Extra Fitter Information ;
----------------------------
HTML report is unavailable in plain text report export.


