----------------
; Command Info ;
----------------
Report Timing: Found 2 setup paths (0 violated).  Worst case slack is 2.826 

Tcl Command:
    report_timing -setup -file /home/vash/mister-builds/entry681/results/b_transform_iq_non_intra_weight_output.rpt -from [get_registers {*|mpeg2_h262_p_non_intra_transform:b_transform|iq_non_intra_weight*}] -npaths 2 -detail full_path

Options:
    -from [get_registers {*|mpeg2_h262_p_non_intra_transform:b_transform|iq_non_intra_weight*}] 
    -setup 
    -npaths 2 
    -detail full_path 
    -file {/home/vash/mister-builds/entry681/results/b_transform_iq_non_intra_weight_output.rpt} 

Delay Model:
    Slow 1100mV 100C Model

+-------------------------------------------------------------------------------------------------------------------------------------------------------------------------------------------------------------------------------------------------------------------------------------------------------------------------------------------------------------------------------------------------------------------------------------------------------------------------------------------------------------------------------------------------------------------------------------------+
; Summary of Paths                                                                                                                                                                                                                                                                                                                                                                                                                                                                                                                                                                          ;
+-------+----------------------------------------------------------------------------------------------------------------------------------------------------------------------------+---------------------------------------------------------------------------------------------------------------------------------------------------------------------------------------------------------+-------------------------------------------------------------------------+-------------------------------------------------------------------------+--------------+------------+------------+
; Slack ; From Node                                                                                                                                                                  ; To Node                                                                                                                                                                                                 ; Launch Clock                                                            ; Latch Clock                                                             ; Relationship ; Clock Skew ; Data Delay ;
+-------+----------------------------------------------------------------------------------------------------------------------------------------------------------------------------+---------------------------------------------------------------------------------------------------------------------------------------------------------------------------------------------------------+-------------------------------------------------------------------------+-------------------------------------------------------------------------+--------------+------------+------------+
; 2.826 ; emu:emu|mpeg2_h262_two_picture_probe:mpeg2_h262_two_picture_probe|mpeg2_h262_b_core_probe:b_controller|mpeg2_h262_p_non_intra_transform:b_transform|iq_non_intra_weight[6] ; emu:emu|mpeg2_h262_two_picture_probe:mpeg2_h262_two_picture_probe|mpeg2_h262_b_core_probe:b_controller|mpeg2_h262_p_non_intra_transform:b_transform|idct_coeff_value[5]_OTERM9002_OTERM11265_OTERM16804 ; emu|pll|pll_inst|altera_pll_i|general[2].gpll~PLL_OUTPUT_COUNTER|divclk ; emu|pll|pll_inst|altera_pll_i|general[2].gpll~PLL_OUTPUT_COUNTER|divclk ; 16.666       ; -0.543     ; 13.177     ;
; 2.829 ; emu:emu|mpeg2_h262_two_picture_probe:mpeg2_h262_two_picture_probe|mpeg2_h262_b_core_probe:b_controller|mpeg2_h262_p_non_intra_transform:b_transform|iq_non_intra_weight[6] ; emu:emu|mpeg2_h262_two_picture_probe:mpeg2_h262_two_picture_probe|mpeg2_h262_b_core_probe:b_controller|mpeg2_h262_p_non_intra_transform:b_transform|idct_coeff_value[5]_OTERM9002_OTERM11265_OTERM16804 ; emu|pll|pll_inst|altera_pll_i|general[2].gpll~PLL_OUTPUT_COUNTER|divclk ; emu|pll|pll_inst|altera_pll_i|general[2].gpll~PLL_OUTPUT_COUNTER|divclk ; 16.666       ; -0.543     ; 13.174     ;
+-------+----------------------------------------------------------------------------------------------------------------------------------------------------------------------------+---------------------------------------------------------------------------------------------------------------------------------------------------------------------------------------------------------+-------------------------------------------------------------------------+-------------------------------------------------------------------------+--------------+------------+------------+

Path #1: Setup slack is 2.826 
===============================================================================
+------------------------------------------------------------------------------------------------------------------------------------------------------------------------------------------------------------------------------+
; Path Summary                                                                                                                                                                                                                 ;
+--------------------+---------------------------------------------------------------------------------------------------------------------------------------------------------------------------------------------------------+
; Property           ; Value                                                                                                                                                                                                   ;
+--------------------+---------------------------------------------------------------------------------------------------------------------------------------------------------------------------------------------------------+
; From Node          ; emu:emu|mpeg2_h262_two_picture_probe:mpeg2_h262_two_picture_probe|mpeg2_h262_b_core_probe:b_controller|mpeg2_h262_p_non_intra_transform:b_transform|iq_non_intra_weight[6]                              ;
; To Node            ; emu:emu|mpeg2_h262_two_picture_probe:mpeg2_h262_two_picture_probe|mpeg2_h262_b_core_probe:b_controller|mpeg2_h262_p_non_intra_transform:b_transform|idct_coeff_value[5]_OTERM9002_OTERM11265_OTERM16804 ;
; Launch Clock       ; emu|pll|pll_inst|altera_pll_i|general[2].gpll~PLL_OUTPUT_COUNTER|divclk                                                                                                                                 ;
; Latch Clock        ; emu|pll|pll_inst|altera_pll_i|general[2].gpll~PLL_OUTPUT_COUNTER|divclk                                                                                                                                 ;
; Data Arrival Time  ; 17.617                                                                                                                                                                                                  ;
; Data Required Time ; 20.443                                                                                                                                                                                                  ;
; Slack              ; 2.826                                                                                                                                                                                                   ;
+--------------------+---------------------------------------------------------------------------------------------------------------------------------------------------------------------------------------------------------+

+--------------------------------------------------------------------------------------+
; Statistics                                                                           ;
+------------------------+--------+-------+-------------+------------+--------+--------+
; Property               ; Value  ; Count ; Total Delay ; % of Total ; Min    ; Max    ;
+------------------------+--------+-------+-------------+------------+--------+--------+
; Setup Relationship     ; 16.666 ;       ;             ;            ;        ;        ;
; Clock Skew             ; -0.543 ;       ;             ;            ;        ;        ;
; Data Delay             ; 13.177 ;       ;             ;            ;        ;        ;
; Number of Logic Levels ;        ; 7     ;             ;            ;        ;        ;
; Physical Delays        ;        ;       ;             ;            ;        ;        ;
;  Arrival Path          ;        ;       ;             ;            ;        ;        ;
;   Clock                ;        ;       ;             ;            ;        ;        ;
;    IC                  ;        ; 6     ; 4.667       ; 57         ; 0.000  ; 2.314  ;
;    Cell                ;        ; 5     ; 3.541       ; 43         ; 0.322  ; 1.535  ;
;    PLL Compensation    ;        ; 1     ; -3.768      ; 0          ; -3.768 ; -3.768 ;
;   Data                 ;        ;       ;             ;            ;        ;        ;
;    IC                  ;        ; 20    ; 5.379       ; 41         ; 0.000  ; 1.219  ;
;    Cell                ;        ; 21    ; 7.798       ; 59         ; 0.000  ; 3.882  ;
;    uTco                ;        ; 1     ; 0.000       ; 0          ; 0.000  ; 0.000  ;
;  Required Path         ;        ;       ;             ;            ;        ;        ;
;   Clock                ;        ;       ;             ;            ;        ;        ;
;    IC                  ;        ; 6     ; 3.981       ; 56         ; 0.000  ; 1.866  ;
;    Cell                ;        ; 5     ; 3.128       ; 44         ; 0.296  ; 1.268  ;
;    PLL Compensation    ;        ; 1     ; -4.932      ; 0          ; -4.932 ; -4.932 ;
+------------------------+--------+-------+-------------+------------+--------+--------+
Note: Negative delays are omitted from totals when calculating percentages

+---------------------------------------------------------------------------------------------------------------------------------------------------------------------------------------------------------------------------------------------------------------------------------+
; Data Arrival Path                                                                                                                                                                                                                                                               ;
+----------+----------+----+------+--------+----------------------------+---------------------------------------------------------------------------------------------------------------------------------------------------------------------------------------------------------+
; Total    ; Incr     ; RF ; Type ; Fanout ; Location                   ; Element                                                                                                                                                                                                 ;
+----------+----------+----+------+--------+----------------------------+---------------------------------------------------------------------------------------------------------------------------------------------------------------------------------------------------------+
; 0.000    ; 0.000    ;    ;      ;        ;                            ; launch edge time                                                                                                                                                                                        ;
; 4.440    ; 4.440    ;    ;      ;        ;                            ; clock path                                                                                                                                                                                              ;
;   0.000  ;   0.000  ;    ;      ;        ;                            ; source latency                                                                                                                                                                                          ;
;   0.000  ;   0.000  ;    ;      ; 1      ; PIN_Y13                    ; FPGA_CLK2_50                                                                                                                                                                                            ;
;   0.000  ;   0.000  ; RR ; IC   ; 1      ; IOIBUF_X56_Y0_N1           ; FPGA_CLK2_50~input|i                                                                                                                                                                                    ;
;   0.761  ;   0.761  ; RR ; CELL ; 2      ; IOIBUF_X56_Y0_N1           ; FPGA_CLK2_50~input|o                                                                                                                                                                                    ;
;   2.096  ;   1.335  ; RR ; IC   ; 1      ; PLLREFCLKSELECT_X89_Y7_N0  ; emu|pll|pll_inst|altera_pll_i|general[0].gpll~PLL_REFCLK_SELECT|clkin[0]                                                                                                                                ;
;   2.429  ;   0.333  ; RR ; CELL ; 1      ; PLLREFCLKSELECT_X89_Y7_N0  ; emu|pll|pll_inst|altera_pll_i|general[0].gpll~PLL_REFCLK_SELECT|clkout                                                                                                                                  ;
;   2.429  ;   0.000  ; RR ; IC   ; 10     ; FRACTIONALPLL_X89_Y1_N0    ; emu|pll|pll_inst|altera_pll_i|general[0].gpll~FRACTIONAL_PLL|refclkin                                                                                                                                   ;
;   -1.339 ;   -3.768 ; RR ; COMP ; 3      ; FRACTIONALPLL_X89_Y1_N0    ; emu|pll|pll_inst|altera_pll_i|general[0].gpll~FRACTIONAL_PLL|vcoph[0]                                                                                                                                   ;
;   -1.339 ;   0.000  ; RR ; IC   ; 1      ; PLLOUTPUTCOUNTER_X89_Y0_N1 ; emu|pll|pll_inst|altera_pll_i|general[2].gpll~PLL_OUTPUT_COUNTER|vco0ph[0]                                                                                                                              ;
;   0.196  ;   1.535  ; RR ; CELL ; 1      ; PLLOUTPUTCOUNTER_X89_Y0_N1 ; emu|pll|pll_inst|altera_pll_i|general[2].gpll~PLL_OUTPUT_COUNTER|divclk                                                                                                                                 ;
;   1.214  ;   1.018  ; RR ; IC   ; 1      ; CLKCTRL_G11                ; emu|pll|pll_inst|altera_pll_i|outclk_wire[2]~CLKENA0|inclk                                                                                                                                              ;
;   1.536  ;   0.322  ; RR ; CELL ; 36256  ; CLKCTRL_G11                ; emu|pll|pll_inst|altera_pll_i|outclk_wire[2]~CLKENA0|outclk                                                                                                                                             ;
;   3.850  ;   2.314  ; RR ; IC   ; 1      ; FF_X57_Y14_N40             ; emu|mpeg2_h262_two_picture_probe|b_controller|b_transform|iq_non_intra_weight[6]|clk                                                                                                                    ;
;   4.440  ;   0.590  ; RR ; CELL ; 1      ; FF_X57_Y14_N40             ; emu:emu|mpeg2_h262_two_picture_probe:mpeg2_h262_two_picture_probe|mpeg2_h262_b_core_probe:b_controller|mpeg2_h262_p_non_intra_transform:b_transform|iq_non_intra_weight[6]                              ;
; 17.617   ; 13.177   ;    ;      ;        ;                            ; data path                                                                                                                                                                                               ;
;   4.440  ;   0.000  ;    ; uTco ; 1      ; FF_X57_Y14_N40             ; emu:emu|mpeg2_h262_two_picture_probe:mpeg2_h262_two_picture_probe|mpeg2_h262_b_core_probe:b_controller|mpeg2_h262_p_non_intra_transform:b_transform|iq_non_intra_weight[6]                              ;
;   4.440  ;   0.000  ; FF ; CELL ; 1      ; FF_X57_Y14_N40             ; emu|mpeg2_h262_two_picture_probe|b_controller|b_transform|iq_non_intra_weight[6]|q                                                                                                                      ;
;   5.322  ;   0.882  ; FF ; IC   ; 1      ; LABCELL_X57_Y16_N36        ; emu|mpeg2_h262_two_picture_probe|b_controller|b_transform|iq_multiplier_b[6]~18|datab                                                                                                                   ;
;   5.881  ;   0.559  ; FF ; CELL ; 1      ; LABCELL_X57_Y16_N36        ; emu|mpeg2_h262_two_picture_probe|b_controller|b_transform|iq_multiplier_b[6]~18|combout                                                                                                                 ;
;   7.100  ;   1.219  ; FF ; IC   ; 32     ; DSP_X54_Y18_N0             ; emu|mpeg2_h262_two_picture_probe|b_controller|b_transform|Mult0~mac|ay[6]                                                                                                                               ;
;   10.982 ;   3.882  ; FF ; CELL ; 3      ; DSP_X54_Y18_N0             ; emu|mpeg2_h262_two_picture_probe|b_controller|b_transform|Mult0~mac|resulta[3]                                                                                                                          ;
;   11.893 ;   0.911  ; FF ; IC   ; 1      ; LABCELL_X55_Y18_N18        ; emu|mpeg2_h262_two_picture_probe|b_controller|b_transform|WideOr1|dataa                                                                                                                                 ;
;   12.429 ;   0.536  ; FF ; CELL ; 1      ; LABCELL_X55_Y18_N18        ; emu|mpeg2_h262_two_picture_probe|b_controller|b_transform|WideOr1|combout                                                                                                                               ;
;   12.672 ;   0.243  ; FF ; IC   ; 1      ; LABCELL_X55_Y18_N30        ; emu|mpeg2_h262_two_picture_probe|b_controller|b_transform|Add3~114|datac                                                                                                                                ;
;   13.509 ;   0.837  ; FF ; CELL ; 1      ; LABCELL_X55_Y18_N30        ; emu|mpeg2_h262_two_picture_probe|b_controller|b_transform|Add3~114|cout                                                                                                                                 ;
;   13.509 ;   0.000  ; FF ; IC   ; 2      ; LABCELL_X55_Y18_N33        ; emu|mpeg2_h262_two_picture_probe|b_controller|b_transform|Add3~81|cin                                                                                                                                   ;
;   13.509 ;   0.000  ; FF ; CELL ; 1      ; LABCELL_X55_Y18_N33        ; emu|mpeg2_h262_two_picture_probe|b_controller|b_transform|Add3~81|cout                                                                                                                                  ;
;   13.509 ;   0.000  ; FF ; IC   ; 2      ; LABCELL_X55_Y18_N36        ; emu|mpeg2_h262_two_picture_probe|b_controller|b_transform|Add3~77|cin                                                                                                                                   ;
;   13.554 ;   0.045  ; FF ; CELL ; 1      ; LABCELL_X55_Y18_N36        ; emu|mpeg2_h262_two_picture_probe|b_controller|b_transform|Add3~77|cout                                                                                                                                  ;
;   13.554 ;   0.000  ; FF ; IC   ; 2      ; LABCELL_X55_Y18_N39        ; emu|mpeg2_h262_two_picture_probe|b_controller|b_transform|Add3~109|cin                                                                                                                                  ;
;   13.554 ;   0.000  ; FF ; CELL ; 1      ; LABCELL_X55_Y18_N39        ; emu|mpeg2_h262_two_picture_probe|b_controller|b_transform|Add3~109|cout                                                                                                                                 ;
;   13.554 ;   0.000  ; FF ; IC   ; 2      ; LABCELL_X55_Y18_N42        ; emu|mpeg2_h262_two_picture_probe|b_controller|b_transform|Add3~105|cin                                                                                                                                  ;
;   13.599 ;   0.045  ; FF ; CELL ; 1      ; LABCELL_X55_Y18_N42        ; emu|mpeg2_h262_two_picture_probe|b_controller|b_transform|Add3~105|cout                                                                                                                                 ;
;   13.599 ;   0.000  ; FF ; IC   ; 2      ; LABCELL_X55_Y18_N45        ; emu|mpeg2_h262_two_picture_probe|b_controller|b_transform|Add3~73|cin                                                                                                                                   ;
;   13.599 ;   0.000  ; FF ; CELL ; 1      ; LABCELL_X55_Y18_N45        ; emu|mpeg2_h262_two_picture_probe|b_controller|b_transform|Add3~73|cout                                                                                                                                  ;
;   13.599 ;   0.000  ; FF ; IC   ; 2      ; LABCELL_X55_Y18_N48        ; emu|mpeg2_h262_two_picture_probe|b_controller|b_transform|Add3~1|cin                                                                                                                                    ;
;   13.644 ;   0.045  ; FF ; CELL ; 1      ; LABCELL_X55_Y18_N48        ; emu|mpeg2_h262_two_picture_probe|b_controller|b_transform|Add3~1|cout                                                                                                                                   ;
;   13.644 ;   0.000  ; FF ; IC   ; 2      ; LABCELL_X55_Y18_N51        ; emu|mpeg2_h262_two_picture_probe|b_controller|b_transform|Add3~97|cin                                                                                                                                   ;
;   13.644 ;   0.000  ; FF ; CELL ; 1      ; LABCELL_X55_Y18_N51        ; emu|mpeg2_h262_two_picture_probe|b_controller|b_transform|Add3~97|cout                                                                                                                                  ;
;   13.644 ;   0.000  ; FF ; IC   ; 2      ; LABCELL_X55_Y18_N54        ; emu|mpeg2_h262_two_picture_probe|b_controller|b_transform|Add3~93|cin                                                                                                                                   ;
;   13.687 ;   0.043  ; FF ; CELL ; 1      ; LABCELL_X55_Y18_N54        ; emu|mpeg2_h262_two_picture_probe|b_controller|b_transform|Add3~93|cout                                                                                                                                  ;
;   13.687 ;   0.000  ; FF ; IC   ; 2      ; LABCELL_X55_Y18_N57        ; emu|mpeg2_h262_two_picture_probe|b_controller|b_transform|Add3~89|cin                                                                                                                                   ;
;   13.687 ;   0.000  ; FF ; CELL ; 1      ; LABCELL_X55_Y18_N57        ; emu|mpeg2_h262_two_picture_probe|b_controller|b_transform|Add3~89|cout                                                                                                                                  ;
;   13.687 ;   0.000  ; FF ; IC   ; 2      ; LABCELL_X55_Y17_N0         ; emu|mpeg2_h262_two_picture_probe|b_controller|b_transform|Add3~101|cin                                                                                                                                  ;
;   13.814 ;   0.127  ; FF ; CELL ; 1      ; LABCELL_X55_Y17_N0         ; emu|mpeg2_h262_two_picture_probe|b_controller|b_transform|Add3~101|cout                                                                                                                                 ;
;   13.814 ;   0.000  ; FF ; IC   ; 2      ; LABCELL_X55_Y17_N3         ; emu|mpeg2_h262_two_picture_probe|b_controller|b_transform|Add3~85|cin                                                                                                                                   ;
;   13.814 ;   0.000  ; FF ; CELL ; 1      ; LABCELL_X55_Y17_N3         ; emu|mpeg2_h262_two_picture_probe|b_controller|b_transform|Add3~85|cout                                                                                                                                  ;
;   13.814 ;   0.000  ; FF ; IC   ; 2      ; LABCELL_X55_Y17_N6         ; emu|mpeg2_h262_two_picture_probe|b_controller|b_transform|Add3~61|cin                                                                                                                                   ;
;   14.169 ;   0.355  ; FF ; CELL ; 3      ; LABCELL_X55_Y17_N6         ; emu|mpeg2_h262_two_picture_probe|b_controller|b_transform|Add3~61|sumout                                                                                                                                ;
;   15.343 ;   1.174  ; FF ; IC   ; 1      ; LABCELL_X56_Y19_N12        ; emu|mpeg2_h262_two_picture_probe|b_controller|b_transform|iq_unclipped[11]~20_Duplicate_Duplicate|datae                                                                                                 ;
;   15.575 ;   0.232  ; FR ; CELL ; 4      ; LABCELL_X56_Y19_N12        ; emu|mpeg2_h262_two_picture_probe|b_controller|b_transform|iq_unclipped[11]~20_Duplicate_Duplicate|combout                                                                                               ;
;   15.852 ;   0.277  ; RR ; IC   ; 1      ; LABCELL_X56_Y19_N57        ; emu|mpeg2_h262_two_picture_probe|b_controller|b_transform|LessThan2~3_Duplicate_Duplicate_RESYN16783|datac                                                                                              ;
;   16.262 ;   0.410  ; RR ; CELL ; 1      ; LABCELL_X56_Y19_N57        ; emu|mpeg2_h262_two_picture_probe|b_controller|b_transform|LessThan2~3_Duplicate_Duplicate_RESYN16783|combout                                                                                            ;
;   16.582 ;   0.320  ; RR ; IC   ; 1      ; LABCELL_X56_Y19_N6         ; emu|mpeg2_h262_two_picture_probe|b_controller|b_transform|LessThan2~3_Duplicate_Duplicate|dataf                                                                                                         ;
;   16.668 ;   0.086  ; RR ; CELL ; 2      ; LABCELL_X56_Y19_N6         ; emu|mpeg2_h262_two_picture_probe|b_controller|b_transform|LessThan2~3_Duplicate_Duplicate|combout                                                                                                       ;
;   17.021 ;   0.353  ; RR ; IC   ; 1      ; FF_X56_Y19_N22             ; emu|mpeg2_h262_two_picture_probe|b_controller|b_transform|idct_coeff_value[5]_OTERM9002_OTERM11265_NEW_REG16803|asdata                                                                                  ;
;   17.617 ;   0.596  ; RR ; CELL ; 1      ; FF_X56_Y19_N22             ; emu:emu|mpeg2_h262_two_picture_probe:mpeg2_h262_two_picture_probe|mpeg2_h262_b_core_probe:b_controller|mpeg2_h262_p_non_intra_transform:b_transform|idct_coeff_value[5]_OTERM9002_OTERM11265_OTERM16804 ;
+----------+----------+----+------+--------+----------------------------+---------------------------------------------------------------------------------------------------------------------------------------------------------------------------------------------------------+

+---------------------------------------------------------------------------------------------------------------------------------------------------------------------------------------------------------------------------------------------------------------------------------+
; Data Required Path                                                                                                                                                                                                                                                              ;
+----------+----------+----+------+--------+----------------------------+---------------------------------------------------------------------------------------------------------------------------------------------------------------------------------------------------------+
; Total    ; Incr     ; RF ; Type ; Fanout ; Location                   ; Element                                                                                                                                                                                                 ;
+----------+----------+----+------+--------+----------------------------+---------------------------------------------------------------------------------------------------------------------------------------------------------------------------------------------------------+
; 16.666   ; 16.666   ;    ;      ;        ;                            ; latch edge time                                                                                                                                                                                         ;
; 20.563   ; 3.897    ;    ;      ;        ;                            ; clock path                                                                                                                                                                                              ;
;   16.666 ;   0.000  ;    ;      ;        ;                            ; source latency                                                                                                                                                                                          ;
;   16.666 ;   0.000  ;    ;      ; 1      ; PIN_Y13                    ; FPGA_CLK2_50                                                                                                                                                                                            ;
;   16.666 ;   0.000  ; RR ; IC   ; 1      ; IOIBUF_X56_Y0_N1           ; FPGA_CLK2_50~input|i                                                                                                                                                                                    ;
;   17.427 ;   0.761  ; RR ; CELL ; 2      ; IOIBUF_X56_Y0_N1           ; FPGA_CLK2_50~input|o                                                                                                                                                                                    ;
;   18.598 ;   1.171  ; RR ; IC   ; 1      ; PLLREFCLKSELECT_X89_Y7_N0  ; emu|pll|pll_inst|altera_pll_i|general[0].gpll~PLL_REFCLK_SELECT|clkin[0]                                                                                                                                ;
;   18.906 ;   0.308  ; RR ; CELL ; 1      ; PLLREFCLKSELECT_X89_Y7_N0  ; emu|pll|pll_inst|altera_pll_i|general[0].gpll~PLL_REFCLK_SELECT|clkout                                                                                                                                  ;
;   18.906 ;   0.000  ; RR ; IC   ; 10     ; FRACTIONALPLL_X89_Y1_N0    ; emu|pll|pll_inst|altera_pll_i|general[0].gpll~FRACTIONAL_PLL|refclkin                                                                                                                                   ;
;   13.974 ;   -4.932 ; RR ; COMP ; 3      ; FRACTIONALPLL_X89_Y1_N0    ; emu|pll|pll_inst|altera_pll_i|general[0].gpll~FRACTIONAL_PLL|vcoph[0]                                                                                                                                   ;
;   13.974 ;   0.000  ; RR ; IC   ; 1      ; PLLOUTPUTCOUNTER_X89_Y0_N1 ; emu|pll|pll_inst|altera_pll_i|general[2].gpll~PLL_OUTPUT_COUNTER|vco0ph[0]                                                                                                                              ;
;   15.242 ;   1.268  ; RR ; CELL ; 1      ; PLLOUTPUTCOUNTER_X89_Y0_N1 ; emu|pll|pll_inst|altera_pll_i|general[2].gpll~PLL_OUTPUT_COUNTER|divclk                                                                                                                                 ;
;   16.186 ;   0.944  ; RR ; IC   ; 1      ; CLKCTRL_G11                ; emu|pll|pll_inst|altera_pll_i|outclk_wire[2]~CLKENA0|inclk                                                                                                                                              ;
;   16.482 ;   0.296  ; RR ; CELL ; 36256  ; CLKCTRL_G11                ; emu|pll|pll_inst|altera_pll_i|outclk_wire[2]~CLKENA0|outclk                                                                                                                                             ;
;   18.348 ;   1.866  ; RR ; IC   ; 1      ; FF_X56_Y19_N22             ; emu|mpeg2_h262_two_picture_probe|b_controller|b_transform|idct_coeff_value[5]_OTERM9002_OTERM11265_NEW_REG16803|clk                                                                                     ;
;   18.843 ;   0.495  ; RR ; CELL ; 1      ; FF_X56_Y19_N22             ; emu:emu|mpeg2_h262_two_picture_probe:mpeg2_h262_two_picture_probe|mpeg2_h262_b_core_probe:b_controller|mpeg2_h262_p_non_intra_transform:b_transform|idct_coeff_value[5]_OTERM9002_OTERM11265_OTERM16804 ;
;   20.563 ;   1.720  ;    ;      ;        ;                            ; clock pessimism removed                                                                                                                                                                                 ;
; 20.443   ; -0.120   ;    ;      ;        ;                            ; clock uncertainty                                                                                                                                                                                       ;
; 20.443   ; 0.000    ;    ; uTsu ; 1      ; FF_X56_Y19_N22             ; emu:emu|mpeg2_h262_two_picture_probe:mpeg2_h262_two_picture_probe|mpeg2_h262_b_core_probe:b_controller|mpeg2_h262_p_non_intra_transform:b_transform|idct_coeff_value[5]_OTERM9002_OTERM11265_OTERM16804 ;
+----------+----------+----+------+--------+----------------------------+---------------------------------------------------------------------------------------------------------------------------------------------------------------------------------------------------------+

----------------------------
; Extra Fitter Information ;
----------------------------
HTML report is unavailable in plain text report export.


Path #2: Setup slack is 2.829 
===============================================================================
+------------------------------------------------------------------------------------------------------------------------------------------------------------------------------------------------------------------------------+
; Path Summary                                                                                                                                                                                                                 ;
+--------------------+---------------------------------------------------------------------------------------------------------------------------------------------------------------------------------------------------------+
; Property           ; Value                                                                                                                                                                                                   ;
+--------------------+---------------------------------------------------------------------------------------------------------------------------------------------------------------------------------------------------------+
; From Node          ; emu:emu|mpeg2_h262_two_picture_probe:mpeg2_h262_two_picture_probe|mpeg2_h262_b_core_probe:b_controller|mpeg2_h262_p_non_intra_transform:b_transform|iq_non_intra_weight[6]                              ;
; To Node            ; emu:emu|mpeg2_h262_two_picture_probe:mpeg2_h262_two_picture_probe|mpeg2_h262_b_core_probe:b_controller|mpeg2_h262_p_non_intra_transform:b_transform|idct_coeff_value[5]_OTERM9002_OTERM11265_OTERM16804 ;
; Launch Clock       ; emu|pll|pll_inst|altera_pll_i|general[2].gpll~PLL_OUTPUT_COUNTER|divclk                                                                                                                                 ;
; Latch Clock        ; emu|pll|pll_inst|altera_pll_i|general[2].gpll~PLL_OUTPUT_COUNTER|divclk                                                                                                                                 ;
; Data Arrival Time  ; 17.614                                                                                                                                                                                                  ;
; Data Required Time ; 20.443                                                                                                                                                                                                  ;
; Slack              ; 2.829                                                                                                                                                                                                   ;
+--------------------+---------------------------------------------------------------------------------------------------------------------------------------------------------------------------------------------------------+

+--------------------------------------------------------------------------------------+
; Statistics                                                                           ;
+------------------------+--------+-------+-------------+------------+--------+--------+
; Property               ; Value  ; Count ; Total Delay ; % of Total ; Min    ; Max    ;
+------------------------+--------+-------+-------------+------------+--------+--------+
; Setup Relationship     ; 16.666 ;       ;             ;            ;        ;        ;
; Clock Skew             ; -0.543 ;       ;             ;            ;        ;        ;
; Data Delay             ; 13.174 ;       ;             ;            ;        ;        ;
; Number of Logic Levels ;        ; 7     ;             ;            ;        ;        ;
; Physical Delays        ;        ;       ;             ;            ;        ;        ;
;  Arrival Path          ;        ;       ;             ;            ;        ;        ;
;   Clock                ;        ;       ;             ;            ;        ;        ;
;    IC                  ;        ; 6     ; 4.667       ; 57         ; 0.000  ; 2.314  ;
;    Cell                ;        ; 5     ; 3.541       ; 43         ; 0.322  ; 1.535  ;
;    PLL Compensation    ;        ; 1     ; -3.768      ; 0          ; -3.768 ; -3.768 ;
;   Data                 ;        ;       ;             ;            ;        ;        ;
;    IC                  ;        ; 20    ; 5.429       ; 41         ; 0.000  ; 1.219  ;
;    Cell                ;        ; 21    ; 7.745       ; 59         ; 0.000  ; 3.882  ;
;    uTco                ;        ; 1     ; 0.000       ; 0          ; 0.000  ; 0.000  ;
;  Required Path         ;        ;       ;             ;            ;        ;        ;
;   Clock                ;        ;       ;             ;            ;        ;        ;
;    IC                  ;        ; 6     ; 3.981       ; 56         ; 0.000  ; 1.866  ;
;    Cell                ;        ; 5     ; 3.128       ; 44         ; 0.296  ; 1.268  ;
;    PLL Compensation    ;        ; 1     ; -4.932      ; 0          ; -4.932 ; -4.932 ;
+------------------------+--------+-------+-------------+------------+--------+--------+
Note: Negative delays are omitted from totals when calculating percentages

+---------------------------------------------------------------------------------------------------------------------------------------------------------------------------------------------------------------------------------------------------------------------------------+
; Data Arrival Path                                                                                                                                                                                                                                                               ;
+----------+----------+----+------+--------+----------------------------+---------------------------------------------------------------------------------------------------------------------------------------------------------------------------------------------------------+
; Total    ; Incr     ; RF ; Type ; Fanout ; Location                   ; Element                                                                                                                                                                                                 ;
+----------+----------+----+------+--------+----------------------------+---------------------------------------------------------------------------------------------------------------------------------------------------------------------------------------------------------+
; 0.000    ; 0.000    ;    ;      ;        ;                            ; launch edge time                                                                                                                                                                                        ;
; 4.440    ; 4.440    ;    ;      ;        ;                            ; clock path                                                                                                                                                                                              ;
;   0.000  ;   0.000  ;    ;      ;        ;                            ; source latency                                                                                                                                                                                          ;
;   0.000  ;   0.000  ;    ;      ; 1      ; PIN_Y13                    ; FPGA_CLK2_50                                                                                                                                                                                            ;
;   0.000  ;   0.000  ; RR ; IC   ; 1      ; IOIBUF_X56_Y0_N1           ; FPGA_CLK2_50~input|i                                                                                                                                                                                    ;
;   0.761  ;   0.761  ; RR ; CELL ; 2      ; IOIBUF_X56_Y0_N1           ; FPGA_CLK2_50~input|o                                                                                                                                                                                    ;
;   2.096  ;   1.335  ; RR ; IC   ; 1      ; PLLREFCLKSELECT_X89_Y7_N0  ; emu|pll|pll_inst|altera_pll_i|general[0].gpll~PLL_REFCLK_SELECT|clkin[0]                                                                                                                                ;
;   2.429  ;   0.333  ; RR ; CELL ; 1      ; PLLREFCLKSELECT_X89_Y7_N0  ; emu|pll|pll_inst|altera_pll_i|general[0].gpll~PLL_REFCLK_SELECT|clkout                                                                                                                                  ;
;   2.429  ;   0.000  ; RR ; IC   ; 10     ; FRACTIONALPLL_X89_Y1_N0    ; emu|pll|pll_inst|altera_pll_i|general[0].gpll~FRACTIONAL_PLL|refclkin                                                                                                                                   ;
;   -1.339 ;   -3.768 ; RR ; COMP ; 3      ; FRACTIONALPLL_X89_Y1_N0    ; emu|pll|pll_inst|altera_pll_i|general[0].gpll~FRACTIONAL_PLL|vcoph[0]                                                                                                                                   ;
;   -1.339 ;   0.000  ; RR ; IC   ; 1      ; PLLOUTPUTCOUNTER_X89_Y0_N1 ; emu|pll|pll_inst|altera_pll_i|general[2].gpll~PLL_OUTPUT_COUNTER|vco0ph[0]                                                                                                                              ;
;   0.196  ;   1.535  ; RR ; CELL ; 1      ; PLLOUTPUTCOUNTER_X89_Y0_N1 ; emu|pll|pll_inst|altera_pll_i|general[2].gpll~PLL_OUTPUT_COUNTER|divclk                                                                                                                                 ;
;   1.214  ;   1.018  ; RR ; IC   ; 1      ; CLKCTRL_G11                ; emu|pll|pll_inst|altera_pll_i|outclk_wire[2]~CLKENA0|inclk                                                                                                                                              ;
;   1.536  ;   0.322  ; RR ; CELL ; 36256  ; CLKCTRL_G11                ; emu|pll|pll_inst|altera_pll_i|outclk_wire[2]~CLKENA0|outclk                                                                                                                                             ;
;   3.850  ;   2.314  ; RR ; IC   ; 1      ; FF_X57_Y14_N40             ; emu|mpeg2_h262_two_picture_probe|b_controller|b_transform|iq_non_intra_weight[6]|clk                                                                                                                    ;
;   4.440  ;   0.590  ; RR ; CELL ; 1      ; FF_X57_Y14_N40             ; emu:emu|mpeg2_h262_two_picture_probe:mpeg2_h262_two_picture_probe|mpeg2_h262_b_core_probe:b_controller|mpeg2_h262_p_non_intra_transform:b_transform|iq_non_intra_weight[6]                              ;
; 17.614   ; 13.174   ;    ;      ;        ;                            ; data path                                                                                                                                                                                               ;
;   4.440  ;   0.000  ;    ; uTco ; 1      ; FF_X57_Y14_N40             ; emu:emu|mpeg2_h262_two_picture_probe:mpeg2_h262_two_picture_probe|mpeg2_h262_b_core_probe:b_controller|mpeg2_h262_p_non_intra_transform:b_transform|iq_non_intra_weight[6]                              ;
;   4.440  ;   0.000  ; FF ; CELL ; 1      ; FF_X57_Y14_N40             ; emu|mpeg2_h262_two_picture_probe|b_controller|b_transform|iq_non_intra_weight[6]|q                                                                                                                      ;
;   5.322  ;   0.882  ; FF ; IC   ; 1      ; LABCELL_X57_Y16_N36        ; emu|mpeg2_h262_two_picture_probe|b_controller|b_transform|iq_multiplier_b[6]~18|datab                                                                                                                   ;
;   5.881  ;   0.559  ; FF ; CELL ; 1      ; LABCELL_X57_Y16_N36        ; emu|mpeg2_h262_two_picture_probe|b_controller|b_transform|iq_multiplier_b[6]~18|combout                                                                                                                 ;
;   7.100  ;   1.219  ; FF ; IC   ; 32     ; DSP_X54_Y18_N0             ; emu|mpeg2_h262_two_picture_probe|b_controller|b_transform|Mult0~mac|ay[6]                                                                                                                               ;
;   10.982 ;   3.882  ; FF ; CELL ; 3      ; DSP_X54_Y18_N0             ; emu|mpeg2_h262_two_picture_probe|b_controller|b_transform|Mult0~mac|resulta[2]                                                                                                                          ;
;   11.943 ;   0.961  ; FF ; IC   ; 1      ; LABCELL_X55_Y18_N18        ; emu|mpeg2_h262_two_picture_probe|b_controller|b_transform|WideOr1|datac                                                                                                                                 ;
;   12.426 ;   0.483  ; FF ; CELL ; 1      ; LABCELL_X55_Y18_N18        ; emu|mpeg2_h262_two_picture_probe|b_controller|b_transform|WideOr1|combout                                                                                                                               ;
;   12.669 ;   0.243  ; FF ; IC   ; 1      ; LABCELL_X55_Y18_N30        ; emu|mpeg2_h262_two_picture_probe|b_controller|b_transform|Add3~114|datac                                                                                                                                ;
;   13.506 ;   0.837  ; FF ; CELL ; 1      ; LABCELL_X55_Y18_N30        ; emu|mpeg2_h262_two_picture_probe|b_controller|b_transform|Add3~114|cout                                                                                                                                 ;
;   13.506 ;   0.000  ; FF ; IC   ; 2      ; LABCELL_X55_Y18_N33        ; emu|mpeg2_h262_two_picture_probe|b_controller|b_transform|Add3~81|cin                                                                                                                                   ;
;   13.506 ;   0.000  ; FF ; CELL ; 1      ; LABCELL_X55_Y18_N33        ; emu|mpeg2_h262_two_picture_probe|b_controller|b_transform|Add3~81|cout                                                                                                                                  ;
;   13.506 ;   0.000  ; FF ; IC   ; 2      ; LABCELL_X55_Y18_N36        ; emu|mpeg2_h262_two_picture_probe|b_controller|b_transform|Add3~77|cin                                                                                                                                   ;
;   13.551 ;   0.045  ; FF ; CELL ; 1      ; LABCELL_X55_Y18_N36        ; emu|mpeg2_h262_two_picture_probe|b_controller|b_transform|Add3~77|cout                                                                                                                                  ;
;   13.551 ;   0.000  ; FF ; IC   ; 2      ; LABCELL_X55_Y18_N39        ; emu|mpeg2_h262_two_picture_probe|b_controller|b_transform|Add3~109|cin                                                                                                                                  ;
;   13.551 ;   0.000  ; FF ; CELL ; 1      ; LABCELL_X55_Y18_N39        ; emu|mpeg2_h262_two_picture_probe|b_controller|b_transform|Add3~109|cout                                                                                                                                 ;
;   13.551 ;   0.000  ; FF ; IC   ; 2      ; LABCELL_X55_Y18_N42        ; emu|mpeg2_h262_two_picture_probe|b_controller|b_transform|Add3~105|cin                                                                                                                                  ;
;   13.596 ;   0.045  ; FF ; CELL ; 1      ; LABCELL_X55_Y18_N42        ; emu|mpeg2_h262_two_picture_probe|b_controller|b_transform|Add3~105|cout                                                                                                                                 ;
;   13.596 ;   0.000  ; FF ; IC   ; 2      ; LABCELL_X55_Y18_N45        ; emu|mpeg2_h262_two_picture_probe|b_controller|b_transform|Add3~73|cin                                                                                                                                   ;
;   13.596 ;   0.000  ; FF ; CELL ; 1      ; LABCELL_X55_Y18_N45        ; emu|mpeg2_h262_two_picture_probe|b_controller|b_transform|Add3~73|cout                                                                                                                                  ;
;   13.596 ;   0.000  ; FF ; IC   ; 2      ; LABCELL_X55_Y18_N48        ; emu|mpeg2_h262_two_picture_probe|b_controller|b_transform|Add3~1|cin                                                                                                                                    ;
;   13.641 ;   0.045  ; FF ; CELL ; 1      ; LABCELL_X55_Y18_N48        ; emu|mpeg2_h262_two_picture_probe|b_controller|b_transform|Add3~1|cout                                                                                                                                   ;
;   13.641 ;   0.000  ; FF ; IC   ; 2      ; LABCELL_X55_Y18_N51        ; emu|mpeg2_h262_two_picture_probe|b_controller|b_transform|Add3~97|cin                                                                                                                                   ;
;   13.641 ;   0.000  ; FF ; CELL ; 1      ; LABCELL_X55_Y18_N51        ; emu|mpeg2_h262_two_picture_probe|b_controller|b_transform|Add3~97|cout                                                                                                                                  ;
;   13.641 ;   0.000  ; FF ; IC   ; 2      ; LABCELL_X55_Y18_N54        ; emu|mpeg2_h262_two_picture_probe|b_controller|b_transform|Add3~93|cin                                                                                                                                   ;
;   13.684 ;   0.043  ; FF ; CELL ; 1      ; LABCELL_X55_Y18_N54        ; emu|mpeg2_h262_two_picture_probe|b_controller|b_transform|Add3~93|cout                                                                                                                                  ;
;   13.684 ;   0.000  ; FF ; IC   ; 2      ; LABCELL_X55_Y18_N57        ; emu|mpeg2_h262_two_picture_probe|b_controller|b_transform|Add3~89|cin                                                                                                                                   ;
;   13.684 ;   0.000  ; FF ; CELL ; 1      ; LABCELL_X55_Y18_N57        ; emu|mpeg2_h262_two_picture_probe|b_controller|b_transform|Add3~89|cout                                                                                                                                  ;
;   13.684 ;   0.000  ; FF ; IC   ; 2      ; LABCELL_X55_Y17_N0         ; emu|mpeg2_h262_two_picture_probe|b_controller|b_transform|Add3~101|cin                                                                                                                                  ;
;   13.811 ;   0.127  ; FF ; CELL ; 1      ; LABCELL_X55_Y17_N0         ; emu|mpeg2_h262_two_picture_probe|b_controller|b_transform|Add3~101|cout                                                                                                                                 ;
;   13.811 ;   0.000  ; FF ; IC   ; 2      ; LABCELL_X55_Y17_N3         ; emu|mpeg2_h262_two_picture_probe|b_controller|b_transform|Add3~85|cin                                                                                                                                   ;
;   13.811 ;   0.000  ; FF ; CELL ; 1      ; LABCELL_X55_Y17_N3         ; emu|mpeg2_h262_two_picture_probe|b_controller|b_transform|Add3~85|cout                                                                                                                                  ;
;   13.811 ;   0.000  ; FF ; IC   ; 2      ; LABCELL_X55_Y17_N6         ; emu|mpeg2_h262_two_picture_probe|b_controller|b_transform|Add3~61|cin                                                                                                                                   ;
;   14.166 ;   0.355  ; FF ; CELL ; 3      ; LABCELL_X55_Y17_N6         ; emu|mpeg2_h262_two_picture_probe|b_controller|b_transform|Add3~61|sumout                                                                                                                                ;
;   15.340 ;   1.174  ; FF ; IC   ; 1      ; LABCELL_X56_Y19_N12        ; emu|mpeg2_h262_two_picture_probe|b_controller|b_transform|iq_unclipped[11]~20_Duplicate_Duplicate|datae                                                                                                 ;
;   15.572 ;   0.232  ; FR ; CELL ; 4      ; LABCELL_X56_Y19_N12        ; emu|mpeg2_h262_two_picture_probe|b_controller|b_transform|iq_unclipped[11]~20_Duplicate_Duplicate|combout                                                                                               ;
;   15.849 ;   0.277  ; RR ; IC   ; 1      ; LABCELL_X56_Y19_N57        ; emu|mpeg2_h262_two_picture_probe|b_controller|b_transform|LessThan2~3_Duplicate_Duplicate_RESYN16783|datac                                                                                              ;
;   16.259 ;   0.410  ; RR ; CELL ; 1      ; LABCELL_X56_Y19_N57        ; emu|mpeg2_h262_two_picture_probe|b_controller|b_transform|LessThan2~3_Duplicate_Duplicate_RESYN16783|combout                                                                                            ;
;   16.579 ;   0.320  ; RR ; IC   ; 1      ; LABCELL_X56_Y19_N6         ; emu|mpeg2_h262_two_picture_probe|b_controller|b_transform|LessThan2~3_Duplicate_Duplicate|dataf                                                                                                         ;
;   16.665 ;   0.086  ; RR ; CELL ; 2      ; LABCELL_X56_Y19_N6         ; emu|mpeg2_h262_two_picture_probe|b_controller|b_transform|LessThan2~3_Duplicate_Duplicate|combout                                                                                                       ;
;   17.018 ;   0.353  ; RR ; IC   ; 1      ; FF_X56_Y19_N22             ; emu|mpeg2_h262_two_picture_probe|b_controller|b_transform|idct_coeff_value[5]_OTERM9002_OTERM11265_NEW_REG16803|asdata                                                                                  ;
;   17.614 ;   0.596  ; RR ; CELL ; 1      ; FF_X56_Y19_N22             ; emu:emu|mpeg2_h262_two_picture_probe:mpeg2_h262_two_picture_probe|mpeg2_h262_b_core_probe:b_controller|mpeg2_h262_p_non_intra_transform:b_transform|idct_coeff_value[5]_OTERM9002_OTERM11265_OTERM16804 ;
+----------+----------+----+------+--------+----------------------------+---------------------------------------------------------------------------------------------------------------------------------------------------------------------------------------------------------+

+---------------------------------------------------------------------------------------------------------------------------------------------------------------------------------------------------------------------------------------------------------------------------------+
; Data Required Path                                                                                                                                                                                                                                                              ;
+----------+----------+----+------+--------+----------------------------+---------------------------------------------------------------------------------------------------------------------------------------------------------------------------------------------------------+
; Total    ; Incr     ; RF ; Type ; Fanout ; Location                   ; Element                                                                                                                                                                                                 ;
+----------+----------+----+------+--------+----------------------------+---------------------------------------------------------------------------------------------------------------------------------------------------------------------------------------------------------+
; 16.666   ; 16.666   ;    ;      ;        ;                            ; latch edge time                                                                                                                                                                                         ;
; 20.563   ; 3.897    ;    ;      ;        ;                            ; clock path                                                                                                                                                                                              ;
;   16.666 ;   0.000  ;    ;      ;        ;                            ; source latency                                                                                                                                                                                          ;
;   16.666 ;   0.000  ;    ;      ; 1      ; PIN_Y13                    ; FPGA_CLK2_50                                                                                                                                                                                            ;
;   16.666 ;   0.000  ; RR ; IC   ; 1      ; IOIBUF_X56_Y0_N1           ; FPGA_CLK2_50~input|i                                                                                                                                                                                    ;
;   17.427 ;   0.761  ; RR ; CELL ; 2      ; IOIBUF_X56_Y0_N1           ; FPGA_CLK2_50~input|o                                                                                                                                                                                    ;
;   18.598 ;   1.171  ; RR ; IC   ; 1      ; PLLREFCLKSELECT_X89_Y7_N0  ; emu|pll|pll_inst|altera_pll_i|general[0].gpll~PLL_REFCLK_SELECT|clkin[0]                                                                                                                                ;
;   18.906 ;   0.308  ; RR ; CELL ; 1      ; PLLREFCLKSELECT_X89_Y7_N0  ; emu|pll|pll_inst|altera_pll_i|general[0].gpll~PLL_REFCLK_SELECT|clkout                                                                                                                                  ;
;   18.906 ;   0.000  ; RR ; IC   ; 10     ; FRACTIONALPLL_X89_Y1_N0    ; emu|pll|pll_inst|altera_pll_i|general[0].gpll~FRACTIONAL_PLL|refclkin                                                                                                                                   ;
;   13.974 ;   -4.932 ; RR ; COMP ; 3      ; FRACTIONALPLL_X89_Y1_N0    ; emu|pll|pll_inst|altera_pll_i|general[0].gpll~FRACTIONAL_PLL|vcoph[0]                                                                                                                                   ;
;   13.974 ;   0.000  ; RR ; IC   ; 1      ; PLLOUTPUTCOUNTER_X89_Y0_N1 ; emu|pll|pll_inst|altera_pll_i|general[2].gpll~PLL_OUTPUT_COUNTER|vco0ph[0]                                                                                                                              ;
;   15.242 ;   1.268  ; RR ; CELL ; 1      ; PLLOUTPUTCOUNTER_X89_Y0_N1 ; emu|pll|pll_inst|altera_pll_i|general[2].gpll~PLL_OUTPUT_COUNTER|divclk                                                                                                                                 ;
;   16.186 ;   0.944  ; RR ; IC   ; 1      ; CLKCTRL_G11                ; emu|pll|pll_inst|altera_pll_i|outclk_wire[2]~CLKENA0|inclk                                                                                                                                              ;
;   16.482 ;   0.296  ; RR ; CELL ; 36256  ; CLKCTRL_G11                ; emu|pll|pll_inst|altera_pll_i|outclk_wire[2]~CLKENA0|outclk                                                                                                                                             ;
;   18.348 ;   1.866  ; RR ; IC   ; 1      ; FF_X56_Y19_N22             ; emu|mpeg2_h262_two_picture_probe|b_controller|b_transform|idct_coeff_value[5]_OTERM9002_OTERM11265_NEW_REG16803|clk                                                                                     ;
;   18.843 ;   0.495  ; RR ; CELL ; 1      ; FF_X56_Y19_N22             ; emu:emu|mpeg2_h262_two_picture_probe:mpeg2_h262_two_picture_probe|mpeg2_h262_b_core_probe:b_controller|mpeg2_h262_p_non_intra_transform:b_transform|idct_coeff_value[5]_OTERM9002_OTERM11265_OTERM16804 ;
;   20.563 ;   1.720  ;    ;      ;        ;                            ; clock pessimism removed                                                                                                                                                                                 ;
; 20.443   ; -0.120   ;    ;      ;        ;                            ; clock uncertainty                                                                                                                                                                                       ;
; 20.443   ; 0.000    ;    ; uTsu ; 1      ; FF_X56_Y19_N22             ; emu:emu|mpeg2_h262_two_picture_probe:mpeg2_h262_two_picture_probe|mpeg2_h262_b_core_probe:b_controller|mpeg2_h262_p_non_intra_transform:b_transform|idct_coeff_value[5]_OTERM9002_OTERM11265_OTERM16804 ;
+----------+----------+----+------+--------+----------------------------+---------------------------------------------------------------------------------------------------------------------------------------------------------------------------------------------------------+

----------------------------
; Extra Fitter Information ;
----------------------------
HTML report is unavailable in plain text report export.


