Info: *******************************************************************
Info: Running Quartus Prime TimeQuest Timing Analyzer
    Info: Version 17.0.2 Build 602 07/19/2017 SJ Lite Edition
    Info: Copyright (C) 2017  Intel Corporation. All rights reserved.
    Info: Your use of Intel Corporation's design tools, logic functions 
    Info: and other software and tools, and its AMPP partner logic 
    Info: functions, and any output files from any of the foregoing 
    Info: (including device programming or simulation files), and any 
    Info: associated documentation or information are expressly subject 
    Info: to the terms and conditions of the Intel Program License 
    Info: Subscription Agreement, the Intel Quartus Prime License Agreement,
    Info: the Intel MegaCore Function License Agreement, or other 
    Info: applicable license agreement, including, without limitation, 
    Info: that your use is for the sole purpose of programming logic 
    Info: devices manufactured by Intel and sold by Intel or its 
    Info: authorized distributors.  Please refer to the applicable 
    Info: agreement for further details.
    Info: Processing started: Fri Aug 28 13:13:22 2026
Info: Command: quartus_sta -t /home/vash/mister-builds/entry681/entry681_timing.tcl
Info (20030): Parallel compilation is enabled and will use 16 of the 20 processors detected
Info (21077): Low junction temperature is -40 degrees C
Info (21077): High junction temperature is 100 degrees C
Info (332164): Evaluating HDL-embedded SDC commands
    Info (332165): Entity altera_std_synchronizer
        Info (332166): set_false_path -to [get_keepers {*altera_std_synchronizer:*|din_s1}]
    Info (332165): Entity dcfifo_1hm1
        Info (332166): set_false_path -from *rdptr_g* -to *ws_dgrp|dffpipe_ed9:dffpipe8|dffe9a* 
        Info (332166): set_false_path -from *delayed_wrptr_g* -to *rs_dgwp|dffpipe_dd9:dffpipe5|dffe6a* 
    Info (332165): Entity dcfifo_2do1
        Info (332166): set_false_path -from *rdptr_g* -to *ws_dgrp|dffpipe_1f9:dffpipe18|dffe19a* 
        Info (332166): set_false_path -from *delayed_wrptr_g* -to *rs_dgwp|dffpipe_ve9:dffpipe14|dffe15a* 
    Info (332165): Entity dcfifo_4co1
        Info (332166): set_false_path -from *rdptr_g* -to *ws_dgrp|dffpipe_ue9:dffpipe16|dffe17a* 
        Info (332166): set_false_path -from *delayed_wrptr_g* -to *rs_dgwp|dffpipe_te9:dffpipe13|dffe14a* 
    Info (332165): Entity dcfifo_7em1
        Info (332166): set_false_path -from *rdptr_g* -to *ws_dgrp|dffpipe_cd9:dffpipe15|dffe16a* 
        Info (332166): set_false_path -from *delayed_wrptr_g* -to *rs_dgwp|dffpipe_bd9:dffpipe12|dffe13a* 
Info (332104): Reading SDC File: 'sys/sys_top.sdc'
Info (332110): Deriving PLL clocks
    Info (332110): create_generated_clock -source {pll_hdmi|pll_hdmi_inst|altera_pll_i|cyclonev_pll|counter[0].output_counter|vco0ph[0]} -divide_by 3 -duty_cycle 50.00 -name {pll_hdmi|pll_hdmi_inst|altera_pll_i|cyclonev_pll|counter[0].output_counter|divclk} {pll_hdmi|pll_hdmi_inst|altera_pll_i|cyclonev_pll|counter[0].output_counter|divclk}
    Info (332110): create_generated_clock -source {pll_hdmi|pll_hdmi_inst|altera_pll_i|cyclonev_pll|fpll_0|fpll|refclkin} -divide_by 512 -multiply_by 4563 -duty_cycle 50.00 -name {pll_hdmi|pll_hdmi_inst|altera_pll_i|cyclonev_pll|fpll_0|fpll|vcoph[0]} {pll_hdmi|pll_hdmi_inst|altera_pll_i|cyclonev_pll|fpll_0|fpll|vcoph[0]}
    Info (332110): create_generated_clock -source {pll_audio|pll_audio_inst|altera_pll_i|general[0].gpll~FRACTIONAL_PLL|refclkin} -divide_by 512 -multiply_by 4279 -duty_cycle 50.00 -name {pll_audio|pll_audio_inst|altera_pll_i|general[0].gpll~FRACTIONAL_PLL|vcoph[0]} {pll_audio|pll_audio_inst|altera_pll_i|general[0].gpll~FRACTIONAL_PLL|vcoph[0]}
    Info (332110): create_generated_clock -source {pll_audio|pll_audio_inst|altera_pll_i|general[0].gpll~PLL_OUTPUT_COUNTER|vco0ph[0]} -divide_by 17 -duty_cycle 50.00 -name {pll_audio|pll_audio_inst|altera_pll_i|general[0].gpll~PLL_OUTPUT_COUNTER|divclk} {pll_audio|pll_audio_inst|altera_pll_i|general[0].gpll~PLL_OUTPUT_COUNTER|divclk}
    Info (332110): create_generated_clock -source {emu|pll|pll_inst|altera_pll_i|general[0].gpll~FRACTIONAL_PLL|refclkin} -divide_by 5 -multiply_by 54 -duty_cycle 50.00 -name {emu|pll|pll_inst|altera_pll_i|general[0].gpll~FRACTIONAL_PLL|vcoph[0]} {emu|pll|pll_inst|altera_pll_i|general[0].gpll~FRACTIONAL_PLL|vcoph[0]}
    Info (332110): create_generated_clock -source {emu|pll|pll_inst|altera_pll_i|general[0].gpll~PLL_OUTPUT_COUNTER|vco0ph[0]} -divide_by 27 -duty_cycle 50.00 -name {emu|pll|pll_inst|altera_pll_i|general[0].gpll~PLL_OUTPUT_COUNTER|divclk} {emu|pll|pll_inst|altera_pll_i|general[0].gpll~PLL_OUTPUT_COUNTER|divclk}
    Info (332110): create_generated_clock -source {emu|pll|pll_inst|altera_pll_i|general[1].gpll~PLL_OUTPUT_COUNTER|vco0ph[0]} -divide_by 10 -duty_cycle 50.00 -name {emu|pll|pll_inst|altera_pll_i|general[1].gpll~PLL_OUTPUT_COUNTER|divclk} {emu|pll|pll_inst|altera_pll_i|general[1].gpll~PLL_OUTPUT_COUNTER|divclk}
    Info (332110): create_generated_clock -source {emu|pll|pll_inst|altera_pll_i|general[2].gpll~PLL_OUTPUT_COUNTER|vco0ph[0]} -divide_by 9 -duty_cycle 50.00 -name {emu|pll|pll_inst|altera_pll_i|general[2].gpll~PLL_OUTPUT_COUNTER|divclk} {emu|pll|pll_inst|altera_pll_i|general[2].gpll~PLL_OUTPUT_COUNTER|divclk}
Info (332151): Clock uncertainty is not calculated until you update the timing netlist.
Info (332104): Reading SDC File: 'MediaPlayer.sdc'
Info (332151): Clock uncertainty is not calculated until you update the timing netlist.
Warning (332174): Ignored filter at MediaPlayer.sdc(51): *|mpeg2_new_framebuffer_generation[*] could not be matched with a keeper File: /home/vash/mister-builds/entry681/FPGA/MediaPlayer.sdc Line: 51
Warning (332174): Ignored filter at MediaPlayer.sdc(52): *|mpeg2_luma_framebuffer:mpeg2_luma_framebuffer|framebuffer_generation_r1[*] could not be matched with a keeper File: /home/vash/mister-builds/entry681/FPGA/MediaPlayer.sdc Line: 52
Warning (332049): Ignored set_false_path at MediaPlayer.sdc(50): Argument <from> is an empty collection File: /home/vash/mister-builds/entry681/FPGA/MediaPlayer.sdc Line: 50
    Info (332050): set_false_path \
    -from [get_keepers {*|mpeg2_new_framebuffer_generation[*]}] \
    -to   [get_keepers {*|mpeg2_luma_framebuffer:mpeg2_luma_framebuffer|framebuffer_generation_r1[*]}] File: /home/vash/mister-builds/entry681/FPGA/MediaPlayer.sdc Line: 50
Warning (332049): Ignored set_false_path at MediaPlayer.sdc(50): Argument <to> is an empty collection File: /home/vash/mister-builds/entry681/FPGA/MediaPlayer.sdc Line: 50
Warning (332174): Ignored filter at MediaPlayer.sdc(66): *|mpeg2_luma_framebuffer:mpeg2_luma_framebuffer|luma_tag_*_mem* could not be matched with a keeper File: /home/vash/mister-builds/entry681/FPGA/MediaPlayer.sdc Line: 66
Warning (332174): Ignored filter at MediaPlayer.sdc(67): *|mpeg2_luma_framebuffer:mpeg2_luma_framebuffer|luma_tag_*_r1* could not be matched with a keeper File: /home/vash/mister-builds/entry681/FPGA/MediaPlayer.sdc Line: 67
Warning (332049): Ignored set_false_path at MediaPlayer.sdc(65): Argument <from> is an empty collection File: /home/vash/mister-builds/entry681/FPGA/MediaPlayer.sdc Line: 65
    Info (332050): set_false_path \
    -from [get_keepers {*|mpeg2_luma_framebuffer:mpeg2_luma_framebuffer|luma_tag_*_mem*}] \
    -to   [get_keepers {*|mpeg2_luma_framebuffer:mpeg2_luma_framebuffer|luma_tag_*_r1*}] File: /home/vash/mister-builds/entry681/FPGA/MediaPlayer.sdc Line: 65
Warning (332049): Ignored set_false_path at MediaPlayer.sdc(65): Argument <to> is an empty collection File: /home/vash/mister-builds/entry681/FPGA/MediaPlayer.sdc Line: 65
Warning (332174): Ignored filter at MediaPlayer.sdc(69): *|mpeg2_luma_framebuffer:mpeg2_luma_framebuffer|luma_tag_toggle_bank0_mem could not be matched with a keeper File: /home/vash/mister-builds/entry681/FPGA/MediaPlayer.sdc Line: 69
Warning (332174): Ignored filter at MediaPlayer.sdc(70): *|mpeg2_luma_framebuffer:mpeg2_luma_framebuffer|luma_tag_toggle_bank0_sync_rd[0] could not be matched with a keeper File: /home/vash/mister-builds/entry681/FPGA/MediaPlayer.sdc Line: 70
Warning (332049): Ignored set_false_path at MediaPlayer.sdc(68): Argument <from> is an empty collection File: /home/vash/mister-builds/entry681/FPGA/MediaPlayer.sdc Line: 68
    Info (332050): set_false_path \
    -from [get_keepers {*|mpeg2_luma_framebuffer:mpeg2_luma_framebuffer|luma_tag_toggle_bank0_mem}] \
    -to   [get_keepers {*|mpeg2_luma_framebuffer:mpeg2_luma_framebuffer|luma_tag_toggle_bank0_sync_rd[0]}] File: /home/vash/mister-builds/entry681/FPGA/MediaPlayer.sdc Line: 68
Warning (332049): Ignored set_false_path at MediaPlayer.sdc(68): Argument <to> is an empty collection File: /home/vash/mister-builds/entry681/FPGA/MediaPlayer.sdc Line: 68
Warning (332174): Ignored filter at MediaPlayer.sdc(72): *|mpeg2_luma_framebuffer:mpeg2_luma_framebuffer|luma_tag_toggle_bank1_mem could not be matched with a keeper File: /home/vash/mister-builds/entry681/FPGA/MediaPlayer.sdc Line: 72
Warning (332174): Ignored filter at MediaPlayer.sdc(73): *|mpeg2_luma_framebuffer:mpeg2_luma_framebuffer|luma_tag_toggle_bank1_sync_rd[0] could not be matched with a keeper File: /home/vash/mister-builds/entry681/FPGA/MediaPlayer.sdc Line: 73
Warning (332049): Ignored set_false_path at MediaPlayer.sdc(71): Argument <from> is an empty collection File: /home/vash/mister-builds/entry681/FPGA/MediaPlayer.sdc Line: 71
    Info (332050): set_false_path \
    -from [get_keepers {*|mpeg2_luma_framebuffer:mpeg2_luma_framebuffer|luma_tag_toggle_bank1_mem}] \
    -to   [get_keepers {*|mpeg2_luma_framebuffer:mpeg2_luma_framebuffer|luma_tag_toggle_bank1_sync_rd[0]}] File: /home/vash/mister-builds/entry681/FPGA/MediaPlayer.sdc Line: 71
Warning (332049): Ignored set_false_path at MediaPlayer.sdc(71): Argument <to> is an empty collection File: /home/vash/mister-builds/entry681/FPGA/MediaPlayer.sdc Line: 71
Warning (332174): Ignored filter at MediaPlayer.sdc(79): *|mpeg2_luma_framebuffer:mpeg2_luma_framebuffer|luma_provenance_*_rd* could not be matched with a keeper File: /home/vash/mister-builds/entry681/FPGA/MediaPlayer.sdc Line: 79
Warning (332174): Ignored filter at MediaPlayer.sdc(80): *|mpeg2_luma_framebuffer:mpeg2_luma_framebuffer|luma_provenance_*_m1* could not be matched with a keeper File: /home/vash/mister-builds/entry681/FPGA/MediaPlayer.sdc Line: 80
Warning (332049): Ignored set_false_path at MediaPlayer.sdc(78): Argument <from> is an empty collection File: /home/vash/mister-builds/entry681/FPGA/MediaPlayer.sdc Line: 78
    Info (332050): set_false_path \
    -from [get_keepers {*|mpeg2_luma_framebuffer:mpeg2_luma_framebuffer|luma_provenance_*_rd*}] \
    -to   [get_keepers {*|mpeg2_luma_framebuffer:mpeg2_luma_framebuffer|luma_provenance_*_m1*}] File: /home/vash/mister-builds/entry681/FPGA/MediaPlayer.sdc Line: 78
Warning (332049): Ignored set_false_path at MediaPlayer.sdc(78): Argument <to> is an empty collection File: /home/vash/mister-builds/entry681/FPGA/MediaPlayer.sdc Line: 78
Warning (332174): Ignored filter at MediaPlayer.sdc(82): *|mpeg2_luma_framebuffer:mpeg2_luma_framebuffer|luma_provenance_toggle_rd could not be matched with a keeper File: /home/vash/mister-builds/entry681/FPGA/MediaPlayer.sdc Line: 82
Warning (332174): Ignored filter at MediaPlayer.sdc(83): *|mpeg2_luma_framebuffer:mpeg2_luma_framebuffer|luma_provenance_toggle_sync[0] could not be matched with a keeper File: /home/vash/mister-builds/entry681/FPGA/MediaPlayer.sdc Line: 83
Warning (332049): Ignored set_false_path at MediaPlayer.sdc(81): Argument <from> is an empty collection File: /home/vash/mister-builds/entry681/FPGA/MediaPlayer.sdc Line: 81
    Info (332050): set_false_path \
    -from [get_keepers {*|mpeg2_luma_framebuffer:mpeg2_luma_framebuffer|luma_provenance_toggle_rd}] \
    -to   [get_keepers {*|mpeg2_luma_framebuffer:mpeg2_luma_framebuffer|luma_provenance_toggle_sync[0]}] File: /home/vash/mister-builds/entry681/FPGA/MediaPlayer.sdc Line: 81
Warning (332049): Ignored set_false_path at MediaPlayer.sdc(81): Argument <to> is an empty collection File: /home/vash/mister-builds/entry681/FPGA/MediaPlayer.sdc Line: 81
Warning (332174): Ignored filter at MediaPlayer.sdc(140): *|mpeg2_new_framebuffer_prefill_missed_sync[0] could not be matched with a keeper File: /home/vash/mister-builds/entry681/FPGA/MediaPlayer.sdc Line: 140
Warning (332049): Ignored set_false_path at MediaPlayer.sdc(139): Argument <to> is an empty collection File: /home/vash/mister-builds/entry681/FPGA/MediaPlayer.sdc Line: 139
    Info (332050): set_false_path \
    -to [get_keepers {*|mpeg2_new_framebuffer_prefill_missed_sync[0]}] File: /home/vash/mister-builds/entry681/FPGA/MediaPlayer.sdc Line: 139
Warning (332174): Ignored filter at MediaPlayer.sdc(147): *|mpeg2_new_framebuffer_phase_error_sync[0] could not be matched with a keeper File: /home/vash/mister-builds/entry681/FPGA/MediaPlayer.sdc Line: 147
Warning (332049): Ignored set_false_path at MediaPlayer.sdc(146): Argument <to> is an empty collection File: /home/vash/mister-builds/entry681/FPGA/MediaPlayer.sdc Line: 146
    Info (332050): set_false_path \
    -to [get_keepers {*|mpeg2_new_framebuffer_phase_error_sync[0]}] File: /home/vash/mister-builds/entry681/FPGA/MediaPlayer.sdc Line: 146
Warning (332174): Ignored filter at MediaPlayer.sdc(212): RESET could not be matched with a port File: /home/vash/mister-builds/entry681/FPGA/MediaPlayer.sdc Line: 212
Warning (332049): Ignored set_false_path at MediaPlayer.sdc(211): Argument <from> is an empty collection File: /home/vash/mister-builds/entry681/FPGA/MediaPlayer.sdc Line: 211
    Info (332050): set_false_path \
    -from [get_ports {RESET}] \
    -to   [get_keepers {*|reset_mpeg2_sync[*]}] File: /home/vash/mister-builds/entry681/FPGA/MediaPlayer.sdc Line: 211
Warning (332049): Ignored set_false_path at MediaPlayer.sdc(214): Argument <from> is an empty collection File: /home/vash/mister-builds/entry681/FPGA/MediaPlayer.sdc Line: 214
    Info (332050): set_false_path \
    -from [get_ports {RESET}] \
    -to   [get_keepers {*|reset_video_sync[*]}] File: /home/vash/mister-builds/entry681/FPGA/MediaPlayer.sdc Line: 214
Info (332097): The following timing edges are non-unate.  TimeQuest will assume pos-unate behavior for these edges in the clock network.
    Info (332098): Cell: emu|pll|pll_inst|altera_pll_i|general[0].gpll~FRACTIONAL_PLL  from: refclkin  to: fbclk
    Info (332098): Cell: emu|pll|pll_inst|altera_pll_i|general[0].gpll~PLL_OUTPUT_COUNTER  from: vco0ph[0]  to: divclk
    Info (332098): Cell: emu|pll|pll_inst|altera_pll_i|general[0].gpll~PLL_REFCLK_SELECT  from: clkin[0]  to: clkout
    Info (332098): Cell: emu|pll|pll_inst|altera_pll_i|general[1].gpll~PLL_OUTPUT_COUNTER  from: vco0ph[0]  to: divclk
    Info (332098): Cell: emu|pll|pll_inst|altera_pll_i|general[2].gpll~PLL_OUTPUT_COUNTER  from: vco0ph[0]  to: divclk
    Info (332098): Cell: pll_audio|pll_audio_inst|altera_pll_i|general[0].gpll~FRACTIONAL_PLL  from: refclkin  to: fbclk
    Info (332098): Cell: pll_audio|pll_audio_inst|altera_pll_i|general[0].gpll~PLL_OUTPUT_COUNTER  from: vco0ph[0]  to: divclk
    Info (332098): Cell: pll_audio|pll_audio_inst|altera_pll_i|general[0].gpll~PLL_REFCLK_SELECT  from: clkin[0]  to: clkout
    Info (332098): Cell: pll_hdmi|pll_hdmi_inst|altera_pll_i|cyclonev_pll|counter[0].output_counter  from: vco0ph[0]  to: divclk
    Info (332098): Cell: pll_hdmi|pll_hdmi_inst|altera_pll_i|cyclonev_pll|fpll_0|REFCLK_SELECT  from: clkin[0]  to: clkout
    Info (332098): Cell: pll_hdmi|pll_hdmi_inst|altera_pll_i|cyclonev_pll|fpll_0|fpll  from: refclkin  to: fbclk
    Info (332098): From: sysmem|fpga_interfaces|f2sdram|cmd_port_clk_0  to: sysmem_lite:sysmem|sysmem_HPS_fpga_interfaces:fpga_interfaces|f2sdram~FF_762
    Info (332098): From: sysmem|fpga_interfaces|f2sdram|cmd_port_clk_1  to: sysmem_lite:sysmem|sysmem_HPS_fpga_interfaces:fpga_interfaces|f2sdram~FF_827
    Info (332098): From: sysmem|fpga_interfaces|f2sdram|cmd_port_clk_2  to: sysmem_lite:sysmem|sysmem_HPS_fpga_interfaces:fpga_interfaces|f2sdram~FF_920
    Info (332098): From: sysmem|fpga_interfaces|f2sdram|rd_clk_0  to: sysmem_lite:sysmem|sysmem_HPS_fpga_interfaces:fpga_interfaces|f2sdram~FF_7
    Info (332098): From: sysmem|fpga_interfaces|f2sdram|rd_clk_1  to: sysmem_lite:sysmem|sysmem_HPS_fpga_interfaces:fpga_interfaces|f2sdram~FF_6
    Info (332098): From: sysmem|fpga_interfaces|f2sdram|rd_clk_2  to: sysmem_lite:sysmem|sysmem_HPS_fpga_interfaces:fpga_interfaces|f2sdram~FF_5
    Info (332098): From: sysmem|fpga_interfaces|f2sdram|rd_clk_3  to: sysmem_lite:sysmem|sysmem_HPS_fpga_interfaces:fpga_interfaces|f2sdram~FF_4
    Info (332098): From: sysmem|fpga_interfaces|f2sdram|wr_clk_0  to: sysmem_lite:sysmem|sysmem_HPS_fpga_interfaces:fpga_interfaces|f2sdram~FF_3
    Info (332098): From: sysmem|fpga_interfaces|f2sdram|wr_clk_1  to: sysmem_lite:sysmem|sysmem_HPS_fpga_interfaces:fpga_interfaces|f2sdram~FF_2
    Info (332098): From: sysmem|fpga_interfaces|f2sdram|wr_clk_2  to: sysmem_lite:sysmem|sysmem_HPS_fpga_interfaces:fpga_interfaces|f2sdram~FF_1
    Info (332098): From: sysmem|fpga_interfaces|f2sdram|wr_clk_3  to: sysmem_lite:sysmem|sysmem_HPS_fpga_interfaces:fpga_interfaces|f2sdram~FF_0
Info (332123): Deriving Clock Uncertainty. Please refer to report_sdc in TimeQuest to see clock uncertainties.
WEIGHT_REGISTERS transform iq_intra_weight count=8
WEIGHT_REGISTER emu:emu|mpeg2_h262_two_picture_probe:mpeg2_h262_two_picture_probe|mpeg2_h262_p_diagnostic_controller:p_controller|mpeg2_h262_p_residual_probe:residual_probe|mpeg2_h262_p_non_intra_transform:transform|iq_intra_weight[7]
WEIGHT_REGISTER emu:emu|mpeg2_h262_two_picture_probe:mpeg2_h262_two_picture_probe|mpeg2_h262_p_diagnostic_controller:p_controller|mpeg2_h262_p_residual_probe:residual_probe|mpeg2_h262_p_non_intra_transform:transform|iq_intra_weight[6]
WEIGHT_REGISTER emu:emu|mpeg2_h262_two_picture_probe:mpeg2_h262_two_picture_probe|mpeg2_h262_p_diagnostic_controller:p_controller|mpeg2_h262_p_residual_probe:residual_probe|mpeg2_h262_p_non_intra_transform:transform|iq_intra_weight[5]
WEIGHT_REGISTER emu:emu|mpeg2_h262_two_picture_probe:mpeg2_h262_two_picture_probe|mpeg2_h262_p_diagnostic_controller:p_controller|mpeg2_h262_p_residual_probe:residual_probe|mpeg2_h262_p_non_intra_transform:transform|iq_intra_weight[4]
WEIGHT_REGISTER emu:emu|mpeg2_h262_two_picture_probe:mpeg2_h262_two_picture_probe|mpeg2_h262_p_diagnostic_controller:p_controller|mpeg2_h262_p_residual_probe:residual_probe|mpeg2_h262_p_non_intra_transform:transform|iq_intra_weight[3]
WEIGHT_REGISTER emu:emu|mpeg2_h262_two_picture_probe:mpeg2_h262_two_picture_probe|mpeg2_h262_p_diagnostic_controller:p_controller|mpeg2_h262_p_residual_probe:residual_probe|mpeg2_h262_p_non_intra_transform:transform|iq_intra_weight[2]
WEIGHT_REGISTER emu:emu|mpeg2_h262_two_picture_probe:mpeg2_h262_two_picture_probe|mpeg2_h262_p_diagnostic_controller:p_controller|mpeg2_h262_p_residual_probe:residual_probe|mpeg2_h262_p_non_intra_transform:transform|iq_intra_weight[1]
WEIGHT_REGISTER emu:emu|mpeg2_h262_two_picture_probe:mpeg2_h262_two_picture_probe|mpeg2_h262_p_diagnostic_controller:p_controller|mpeg2_h262_p_residual_probe:residual_probe|mpeg2_h262_p_non_intra_transform:transform|iq_intra_weight[0]
Info (332115): Report Timing: Found 2 setup paths (0 violated).  Worst case slack is 4.821
    Info (332115): -to [get_registers {*|mpeg2_h262_p_non_intra_transform:transform|iq_intra_weight*}]
    Info (332115): -setup
    Info (332115): -npaths 2
    Info (332115): -detail full_path
    Info (332115): -file {/home/vash/mister-builds/entry681/results/transform_iq_intra_weight_input.rpt}
Info (332115): Report Timing: Found 2 setup paths (0 violated).  Worst case slack is 2.692
    Info (332115): -from [get_registers {*|mpeg2_h262_p_non_intra_transform:transform|iq_intra_weight*}]
    Info (332115): -setup
    Info (332115): -npaths 2
    Info (332115): -detail full_path
    Info (332115): -file {/home/vash/mister-builds/entry681/results/transform_iq_intra_weight_output.rpt}
WEIGHT_REGISTERS transform iq_non_intra_weight count=8
WEIGHT_REGISTER emu:emu|mpeg2_h262_two_picture_probe:mpeg2_h262_two_picture_probe|mpeg2_h262_p_diagnostic_controller:p_controller|mpeg2_h262_p_residual_probe:residual_probe|mpeg2_h262_p_non_intra_transform:transform|iq_non_intra_weight[7]
WEIGHT_REGISTER emu:emu|mpeg2_h262_two_picture_probe:mpeg2_h262_two_picture_probe|mpeg2_h262_p_diagnostic_controller:p_controller|mpeg2_h262_p_residual_probe:residual_probe|mpeg2_h262_p_non_intra_transform:transform|iq_non_intra_weight[6]
WEIGHT_REGISTER emu:emu|mpeg2_h262_two_picture_probe:mpeg2_h262_two_picture_probe|mpeg2_h262_p_diagnostic_controller:p_controller|mpeg2_h262_p_residual_probe:residual_probe|mpeg2_h262_p_non_intra_transform:transform|iq_non_intra_weight[5]
WEIGHT_REGISTER emu:emu|mpeg2_h262_two_picture_probe:mpeg2_h262_two_picture_probe|mpeg2_h262_p_diagnostic_controller:p_controller|mpeg2_h262_p_residual_probe:residual_probe|mpeg2_h262_p_non_intra_transform:transform|iq_non_intra_weight[4]
WEIGHT_REGISTER emu:emu|mpeg2_h262_two_picture_probe:mpeg2_h262_two_picture_probe|mpeg2_h262_p_diagnostic_controller:p_controller|mpeg2_h262_p_residual_probe:residual_probe|mpeg2_h262_p_non_intra_transform:transform|iq_non_intra_weight[3]
WEIGHT_REGISTER emu:emu|mpeg2_h262_two_picture_probe:mpeg2_h262_two_picture_probe|mpeg2_h262_p_diagnostic_controller:p_controller|mpeg2_h262_p_residual_probe:residual_probe|mpeg2_h262_p_non_intra_transform:transform|iq_non_intra_weight[2]
WEIGHT_REGISTER emu:emu|mpeg2_h262_two_picture_probe:mpeg2_h262_two_picture_probe|mpeg2_h262_p_diagnostic_controller:p_controller|mpeg2_h262_p_residual_probe:residual_probe|mpeg2_h262_p_non_intra_transform:transform|iq_non_intra_weight[1]
WEIGHT_REGISTER emu:emu|mpeg2_h262_two_picture_probe:mpeg2_h262_two_picture_probe|mpeg2_h262_p_diagnostic_controller:p_controller|mpeg2_h262_p_residual_probe:residual_probe|mpeg2_h262_p_non_intra_transform:transform|iq_non_intra_weight[0]
Info (332115): Report Timing: Found 2 setup paths (0 violated).  Worst case slack is 5.310
    Info (332115): -to [get_registers {*|mpeg2_h262_p_non_intra_transform:transform|iq_non_intra_weight*}]
    Info (332115): -setup
    Info (332115): -npaths 2
    Info (332115): -detail full_path
    Info (332115): -file {/home/vash/mister-builds/entry681/results/transform_iq_non_intra_weight_input.rpt}
Info (332115): Report Timing: Found 2 setup paths (0 violated).  Worst case slack is 2.934
    Info (332115): -from [get_registers {*|mpeg2_h262_p_non_intra_transform:transform|iq_non_intra_weight*}]
    Info (332115): -setup
    Info (332115): -npaths 2
    Info (332115): -detail full_path
    Info (332115): -file {/home/vash/mister-builds/entry681/results/transform_iq_non_intra_weight_output.rpt}
WEIGHT_REGISTERS b_transform iq_intra_weight count=8
WEIGHT_REGISTER emu:emu|mpeg2_h262_two_picture_probe:mpeg2_h262_two_picture_probe|mpeg2_h262_b_core_probe:b_controller|mpeg2_h262_p_non_intra_transform:b_transform|iq_intra_weight[7]
WEIGHT_REGISTER emu:emu|mpeg2_h262_two_picture_probe:mpeg2_h262_two_picture_probe|mpeg2_h262_b_core_probe:b_controller|mpeg2_h262_p_non_intra_transform:b_transform|iq_intra_weight[6]
WEIGHT_REGISTER emu:emu|mpeg2_h262_two_picture_probe:mpeg2_h262_two_picture_probe|mpeg2_h262_b_core_probe:b_controller|mpeg2_h262_p_non_intra_transform:b_transform|iq_intra_weight[5]
WEIGHT_REGISTER emu:emu|mpeg2_h262_two_picture_probe:mpeg2_h262_two_picture_probe|mpeg2_h262_b_core_probe:b_controller|mpeg2_h262_p_non_intra_transform:b_transform|iq_intra_weight[4]
WEIGHT_REGISTER emu:emu|mpeg2_h262_two_picture_probe:mpeg2_h262_two_picture_probe|mpeg2_h262_b_core_probe:b_controller|mpeg2_h262_p_non_intra_transform:b_transform|iq_intra_weight[3]
WEIGHT_REGISTER emu:emu|mpeg2_h262_two_picture_probe:mpeg2_h262_two_picture_probe|mpeg2_h262_b_core_probe:b_controller|mpeg2_h262_p_non_intra_transform:b_transform|iq_intra_weight[2]
WEIGHT_REGISTER emu:emu|mpeg2_h262_two_picture_probe:mpeg2_h262_two_picture_probe|mpeg2_h262_b_core_probe:b_controller|mpeg2_h262_p_non_intra_transform:b_transform|iq_intra_weight[1]
WEIGHT_REGISTER emu:emu|mpeg2_h262_two_picture_probe:mpeg2_h262_two_picture_probe|mpeg2_h262_b_core_probe:b_controller|mpeg2_h262_p_non_intra_transform:b_transform|iq_intra_weight[0]
Info (332115): Report Timing: Found 2 setup paths (0 violated).  Worst case slack is 5.438
    Info (332115): -to [get_registers {*|mpeg2_h262_p_non_intra_transform:b_transform|iq_intra_weight*}]
    Info (332115): -setup
    Info (332115): -npaths 2
    Info (332115): -detail full_path
    Info (332115): -file {/home/vash/mister-builds/entry681/results/b_transform_iq_intra_weight_input.rpt}
Info (332115): Report Timing: Found 2 setup paths (0 violated).  Worst case slack is 2.966
    Info (332115): -from [get_registers {*|mpeg2_h262_p_non_intra_transform:b_transform|iq_intra_weight*}]
    Info (332115): -setup
    Info (332115): -npaths 2
    Info (332115): -detail full_path
    Info (332115): -file {/home/vash/mister-builds/entry681/results/b_transform_iq_intra_weight_output.rpt}
WEIGHT_REGISTERS b_transform iq_non_intra_weight count=8
WEIGHT_REGISTER emu:emu|mpeg2_h262_two_picture_probe:mpeg2_h262_two_picture_probe|mpeg2_h262_b_core_probe:b_controller|mpeg2_h262_p_non_intra_transform:b_transform|iq_non_intra_weight[7]
WEIGHT_REGISTER emu:emu|mpeg2_h262_two_picture_probe:mpeg2_h262_two_picture_probe|mpeg2_h262_b_core_probe:b_controller|mpeg2_h262_p_non_intra_transform:b_transform|iq_non_intra_weight[6]
WEIGHT_REGISTER emu:emu|mpeg2_h262_two_picture_probe:mpeg2_h262_two_picture_probe|mpeg2_h262_b_core_probe:b_controller|mpeg2_h262_p_non_intra_transform:b_transform|iq_non_intra_weight[5]
WEIGHT_REGISTER emu:emu|mpeg2_h262_two_picture_probe:mpeg2_h262_two_picture_probe|mpeg2_h262_b_core_probe:b_controller|mpeg2_h262_p_non_intra_transform:b_transform|iq_non_intra_weight[4]
WEIGHT_REGISTER emu:emu|mpeg2_h262_two_picture_probe:mpeg2_h262_two_picture_probe|mpeg2_h262_b_core_probe:b_controller|mpeg2_h262_p_non_intra_transform:b_transform|iq_non_intra_weight[3]
WEIGHT_REGISTER emu:emu|mpeg2_h262_two_picture_probe:mpeg2_h262_two_picture_probe|mpeg2_h262_b_core_probe:b_controller|mpeg2_h262_p_non_intra_transform:b_transform|iq_non_intra_weight[2]
WEIGHT_REGISTER emu:emu|mpeg2_h262_two_picture_probe:mpeg2_h262_two_picture_probe|mpeg2_h262_b_core_probe:b_controller|mpeg2_h262_p_non_intra_transform:b_transform|iq_non_intra_weight[1]
WEIGHT_REGISTER emu:emu|mpeg2_h262_two_picture_probe:mpeg2_h262_two_picture_probe|mpeg2_h262_b_core_probe:b_controller|mpeg2_h262_p_non_intra_transform:b_transform|iq_non_intra_weight[0]
Info (332115): Report Timing: Found 2 setup paths (0 violated).  Worst case slack is 5.175
    Info (332115): -to [get_registers {*|mpeg2_h262_p_non_intra_transform:b_transform|iq_non_intra_weight*}]
    Info (332115): -setup
    Info (332115): -npaths 2
    Info (332115): -detail full_path
    Info (332115): -file {/home/vash/mister-builds/entry681/results/b_transform_iq_non_intra_weight_input.rpt}
Info (332115): Report Timing: Found 2 setup paths (0 violated).  Worst case slack is 2.826
    Info (332115): -from [get_registers {*|mpeg2_h262_p_non_intra_transform:b_transform|iq_non_intra_weight*}]
    Info (332115): -setup
    Info (332115): -npaths 2
    Info (332115): -detail full_path
    Info (332115): -file {/home/vash/mister-builds/entry681/results/b_transform_iq_non_intra_weight_output.rpt}
WEIGHT_REGISTER_AUDIT_PASS
FILM_CDC_ENDPOINT *|mpeg2_luma_framebuffer:mpeg2_luma_framebuffer|progressive_chroma_mem count=2
FILM_CDC_ENDPOINT *|mpeg2_luma_framebuffer:mpeg2_luma_framebuffer|progressive_chroma_r1 count=1
FILM_CDC_ENDPOINT *|mpeg2_h262_native_field_order:*|film_mode* count=1
FILM_CDC_ENDPOINT *|mpeg2_new_film_mode_video_sync[0] count=1
FILM_CDC_ENDPOINT *|mpeg2_video_output_timing:*|native_field count=2
FILM_CDC_ENDPOINT *|mpeg2_video_output_timing:*|native_active* count=4
FILM_CDC_ENDPOINT *|mpeg2_new_native_field_sync[0] count=1
Info (332115): Report Timing: Found 3 setup paths (0 violated).  Worst case slack is 15.597
    Info (332115): -from [get_keepers {*|mpeg2_new_film_mode_video_sync[0] *|mpeg2_new_native_field_sync[0] *|progressive_chroma_r1}]
    Info (332115): -setup
    Info (332115): -npaths 10
    Info (332115): -detail summary
    Info (332115): -file {/home/vash/mister-builds/entry681/results/film_later_stages.rpt}
FILM_CDC_AUDIT_PASS
Info (332115): Report Timing: Found 15 setup paths (0 violated).  Worst case slack is 0.269
    Info (332115): -setup
    Info (332115): -npaths 15
    Info (332115): -detail full_path
    Info (332115): -file {/home/vash/mister-builds/entry681/results/setup_paths.rpt}
Info (332115): Report Timing: Found 5 hold paths (0 violated).  Worst case slack is 0.250
    Info (332115): -hold
    Info (332115): -npaths 5
    Info (332115): -detail full_path
    Info (332115): -file {/home/vash/mister-builds/entry681/results/hold_paths.rpt}
Info (23030): Evaluation of Tcl script /home/vash/mister-builds/entry681/entry681_timing.tcl was successful
Info: Quartus Prime TimeQuest Timing Analyzer was successful. 0 errors, 31 warnings
    Info: Peak virtual memory: 2096 megabytes
    Info: Processing ended: Fri Aug 28 13:13:28 2026
    Info: Elapsed time: 00:00:06
    Info: Total CPU time (on all processors): 00:00:09
