----------------
; Command Info ;
----------------
Report Timing: Found 2 setup paths (0 violated).  Worst case slack is 4.821 

Tcl Command:
    report_timing -setup -file /home/vash/mister-builds/entry681/results/transform_iq_intra_weight_input.rpt -to [get_registers {*|mpeg2_h262_p_non_intra_transform:transform|iq_intra_weight*}] -npaths 2 -detail full_path

Options:
    -to [get_registers {*|mpeg2_h262_p_non_intra_transform:transform|iq_intra_weight*}] 
    -setup 
    -npaths 2 
    -detail full_path 
    -file {/home/vash/mister-builds/entry681/results/transform_iq_intra_weight_input.rpt} 

Delay Model:
    Slow 1100mV 100C Model

+-------------------------------------------------------------------------------------------------------------------------------------------------------------------------------------------------------------------------------------------------------------------------------------------------------------------------------------------------------------------------------------------------------------------------------------------------------------------------------------------------------------------------------------------------------------------------------------------------------------------------------------------------------+
; Summary of Paths                                                                                                                                                                                                                                                                                                                                                                                                                                                                                                                                                                                                                                      ;
+-------+---------------------------------------------------------------------------------------------------------------------------------------------------------------------------------------------------------------------+----------------------------------------------------------------------------------------------------------------------------------------------------------------------------------------------------------------------------+-------------------------------------------------------------------------+-------------------------------------------------------------------------+--------------+------------+------------+
; Slack ; From Node                                                                                                                                                                                                           ; To Node                                                                                                                                                                                                                    ; Launch Clock                                                            ; Latch Clock                                                             ; Relationship ; Clock Skew ; Data Delay ;
+-------+---------------------------------------------------------------------------------------------------------------------------------------------------------------------------------------------------------------------+----------------------------------------------------------------------------------------------------------------------------------------------------------------------------------------------------------------------------+-------------------------------------------------------------------------+-------------------------------------------------------------------------+--------------+------------+------------+
; 4.821 ; emu:emu|mpeg2_h262_two_picture_probe:mpeg2_h262_two_picture_probe|mpeg2_h262_p_diagnostic_controller:p_controller|mpeg2_h262_p_residual_probe:residual_probe|mpeg2_h262_p_non_intra_transform:transform|iq_index[2] ; emu:emu|mpeg2_h262_two_picture_probe:mpeg2_h262_two_picture_probe|mpeg2_h262_p_diagnostic_controller:p_controller|mpeg2_h262_p_residual_probe:residual_probe|mpeg2_h262_p_non_intra_transform:transform|iq_intra_weight[1] ; emu|pll|pll_inst|altera_pll_i|general[2].gpll~PLL_OUTPUT_COUNTER|divclk ; emu|pll|pll_inst|altera_pll_i|general[2].gpll~PLL_OUTPUT_COUNTER|divclk ; 16.666       ; -0.095     ; 11.630     ;
; 4.833 ; emu:emu|mpeg2_h262_two_picture_probe:mpeg2_h262_two_picture_probe|mpeg2_h262_p_diagnostic_controller:p_controller|mpeg2_h262_p_residual_probe:residual_probe|mpeg2_h262_p_non_intra_transform:transform|iq_index[2] ; emu:emu|mpeg2_h262_two_picture_probe:mpeg2_h262_two_picture_probe|mpeg2_h262_p_diagnostic_controller:p_controller|mpeg2_h262_p_residual_probe:residual_probe|mpeg2_h262_p_non_intra_transform:transform|iq_intra_weight[0] ; emu|pll|pll_inst|altera_pll_i|general[2].gpll~PLL_OUTPUT_COUNTER|divclk ; emu|pll|pll_inst|altera_pll_i|general[2].gpll~PLL_OUTPUT_COUNTER|divclk ; 16.666       ; -0.089     ; 11.624     ;
+-------+---------------------------------------------------------------------------------------------------------------------------------------------------------------------------------------------------------------------+----------------------------------------------------------------------------------------------------------------------------------------------------------------------------------------------------------------------------+-------------------------------------------------------------------------+-------------------------------------------------------------------------+--------------+------------+------------+

Path #1: Setup slack is 4.821 
===============================================================================
+-------------------------------------------------------------------------------------------------------------------------------------------------------------------------------------------------------------------------------------------------+
; Path Summary                                                                                                                                                                                                                                    ;
+--------------------+----------------------------------------------------------------------------------------------------------------------------------------------------------------------------------------------------------------------------+
; Property           ; Value                                                                                                                                                                                                                      ;
+--------------------+----------------------------------------------------------------------------------------------------------------------------------------------------------------------------------------------------------------------------+
; From Node          ; emu:emu|mpeg2_h262_two_picture_probe:mpeg2_h262_two_picture_probe|mpeg2_h262_p_diagnostic_controller:p_controller|mpeg2_h262_p_residual_probe:residual_probe|mpeg2_h262_p_non_intra_transform:transform|iq_index[2]        ;
; To Node            ; emu:emu|mpeg2_h262_two_picture_probe:mpeg2_h262_two_picture_probe|mpeg2_h262_p_diagnostic_controller:p_controller|mpeg2_h262_p_residual_probe:residual_probe|mpeg2_h262_p_non_intra_transform:transform|iq_intra_weight[1] ;
; Launch Clock       ; emu|pll|pll_inst|altera_pll_i|general[2].gpll~PLL_OUTPUT_COUNTER|divclk                                                                                                                                                    ;
; Latch Clock        ; emu|pll|pll_inst|altera_pll_i|general[2].gpll~PLL_OUTPUT_COUNTER|divclk                                                                                                                                                    ;
; Data Arrival Time  ; 16.076                                                                                                                                                                                                                     ;
; Data Required Time ; 20.897                                                                                                                                                                                                                     ;
; Slack              ; 4.821                                                                                                                                                                                                                      ;
+--------------------+----------------------------------------------------------------------------------------------------------------------------------------------------------------------------------------------------------------------------+

+--------------------------------------------------------------------------------------+
; Statistics                                                                           ;
+------------------------+--------+-------+-------------+------------+--------+--------+
; Property               ; Value  ; Count ; Total Delay ; % of Total ; Min    ; Max    ;
+------------------------+--------+-------+-------------+------------+--------+--------+
; Setup Relationship     ; 16.666 ;       ;             ;            ;        ;        ;
; Clock Skew             ; -0.095 ;       ;             ;            ;        ;        ;
; Data Delay             ; 11.630 ;       ;             ;            ;        ;        ;
; Number of Logic Levels ;        ; 7     ;             ;            ;        ;        ;
; Physical Delays        ;        ;       ;             ;            ;        ;        ;
;  Arrival Path          ;        ;       ;             ;            ;        ;        ;
;   Clock                ;        ;       ;             ;            ;        ;        ;
;    IC                  ;        ; 6     ; 4.692       ; 57         ; 0.000  ; 2.339  ;
;    Cell                ;        ; 5     ; 3.522       ; 43         ; 0.322  ; 1.535  ;
;    PLL Compensation    ;        ; 1     ; -3.768      ; 0          ; -3.768 ; -3.768 ;
;   Data                 ;        ;       ;             ;            ;        ;        ;
;    IC                  ;        ; 8     ; 7.775       ; 67         ; 0.222  ; 2.687  ;
;    Cell                ;        ; 9     ; 3.855       ; 33         ; 0.000  ; 0.565  ;
;    uTco                ;        ; 1     ; 0.000       ; 0          ; 0.000  ; 0.000  ;
;  Required Path         ;        ;       ;             ;            ;        ;        ;
;   Clock                ;        ;       ;             ;            ;        ;        ;
;    IC                  ;        ; 6     ; 4.013       ; 56         ; 0.000  ; 1.898  ;
;    Cell                ;        ; 5     ; 3.148       ; 44         ; 0.296  ; 1.268  ;
;    PLL Compensation    ;        ; 1     ; -4.932      ; 0          ; -4.932 ; -4.932 ;
+------------------------+--------+-------+-------------+------------+--------+--------+
Note: Negative delays are omitted from totals when calculating percentages

+----------------------------------------------------------------------------------------------------------------------------------------------------------------------------------------------------------------------------------------------------------------------------------------------------+
; Data Arrival Path                                                                                                                                                                                                                                                                                  ;
+----------+----------+----+------+--------+----------------------------+----------------------------------------------------------------------------------------------------------------------------------------------------------------------------------------------------------------------------+
; Total    ; Incr     ; RF ; Type ; Fanout ; Location                   ; Element                                                                                                                                                                                                                    ;
+----------+----------+----+------+--------+----------------------------+----------------------------------------------------------------------------------------------------------------------------------------------------------------------------------------------------------------------------+
; 0.000    ; 0.000    ;    ;      ;        ;                            ; launch edge time                                                                                                                                                                                                           ;
; 4.446    ; 4.446    ;    ;      ;        ;                            ; clock path                                                                                                                                                                                                                 ;
;   0.000  ;   0.000  ;    ;      ;        ;                            ; source latency                                                                                                                                                                                                             ;
;   0.000  ;   0.000  ;    ;      ; 1      ; PIN_Y13                    ; FPGA_CLK2_50                                                                                                                                                                                                               ;
;   0.000  ;   0.000  ; RR ; IC   ; 1      ; IOIBUF_X56_Y0_N1           ; FPGA_CLK2_50~input|i                                                                                                                                                                                                       ;
;   0.761  ;   0.761  ; RR ; CELL ; 2      ; IOIBUF_X56_Y0_N1           ; FPGA_CLK2_50~input|o                                                                                                                                                                                                       ;
;   2.096  ;   1.335  ; RR ; IC   ; 1      ; PLLREFCLKSELECT_X89_Y7_N0  ; emu|pll|pll_inst|altera_pll_i|general[0].gpll~PLL_REFCLK_SELECT|clkin[0]                                                                                                                                                   ;
;   2.429  ;   0.333  ; RR ; CELL ; 1      ; PLLREFCLKSELECT_X89_Y7_N0  ; emu|pll|pll_inst|altera_pll_i|general[0].gpll~PLL_REFCLK_SELECT|clkout                                                                                                                                                     ;
;   2.429  ;   0.000  ; RR ; IC   ; 10     ; FRACTIONALPLL_X89_Y1_N0    ; emu|pll|pll_inst|altera_pll_i|general[0].gpll~FRACTIONAL_PLL|refclkin                                                                                                                                                      ;
;   -1.339 ;   -3.768 ; RR ; COMP ; 3      ; FRACTIONALPLL_X89_Y1_N0    ; emu|pll|pll_inst|altera_pll_i|general[0].gpll~FRACTIONAL_PLL|vcoph[0]                                                                                                                                                      ;
;   -1.339 ;   0.000  ; RR ; IC   ; 1      ; PLLOUTPUTCOUNTER_X89_Y0_N1 ; emu|pll|pll_inst|altera_pll_i|general[2].gpll~PLL_OUTPUT_COUNTER|vco0ph[0]                                                                                                                                                 ;
;   0.196  ;   1.535  ; RR ; CELL ; 1      ; PLLOUTPUTCOUNTER_X89_Y0_N1 ; emu|pll|pll_inst|altera_pll_i|general[2].gpll~PLL_OUTPUT_COUNTER|divclk                                                                                                                                                    ;
;   1.214  ;   1.018  ; RR ; IC   ; 1      ; CLKCTRL_G11                ; emu|pll|pll_inst|altera_pll_i|outclk_wire[2]~CLKENA0|inclk                                                                                                                                                                 ;
;   1.536  ;   0.322  ; RR ; CELL ; 36256  ; CLKCTRL_G11                ; emu|pll|pll_inst|altera_pll_i|outclk_wire[2]~CLKENA0|outclk                                                                                                                                                                ;
;   3.875  ;   2.339  ; RR ; IC   ; 1      ; FF_X36_Y10_N5              ; emu|mpeg2_h262_two_picture_probe|p_controller|residual_probe|transform|iq_index[2]|clk                                                                                                                                     ;
;   4.446  ;   0.571  ; RR ; CELL ; 1      ; FF_X36_Y10_N5              ; emu:emu|mpeg2_h262_two_picture_probe:mpeg2_h262_two_picture_probe|mpeg2_h262_p_diagnostic_controller:p_controller|mpeg2_h262_p_residual_probe:residual_probe|mpeg2_h262_p_non_intra_transform:transform|iq_index[2]        ;
; 16.076   ; 11.630   ;    ;      ;        ;                            ; data path                                                                                                                                                                                                                  ;
;   4.446  ;   0.000  ;    ; uTco ; 1      ; FF_X36_Y10_N5              ; emu:emu|mpeg2_h262_two_picture_probe:mpeg2_h262_two_picture_probe|mpeg2_h262_p_diagnostic_controller:p_controller|mpeg2_h262_p_residual_probe:residual_probe|mpeg2_h262_p_non_intra_transform:transform|iq_index[2]        ;
;   4.446  ;   0.000  ; FF ; CELL ; 19     ; FF_X36_Y10_N5              ; emu|mpeg2_h262_two_picture_probe|p_controller|residual_probe|transform|iq_index[2]|q                                                                                                                                       ;
;   4.786  ;   0.340  ; FF ; IC   ; 1      ; LABCELL_X36_Y10_N45        ; emu|mpeg2_h262_two_picture_probe|p_controller|residual_probe|transform|iq_weight_read_index~0|dataa                                                                                                                        ;
;   5.327  ;   0.541  ; FF ; CELL ; 4      ; LABCELL_X36_Y10_N45        ; emu|mpeg2_h262_two_picture_probe|p_controller|residual_probe|transform|iq_weight_read_index~0|combout                                                                                                                      ;
;   6.247  ;   0.920  ; FF ; IC   ; 1      ; LABCELL_X37_Y9_N54         ; emu|mpeg2_h262_two_picture_probe|p_controller|residual_probe|transform|iq_weight_read_index~1|datab                                                                                                                        ;
;   6.795  ;   0.548  ; FR ; CELL ; 6      ; LABCELL_X37_Y9_N54         ; emu|mpeg2_h262_two_picture_probe|p_controller|residual_probe|transform|iq_weight_read_index~1|combout                                                                                                                      ;
;   7.039  ;   0.244  ; RR ; IC   ; 1      ; LABCELL_X37_Y9_N51         ; emu|mpeg2_h262_two_picture_probe|p_controller|residual_probe|transform|iq_weight_read_index[1]~3|dataa                                                                                                                     ;
;   7.603  ;   0.564  ; RF ; CELL ; 124    ; LABCELL_X37_Y9_N51         ; emu|mpeg2_h262_two_picture_probe|p_controller|residual_probe|transform|iq_weight_read_index[1]~3|combout                                                                                                                   ;
;   10.290 ;   2.687  ; FF ; IC   ; 1      ; LABCELL_X30_Y1_N54         ; emu|mpeg2_h262_two_picture_probe|p_controller|residual_probe|transform|matrices|intra_mem~535|datad                                                                                                                        ;
;   10.798 ;   0.508  ; FF ; CELL ; 1      ; LABCELL_X30_Y1_N54         ; emu|mpeg2_h262_two_picture_probe|p_controller|residual_probe|transform|matrices|intra_mem~535|combout                                                                                                                      ;
;   11.610 ;   0.812  ; FF ; IC   ; 1      ; MLABCELL_X28_Y2_N12        ; emu|mpeg2_h262_two_picture_probe|p_controller|residual_probe|transform|matrices|intra_mem~537|dataa                                                                                                                        ;
;   12.175 ;   0.565  ; FF ; CELL ; 1      ; MLABCELL_X28_Y2_N12        ; emu|mpeg2_h262_two_picture_probe|p_controller|residual_probe|transform|matrices|intra_mem~537|combout                                                                                                                      ;
;   12.397 ;   0.222  ; FF ; IC   ; 1      ; MLABCELL_X28_Y2_N6         ; emu|mpeg2_h262_two_picture_probe|p_controller|residual_probe|transform|matrices|intra_mem~553|datad                                                                                                                        ;
;   12.905 ;   0.508  ; FF ; CELL ; 1      ; MLABCELL_X28_Y2_N6         ; emu|mpeg2_h262_two_picture_probe|p_controller|residual_probe|transform|matrices|intra_mem~553|combout                                                                                                                      ;
;   14.841 ;   1.936  ; FF ; IC   ; 1      ; LABCELL_X33_Y9_N48         ; emu|mpeg2_h262_two_picture_probe|p_controller|residual_probe|transform|iq_intra_weight~1|dataf                                                                                                                             ;
;   14.922 ;   0.081  ; FF ; CELL ; 1      ; LABCELL_X33_Y9_N48         ; emu|mpeg2_h262_two_picture_probe|p_controller|residual_probe|transform|iq_intra_weight~1|combout                                                                                                                           ;
;   15.536 ;   0.614  ; FF ; IC   ; 1      ; FF_X33_Y10_N20             ; emu|mpeg2_h262_two_picture_probe|p_controller|residual_probe|transform|iq_intra_weight[1]|asdata                                                                                                                           ;
;   16.076 ;   0.540  ; FF ; CELL ; 1      ; FF_X33_Y10_N20             ; emu:emu|mpeg2_h262_two_picture_probe:mpeg2_h262_two_picture_probe|mpeg2_h262_p_diagnostic_controller:p_controller|mpeg2_h262_p_residual_probe:residual_probe|mpeg2_h262_p_non_intra_transform:transform|iq_intra_weight[1] ;
+----------+----------+----+------+--------+----------------------------+----------------------------------------------------------------------------------------------------------------------------------------------------------------------------------------------------------------------------+

+----------------------------------------------------------------------------------------------------------------------------------------------------------------------------------------------------------------------------------------------------------------------------------------------------+
; Data Required Path                                                                                                                                                                                                                                                                                 ;
+----------+----------+----+------+--------+----------------------------+----------------------------------------------------------------------------------------------------------------------------------------------------------------------------------------------------------------------------+
; Total    ; Incr     ; RF ; Type ; Fanout ; Location                   ; Element                                                                                                                                                                                                                    ;
+----------+----------+----+------+--------+----------------------------+----------------------------------------------------------------------------------------------------------------------------------------------------------------------------------------------------------------------------+
; 16.666   ; 16.666   ;    ;      ;        ;                            ; latch edge time                                                                                                                                                                                                            ;
; 21.017   ; 4.351    ;    ;      ;        ;                            ; clock path                                                                                                                                                                                                                 ;
;   16.666 ;   0.000  ;    ;      ;        ;                            ; source latency                                                                                                                                                                                                             ;
;   16.666 ;   0.000  ;    ;      ; 1      ; PIN_Y13                    ; FPGA_CLK2_50                                                                                                                                                                                                               ;
;   16.666 ;   0.000  ; RR ; IC   ; 1      ; IOIBUF_X56_Y0_N1           ; FPGA_CLK2_50~input|i                                                                                                                                                                                                       ;
;   17.427 ;   0.761  ; RR ; CELL ; 2      ; IOIBUF_X56_Y0_N1           ; FPGA_CLK2_50~input|o                                                                                                                                                                                                       ;
;   18.598 ;   1.171  ; RR ; IC   ; 1      ; PLLREFCLKSELECT_X89_Y7_N0  ; emu|pll|pll_inst|altera_pll_i|general[0].gpll~PLL_REFCLK_SELECT|clkin[0]                                                                                                                                                   ;
;   18.906 ;   0.308  ; RR ; CELL ; 1      ; PLLREFCLKSELECT_X89_Y7_N0  ; emu|pll|pll_inst|altera_pll_i|general[0].gpll~PLL_REFCLK_SELECT|clkout                                                                                                                                                     ;
;   18.906 ;   0.000  ; RR ; IC   ; 10     ; FRACTIONALPLL_X89_Y1_N0    ; emu|pll|pll_inst|altera_pll_i|general[0].gpll~FRACTIONAL_PLL|refclkin                                                                                                                                                      ;
;   13.974 ;   -4.932 ; RR ; COMP ; 3      ; FRACTIONALPLL_X89_Y1_N0    ; emu|pll|pll_inst|altera_pll_i|general[0].gpll~FRACTIONAL_PLL|vcoph[0]                                                                                                                                                      ;
;   13.974 ;   0.000  ; RR ; IC   ; 1      ; PLLOUTPUTCOUNTER_X89_Y0_N1 ; emu|pll|pll_inst|altera_pll_i|general[2].gpll~PLL_OUTPUT_COUNTER|vco0ph[0]                                                                                                                                                 ;
;   15.242 ;   1.268  ; RR ; CELL ; 1      ; PLLOUTPUTCOUNTER_X89_Y0_N1 ; emu|pll|pll_inst|altera_pll_i|general[2].gpll~PLL_OUTPUT_COUNTER|divclk                                                                                                                                                    ;
;   16.186 ;   0.944  ; RR ; IC   ; 1      ; CLKCTRL_G11                ; emu|pll|pll_inst|altera_pll_i|outclk_wire[2]~CLKENA0|inclk                                                                                                                                                                 ;
;   16.482 ;   0.296  ; RR ; CELL ; 36256  ; CLKCTRL_G11                ; emu|pll|pll_inst|altera_pll_i|outclk_wire[2]~CLKENA0|outclk                                                                                                                                                                ;
;   18.380 ;   1.898  ; RR ; IC   ; 1      ; FF_X33_Y10_N20             ; emu|mpeg2_h262_two_picture_probe|p_controller|residual_probe|transform|iq_intra_weight[1]|clk                                                                                                                              ;
;   18.895 ;   0.515  ; RR ; CELL ; 1      ; FF_X33_Y10_N20             ; emu:emu|mpeg2_h262_two_picture_probe:mpeg2_h262_two_picture_probe|mpeg2_h262_p_diagnostic_controller:p_controller|mpeg2_h262_p_residual_probe:residual_probe|mpeg2_h262_p_non_intra_transform:transform|iq_intra_weight[1] ;
;   21.017 ;   2.122  ;    ;      ;        ;                            ; clock pessimism removed                                                                                                                                                                                                    ;
; 20.897   ; -0.120   ;    ;      ;        ;                            ; clock uncertainty                                                                                                                                                                                                          ;
; 20.897   ; 0.000    ;    ; uTsu ; 1      ; FF_X33_Y10_N20             ; emu:emu|mpeg2_h262_two_picture_probe:mpeg2_h262_two_picture_probe|mpeg2_h262_p_diagnostic_controller:p_controller|mpeg2_h262_p_residual_probe:residual_probe|mpeg2_h262_p_non_intra_transform:transform|iq_intra_weight[1] ;
+----------+----------+----+------+--------+----------------------------+----------------------------------------------------------------------------------------------------------------------------------------------------------------------------------------------------------------------------+

----------------------------
; Extra Fitter Information ;
----------------------------
HTML report is unavailable in plain text report export.


Path #2: Setup slack is 4.833 
===============================================================================
+-------------------------------------------------------------------------------------------------------------------------------------------------------------------------------------------------------------------------------------------------+
; Path Summary                                                                                                                                                                                                                                    ;
+--------------------+----------------------------------------------------------------------------------------------------------------------------------------------------------------------------------------------------------------------------+
; Property           ; Value                                                                                                                                                                                                                      ;
+--------------------+----------------------------------------------------------------------------------------------------------------------------------------------------------------------------------------------------------------------------+
; From Node          ; emu:emu|mpeg2_h262_two_picture_probe:mpeg2_h262_two_picture_probe|mpeg2_h262_p_diagnostic_controller:p_controller|mpeg2_h262_p_residual_probe:residual_probe|mpeg2_h262_p_non_intra_transform:transform|iq_index[2]        ;
; To Node            ; emu:emu|mpeg2_h262_two_picture_probe:mpeg2_h262_two_picture_probe|mpeg2_h262_p_diagnostic_controller:p_controller|mpeg2_h262_p_residual_probe:residual_probe|mpeg2_h262_p_non_intra_transform:transform|iq_intra_weight[0] ;
; Launch Clock       ; emu|pll|pll_inst|altera_pll_i|general[2].gpll~PLL_OUTPUT_COUNTER|divclk                                                                                                                                                    ;
; Latch Clock        ; emu|pll|pll_inst|altera_pll_i|general[2].gpll~PLL_OUTPUT_COUNTER|divclk                                                                                                                                                    ;
; Data Arrival Time  ; 16.070                                                                                                                                                                                                                     ;
; Data Required Time ; 20.903                                                                                                                                                                                                                     ;
; Slack              ; 4.833                                                                                                                                                                                                                      ;
+--------------------+----------------------------------------------------------------------------------------------------------------------------------------------------------------------------------------------------------------------------+

+--------------------------------------------------------------------------------------+
; Statistics                                                                           ;
+------------------------+--------+-------+-------------+------------+--------+--------+
; Property               ; Value  ; Count ; Total Delay ; % of Total ; Min    ; Max    ;
+------------------------+--------+-------+-------------+------------+--------+--------+
; Setup Relationship     ; 16.666 ;       ;             ;            ;        ;        ;
; Clock Skew             ; -0.089 ;       ;             ;            ;        ;        ;
; Data Delay             ; 11.624 ;       ;             ;            ;        ;        ;
; Number of Logic Levels ;        ; 7     ;             ;            ;        ;        ;
; Physical Delays        ;        ;       ;             ;            ;        ;        ;
;  Arrival Path          ;        ;       ;             ;            ;        ;        ;
;   Clock                ;        ;       ;             ;            ;        ;        ;
;    IC                  ;        ; 6     ; 4.692       ; 57         ; 0.000  ; 2.339  ;
;    Cell                ;        ; 5     ; 3.522       ; 43         ; 0.322  ; 1.535  ;
;    PLL Compensation    ;        ; 1     ; -3.768      ; 0          ; -3.768 ; -3.768 ;
;   Data                 ;        ;       ;             ;            ;        ;        ;
;    IC                  ;        ; 8     ; 7.726       ; 66         ; 0.244  ; 2.277  ;
;    Cell                ;        ; 9     ; 3.898       ; 34         ; 0.000  ; 0.593  ;
;    uTco                ;        ; 1     ; 0.000       ; 0          ; 0.000  ; 0.000  ;
;  Required Path         ;        ;       ;             ;            ;        ;        ;
;   Clock                ;        ;       ;             ;            ;        ;        ;
;    IC                  ;        ; 6     ; 4.018       ; 56         ; 0.000  ; 1.903  ;
;    Cell                ;        ; 5     ; 3.147       ; 44         ; 0.296  ; 1.268  ;
;    PLL Compensation    ;        ; 1     ; -4.932      ; 0          ; -4.932 ; -4.932 ;
+------------------------+--------+-------+-------------+------------+--------+--------+
Note: Negative delays are omitted from totals when calculating percentages

+----------------------------------------------------------------------------------------------------------------------------------------------------------------------------------------------------------------------------------------------------------------------------------------------------+
; Data Arrival Path                                                                                                                                                                                                                                                                                  ;
+----------+----------+----+------+--------+----------------------------+----------------------------------------------------------------------------------------------------------------------------------------------------------------------------------------------------------------------------+
; Total    ; Incr     ; RF ; Type ; Fanout ; Location                   ; Element                                                                                                                                                                                                                    ;
+----------+----------+----+------+--------+----------------------------+----------------------------------------------------------------------------------------------------------------------------------------------------------------------------------------------------------------------------+
; 0.000    ; 0.000    ;    ;      ;        ;                            ; launch edge time                                                                                                                                                                                                           ;
; 4.446    ; 4.446    ;    ;      ;        ;                            ; clock path                                                                                                                                                                                                                 ;
;   0.000  ;   0.000  ;    ;      ;        ;                            ; source latency                                                                                                                                                                                                             ;
;   0.000  ;   0.000  ;    ;      ; 1      ; PIN_Y13                    ; FPGA_CLK2_50                                                                                                                                                                                                               ;
;   0.000  ;   0.000  ; RR ; IC   ; 1      ; IOIBUF_X56_Y0_N1           ; FPGA_CLK2_50~input|i                                                                                                                                                                                                       ;
;   0.761  ;   0.761  ; RR ; CELL ; 2      ; IOIBUF_X56_Y0_N1           ; FPGA_CLK2_50~input|o                                                                                                                                                                                                       ;
;   2.096  ;   1.335  ; RR ; IC   ; 1      ; PLLREFCLKSELECT_X89_Y7_N0  ; emu|pll|pll_inst|altera_pll_i|general[0].gpll~PLL_REFCLK_SELECT|clkin[0]                                                                                                                                                   ;
;   2.429  ;   0.333  ; RR ; CELL ; 1      ; PLLREFCLKSELECT_X89_Y7_N0  ; emu|pll|pll_inst|altera_pll_i|general[0].gpll~PLL_REFCLK_SELECT|clkout                                                                                                                                                     ;
;   2.429  ;   0.000  ; RR ; IC   ; 10     ; FRACTIONALPLL_X89_Y1_N0    ; emu|pll|pll_inst|altera_pll_i|general[0].gpll~FRACTIONAL_PLL|refclkin                                                                                                                                                      ;
;   -1.339 ;   -3.768 ; RR ; COMP ; 3      ; FRACTIONALPLL_X89_Y1_N0    ; emu|pll|pll_inst|altera_pll_i|general[0].gpll~FRACTIONAL_PLL|vcoph[0]                                                                                                                                                      ;
;   -1.339 ;   0.000  ; RR ; IC   ; 1      ; PLLOUTPUTCOUNTER_X89_Y0_N1 ; emu|pll|pll_inst|altera_pll_i|general[2].gpll~PLL_OUTPUT_COUNTER|vco0ph[0]                                                                                                                                                 ;
;   0.196  ;   1.535  ; RR ; CELL ; 1      ; PLLOUTPUTCOUNTER_X89_Y0_N1 ; emu|pll|pll_inst|altera_pll_i|general[2].gpll~PLL_OUTPUT_COUNTER|divclk                                                                                                                                                    ;
;   1.214  ;   1.018  ; RR ; IC   ; 1      ; CLKCTRL_G11                ; emu|pll|pll_inst|altera_pll_i|outclk_wire[2]~CLKENA0|inclk                                                                                                                                                                 ;
;   1.536  ;   0.322  ; RR ; CELL ; 36256  ; CLKCTRL_G11                ; emu|pll|pll_inst|altera_pll_i|outclk_wire[2]~CLKENA0|outclk                                                                                                                                                                ;
;   3.875  ;   2.339  ; RR ; IC   ; 1      ; FF_X36_Y10_N5              ; emu|mpeg2_h262_two_picture_probe|p_controller|residual_probe|transform|iq_index[2]|clk                                                                                                                                     ;
;   4.446  ;   0.571  ; RR ; CELL ; 1      ; FF_X36_Y10_N5              ; emu:emu|mpeg2_h262_two_picture_probe:mpeg2_h262_two_picture_probe|mpeg2_h262_p_diagnostic_controller:p_controller|mpeg2_h262_p_residual_probe:residual_probe|mpeg2_h262_p_non_intra_transform:transform|iq_index[2]        ;
; 16.070   ; 11.624   ;    ;      ;        ;                            ; data path                                                                                                                                                                                                                  ;
;   4.446  ;   0.000  ;    ; uTco ; 1      ; FF_X36_Y10_N5              ; emu:emu|mpeg2_h262_two_picture_probe:mpeg2_h262_two_picture_probe|mpeg2_h262_p_diagnostic_controller:p_controller|mpeg2_h262_p_residual_probe:residual_probe|mpeg2_h262_p_non_intra_transform:transform|iq_index[2]        ;
;   4.446  ;   0.000  ; FF ; CELL ; 19     ; FF_X36_Y10_N5              ; emu|mpeg2_h262_two_picture_probe|p_controller|residual_probe|transform|iq_index[2]|q                                                                                                                                       ;
;   4.786  ;   0.340  ; FF ; IC   ; 1      ; LABCELL_X36_Y10_N45        ; emu|mpeg2_h262_two_picture_probe|p_controller|residual_probe|transform|iq_weight_read_index~0|dataa                                                                                                                        ;
;   5.327  ;   0.541  ; FF ; CELL ; 4      ; LABCELL_X36_Y10_N45        ; emu|mpeg2_h262_two_picture_probe|p_controller|residual_probe|transform|iq_weight_read_index~0|combout                                                                                                                      ;
;   6.247  ;   0.920  ; FF ; IC   ; 1      ; LABCELL_X37_Y9_N54         ; emu|mpeg2_h262_two_picture_probe|p_controller|residual_probe|transform|iq_weight_read_index~1|datab                                                                                                                        ;
;   6.795  ;   0.548  ; FR ; CELL ; 6      ; LABCELL_X37_Y9_N54         ; emu|mpeg2_h262_two_picture_probe|p_controller|residual_probe|transform|iq_weight_read_index~1|combout                                                                                                                      ;
;   7.039  ;   0.244  ; RR ; IC   ; 1      ; LABCELL_X37_Y9_N51         ; emu|mpeg2_h262_two_picture_probe|p_controller|residual_probe|transform|iq_weight_read_index[1]~3|dataa                                                                                                                     ;
;   7.603  ;   0.564  ; RF ; CELL ; 124    ; LABCELL_X37_Y9_N51         ; emu|mpeg2_h262_two_picture_probe|p_controller|residual_probe|transform|iq_weight_read_index[1]~3|combout                                                                                                                   ;
;   9.880  ;   2.277  ; FF ; IC   ; 1      ; LABCELL_X30_Y2_N51         ; emu|mpeg2_h262_two_picture_probe|p_controller|residual_probe|transform|matrices|intra_mem~519|datad                                                                                                                        ;
;   10.386 ;   0.506  ; FF ; CELL ; 1      ; LABCELL_X30_Y2_N51         ; emu|mpeg2_h262_two_picture_probe|p_controller|residual_probe|transform|matrices|intra_mem~519|combout                                                                                                                      ;
;   11.185 ;   0.799  ; FF ; IC   ; 1      ; LABCELL_X29_Y1_N48         ; emu|mpeg2_h262_two_picture_probe|p_controller|residual_probe|transform|matrices|intra_mem~521|datab                                                                                                                        ;
;   11.744 ;   0.559  ; FF ; CELL ; 1      ; LABCELL_X29_Y1_N48         ; emu|mpeg2_h262_two_picture_probe|p_controller|residual_probe|transform|matrices|intra_mem~521|combout                                                                                                                      ;
;   12.803 ;   1.059  ; FF ; IC   ; 1      ; MLABCELL_X34_Y2_N42        ; emu|mpeg2_h262_two_picture_probe|p_controller|residual_probe|transform|matrices|intra_mem~532|datad                                                                                                                        ;
;   13.311 ;   0.508  ; FF ; CELL ; 1      ; MLABCELL_X34_Y2_N42        ; emu|mpeg2_h262_two_picture_probe|p_controller|residual_probe|transform|matrices|intra_mem~532|combout                                                                                                                      ;
;   14.540 ;   1.229  ; FF ; IC   ; 1      ; MLABCELL_X34_Y8_N3         ; emu|mpeg2_h262_two_picture_probe|p_controller|residual_probe|transform|iq_intra_weight~0|dataf                                                                                                                             ;
;   14.619 ;   0.079  ; FF ; CELL ; 1      ; MLABCELL_X34_Y8_N3         ; emu|mpeg2_h262_two_picture_probe|p_controller|residual_probe|transform|iq_intra_weight~0|combout                                                                                                                           ;
;   15.477 ;   0.858  ; FF ; IC   ; 1      ; FF_X34_Y10_N34             ; emu|mpeg2_h262_two_picture_probe|p_controller|residual_probe|transform|iq_intra_weight[0]|asdata                                                                                                                           ;
;   16.070 ;   0.593  ; FF ; CELL ; 1      ; FF_X34_Y10_N34             ; emu:emu|mpeg2_h262_two_picture_probe:mpeg2_h262_two_picture_probe|mpeg2_h262_p_diagnostic_controller:p_controller|mpeg2_h262_p_residual_probe:residual_probe|mpeg2_h262_p_non_intra_transform:transform|iq_intra_weight[0] ;
+----------+----------+----+------+--------+----------------------------+----------------------------------------------------------------------------------------------------------------------------------------------------------------------------------------------------------------------------+

+----------------------------------------------------------------------------------------------------------------------------------------------------------------------------------------------------------------------------------------------------------------------------------------------------+
; Data Required Path                                                                                                                                                                                                                                                                                 ;
+----------+----------+----+------+--------+----------------------------+----------------------------------------------------------------------------------------------------------------------------------------------------------------------------------------------------------------------------+
; Total    ; Incr     ; RF ; Type ; Fanout ; Location                   ; Element                                                                                                                                                                                                                    ;
+----------+----------+----+------+--------+----------------------------+----------------------------------------------------------------------------------------------------------------------------------------------------------------------------------------------------------------------------+
; 16.666   ; 16.666   ;    ;      ;        ;                            ; latch edge time                                                                                                                                                                                                            ;
; 21.023   ; 4.357    ;    ;      ;        ;                            ; clock path                                                                                                                                                                                                                 ;
;   16.666 ;   0.000  ;    ;      ;        ;                            ; source latency                                                                                                                                                                                                             ;
;   16.666 ;   0.000  ;    ;      ; 1      ; PIN_Y13                    ; FPGA_CLK2_50                                                                                                                                                                                                               ;
;   16.666 ;   0.000  ; RR ; IC   ; 1      ; IOIBUF_X56_Y0_N1           ; FPGA_CLK2_50~input|i                                                                                                                                                                                                       ;
;   17.427 ;   0.761  ; RR ; CELL ; 2      ; IOIBUF_X56_Y0_N1           ; FPGA_CLK2_50~input|o                                                                                                                                                                                                       ;
;   18.598 ;   1.171  ; RR ; IC   ; 1      ; PLLREFCLKSELECT_X89_Y7_N0  ; emu|pll|pll_inst|altera_pll_i|general[0].gpll~PLL_REFCLK_SELECT|clkin[0]                                                                                                                                                   ;
;   18.906 ;   0.308  ; RR ; CELL ; 1      ; PLLREFCLKSELECT_X89_Y7_N0  ; emu|pll|pll_inst|altera_pll_i|general[0].gpll~PLL_REFCLK_SELECT|clkout                                                                                                                                                     ;
;   18.906 ;   0.000  ; RR ; IC   ; 10     ; FRACTIONALPLL_X89_Y1_N0    ; emu|pll|pll_inst|altera_pll_i|general[0].gpll~FRACTIONAL_PLL|refclkin                                                                                                                                                      ;
;   13.974 ;   -4.932 ; RR ; COMP ; 3      ; FRACTIONALPLL_X89_Y1_N0    ; emu|pll|pll_inst|altera_pll_i|general[0].gpll~FRACTIONAL_PLL|vcoph[0]                                                                                                                                                      ;
;   13.974 ;   0.000  ; RR ; IC   ; 1      ; PLLOUTPUTCOUNTER_X89_Y0_N1 ; emu|pll|pll_inst|altera_pll_i|general[2].gpll~PLL_OUTPUT_COUNTER|vco0ph[0]                                                                                                                                                 ;
;   15.242 ;   1.268  ; RR ; CELL ; 1      ; PLLOUTPUTCOUNTER_X89_Y0_N1 ; emu|pll|pll_inst|altera_pll_i|general[2].gpll~PLL_OUTPUT_COUNTER|divclk                                                                                                                                                    ;
;   16.186 ;   0.944  ; RR ; IC   ; 1      ; CLKCTRL_G11                ; emu|pll|pll_inst|altera_pll_i|outclk_wire[2]~CLKENA0|inclk                                                                                                                                                                 ;
;   16.482 ;   0.296  ; RR ; CELL ; 36256  ; CLKCTRL_G11                ; emu|pll|pll_inst|altera_pll_i|outclk_wire[2]~CLKENA0|outclk                                                                                                                                                                ;
;   18.385 ;   1.903  ; RR ; IC   ; 1      ; FF_X34_Y10_N34             ; emu|mpeg2_h262_two_picture_probe|p_controller|residual_probe|transform|iq_intra_weight[0]|clk                                                                                                                              ;
;   18.899 ;   0.514  ; RR ; CELL ; 1      ; FF_X34_Y10_N34             ; emu:emu|mpeg2_h262_two_picture_probe:mpeg2_h262_two_picture_probe|mpeg2_h262_p_diagnostic_controller:p_controller|mpeg2_h262_p_residual_probe:residual_probe|mpeg2_h262_p_non_intra_transform:transform|iq_intra_weight[0] ;
;   21.023 ;   2.124  ;    ;      ;        ;                            ; clock pessimism removed                                                                                                                                                                                                    ;
; 20.903   ; -0.120   ;    ;      ;        ;                            ; clock uncertainty                                                                                                                                                                                                          ;
; 20.903   ; 0.000    ;    ; uTsu ; 1      ; FF_X34_Y10_N34             ; emu:emu|mpeg2_h262_two_picture_probe:mpeg2_h262_two_picture_probe|mpeg2_h262_p_diagnostic_controller:p_controller|mpeg2_h262_p_residual_probe:residual_probe|mpeg2_h262_p_non_intra_transform:transform|iq_intra_weight[0] ;
+----------+----------+----+------+--------+----------------------------+----------------------------------------------------------------------------------------------------------------------------------------------------------------------------------------------------------------------------+

----------------------------
; Extra Fitter Information ;
----------------------------
HTML report is unavailable in plain text report export.


