----------------
; Command Info ;
----------------
Report Timing: Found 2 setup paths (0 violated).  Worst case slack is 4.829 

Tcl Command:
    report_timing -setup -file /home/vash/mister-builds/entry679/results/transform_iq_non_intra_weight_input.rpt -to [get_registers {*|mpeg2_h262_p_non_intra_transform:transform|iq_non_intra_weight*}] -npaths 2 -detail full_path

Options:
    -to [get_registers {*|mpeg2_h262_p_non_intra_transform:transform|iq_non_intra_weight*}] 
    -setup 
    -npaths 2 
    -detail full_path 
    -file {/home/vash/mister-builds/entry679/results/transform_iq_non_intra_weight_input.rpt} 

Delay Model:
    Slow 1100mV 100C Model

+-----------------------------------------------------------------------------------------------------------------------------------------------------------------------------------------------------------------------------------------------------------------------------------------------------------------------------------------------------------------------------------------------------------------------------------------------------------------------------------------------------------------------------------------------------------------------------------------------------------------------------------------------------------+
; Summary of Paths                                                                                                                                                                                                                                                                                                                                                                                                                                                                                                                                                                                                                                          ;
+-------+---------------------------------------------------------------------------------------------------------------------------------------------------------------------------------------------------------------------+--------------------------------------------------------------------------------------------------------------------------------------------------------------------------------------------------------------------------------+-------------------------------------------------------------------------+-------------------------------------------------------------------------+--------------+------------+------------+
; Slack ; From Node                                                                                                                                                                                                           ; To Node                                                                                                                                                                                                                        ; Launch Clock                                                            ; Latch Clock                                                             ; Relationship ; Clock Skew ; Data Delay ;
+-------+---------------------------------------------------------------------------------------------------------------------------------------------------------------------------------------------------------------------+--------------------------------------------------------------------------------------------------------------------------------------------------------------------------------------------------------------------------------+-------------------------------------------------------------------------+-------------------------------------------------------------------------+--------------+------------+------------+
; 4.829 ; emu:emu|mpeg2_h262_two_picture_probe:mpeg2_h262_two_picture_probe|mpeg2_h262_p_diagnostic_controller:p_controller|mpeg2_h262_p_residual_probe:residual_probe|mpeg2_h262_p_non_intra_transform:transform|iq_index[1] ; emu:emu|mpeg2_h262_two_picture_probe:mpeg2_h262_two_picture_probe|mpeg2_h262_p_diagnostic_controller:p_controller|mpeg2_h262_p_residual_probe:residual_probe|mpeg2_h262_p_non_intra_transform:transform|iq_non_intra_weight[6] ; emu|pll|pll_inst|altera_pll_i|general[2].gpll~PLL_OUTPUT_COUNTER|divclk ; emu|pll|pll_inst|altera_pll_i|general[2].gpll~PLL_OUTPUT_COUNTER|divclk ; 16.666       ; -0.113     ; 11.604     ;
; 4.848 ; emu:emu|mpeg2_h262_two_picture_probe:mpeg2_h262_two_picture_probe|mpeg2_h262_p_diagnostic_controller:p_controller|mpeg2_h262_p_residual_probe:residual_probe|mpeg2_h262_p_non_intra_transform:transform|iq_index[2] ; emu:emu|mpeg2_h262_two_picture_probe:mpeg2_h262_two_picture_probe|mpeg2_h262_p_diagnostic_controller:p_controller|mpeg2_h262_p_residual_probe:residual_probe|mpeg2_h262_p_non_intra_transform:transform|iq_non_intra_weight[6] ; emu|pll|pll_inst|altera_pll_i|general[2].gpll~PLL_OUTPUT_COUNTER|divclk ; emu|pll|pll_inst|altera_pll_i|general[2].gpll~PLL_OUTPUT_COUNTER|divclk ; 16.666       ; -0.113     ; 11.585     ;
+-------+---------------------------------------------------------------------------------------------------------------------------------------------------------------------------------------------------------------------+--------------------------------------------------------------------------------------------------------------------------------------------------------------------------------------------------------------------------------+-------------------------------------------------------------------------+-------------------------------------------------------------------------+--------------+------------+------------+

Path #1: Setup slack is 4.829 
===============================================================================
+-----------------------------------------------------------------------------------------------------------------------------------------------------------------------------------------------------------------------------------------------------+
; Path Summary                                                                                                                                                                                                                                        ;
+--------------------+--------------------------------------------------------------------------------------------------------------------------------------------------------------------------------------------------------------------------------+
; Property           ; Value                                                                                                                                                                                                                          ;
+--------------------+--------------------------------------------------------------------------------------------------------------------------------------------------------------------------------------------------------------------------------+
; From Node          ; emu:emu|mpeg2_h262_two_picture_probe:mpeg2_h262_two_picture_probe|mpeg2_h262_p_diagnostic_controller:p_controller|mpeg2_h262_p_residual_probe:residual_probe|mpeg2_h262_p_non_intra_transform:transform|iq_index[1]            ;
; To Node            ; emu:emu|mpeg2_h262_two_picture_probe:mpeg2_h262_two_picture_probe|mpeg2_h262_p_diagnostic_controller:p_controller|mpeg2_h262_p_residual_probe:residual_probe|mpeg2_h262_p_non_intra_transform:transform|iq_non_intra_weight[6] ;
; Launch Clock       ; emu|pll|pll_inst|altera_pll_i|general[2].gpll~PLL_OUTPUT_COUNTER|divclk                                                                                                                                                        ;
; Latch Clock        ; emu|pll|pll_inst|altera_pll_i|general[2].gpll~PLL_OUTPUT_COUNTER|divclk                                                                                                                                                        ;
; Data Arrival Time  ; 16.051                                                                                                                                                                                                                         ;
; Data Required Time ; 20.880                                                                                                                                                                                                                         ;
; Slack              ; 4.829                                                                                                                                                                                                                          ;
+--------------------+--------------------------------------------------------------------------------------------------------------------------------------------------------------------------------------------------------------------------------+

+--------------------------------------------------------------------------------------+
; Statistics                                                                           ;
+------------------------+--------+-------+-------------+------------+--------+--------+
; Property               ; Value  ; Count ; Total Delay ; % of Total ; Min    ; Max    ;
+------------------------+--------+-------+-------------+------------+--------+--------+
; Setup Relationship     ; 16.666 ;       ;             ;            ;        ;        ;
; Clock Skew             ; -0.113 ;       ;             ;            ;        ;        ;
; Data Delay             ; 11.604 ;       ;             ;            ;        ;        ;
; Number of Logic Levels ;        ; 7     ;             ;            ;        ;        ;
; Physical Delays        ;        ;       ;             ;            ;        ;        ;
;  Arrival Path          ;        ;       ;             ;            ;        ;        ;
;   Clock                ;        ;       ;             ;            ;        ;        ;
;    IC                  ;        ; 6     ; 4.685       ; 57         ; 0.000  ; 2.331  ;
;    Cell                ;        ; 5     ; 3.522       ; 43         ; 0.322  ; 1.535  ;
;    PLL Compensation    ;        ; 1     ; -3.760      ; 0          ; -3.760 ; -3.760 ;
;   Data                 ;        ;       ;             ;            ;        ;        ;
;    IC                  ;        ; 8     ; 8.147       ; 70         ; 0.246  ; 2.188  ;
;    Cell                ;        ; 9     ; 3.457       ; 30         ; 0.000  ; 0.563  ;
;    uTco                ;        ; 1     ; 0.000       ; 0          ; 0.000  ; 0.000  ;
;  Required Path         ;        ;       ;             ;            ;        ;        ;
;   Clock                ;        ;       ;             ;            ;        ;        ;
;    IC                  ;        ; 6     ; 4.007       ; 56         ; 0.000  ; 1.890  ;
;    Cell                ;        ; 5     ; 3.148       ; 44         ; 0.296  ; 1.268  ;
;    PLL Compensation    ;        ; 1     ; -4.918      ; 0          ; -4.918 ; -4.918 ;
+------------------------+--------+-------+-------------+------------+--------+--------+
Note: Negative delays are omitted from totals when calculating percentages

+--------------------------------------------------------------------------------------------------------------------------------------------------------------------------------------------------------------------------------------------------------------------------------------------------------+
; Data Arrival Path                                                                                                                                                                                                                                                                                      ;
+----------+----------+----+------+--------+----------------------------+--------------------------------------------------------------------------------------------------------------------------------------------------------------------------------------------------------------------------------+
; Total    ; Incr     ; RF ; Type ; Fanout ; Location                   ; Element                                                                                                                                                                                                                        ;
+----------+----------+----+------+--------+----------------------------+--------------------------------------------------------------------------------------------------------------------------------------------------------------------------------------------------------------------------------+
; 0.000    ; 0.000    ;    ;      ;        ;                            ; launch edge time                                                                                                                                                                                                               ;
; 4.447    ; 4.447    ;    ;      ;        ;                            ; clock path                                                                                                                                                                                                                     ;
;   0.000  ;   0.000  ;    ;      ;        ;                            ; source latency                                                                                                                                                                                                                 ;
;   0.000  ;   0.000  ;    ;      ; 1      ; PIN_Y13                    ; FPGA_CLK2_50                                                                                                                                                                                                                   ;
;   0.000  ;   0.000  ; RR ; IC   ; 1      ; IOIBUF_X56_Y0_N1           ; FPGA_CLK2_50~input|i                                                                                                                                                                                                           ;
;   0.761  ;   0.761  ; RR ; CELL ; 2      ; IOIBUF_X56_Y0_N1           ; FPGA_CLK2_50~input|o                                                                                                                                                                                                           ;
;   2.096  ;   1.335  ; RR ; IC   ; 1      ; PLLREFCLKSELECT_X89_Y7_N0  ; emu|pll|pll_inst|altera_pll_i|general[0].gpll~PLL_REFCLK_SELECT|clkin[0]                                                                                                                                                       ;
;   2.429  ;   0.333  ; RR ; CELL ; 1      ; PLLREFCLKSELECT_X89_Y7_N0  ; emu|pll|pll_inst|altera_pll_i|general[0].gpll~PLL_REFCLK_SELECT|clkout                                                                                                                                                         ;
;   2.429  ;   0.000  ; RR ; IC   ; 10     ; FRACTIONALPLL_X89_Y1_N0    ; emu|pll|pll_inst|altera_pll_i|general[0].gpll~FRACTIONAL_PLL|refclkin                                                                                                                                                          ;
;   -1.331 ;   -3.760 ; RR ; COMP ; 3      ; FRACTIONALPLL_X89_Y1_N0    ; emu|pll|pll_inst|altera_pll_i|general[0].gpll~FRACTIONAL_PLL|vcoph[0]                                                                                                                                                          ;
;   -1.331 ;   0.000  ; RR ; IC   ; 1      ; PLLOUTPUTCOUNTER_X89_Y2_N1 ; emu|pll|pll_inst|altera_pll_i|general[2].gpll~PLL_OUTPUT_COUNTER|vco0ph[0]                                                                                                                                                     ;
;   0.204  ;   1.535  ; RR ; CELL ; 1      ; PLLOUTPUTCOUNTER_X89_Y2_N1 ; emu|pll|pll_inst|altera_pll_i|general[2].gpll~PLL_OUTPUT_COUNTER|divclk                                                                                                                                                        ;
;   1.223  ;   1.019  ; RR ; IC   ; 1      ; CLKCTRL_G11                ; emu|pll|pll_inst|altera_pll_i|outclk_wire[2]~CLKENA0|inclk                                                                                                                                                                     ;
;   1.545  ;   0.322  ; RR ; CELL ; 36232  ; CLKCTRL_G11                ; emu|pll|pll_inst|altera_pll_i|outclk_wire[2]~CLKENA0|outclk                                                                                                                                                                    ;
;   3.876  ;   2.331  ; RR ; IC   ; 1      ; FF_X23_Y6_N53              ; emu|mpeg2_h262_two_picture_probe|p_controller|residual_probe|transform|iq_index[1]|clk                                                                                                                                         ;
;   4.447  ;   0.571  ; RR ; CELL ; 1      ; FF_X23_Y6_N53              ; emu:emu|mpeg2_h262_two_picture_probe:mpeg2_h262_two_picture_probe|mpeg2_h262_p_diagnostic_controller:p_controller|mpeg2_h262_p_residual_probe:residual_probe|mpeg2_h262_p_non_intra_transform:transform|iq_index[1]            ;
; 16.051   ; 11.604   ;    ;      ;        ;                            ; data path                                                                                                                                                                                                                      ;
;   4.447  ;   0.000  ;    ; uTco ; 1      ; FF_X23_Y6_N53              ; emu:emu|mpeg2_h262_two_picture_probe:mpeg2_h262_two_picture_probe|mpeg2_h262_p_diagnostic_controller:p_controller|mpeg2_h262_p_residual_probe:residual_probe|mpeg2_h262_p_non_intra_transform:transform|iq_index[1]            ;
;   4.447  ;   0.000  ; FF ; CELL ; 28     ; FF_X23_Y6_N53              ; emu|mpeg2_h262_two_picture_probe|p_controller|residual_probe|transform|iq_index[1]|q                                                                                                                                           ;
;   4.748  ;   0.301  ; FF ; IC   ; 1      ; LABCELL_X23_Y6_N36         ; emu|mpeg2_h262_two_picture_probe|p_controller|residual_probe|transform|iq_weight_read_index~0|dataa                                                                                                                            ;
;   5.287  ;   0.539  ; FF ; CELL ; 4      ; LABCELL_X23_Y6_N36         ; emu|mpeg2_h262_two_picture_probe|p_controller|residual_probe|transform|iq_weight_read_index~0|combout                                                                                                                          ;
;   6.134  ;   0.847  ; FF ; IC   ; 1      ; LABCELL_X23_Y8_N57         ; emu|mpeg2_h262_two_picture_probe|p_controller|residual_probe|transform|iq_weight_read_index~1|datad                                                                                                                            ;
;   6.572  ;   0.438  ; FR ; CELL ; 6      ; LABCELL_X23_Y8_N57         ; emu|mpeg2_h262_two_picture_probe|p_controller|residual_probe|transform|iq_weight_read_index~1|combout                                                                                                                          ;
;   6.818  ;   0.246  ; RR ; IC   ; 1      ; LABCELL_X23_Y8_N30         ; emu|mpeg2_h262_two_picture_probe|p_controller|residual_probe|transform|iq_weight_read_index[1]~3|datab                                                                                                                         ;
;   7.368  ;   0.550  ; RF ; CELL ; 124    ; LABCELL_X23_Y8_N30         ; emu|mpeg2_h262_two_picture_probe|p_controller|residual_probe|transform|iq_weight_read_index[1]~3|combout                                                                                                                       ;
;   9.556  ;   2.188  ; FF ; IC   ; 1      ; LABCELL_X12_Y8_N36         ; emu|mpeg2_h262_two_picture_probe|p_controller|residual_probe|transform|matrices|non_intra_mem~639|dataa                                                                                                                        ;
;   10.119 ;   0.563  ; FF ; CELL ; 1      ; LABCELL_X12_Y8_N36         ; emu|mpeg2_h262_two_picture_probe|p_controller|residual_probe|transform|matrices|non_intra_mem~639|combout                                                                                                                      ;
;   10.958 ;   0.839  ; FF ; IC   ; 1      ; LABCELL_X17_Y8_N6          ; emu|mpeg2_h262_two_picture_probe|p_controller|residual_probe|transform|matrices|non_intra_mem~641|datae                                                                                                                        ;
;   11.179 ;   0.221  ; FF ; CELL ; 1      ; LABCELL_X17_Y8_N6          ; emu|mpeg2_h262_two_picture_probe|p_controller|residual_probe|transform|matrices|non_intra_mem~641|combout                                                                                                                      ;
;   12.231 ;   1.052  ; FF ; IC   ; 1      ; LABCELL_X12_Y6_N48         ; emu|mpeg2_h262_two_picture_probe|p_controller|residual_probe|transform|matrices|non_intra_mem~657|datad                                                                                                                        ;
;   12.739 ;   0.508  ; FF ; CELL ; 1      ; LABCELL_X12_Y6_N48         ; emu|mpeg2_h262_two_picture_probe|p_controller|residual_probe|transform|matrices|non_intra_mem~657|combout                                                                                                                      ;
;   14.030 ;   1.291  ; FF ; IC   ; 1      ; LABCELL_X18_Y7_N45         ; emu|mpeg2_h262_two_picture_probe|p_controller|residual_probe|transform|iq_non_intra_weight~5|dataf                                                                                                                             ;
;   14.109 ;   0.079  ; FF ; CELL ; 1      ; LABCELL_X18_Y7_N45         ; emu|mpeg2_h262_two_picture_probe|p_controller|residual_probe|transform|iq_non_intra_weight~5|combout                                                                                                                           ;
;   15.492 ;   1.383  ; FF ; IC   ; 1      ; FF_X19_Y10_N20             ; emu|mpeg2_h262_two_picture_probe|p_controller|residual_probe|transform|iq_non_intra_weight[6]|asdata                                                                                                                           ;
;   16.051 ;   0.559  ; FF ; CELL ; 1      ; FF_X19_Y10_N20             ; emu:emu|mpeg2_h262_two_picture_probe:mpeg2_h262_two_picture_probe|mpeg2_h262_p_diagnostic_controller:p_controller|mpeg2_h262_p_residual_probe:residual_probe|mpeg2_h262_p_non_intra_transform:transform|iq_non_intra_weight[6] ;
+----------+----------+----+------+--------+----------------------------+--------------------------------------------------------------------------------------------------------------------------------------------------------------------------------------------------------------------------------+

+--------------------------------------------------------------------------------------------------------------------------------------------------------------------------------------------------------------------------------------------------------------------------------------------------------+
; Data Required Path                                                                                                                                                                                                                                                                                     ;
+----------+----------+----+------+--------+----------------------------+--------------------------------------------------------------------------------------------------------------------------------------------------------------------------------------------------------------------------------+
; Total    ; Incr     ; RF ; Type ; Fanout ; Location                   ; Element                                                                                                                                                                                                                        ;
+----------+----------+----+------+--------+----------------------------+--------------------------------------------------------------------------------------------------------------------------------------------------------------------------------------------------------------------------------+
; 16.666   ; 16.666   ;    ;      ;        ;                            ; latch edge time                                                                                                                                                                                                                ;
; 21.000   ; 4.334    ;    ;      ;        ;                            ; clock path                                                                                                                                                                                                                     ;
;   16.666 ;   0.000  ;    ;      ;        ;                            ; source latency                                                                                                                                                                                                                 ;
;   16.666 ;   0.000  ;    ;      ; 1      ; PIN_Y13                    ; FPGA_CLK2_50                                                                                                                                                                                                                   ;
;   16.666 ;   0.000  ; RR ; IC   ; 1      ; IOIBUF_X56_Y0_N1           ; FPGA_CLK2_50~input|i                                                                                                                                                                                                           ;
;   17.427 ;   0.761  ; RR ; CELL ; 2      ; IOIBUF_X56_Y0_N1           ; FPGA_CLK2_50~input|o                                                                                                                                                                                                           ;
;   18.598 ;   1.171  ; RR ; IC   ; 1      ; PLLREFCLKSELECT_X89_Y7_N0  ; emu|pll|pll_inst|altera_pll_i|general[0].gpll~PLL_REFCLK_SELECT|clkin[0]                                                                                                                                                       ;
;   18.906 ;   0.308  ; RR ; CELL ; 1      ; PLLREFCLKSELECT_X89_Y7_N0  ; emu|pll|pll_inst|altera_pll_i|general[0].gpll~PLL_REFCLK_SELECT|clkout                                                                                                                                                         ;
;   18.906 ;   0.000  ; RR ; IC   ; 10     ; FRACTIONALPLL_X89_Y1_N0    ; emu|pll|pll_inst|altera_pll_i|general[0].gpll~FRACTIONAL_PLL|refclkin                                                                                                                                                          ;
;   13.988 ;   -4.918 ; RR ; COMP ; 3      ; FRACTIONALPLL_X89_Y1_N0    ; emu|pll|pll_inst|altera_pll_i|general[0].gpll~FRACTIONAL_PLL|vcoph[0]                                                                                                                                                          ;
;   13.988 ;   0.000  ; RR ; IC   ; 1      ; PLLOUTPUTCOUNTER_X89_Y2_N1 ; emu|pll|pll_inst|altera_pll_i|general[2].gpll~PLL_OUTPUT_COUNTER|vco0ph[0]                                                                                                                                                     ;
;   15.256 ;   1.268  ; RR ; CELL ; 1      ; PLLOUTPUTCOUNTER_X89_Y2_N1 ; emu|pll|pll_inst|altera_pll_i|general[2].gpll~PLL_OUTPUT_COUNTER|divclk                                                                                                                                                        ;
;   16.202 ;   0.946  ; RR ; IC   ; 1      ; CLKCTRL_G11                ; emu|pll|pll_inst|altera_pll_i|outclk_wire[2]~CLKENA0|inclk                                                                                                                                                                     ;
;   16.498 ;   0.296  ; RR ; CELL ; 36232  ; CLKCTRL_G11                ; emu|pll|pll_inst|altera_pll_i|outclk_wire[2]~CLKENA0|outclk                                                                                                                                                                    ;
;   18.388 ;   1.890  ; RR ; IC   ; 1      ; FF_X19_Y10_N20             ; emu|mpeg2_h262_two_picture_probe|p_controller|residual_probe|transform|iq_non_intra_weight[6]|clk                                                                                                                              ;
;   18.903 ;   0.515  ; RR ; CELL ; 1      ; FF_X19_Y10_N20             ; emu:emu|mpeg2_h262_two_picture_probe:mpeg2_h262_two_picture_probe|mpeg2_h262_p_diagnostic_controller:p_controller|mpeg2_h262_p_residual_probe:residual_probe|mpeg2_h262_p_non_intra_transform:transform|iq_non_intra_weight[6] ;
;   21.000 ;   2.097  ;    ;      ;        ;                            ; clock pessimism removed                                                                                                                                                                                                        ;
; 20.880   ; -0.120   ;    ;      ;        ;                            ; clock uncertainty                                                                                                                                                                                                              ;
; 20.880   ; 0.000    ;    ; uTsu ; 1      ; FF_X19_Y10_N20             ; emu:emu|mpeg2_h262_two_picture_probe:mpeg2_h262_two_picture_probe|mpeg2_h262_p_diagnostic_controller:p_controller|mpeg2_h262_p_residual_probe:residual_probe|mpeg2_h262_p_non_intra_transform:transform|iq_non_intra_weight[6] ;
+----------+----------+----+------+--------+----------------------------+--------------------------------------------------------------------------------------------------------------------------------------------------------------------------------------------------------------------------------+

----------------------------
; Extra Fitter Information ;
----------------------------
HTML report is unavailable in plain text report export.


Path #2: Setup slack is 4.848 
===============================================================================
+-----------------------------------------------------------------------------------------------------------------------------------------------------------------------------------------------------------------------------------------------------+
; Path Summary                                                                                                                                                                                                                                        ;
+--------------------+--------------------------------------------------------------------------------------------------------------------------------------------------------------------------------------------------------------------------------+
; Property           ; Value                                                                                                                                                                                                                          ;
+--------------------+--------------------------------------------------------------------------------------------------------------------------------------------------------------------------------------------------------------------------------+
; From Node          ; emu:emu|mpeg2_h262_two_picture_probe:mpeg2_h262_two_picture_probe|mpeg2_h262_p_diagnostic_controller:p_controller|mpeg2_h262_p_residual_probe:residual_probe|mpeg2_h262_p_non_intra_transform:transform|iq_index[2]            ;
; To Node            ; emu:emu|mpeg2_h262_two_picture_probe:mpeg2_h262_two_picture_probe|mpeg2_h262_p_diagnostic_controller:p_controller|mpeg2_h262_p_residual_probe:residual_probe|mpeg2_h262_p_non_intra_transform:transform|iq_non_intra_weight[6] ;
; Launch Clock       ; emu|pll|pll_inst|altera_pll_i|general[2].gpll~PLL_OUTPUT_COUNTER|divclk                                                                                                                                                        ;
; Latch Clock        ; emu|pll|pll_inst|altera_pll_i|general[2].gpll~PLL_OUTPUT_COUNTER|divclk                                                                                                                                                        ;
; Data Arrival Time  ; 16.032                                                                                                                                                                                                                         ;
; Data Required Time ; 20.880                                                                                                                                                                                                                         ;
; Slack              ; 4.848                                                                                                                                                                                                                          ;
+--------------------+--------------------------------------------------------------------------------------------------------------------------------------------------------------------------------------------------------------------------------+

+--------------------------------------------------------------------------------------+
; Statistics                                                                           ;
+------------------------+--------+-------+-------------+------------+--------+--------+
; Property               ; Value  ; Count ; Total Delay ; % of Total ; Min    ; Max    ;
+------------------------+--------+-------+-------------+------------+--------+--------+
; Setup Relationship     ; 16.666 ;       ;             ;            ;        ;        ;
; Clock Skew             ; -0.113 ;       ;             ;            ;        ;        ;
; Data Delay             ; 11.585 ;       ;             ;            ;        ;        ;
; Number of Logic Levels ;        ; 7     ;             ;            ;        ;        ;
; Physical Delays        ;        ;       ;             ;            ;        ;        ;
;  Arrival Path          ;        ;       ;             ;            ;        ;        ;
;   Clock                ;        ;       ;             ;            ;        ;        ;
;    IC                  ;        ; 6     ; 4.685       ; 57         ; 0.000  ; 2.331  ;
;    Cell                ;        ; 5     ; 3.522       ; 43         ; 0.322  ; 1.535  ;
;    PLL Compensation    ;        ; 1     ; -3.760      ; 0          ; -3.760 ; -3.760 ;
;   Data                 ;        ;       ;             ;            ;        ;        ;
;    IC                  ;        ; 8     ; 8.180       ; 71         ; 0.246  ; 2.188  ;
;    Cell                ;        ; 9     ; 3.405       ; 29         ; 0.000  ; 0.563  ;
;    uTco                ;        ; 1     ; 0.000       ; 0          ; 0.000  ; 0.000  ;
;  Required Path         ;        ;       ;             ;            ;        ;        ;
;   Clock                ;        ;       ;             ;            ;        ;        ;
;    IC                  ;        ; 6     ; 4.007       ; 56         ; 0.000  ; 1.890  ;
;    Cell                ;        ; 5     ; 3.148       ; 44         ; 0.296  ; 1.268  ;
;    PLL Compensation    ;        ; 1     ; -4.918      ; 0          ; -4.918 ; -4.918 ;
+------------------------+--------+-------+-------------+------------+--------+--------+
Note: Negative delays are omitted from totals when calculating percentages

+--------------------------------------------------------------------------------------------------------------------------------------------------------------------------------------------------------------------------------------------------------------------------------------------------------+
; Data Arrival Path                                                                                                                                                                                                                                                                                      ;
+----------+----------+----+------+--------+----------------------------+--------------------------------------------------------------------------------------------------------------------------------------------------------------------------------------------------------------------------------+
; Total    ; Incr     ; RF ; Type ; Fanout ; Location                   ; Element                                                                                                                                                                                                                        ;
+----------+----------+----+------+--------+----------------------------+--------------------------------------------------------------------------------------------------------------------------------------------------------------------------------------------------------------------------------+
; 0.000    ; 0.000    ;    ;      ;        ;                            ; launch edge time                                                                                                                                                                                                               ;
; 4.447    ; 4.447    ;    ;      ;        ;                            ; clock path                                                                                                                                                                                                                     ;
;   0.000  ;   0.000  ;    ;      ;        ;                            ; source latency                                                                                                                                                                                                                 ;
;   0.000  ;   0.000  ;    ;      ; 1      ; PIN_Y13                    ; FPGA_CLK2_50                                                                                                                                                                                                                   ;
;   0.000  ;   0.000  ; RR ; IC   ; 1      ; IOIBUF_X56_Y0_N1           ; FPGA_CLK2_50~input|i                                                                                                                                                                                                           ;
;   0.761  ;   0.761  ; RR ; CELL ; 2      ; IOIBUF_X56_Y0_N1           ; FPGA_CLK2_50~input|o                                                                                                                                                                                                           ;
;   2.096  ;   1.335  ; RR ; IC   ; 1      ; PLLREFCLKSELECT_X89_Y7_N0  ; emu|pll|pll_inst|altera_pll_i|general[0].gpll~PLL_REFCLK_SELECT|clkin[0]                                                                                                                                                       ;
;   2.429  ;   0.333  ; RR ; CELL ; 1      ; PLLREFCLKSELECT_X89_Y7_N0  ; emu|pll|pll_inst|altera_pll_i|general[0].gpll~PLL_REFCLK_SELECT|clkout                                                                                                                                                         ;
;   2.429  ;   0.000  ; RR ; IC   ; 10     ; FRACTIONALPLL_X89_Y1_N0    ; emu|pll|pll_inst|altera_pll_i|general[0].gpll~FRACTIONAL_PLL|refclkin                                                                                                                                                          ;
;   -1.331 ;   -3.760 ; RR ; COMP ; 3      ; FRACTIONALPLL_X89_Y1_N0    ; emu|pll|pll_inst|altera_pll_i|general[0].gpll~FRACTIONAL_PLL|vcoph[0]                                                                                                                                                          ;
;   -1.331 ;   0.000  ; RR ; IC   ; 1      ; PLLOUTPUTCOUNTER_X89_Y2_N1 ; emu|pll|pll_inst|altera_pll_i|general[2].gpll~PLL_OUTPUT_COUNTER|vco0ph[0]                                                                                                                                                     ;
;   0.204  ;   1.535  ; RR ; CELL ; 1      ; PLLOUTPUTCOUNTER_X89_Y2_N1 ; emu|pll|pll_inst|altera_pll_i|general[2].gpll~PLL_OUTPUT_COUNTER|divclk                                                                                                                                                        ;
;   1.223  ;   1.019  ; RR ; IC   ; 1      ; CLKCTRL_G11                ; emu|pll|pll_inst|altera_pll_i|outclk_wire[2]~CLKENA0|inclk                                                                                                                                                                     ;
;   1.545  ;   0.322  ; RR ; CELL ; 36232  ; CLKCTRL_G11                ; emu|pll|pll_inst|altera_pll_i|outclk_wire[2]~CLKENA0|outclk                                                                                                                                                                    ;
;   3.876  ;   2.331  ; RR ; IC   ; 1      ; FF_X23_Y6_N35              ; emu|mpeg2_h262_two_picture_probe|p_controller|residual_probe|transform|iq_index[2]|clk                                                                                                                                         ;
;   4.447  ;   0.571  ; RR ; CELL ; 1      ; FF_X23_Y6_N35              ; emu:emu|mpeg2_h262_two_picture_probe:mpeg2_h262_two_picture_probe|mpeg2_h262_p_diagnostic_controller:p_controller|mpeg2_h262_p_residual_probe:residual_probe|mpeg2_h262_p_non_intra_transform:transform|iq_index[2]            ;
; 16.032   ; 11.585   ;    ;      ;        ;                            ; data path                                                                                                                                                                                                                      ;
;   4.447  ;   0.000  ;    ; uTco ; 1      ; FF_X23_Y6_N35              ; emu:emu|mpeg2_h262_two_picture_probe:mpeg2_h262_two_picture_probe|mpeg2_h262_p_diagnostic_controller:p_controller|mpeg2_h262_p_residual_probe:residual_probe|mpeg2_h262_p_non_intra_transform:transform|iq_index[2]            ;
;   4.447  ;   0.000  ; FF ; CELL ; 19     ; FF_X23_Y6_N35              ; emu|mpeg2_h262_two_picture_probe|p_controller|residual_probe|transform|iq_index[2]|q                                                                                                                                           ;
;   4.781  ;   0.334  ; FF ; IC   ; 1      ; LABCELL_X23_Y6_N36         ; emu|mpeg2_h262_two_picture_probe|p_controller|residual_probe|transform|iq_weight_read_index~0|datac                                                                                                                            ;
;   5.268  ;   0.487  ; FF ; CELL ; 4      ; LABCELL_X23_Y6_N36         ; emu|mpeg2_h262_two_picture_probe|p_controller|residual_probe|transform|iq_weight_read_index~0|combout                                                                                                                          ;
;   6.115  ;   0.847  ; FF ; IC   ; 1      ; LABCELL_X23_Y8_N57         ; emu|mpeg2_h262_two_picture_probe|p_controller|residual_probe|transform|iq_weight_read_index~1|datad                                                                                                                            ;
;   6.553  ;   0.438  ; FR ; CELL ; 6      ; LABCELL_X23_Y8_N57         ; emu|mpeg2_h262_two_picture_probe|p_controller|residual_probe|transform|iq_weight_read_index~1|combout                                                                                                                          ;
;   6.799  ;   0.246  ; RR ; IC   ; 1      ; LABCELL_X23_Y8_N30         ; emu|mpeg2_h262_two_picture_probe|p_controller|residual_probe|transform|iq_weight_read_index[1]~3|datab                                                                                                                         ;
;   7.349  ;   0.550  ; RF ; CELL ; 124    ; LABCELL_X23_Y8_N30         ; emu|mpeg2_h262_two_picture_probe|p_controller|residual_probe|transform|iq_weight_read_index[1]~3|combout                                                                                                                       ;
;   9.537  ;   2.188  ; FF ; IC   ; 1      ; LABCELL_X12_Y8_N36         ; emu|mpeg2_h262_two_picture_probe|p_controller|residual_probe|transform|matrices|non_intra_mem~639|dataa                                                                                                                        ;
;   10.100 ;   0.563  ; FF ; CELL ; 1      ; LABCELL_X12_Y8_N36         ; emu|mpeg2_h262_two_picture_probe|p_controller|residual_probe|transform|matrices|non_intra_mem~639|combout                                                                                                                      ;
;   10.939 ;   0.839  ; FF ; IC   ; 1      ; LABCELL_X17_Y8_N6          ; emu|mpeg2_h262_two_picture_probe|p_controller|residual_probe|transform|matrices|non_intra_mem~641|datae                                                                                                                        ;
;   11.160 ;   0.221  ; FF ; CELL ; 1      ; LABCELL_X17_Y8_N6          ; emu|mpeg2_h262_two_picture_probe|p_controller|residual_probe|transform|matrices|non_intra_mem~641|combout                                                                                                                      ;
;   12.212 ;   1.052  ; FF ; IC   ; 1      ; LABCELL_X12_Y6_N48         ; emu|mpeg2_h262_two_picture_probe|p_controller|residual_probe|transform|matrices|non_intra_mem~657|datad                                                                                                                        ;
;   12.720 ;   0.508  ; FF ; CELL ; 1      ; LABCELL_X12_Y6_N48         ; emu|mpeg2_h262_two_picture_probe|p_controller|residual_probe|transform|matrices|non_intra_mem~657|combout                                                                                                                      ;
;   14.011 ;   1.291  ; FF ; IC   ; 1      ; LABCELL_X18_Y7_N45         ; emu|mpeg2_h262_two_picture_probe|p_controller|residual_probe|transform|iq_non_intra_weight~5|dataf                                                                                                                             ;
;   14.090 ;   0.079  ; FF ; CELL ; 1      ; LABCELL_X18_Y7_N45         ; emu|mpeg2_h262_two_picture_probe|p_controller|residual_probe|transform|iq_non_intra_weight~5|combout                                                                                                                           ;
;   15.473 ;   1.383  ; FF ; IC   ; 1      ; FF_X19_Y10_N20             ; emu|mpeg2_h262_two_picture_probe|p_controller|residual_probe|transform|iq_non_intra_weight[6]|asdata                                                                                                                           ;
;   16.032 ;   0.559  ; FF ; CELL ; 1      ; FF_X19_Y10_N20             ; emu:emu|mpeg2_h262_two_picture_probe:mpeg2_h262_two_picture_probe|mpeg2_h262_p_diagnostic_controller:p_controller|mpeg2_h262_p_residual_probe:residual_probe|mpeg2_h262_p_non_intra_transform:transform|iq_non_intra_weight[6] ;
+----------+----------+----+------+--------+----------------------------+--------------------------------------------------------------------------------------------------------------------------------------------------------------------------------------------------------------------------------+

+--------------------------------------------------------------------------------------------------------------------------------------------------------------------------------------------------------------------------------------------------------------------------------------------------------+
; Data Required Path                                                                                                                                                                                                                                                                                     ;
+----------+----------+----+------+--------+----------------------------+--------------------------------------------------------------------------------------------------------------------------------------------------------------------------------------------------------------------------------+
; Total    ; Incr     ; RF ; Type ; Fanout ; Location                   ; Element                                                                                                                                                                                                                        ;
+----------+----------+----+------+--------+----------------------------+--------------------------------------------------------------------------------------------------------------------------------------------------------------------------------------------------------------------------------+
; 16.666   ; 16.666   ;    ;      ;        ;                            ; latch edge time                                                                                                                                                                                                                ;
; 21.000   ; 4.334    ;    ;      ;        ;                            ; clock path                                                                                                                                                                                                                     ;
;   16.666 ;   0.000  ;    ;      ;        ;                            ; source latency                                                                                                                                                                                                                 ;
;   16.666 ;   0.000  ;    ;      ; 1      ; PIN_Y13                    ; FPGA_CLK2_50                                                                                                                                                                                                                   ;
;   16.666 ;   0.000  ; RR ; IC   ; 1      ; IOIBUF_X56_Y0_N1           ; FPGA_CLK2_50~input|i                                                                                                                                                                                                           ;
;   17.427 ;   0.761  ; RR ; CELL ; 2      ; IOIBUF_X56_Y0_N1           ; FPGA_CLK2_50~input|o                                                                                                                                                                                                           ;
;   18.598 ;   1.171  ; RR ; IC   ; 1      ; PLLREFCLKSELECT_X89_Y7_N0  ; emu|pll|pll_inst|altera_pll_i|general[0].gpll~PLL_REFCLK_SELECT|clkin[0]                                                                                                                                                       ;
;   18.906 ;   0.308  ; RR ; CELL ; 1      ; PLLREFCLKSELECT_X89_Y7_N0  ; emu|pll|pll_inst|altera_pll_i|general[0].gpll~PLL_REFCLK_SELECT|clkout                                                                                                                                                         ;
;   18.906 ;   0.000  ; RR ; IC   ; 10     ; FRACTIONALPLL_X89_Y1_N0    ; emu|pll|pll_inst|altera_pll_i|general[0].gpll~FRACTIONAL_PLL|refclkin                                                                                                                                                          ;
;   13.988 ;   -4.918 ; RR ; COMP ; 3      ; FRACTIONALPLL_X89_Y1_N0    ; emu|pll|pll_inst|altera_pll_i|general[0].gpll~FRACTIONAL_PLL|vcoph[0]                                                                                                                                                          ;
;   13.988 ;   0.000  ; RR ; IC   ; 1      ; PLLOUTPUTCOUNTER_X89_Y2_N1 ; emu|pll|pll_inst|altera_pll_i|general[2].gpll~PLL_OUTPUT_COUNTER|vco0ph[0]                                                                                                                                                     ;
;   15.256 ;   1.268  ; RR ; CELL ; 1      ; PLLOUTPUTCOUNTER_X89_Y2_N1 ; emu|pll|pll_inst|altera_pll_i|general[2].gpll~PLL_OUTPUT_COUNTER|divclk                                                                                                                                                        ;
;   16.202 ;   0.946  ; RR ; IC   ; 1      ; CLKCTRL_G11                ; emu|pll|pll_inst|altera_pll_i|outclk_wire[2]~CLKENA0|inclk                                                                                                                                                                     ;
;   16.498 ;   0.296  ; RR ; CELL ; 36232  ; CLKCTRL_G11                ; emu|pll|pll_inst|altera_pll_i|outclk_wire[2]~CLKENA0|outclk                                                                                                                                                                    ;
;   18.388 ;   1.890  ; RR ; IC   ; 1      ; FF_X19_Y10_N20             ; emu|mpeg2_h262_two_picture_probe|p_controller|residual_probe|transform|iq_non_intra_weight[6]|clk                                                                                                                              ;
;   18.903 ;   0.515  ; RR ; CELL ; 1      ; FF_X19_Y10_N20             ; emu:emu|mpeg2_h262_two_picture_probe:mpeg2_h262_two_picture_probe|mpeg2_h262_p_diagnostic_controller:p_controller|mpeg2_h262_p_residual_probe:residual_probe|mpeg2_h262_p_non_intra_transform:transform|iq_non_intra_weight[6] ;
;   21.000 ;   2.097  ;    ;      ;        ;                            ; clock pessimism removed                                                                                                                                                                                                        ;
; 20.880   ; -0.120   ;    ;      ;        ;                            ; clock uncertainty                                                                                                                                                                                                              ;
; 20.880   ; 0.000    ;    ; uTsu ; 1      ; FF_X19_Y10_N20             ; emu:emu|mpeg2_h262_two_picture_probe:mpeg2_h262_two_picture_probe|mpeg2_h262_p_diagnostic_controller:p_controller|mpeg2_h262_p_residual_probe:residual_probe|mpeg2_h262_p_non_intra_transform:transform|iq_non_intra_weight[6] ;
+----------+----------+----+------+--------+----------------------------+--------------------------------------------------------------------------------------------------------------------------------------------------------------------------------------------------------------------------------+

----------------------------
; Extra Fitter Information ;
----------------------------
HTML report is unavailable in plain text report export.


