----------------
; Command Info ;
----------------
Report Timing: Found 2 setup paths (0 violated).  Worst case slack is 5.391 

Tcl Command:
    report_timing -setup -file /home/vash/mister-builds/entry675/results/transform_iq_non_intra_weight_input.rpt -to [get_registers {*|mpeg2_h262_p_non_intra_transform:transform|iq_non_intra_weight*}] -npaths 2 -detail full_path

Options:
    -to [get_registers {*|mpeg2_h262_p_non_intra_transform:transform|iq_non_intra_weight*}] 
    -setup 
    -npaths 2 
    -detail full_path 
    -file {/home/vash/mister-builds/entry675/results/transform_iq_non_intra_weight_input.rpt} 

Delay Model:
    Slow 1100mV 100C Model

+-----------------------------------------------------------------------------------------------------------------------------------------------------------------------------------------------------------------------------------------------------------------------------------------------------------------------------------------------------------------------------------------------------------------------------------------------------------------------------------------------------------------------------------------------------------------------------------------------------------------------------------------------------------+
; Summary of Paths                                                                                                                                                                                                                                                                                                                                                                                                                                                                                                                                                                                                                                          ;
+-------+---------------------------------------------------------------------------------------------------------------------------------------------------------------------------------------------------------------------+--------------------------------------------------------------------------------------------------------------------------------------------------------------------------------------------------------------------------------+-------------------------------------------------------------------------+-------------------------------------------------------------------------+--------------+------------+------------+
; Slack ; From Node                                                                                                                                                                                                           ; To Node                                                                                                                                                                                                                        ; Launch Clock                                                            ; Latch Clock                                                             ; Relationship ; Clock Skew ; Data Delay ;
+-------+---------------------------------------------------------------------------------------------------------------------------------------------------------------------------------------------------------------------+--------------------------------------------------------------------------------------------------------------------------------------------------------------------------------------------------------------------------------+-------------------------------------------------------------------------+-------------------------------------------------------------------------+--------------+------------+------------+
; 5.391 ; emu:emu|mpeg2_h262_two_picture_probe:mpeg2_h262_two_picture_probe|mpeg2_h262_p_diagnostic_controller:p_controller|mpeg2_h262_p_residual_probe:residual_probe|mpeg2_h262_p_non_intra_transform:transform|iq_index[3] ; emu:emu|mpeg2_h262_two_picture_probe:mpeg2_h262_two_picture_probe|mpeg2_h262_p_diagnostic_controller:p_controller|mpeg2_h262_p_residual_probe:residual_probe|mpeg2_h262_p_non_intra_transform:transform|iq_non_intra_weight[5] ; emu|pll|pll_inst|altera_pll_i|general[2].gpll~PLL_OUTPUT_COUNTER|divclk ; emu|pll|pll_inst|altera_pll_i|general[2].gpll~PLL_OUTPUT_COUNTER|divclk ; 16.666       ; -0.138     ; 11.017     ;
; 5.394 ; emu:emu|mpeg2_h262_two_picture_probe:mpeg2_h262_two_picture_probe|mpeg2_h262_p_diagnostic_controller:p_controller|mpeg2_h262_p_residual_probe:residual_probe|mpeg2_h262_p_non_intra_transform:transform|iq_index[0] ; emu:emu|mpeg2_h262_two_picture_probe:mpeg2_h262_two_picture_probe|mpeg2_h262_p_diagnostic_controller:p_controller|mpeg2_h262_p_residual_probe:residual_probe|mpeg2_h262_p_non_intra_transform:transform|iq_non_intra_weight[5] ; emu|pll|pll_inst|altera_pll_i|general[2].gpll~PLL_OUTPUT_COUNTER|divclk ; emu|pll|pll_inst|altera_pll_i|general[2].gpll~PLL_OUTPUT_COUNTER|divclk ; 16.666       ; -0.144     ; 11.008     ;
+-------+---------------------------------------------------------------------------------------------------------------------------------------------------------------------------------------------------------------------+--------------------------------------------------------------------------------------------------------------------------------------------------------------------------------------------------------------------------------+-------------------------------------------------------------------------+-------------------------------------------------------------------------+--------------+------------+------------+

Path #1: Setup slack is 5.391 
===============================================================================
+-----------------------------------------------------------------------------------------------------------------------------------------------------------------------------------------------------------------------------------------------------+
; Path Summary                                                                                                                                                                                                                                        ;
+--------------------+--------------------------------------------------------------------------------------------------------------------------------------------------------------------------------------------------------------------------------+
; Property           ; Value                                                                                                                                                                                                                          ;
+--------------------+--------------------------------------------------------------------------------------------------------------------------------------------------------------------------------------------------------------------------------+
; From Node          ; emu:emu|mpeg2_h262_two_picture_probe:mpeg2_h262_two_picture_probe|mpeg2_h262_p_diagnostic_controller:p_controller|mpeg2_h262_p_residual_probe:residual_probe|mpeg2_h262_p_non_intra_transform:transform|iq_index[3]            ;
; To Node            ; emu:emu|mpeg2_h262_two_picture_probe:mpeg2_h262_two_picture_probe|mpeg2_h262_p_diagnostic_controller:p_controller|mpeg2_h262_p_residual_probe:residual_probe|mpeg2_h262_p_non_intra_transform:transform|iq_non_intra_weight[5] ;
; Launch Clock       ; emu|pll|pll_inst|altera_pll_i|general[2].gpll~PLL_OUTPUT_COUNTER|divclk                                                                                                                                                        ;
; Latch Clock        ; emu|pll|pll_inst|altera_pll_i|general[2].gpll~PLL_OUTPUT_COUNTER|divclk                                                                                                                                                        ;
; Data Arrival Time  ; 15.631                                                                                                                                                                                                                         ;
; Data Required Time ; 21.022                                                                                                                                                                                                                         ;
; Slack              ; 5.391                                                                                                                                                                                                                          ;
+--------------------+--------------------------------------------------------------------------------------------------------------------------------------------------------------------------------------------------------------------------------+

+--------------------------------------------------------------------------------------+
; Statistics                                                                           ;
+------------------------+--------+-------+-------------+------------+--------+--------+
; Property               ; Value  ; Count ; Total Delay ; % of Total ; Min    ; Max    ;
+------------------------+--------+-------+-------------+------------+--------+--------+
; Setup Relationship     ; 16.666 ;       ;             ;            ;        ;        ;
; Clock Skew             ; -0.138 ;       ;             ;            ;        ;        ;
; Data Delay             ; 11.017 ;       ;             ;            ;        ;        ;
; Number of Logic Levels ;        ; 7     ;             ;            ;        ;        ;
; Physical Delays        ;        ;       ;             ;            ;        ;        ;
;  Arrival Path          ;        ;       ;             ;            ;        ;        ;
;   Clock                ;        ;       ;             ;            ;        ;        ;
;    IC                  ;        ; 6     ; 4.673       ; 56         ; 0.000  ; 2.299  ;
;    Cell                ;        ; 5     ; 3.709       ; 44         ; 0.304  ; 1.746  ;
;    PLL Compensation    ;        ; 1     ; -3.768      ; 0          ; -3.768 ; -3.768 ;
;   Data                 ;        ;       ;             ;            ;        ;        ;
;    IC                  ;        ; 8     ; 7.882       ; 72         ; 0.000  ; 2.765  ;
;    Cell                ;        ; 9     ; 3.135       ; 28         ; 0.000  ; 0.535  ;
;    uTco                ;        ; 1     ; 0.000       ; 0          ; 0.000  ; 0.000  ;
;  Required Path         ;        ;       ;             ;            ;        ;        ;
;   Clock                ;        ;       ;             ;            ;        ;        ;
;    IC                  ;        ; 6     ; 3.924       ; 54         ; 0.000  ; 1.845  ;
;    Cell                ;        ; 5     ; 3.331       ; 46         ; 0.279  ; 1.468  ;
;    PLL Compensation    ;        ; 1     ; -4.932      ; 0          ; -4.932 ; -4.932 ;
+------------------------+--------+-------+-------------+------------+--------+--------+
Note: Negative delays are omitted from totals when calculating percentages

+--------------------------------------------------------------------------------------------------------------------------------------------------------------------------------------------------------------------------------------------------------------------------------------------------------+
; Data Arrival Path                                                                                                                                                                                                                                                                                      ;
+----------+----------+----+------+--------+----------------------------+--------------------------------------------------------------------------------------------------------------------------------------------------------------------------------------------------------------------------------+
; Total    ; Incr     ; RF ; Type ; Fanout ; Location                   ; Element                                                                                                                                                                                                                        ;
+----------+----------+----+------+--------+----------------------------+--------------------------------------------------------------------------------------------------------------------------------------------------------------------------------------------------------------------------------+
; 0.000    ; 0.000    ;    ;      ;        ;                            ; launch edge time                                                                                                                                                                                                               ;
; 4.614    ; 4.614    ;    ;      ;        ;                            ; clock path                                                                                                                                                                                                                     ;
;   0.000  ;   0.000  ;    ;      ;        ;                            ; source latency                                                                                                                                                                                                                 ;
;   0.000  ;   0.000  ;    ;      ; 1      ; PIN_Y13                    ; FPGA_CLK2_50                                                                                                                                                                                                                   ;
;   0.000  ;   0.000  ; RR ; IC   ; 1      ; IOIBUF_X56_Y0_N1           ; FPGA_CLK2_50~input|i                                                                                                                                                                                                           ;
;   0.761  ;   0.761  ; RR ; CELL ; 2      ; IOIBUF_X56_Y0_N1           ; FPGA_CLK2_50~input|o                                                                                                                                                                                                           ;
;   2.096  ;   1.335  ; RR ; IC   ; 1      ; PLLREFCLKSELECT_X89_Y7_N0  ; emu|pll|pll_inst|altera_pll_i|general[0].gpll~PLL_REFCLK_SELECT|clkin[0]                                                                                                                                                       ;
;   2.429  ;   0.333  ; RR ; CELL ; 1      ; PLLREFCLKSELECT_X89_Y7_N0  ; emu|pll|pll_inst|altera_pll_i|general[0].gpll~PLL_REFCLK_SELECT|clkout                                                                                                                                                         ;
;   2.429  ;   0.000  ; RR ; IC   ; 10     ; FRACTIONALPLL_X89_Y1_N0    ; emu|pll|pll_inst|altera_pll_i|general[0].gpll~FRACTIONAL_PLL|refclkin                                                                                                                                                          ;
;   -1.339 ;   -3.768 ; RR ; COMP ; 3      ; FRACTIONALPLL_X89_Y1_N0    ; emu|pll|pll_inst|altera_pll_i|general[0].gpll~FRACTIONAL_PLL|vcoph[0]                                                                                                                                                          ;
;   -1.339 ;   0.000  ; RR ; IC   ; 1      ; PLLOUTPUTCOUNTER_X89_Y6_N1 ; emu|pll|pll_inst|altera_pll_i|general[2].gpll~PLL_OUTPUT_COUNTER|vco0ph[0]                                                                                                                                                     ;
;   0.407  ;   1.746  ; RR ; CELL ; 1      ; PLLOUTPUTCOUNTER_X89_Y6_N1 ; emu|pll|pll_inst|altera_pll_i|general[2].gpll~PLL_OUTPUT_COUNTER|divclk                                                                                                                                                        ;
;   1.446  ;   1.039  ; RR ; IC   ; 1      ; CLKCTRL_G6                 ; emu|pll|pll_inst|altera_pll_i|outclk_wire[2]~CLKENA0|inclk                                                                                                                                                                     ;
;   1.750  ;   0.304  ; RR ; CELL ; 36211  ; CLKCTRL_G6                 ; emu|pll|pll_inst|altera_pll_i|outclk_wire[2]~CLKENA0|outclk                                                                                                                                                                    ;
;   4.049  ;   2.299  ; RR ; IC   ; 1      ; FF_X12_Y29_N38             ; emu|mpeg2_h262_two_picture_probe|p_controller|residual_probe|transform|iq_index[3]|clk                                                                                                                                         ;
;   4.614  ;   0.565  ; RR ; CELL ; 1      ; FF_X12_Y29_N38             ; emu:emu|mpeg2_h262_two_picture_probe:mpeg2_h262_two_picture_probe|mpeg2_h262_p_diagnostic_controller:p_controller|mpeg2_h262_p_residual_probe:residual_probe|mpeg2_h262_p_non_intra_transform:transform|iq_index[3]            ;
; 15.631   ; 11.017   ;    ;      ;        ;                            ; data path                                                                                                                                                                                                                      ;
;   4.614  ;   0.000  ;    ; uTco ; 1      ; FF_X12_Y29_N38             ; emu:emu|mpeg2_h262_two_picture_probe:mpeg2_h262_two_picture_probe|mpeg2_h262_p_diagnostic_controller:p_controller|mpeg2_h262_p_residual_probe:residual_probe|mpeg2_h262_p_non_intra_transform:transform|iq_index[3]            ;
;   4.614  ;   0.000  ; FF ; CELL ; 8      ; FF_X12_Y29_N38             ; emu|mpeg2_h262_two_picture_probe|p_controller|residual_probe|transform|iq_index[3]|q                                                                                                                                           ;
;   4.920  ;   0.306  ; FF ; IC   ; 1      ; LABCELL_X12_Y29_N12        ; emu|mpeg2_h262_two_picture_probe|p_controller|residual_probe|transform|iq_weight_read_index~0|dataa                                                                                                                            ;
;   5.455  ;   0.535  ; FF ; CELL ; 4      ; LABCELL_X12_Y29_N12        ; emu|mpeg2_h262_two_picture_probe|p_controller|residual_probe|transform|iq_weight_read_index~0|combout                                                                                                                          ;
;   6.270  ;   0.815  ; FF ; IC   ; 1      ; LABCELL_X12_Y27_N3         ; emu|mpeg2_h262_two_picture_probe|p_controller|residual_probe|transform|iq_weight_read_index~1|datad                                                                                                                            ;
;   6.705  ;   0.435  ; FR ; CELL ; 6      ; LABCELL_X12_Y27_N3         ; emu|mpeg2_h262_two_picture_probe|p_controller|residual_probe|transform|iq_weight_read_index~1|combout                                                                                                                          ;
;   7.020  ;   0.315  ; RR ; IC   ; 1      ; LABCELL_X12_Y27_N48        ; emu|mpeg2_h262_two_picture_probe|p_controller|residual_probe|transform|iq_weight_read_index[0]~2|datac                                                                                                                         ;
;   7.483  ;   0.463  ; RF ; CELL ; 118    ; LABCELL_X12_Y27_N48        ; emu|mpeg2_h262_two_picture_probe|p_controller|residual_probe|transform|iq_weight_read_index[0]~2|combout                                                                                                                       ;
;   10.248 ;   2.765  ; FF ; IC   ; 1      ; MLABCELL_X21_Y24_N6        ; emu|mpeg2_h262_two_picture_probe|p_controller|residual_probe|transform|matrices|non_intra_mem~628|datac                                                                                                                        ;
;   10.756 ;   0.508  ; FF ; CELL ; 1      ; MLABCELL_X21_Y24_N6        ; emu|mpeg2_h262_two_picture_probe|p_controller|residual_probe|transform|matrices|non_intra_mem~628|combout                                                                                                                      ;
;   12.185 ;   1.429  ; FF ; IC   ; 1      ; LABCELL_X13_Y26_N27        ; emu|mpeg2_h262_two_picture_probe|p_controller|residual_probe|transform|matrices|non_intra_mem~630|datad                                                                                                                        ;
;   12.692 ;   0.507  ; FF ; CELL ; 1      ; LABCELL_X13_Y26_N27        ; emu|mpeg2_h262_two_picture_probe|p_controller|residual_probe|transform|matrices|non_intra_mem~630|combout                                                                                                                      ;
;   13.401 ;   0.709  ; FF ; IC   ; 1      ; MLABCELL_X15_Y26_N3        ; emu|mpeg2_h262_two_picture_probe|p_controller|residual_probe|transform|matrices|non_intra_mem~636|dataf                                                                                                                        ;
;   13.480 ;   0.079  ; FF ; CELL ; 1      ; MLABCELL_X15_Y26_N3        ; emu|mpeg2_h262_two_picture_probe|p_controller|residual_probe|transform|matrices|non_intra_mem~636|combout                                                                                                                      ;
;   15.023 ;   1.543  ; FF ; IC   ; 1      ; MLABCELL_X21_Y30_N42       ; emu|mpeg2_h262_two_picture_probe|p_controller|residual_probe|transform|iq_non_intra_weight~4|datad                                                                                                                             ;
;   15.371 ;   0.348  ; FF ; CELL ; 1      ; MLABCELL_X21_Y30_N42       ; emu|mpeg2_h262_two_picture_probe|p_controller|residual_probe|transform|iq_non_intra_weight~4|combout                                                                                                                           ;
;   15.371 ;   0.000  ; FF ; IC   ; 1      ; FF_X21_Y30_N43             ; emu|mpeg2_h262_two_picture_probe|p_controller|residual_probe|transform|iq_non_intra_weight[5]|d                                                                                                                                ;
;   15.631 ;   0.260  ; FF ; CELL ; 1      ; FF_X21_Y30_N43             ; emu:emu|mpeg2_h262_two_picture_probe:mpeg2_h262_two_picture_probe|mpeg2_h262_p_diagnostic_controller:p_controller|mpeg2_h262_p_residual_probe:residual_probe|mpeg2_h262_p_non_intra_transform:transform|iq_non_intra_weight[5] ;
+----------+----------+----+------+--------+----------------------------+--------------------------------------------------------------------------------------------------------------------------------------------------------------------------------------------------------------------------------+

+--------------------------------------------------------------------------------------------------------------------------------------------------------------------------------------------------------------------------------------------------------------------------------------------------------+
; Data Required Path                                                                                                                                                                                                                                                                                     ;
+----------+----------+----+------+--------+----------------------------+--------------------------------------------------------------------------------------------------------------------------------------------------------------------------------------------------------------------------------+
; Total    ; Incr     ; RF ; Type ; Fanout ; Location                   ; Element                                                                                                                                                                                                                        ;
+----------+----------+----+------+--------+----------------------------+--------------------------------------------------------------------------------------------------------------------------------------------------------------------------------------------------------------------------------+
; 16.666   ; 16.666   ;    ;      ;        ;                            ; latch edge time                                                                                                                                                                                                                ;
; 21.142   ; 4.476    ;    ;      ;        ;                            ; clock path                                                                                                                                                                                                                     ;
;   16.666 ;   0.000  ;    ;      ;        ;                            ; source latency                                                                                                                                                                                                                 ;
;   16.666 ;   0.000  ;    ;      ; 1      ; PIN_Y13                    ; FPGA_CLK2_50                                                                                                                                                                                                                   ;
;   16.666 ;   0.000  ; RR ; IC   ; 1      ; IOIBUF_X56_Y0_N1           ; FPGA_CLK2_50~input|i                                                                                                                                                                                                           ;
;   17.427 ;   0.761  ; RR ; CELL ; 2      ; IOIBUF_X56_Y0_N1           ; FPGA_CLK2_50~input|o                                                                                                                                                                                                           ;
;   18.598 ;   1.171  ; RR ; IC   ; 1      ; PLLREFCLKSELECT_X89_Y7_N0  ; emu|pll|pll_inst|altera_pll_i|general[0].gpll~PLL_REFCLK_SELECT|clkin[0]                                                                                                                                                       ;
;   18.906 ;   0.308  ; RR ; CELL ; 1      ; PLLREFCLKSELECT_X89_Y7_N0  ; emu|pll|pll_inst|altera_pll_i|general[0].gpll~PLL_REFCLK_SELECT|clkout                                                                                                                                                         ;
;   18.906 ;   0.000  ; RR ; IC   ; 10     ; FRACTIONALPLL_X89_Y1_N0    ; emu|pll|pll_inst|altera_pll_i|general[0].gpll~FRACTIONAL_PLL|refclkin                                                                                                                                                          ;
;   13.974 ;   -4.932 ; RR ; COMP ; 3      ; FRACTIONALPLL_X89_Y1_N0    ; emu|pll|pll_inst|altera_pll_i|general[0].gpll~FRACTIONAL_PLL|vcoph[0]                                                                                                                                                          ;
;   13.974 ;   0.000  ; RR ; IC   ; 1      ; PLLOUTPUTCOUNTER_X89_Y6_N1 ; emu|pll|pll_inst|altera_pll_i|general[2].gpll~PLL_OUTPUT_COUNTER|vco0ph[0]                                                                                                                                                     ;
;   15.442 ;   1.468  ; RR ; CELL ; 1      ; PLLOUTPUTCOUNTER_X89_Y6_N1 ; emu|pll|pll_inst|altera_pll_i|general[2].gpll~PLL_OUTPUT_COUNTER|divclk                                                                                                                                                        ;
;   16.350 ;   0.908  ; RR ; IC   ; 1      ; CLKCTRL_G6                 ; emu|pll|pll_inst|altera_pll_i|outclk_wire[2]~CLKENA0|inclk                                                                                                                                                                     ;
;   16.629 ;   0.279  ; RR ; CELL ; 36211  ; CLKCTRL_G6                 ; emu|pll|pll_inst|altera_pll_i|outclk_wire[2]~CLKENA0|outclk                                                                                                                                                                    ;
;   18.474 ;   1.845  ; RR ; IC   ; 1      ; FF_X21_Y30_N43             ; emu|mpeg2_h262_two_picture_probe|p_controller|residual_probe|transform|iq_non_intra_weight[5]|clk                                                                                                                              ;
;   18.989 ;   0.515  ; RR ; CELL ; 1      ; FF_X21_Y30_N43             ; emu:emu|mpeg2_h262_two_picture_probe:mpeg2_h262_two_picture_probe|mpeg2_h262_p_diagnostic_controller:p_controller|mpeg2_h262_p_residual_probe:residual_probe|mpeg2_h262_p_non_intra_transform:transform|iq_non_intra_weight[5] ;
;   21.142 ;   2.153  ;    ;      ;        ;                            ; clock pessimism removed                                                                                                                                                                                                        ;
; 21.022   ; -0.120   ;    ;      ;        ;                            ; clock uncertainty                                                                                                                                                                                                              ;
; 21.022   ; 0.000    ;    ; uTsu ; 1      ; FF_X21_Y30_N43             ; emu:emu|mpeg2_h262_two_picture_probe:mpeg2_h262_two_picture_probe|mpeg2_h262_p_diagnostic_controller:p_controller|mpeg2_h262_p_residual_probe:residual_probe|mpeg2_h262_p_non_intra_transform:transform|iq_non_intra_weight[5] ;
+----------+----------+----+------+--------+----------------------------+--------------------------------------------------------------------------------------------------------------------------------------------------------------------------------------------------------------------------------+

----------------------------
; Extra Fitter Information ;
----------------------------
HTML report is unavailable in plain text report export.


Path #2: Setup slack is 5.394 
===============================================================================
+-----------------------------------------------------------------------------------------------------------------------------------------------------------------------------------------------------------------------------------------------------+
; Path Summary                                                                                                                                                                                                                                        ;
+--------------------+--------------------------------------------------------------------------------------------------------------------------------------------------------------------------------------------------------------------------------+
; Property           ; Value                                                                                                                                                                                                                          ;
+--------------------+--------------------------------------------------------------------------------------------------------------------------------------------------------------------------------------------------------------------------------+
; From Node          ; emu:emu|mpeg2_h262_two_picture_probe:mpeg2_h262_two_picture_probe|mpeg2_h262_p_diagnostic_controller:p_controller|mpeg2_h262_p_residual_probe:residual_probe|mpeg2_h262_p_non_intra_transform:transform|iq_index[0]            ;
; To Node            ; emu:emu|mpeg2_h262_two_picture_probe:mpeg2_h262_two_picture_probe|mpeg2_h262_p_diagnostic_controller:p_controller|mpeg2_h262_p_residual_probe:residual_probe|mpeg2_h262_p_non_intra_transform:transform|iq_non_intra_weight[5] ;
; Launch Clock       ; emu|pll|pll_inst|altera_pll_i|general[2].gpll~PLL_OUTPUT_COUNTER|divclk                                                                                                                                                        ;
; Latch Clock        ; emu|pll|pll_inst|altera_pll_i|general[2].gpll~PLL_OUTPUT_COUNTER|divclk                                                                                                                                                        ;
; Data Arrival Time  ; 15.628                                                                                                                                                                                                                         ;
; Data Required Time ; 21.022                                                                                                                                                                                                                         ;
; Slack              ; 5.394                                                                                                                                                                                                                          ;
+--------------------+--------------------------------------------------------------------------------------------------------------------------------------------------------------------------------------------------------------------------------+

+--------------------------------------------------------------------------------------+
; Statistics                                                                           ;
+------------------------+--------+-------+-------------+------------+--------+--------+
; Property               ; Value  ; Count ; Total Delay ; % of Total ; Min    ; Max    ;
+------------------------+--------+-------+-------------+------------+--------+--------+
; Setup Relationship     ; 16.666 ;       ;             ;            ;        ;        ;
; Clock Skew             ; -0.144 ;       ;             ;            ;        ;        ;
; Data Delay             ; 11.008 ;       ;             ;            ;        ;        ;
; Number of Logic Levels ;        ; 7     ;             ;            ;        ;        ;
; Physical Delays        ;        ;       ;             ;            ;        ;        ;
;  Arrival Path          ;        ;       ;             ;            ;        ;        ;
;   Clock                ;        ;       ;             ;            ;        ;        ;
;    IC                  ;        ; 6     ; 4.673       ; 56         ; 0.000  ; 2.299  ;
;    Cell                ;        ; 5     ; 3.715       ; 44         ; 0.304  ; 1.746  ;
;    PLL Compensation    ;        ; 1     ; -3.768      ; 0          ; -3.768 ; -3.768 ;
;   Data                 ;        ;       ;             ;            ;        ;        ;
;    IC                  ;        ; 8     ; 7.927       ; 72         ; 0.000  ; 2.765  ;
;    Cell                ;        ; 9     ; 3.081       ; 28         ; 0.000  ; 0.508  ;
;    uTco                ;        ; 1     ; 0.000       ; 0          ; 0.000  ; 0.000  ;
;  Required Path         ;        ;       ;             ;            ;        ;        ;
;   Clock                ;        ;       ;             ;            ;        ;        ;
;    IC                  ;        ; 6     ; 3.924       ; 54         ; 0.000  ; 1.845  ;
;    Cell                ;        ; 5     ; 3.331       ; 46         ; 0.279  ; 1.468  ;
;    PLL Compensation    ;        ; 1     ; -4.932      ; 0          ; -4.932 ; -4.932 ;
+------------------------+--------+-------+-------------+------------+--------+--------+
Note: Negative delays are omitted from totals when calculating percentages

+--------------------------------------------------------------------------------------------------------------------------------------------------------------------------------------------------------------------------------------------------------------------------------------------------------+
; Data Arrival Path                                                                                                                                                                                                                                                                                      ;
+----------+----------+----+------+--------+----------------------------+--------------------------------------------------------------------------------------------------------------------------------------------------------------------------------------------------------------------------------+
; Total    ; Incr     ; RF ; Type ; Fanout ; Location                   ; Element                                                                                                                                                                                                                        ;
+----------+----------+----+------+--------+----------------------------+--------------------------------------------------------------------------------------------------------------------------------------------------------------------------------------------------------------------------------+
; 0.000    ; 0.000    ;    ;      ;        ;                            ; launch edge time                                                                                                                                                                                                               ;
; 4.620    ; 4.620    ;    ;      ;        ;                            ; clock path                                                                                                                                                                                                                     ;
;   0.000  ;   0.000  ;    ;      ;        ;                            ; source latency                                                                                                                                                                                                                 ;
;   0.000  ;   0.000  ;    ;      ; 1      ; PIN_Y13                    ; FPGA_CLK2_50                                                                                                                                                                                                                   ;
;   0.000  ;   0.000  ; RR ; IC   ; 1      ; IOIBUF_X56_Y0_N1           ; FPGA_CLK2_50~input|i                                                                                                                                                                                                           ;
;   0.761  ;   0.761  ; RR ; CELL ; 2      ; IOIBUF_X56_Y0_N1           ; FPGA_CLK2_50~input|o                                                                                                                                                                                                           ;
;   2.096  ;   1.335  ; RR ; IC   ; 1      ; PLLREFCLKSELECT_X89_Y7_N0  ; emu|pll|pll_inst|altera_pll_i|general[0].gpll~PLL_REFCLK_SELECT|clkin[0]                                                                                                                                                       ;
;   2.429  ;   0.333  ; RR ; CELL ; 1      ; PLLREFCLKSELECT_X89_Y7_N0  ; emu|pll|pll_inst|altera_pll_i|general[0].gpll~PLL_REFCLK_SELECT|clkout                                                                                                                                                         ;
;   2.429  ;   0.000  ; RR ; IC   ; 10     ; FRACTIONALPLL_X89_Y1_N0    ; emu|pll|pll_inst|altera_pll_i|general[0].gpll~FRACTIONAL_PLL|refclkin                                                                                                                                                          ;
;   -1.339 ;   -3.768 ; RR ; COMP ; 3      ; FRACTIONALPLL_X89_Y1_N0    ; emu|pll|pll_inst|altera_pll_i|general[0].gpll~FRACTIONAL_PLL|vcoph[0]                                                                                                                                                          ;
;   -1.339 ;   0.000  ; RR ; IC   ; 1      ; PLLOUTPUTCOUNTER_X89_Y6_N1 ; emu|pll|pll_inst|altera_pll_i|general[2].gpll~PLL_OUTPUT_COUNTER|vco0ph[0]                                                                                                                                                     ;
;   0.407  ;   1.746  ; RR ; CELL ; 1      ; PLLOUTPUTCOUNTER_X89_Y6_N1 ; emu|pll|pll_inst|altera_pll_i|general[2].gpll~PLL_OUTPUT_COUNTER|divclk                                                                                                                                                        ;
;   1.446  ;   1.039  ; RR ; IC   ; 1      ; CLKCTRL_G6                 ; emu|pll|pll_inst|altera_pll_i|outclk_wire[2]~CLKENA0|inclk                                                                                                                                                                     ;
;   1.750  ;   0.304  ; RR ; CELL ; 36211  ; CLKCTRL_G6                 ; emu|pll|pll_inst|altera_pll_i|outclk_wire[2]~CLKENA0|outclk                                                                                                                                                                    ;
;   4.049  ;   2.299  ; RR ; IC   ; 1      ; FF_X12_Y29_N53             ; emu|mpeg2_h262_two_picture_probe|p_controller|residual_probe|transform|iq_index[0]|clk                                                                                                                                         ;
;   4.620  ;   0.571  ; RR ; CELL ; 1      ; FF_X12_Y29_N53             ; emu:emu|mpeg2_h262_two_picture_probe:mpeg2_h262_two_picture_probe|mpeg2_h262_p_diagnostic_controller:p_controller|mpeg2_h262_p_residual_probe:residual_probe|mpeg2_h262_p_non_intra_transform:transform|iq_index[0]            ;
; 15.628   ; 11.008   ;    ;      ;        ;                            ; data path                                                                                                                                                                                                                      ;
;   4.620  ;   0.000  ;    ; uTco ; 1      ; FF_X12_Y29_N53             ; emu:emu|mpeg2_h262_two_picture_probe:mpeg2_h262_two_picture_probe|mpeg2_h262_p_diagnostic_controller:p_controller|mpeg2_h262_p_residual_probe:residual_probe|mpeg2_h262_p_non_intra_transform:transform|iq_index[0]            ;
;   4.620  ;   0.000  ; FF ; CELL ; 35     ; FF_X12_Y29_N53             ; emu|mpeg2_h262_two_picture_probe|p_controller|residual_probe|transform|iq_index[0]|q                                                                                                                                           ;
;   4.971  ;   0.351  ; FF ; IC   ; 1      ; LABCELL_X12_Y29_N12        ; emu|mpeg2_h262_two_picture_probe|p_controller|residual_probe|transform|iq_weight_read_index~0|datac                                                                                                                            ;
;   5.452  ;   0.481  ; FF ; CELL ; 4      ; LABCELL_X12_Y29_N12        ; emu|mpeg2_h262_two_picture_probe|p_controller|residual_probe|transform|iq_weight_read_index~0|combout                                                                                                                          ;
;   6.267  ;   0.815  ; FF ; IC   ; 1      ; LABCELL_X12_Y27_N3         ; emu|mpeg2_h262_two_picture_probe|p_controller|residual_probe|transform|iq_weight_read_index~1|datad                                                                                                                            ;
;   6.702  ;   0.435  ; FR ; CELL ; 6      ; LABCELL_X12_Y27_N3         ; emu|mpeg2_h262_two_picture_probe|p_controller|residual_probe|transform|iq_weight_read_index~1|combout                                                                                                                          ;
;   7.017  ;   0.315  ; RR ; IC   ; 1      ; LABCELL_X12_Y27_N48        ; emu|mpeg2_h262_two_picture_probe|p_controller|residual_probe|transform|iq_weight_read_index[0]~2|datac                                                                                                                         ;
;   7.480  ;   0.463  ; RF ; CELL ; 118    ; LABCELL_X12_Y27_N48        ; emu|mpeg2_h262_two_picture_probe|p_controller|residual_probe|transform|iq_weight_read_index[0]~2|combout                                                                                                                       ;
;   10.245 ;   2.765  ; FF ; IC   ; 1      ; MLABCELL_X21_Y24_N6        ; emu|mpeg2_h262_two_picture_probe|p_controller|residual_probe|transform|matrices|non_intra_mem~628|datac                                                                                                                        ;
;   10.753 ;   0.508  ; FF ; CELL ; 1      ; MLABCELL_X21_Y24_N6        ; emu|mpeg2_h262_two_picture_probe|p_controller|residual_probe|transform|matrices|non_intra_mem~628|combout                                                                                                                      ;
;   12.182 ;   1.429  ; FF ; IC   ; 1      ; LABCELL_X13_Y26_N27        ; emu|mpeg2_h262_two_picture_probe|p_controller|residual_probe|transform|matrices|non_intra_mem~630|datad                                                                                                                        ;
;   12.689 ;   0.507  ; FF ; CELL ; 1      ; LABCELL_X13_Y26_N27        ; emu|mpeg2_h262_two_picture_probe|p_controller|residual_probe|transform|matrices|non_intra_mem~630|combout                                                                                                                      ;
;   13.398 ;   0.709  ; FF ; IC   ; 1      ; MLABCELL_X15_Y26_N3        ; emu|mpeg2_h262_two_picture_probe|p_controller|residual_probe|transform|matrices|non_intra_mem~636|dataf                                                                                                                        ;
;   13.477 ;   0.079  ; FF ; CELL ; 1      ; MLABCELL_X15_Y26_N3        ; emu|mpeg2_h262_two_picture_probe|p_controller|residual_probe|transform|matrices|non_intra_mem~636|combout                                                                                                                      ;
;   15.020 ;   1.543  ; FF ; IC   ; 1      ; MLABCELL_X21_Y30_N42       ; emu|mpeg2_h262_two_picture_probe|p_controller|residual_probe|transform|iq_non_intra_weight~4|datad                                                                                                                             ;
;   15.368 ;   0.348  ; FF ; CELL ; 1      ; MLABCELL_X21_Y30_N42       ; emu|mpeg2_h262_two_picture_probe|p_controller|residual_probe|transform|iq_non_intra_weight~4|combout                                                                                                                           ;
;   15.368 ;   0.000  ; FF ; IC   ; 1      ; FF_X21_Y30_N43             ; emu|mpeg2_h262_two_picture_probe|p_controller|residual_probe|transform|iq_non_intra_weight[5]|d                                                                                                                                ;
;   15.628 ;   0.260  ; FF ; CELL ; 1      ; FF_X21_Y30_N43             ; emu:emu|mpeg2_h262_two_picture_probe:mpeg2_h262_two_picture_probe|mpeg2_h262_p_diagnostic_controller:p_controller|mpeg2_h262_p_residual_probe:residual_probe|mpeg2_h262_p_non_intra_transform:transform|iq_non_intra_weight[5] ;
+----------+----------+----+------+--------+----------------------------+--------------------------------------------------------------------------------------------------------------------------------------------------------------------------------------------------------------------------------+

+--------------------------------------------------------------------------------------------------------------------------------------------------------------------------------------------------------------------------------------------------------------------------------------------------------+
; Data Required Path                                                                                                                                                                                                                                                                                     ;
+----------+----------+----+------+--------+----------------------------+--------------------------------------------------------------------------------------------------------------------------------------------------------------------------------------------------------------------------------+
; Total    ; Incr     ; RF ; Type ; Fanout ; Location                   ; Element                                                                                                                                                                                                                        ;
+----------+----------+----+------+--------+----------------------------+--------------------------------------------------------------------------------------------------------------------------------------------------------------------------------------------------------------------------------+
; 16.666   ; 16.666   ;    ;      ;        ;                            ; latch edge time                                                                                                                                                                                                                ;
; 21.142   ; 4.476    ;    ;      ;        ;                            ; clock path                                                                                                                                                                                                                     ;
;   16.666 ;   0.000  ;    ;      ;        ;                            ; source latency                                                                                                                                                                                                                 ;
;   16.666 ;   0.000  ;    ;      ; 1      ; PIN_Y13                    ; FPGA_CLK2_50                                                                                                                                                                                                                   ;
;   16.666 ;   0.000  ; RR ; IC   ; 1      ; IOIBUF_X56_Y0_N1           ; FPGA_CLK2_50~input|i                                                                                                                                                                                                           ;
;   17.427 ;   0.761  ; RR ; CELL ; 2      ; IOIBUF_X56_Y0_N1           ; FPGA_CLK2_50~input|o                                                                                                                                                                                                           ;
;   18.598 ;   1.171  ; RR ; IC   ; 1      ; PLLREFCLKSELECT_X89_Y7_N0  ; emu|pll|pll_inst|altera_pll_i|general[0].gpll~PLL_REFCLK_SELECT|clkin[0]                                                                                                                                                       ;
;   18.906 ;   0.308  ; RR ; CELL ; 1      ; PLLREFCLKSELECT_X89_Y7_N0  ; emu|pll|pll_inst|altera_pll_i|general[0].gpll~PLL_REFCLK_SELECT|clkout                                                                                                                                                         ;
;   18.906 ;   0.000  ; RR ; IC   ; 10     ; FRACTIONALPLL_X89_Y1_N0    ; emu|pll|pll_inst|altera_pll_i|general[0].gpll~FRACTIONAL_PLL|refclkin                                                                                                                                                          ;
;   13.974 ;   -4.932 ; RR ; COMP ; 3      ; FRACTIONALPLL_X89_Y1_N0    ; emu|pll|pll_inst|altera_pll_i|general[0].gpll~FRACTIONAL_PLL|vcoph[0]                                                                                                                                                          ;
;   13.974 ;   0.000  ; RR ; IC   ; 1      ; PLLOUTPUTCOUNTER_X89_Y6_N1 ; emu|pll|pll_inst|altera_pll_i|general[2].gpll~PLL_OUTPUT_COUNTER|vco0ph[0]                                                                                                                                                     ;
;   15.442 ;   1.468  ; RR ; CELL ; 1      ; PLLOUTPUTCOUNTER_X89_Y6_N1 ; emu|pll|pll_inst|altera_pll_i|general[2].gpll~PLL_OUTPUT_COUNTER|divclk                                                                                                                                                        ;
;   16.350 ;   0.908  ; RR ; IC   ; 1      ; CLKCTRL_G6                 ; emu|pll|pll_inst|altera_pll_i|outclk_wire[2]~CLKENA0|inclk                                                                                                                                                                     ;
;   16.629 ;   0.279  ; RR ; CELL ; 36211  ; CLKCTRL_G6                 ; emu|pll|pll_inst|altera_pll_i|outclk_wire[2]~CLKENA0|outclk                                                                                                                                                                    ;
;   18.474 ;   1.845  ; RR ; IC   ; 1      ; FF_X21_Y30_N43             ; emu|mpeg2_h262_two_picture_probe|p_controller|residual_probe|transform|iq_non_intra_weight[5]|clk                                                                                                                              ;
;   18.989 ;   0.515  ; RR ; CELL ; 1      ; FF_X21_Y30_N43             ; emu:emu|mpeg2_h262_two_picture_probe:mpeg2_h262_two_picture_probe|mpeg2_h262_p_diagnostic_controller:p_controller|mpeg2_h262_p_residual_probe:residual_probe|mpeg2_h262_p_non_intra_transform:transform|iq_non_intra_weight[5] ;
;   21.142 ;   2.153  ;    ;      ;        ;                            ; clock pessimism removed                                                                                                                                                                                                        ;
; 21.022   ; -0.120   ;    ;      ;        ;                            ; clock uncertainty                                                                                                                                                                                                              ;
; 21.022   ; 0.000    ;    ; uTsu ; 1      ; FF_X21_Y30_N43             ; emu:emu|mpeg2_h262_two_picture_probe:mpeg2_h262_two_picture_probe|mpeg2_h262_p_diagnostic_controller:p_controller|mpeg2_h262_p_residual_probe:residual_probe|mpeg2_h262_p_non_intra_transform:transform|iq_non_intra_weight[5] ;
+----------+----------+----+------+--------+----------------------------+--------------------------------------------------------------------------------------------------------------------------------------------------------------------------------------------------------------------------------+

----------------------------
; Extra Fitter Information ;
----------------------------
HTML report is unavailable in plain text report export.


