----------------
; Command Info ;
----------------
Report Timing: Found 5 hold paths (0 violated).  Worst case slack is 0.172 

Tcl Command:
    report_timing -hold -file /home/vash/mister-builds/entry675/results/hold_paths.rpt -npaths 5 -detail full_path

Options:
    -hold 
    -npaths 5 
    -detail full_path 
    -file {/home/vash/mister-builds/entry675/results/hold_paths.rpt} 

Delay Model:
    Slow 1100mV 100C Model

+--------------------------------------------------------------------------------------------------------------------------------------------------------------------------------------------------------------------------------------------------------------------------------------------------------------------------------------------------------------------------------------------------------------------------------------------------------------------------------------------------------------------------------------------------------------------------------------------------+
; Summary of Paths                                                                                                                                                                                                                                                                                                                                                                                                                                                                                                                                                                                 ;
+-------+-----------------------------------------------------------------------------------------------------------------------------------------------------------------------------------------+-------------------------------------------------------------------------------------------------------------------------------------------------------------------------------+-----------------------------------------------------------------------------------+-----------------------------------------------------------------------------------+--------------+------------+------------+
; Slack ; From Node                                                                                                                                                                               ; To Node                                                                                                                                                                       ; Launch Clock                                                                      ; Latch Clock                                                                       ; Relationship ; Clock Skew ; Data Delay ;
+-------+-----------------------------------------------------------------------------------------------------------------------------------------------------------------------------------------+-------------------------------------------------------------------------------------------------------------------------------------------------------------------------------+-----------------------------------------------------------------------------------+-----------------------------------------------------------------------------------+--------------+------------+------------+
; 0.172 ; sysmem_lite:sysmem|sysmem_HPS_fpga_interfaces:fpga_interfaces|f2sdram~FF_1745                                                                                                           ; ascal:ascal|avl_dw[75]                                                                                                                                                        ; sysmem|fpga_interfaces|clocks_resets|h2f_user0_clk                                ; sysmem|fpga_interfaces|clocks_resets|h2f_user0_clk                                ; 0.000        ; 0.585      ; 0.757      ;
; 0.210 ; sysmem_lite:sysmem|sysmem_HPS_fpga_interfaces:fpga_interfaces|f2sdram~FF_1848                                                                                                           ; ascal:ascal|avl_dw[36]                                                                                                                                                        ; sysmem|fpga_interfaces|clocks_resets|h2f_user0_clk                                ; sysmem|fpga_interfaces|clocks_resets|h2f_user0_clk                                ; 0.000        ; 0.555      ; 0.765      ;
; 0.246 ; emu:emu|mpeg2_h262_clean_video_queue:mpeg2_h262_clean_video_queue|scfifo:video_fifo|scfifo_fe31:auto_generated|a_dpfifo_mk31:dpfifo|cntr_gi7:usedw_counter|counter_reg_bit[2]~DUPLICATE ; emu:emu|mpeg2_h262_clean_video_queue:mpeg2_h262_clean_video_queue|scfifo:video_fifo|scfifo_fe31:auto_generated|a_dpfifo_mk31:dpfifo|cntr_gi7:usedw_counter|counter_reg_bit[2] ; emu|pll|pll_inst|altera_pll_i|general[2].gpll~PLL_OUTPUT_COUNTER|divclk           ; emu|pll|pll_inst|altera_pll_i|general[2].gpll~PLL_OUTPUT_COUNTER|divclk           ; 0.000        ; 0.112      ; 0.358      ;
; 0.247 ; ascal:ascal|o_vcpt_sync[2]                                                                                                                                                              ; ascal:ascal|o_vcpt_sync[2]                                                                                                                                                    ; pll_hdmi|pll_hdmi_inst|altera_pll_i|cyclonev_pll|counter[0].output_counter|divclk ; pll_hdmi|pll_hdmi_inst|altera_pll_i|cyclonev_pll|counter[0].output_counter|divclk ; 0.000        ; 0.109      ; 0.356      ;
; 0.250 ; emu:emu|audio_pcm_test_source:audio_pcm_test_source|phase_left[14]                                                                                                                      ; emu:emu|audio_pcm_test_source:audio_pcm_test_source|phase_left[14]                                                                                                            ; emu|pll|pll_inst|altera_pll_i|general[2].gpll~PLL_OUTPUT_COUNTER|divclk           ; emu|pll|pll_inst|altera_pll_i|general[2].gpll~PLL_OUTPUT_COUNTER|divclk           ; 0.000        ; 0.109      ; 0.359      ;
+-------+-----------------------------------------------------------------------------------------------------------------------------------------------------------------------------------------+-------------------------------------------------------------------------------------------------------------------------------------------------------------------------------+-----------------------------------------------------------------------------------+-----------------------------------------------------------------------------------+--------------+------------+------------+

Path #1: Hold slack is 0.172 
===============================================================================
+----------------------------------------------------------------------------------------------------+
; Path Summary                                                                                       ;
+--------------------+-------------------------------------------------------------------------------+
; Property           ; Value                                                                         ;
+--------------------+-------------------------------------------------------------------------------+
; From Node          ; sysmem_lite:sysmem|sysmem_HPS_fpga_interfaces:fpga_interfaces|f2sdram~FF_1745 ;
; To Node            ; ascal:ascal|avl_dw[75]                                                        ;
; Launch Clock       ; sysmem|fpga_interfaces|clocks_resets|h2f_user0_clk                            ;
; Latch Clock        ; sysmem|fpga_interfaces|clocks_resets|h2f_user0_clk                            ;
; Data Arrival Time  ; 3.384                                                                         ;
; Data Required Time ; 3.212                                                                         ;
; Slack              ; 0.172                                                                         ;
+--------------------+-------------------------------------------------------------------------------+

+-----------------------------------------------------------------------------------+
; Statistics                                                                        ;
+------------------------+-------+-------+-------------+------------+-------+-------+
; Property               ; Value ; Count ; Total Delay ; % of Total ; Min   ; Max   ;
+------------------------+-------+-------+-------------+------------+-------+-------+
; Hold Relationship      ; 0.000 ;       ;             ;            ;       ;       ;
; Clock Skew             ; 0.585 ;       ;             ;            ;       ;       ;
; Data Delay             ; 0.757 ;       ;             ;            ;       ;       ;
; Number of Logic Levels ;       ; 0     ;             ;            ;       ;       ;
; Physical Delays        ;       ;       ;             ;            ;       ;       ;
;  Arrival Path          ;       ;       ;             ;            ;       ;       ;
;   Clock                ;       ;       ;             ;            ;       ;       ;
;    IC                  ;       ; 2     ; 2.355       ; 90         ; 0.256 ; 2.099 ;
;    Cell                ;       ; 2     ; 0.272       ; 10         ; 0.000 ; 0.272 ;
;   Data                 ;       ;       ;             ;            ;       ;       ;
;    IC                  ;       ; 1     ; 0.427       ; 56         ; 0.427 ; 0.427 ;
;    Cell                ;       ; 2     ; 0.330       ; 44         ; 0.000 ; 0.330 ;
;    uTco                ;       ; 1     ; 0.000       ; 0          ; 0.000 ; 0.000 ;
;  Required Path         ;       ;       ;             ;            ;       ;       ;
;   Clock                ;       ;       ;             ;            ;       ;       ;
;    IC                  ;       ; 2     ; 2.782       ; 76         ; 0.256 ; 2.526 ;
;    Cell                ;       ; 2     ; 0.860       ; 24         ; 0.298 ; 0.562 ;
+------------------------+-------+-------+-------------+------------+-------+-------+
Note: Negative delays are omitted from totals when calculating percentages

+----------------------------------------------------------------------------------------------------------------------------------------------------------------+
; Data Arrival Path                                                                                                                                              ;
+---------+---------+----+------+--------+---------------------------------------+-------------------------------------------------------------------------------+
; Total   ; Incr    ; RF ; Type ; Fanout ; Location                              ; Element                                                                       ;
+---------+---------+----+------+--------+---------------------------------------+-------------------------------------------------------------------------------+
; 0.000   ; 0.000   ;    ;      ;        ;                                       ; launch edge time                                                              ;
; 2.627   ; 2.627   ;    ;      ;        ;                                       ; clock path                                                                    ;
;   0.000 ;   0.000 ;    ;      ;        ;                                       ; source latency                                                                ;
;   0.000 ;   0.000 ;    ;      ; 1      ; HPSINTERFACECLOCKSRESETS_X52_Y78_N111 ; sysmem|fpga_interfaces|clocks_resets|h2f_user0_clk                            ;
;   0.256 ;   0.256 ; RR ; IC   ; 1      ; CLKCTRL_G13                           ; sysmem|fpga_interfaces|h2f_user0_clk[0]~CLKENA0|inclk                         ;
;   0.528 ;   0.272 ; RR ; CELL ; 740    ; CLKCTRL_G13                           ; sysmem|fpga_interfaces|h2f_user0_clk[0]~CLKENA0|outclk                        ;
;   2.627 ;   2.099 ; RR ; IC   ; 86     ; HPSINTERFACEFPGA2SDRAM_X52_Y53_N111   ; sysmem|fpga_interfaces|f2sdram|rd_clk_0                                       ;
;   2.627 ;   0.000 ; RR ; CELL ; 1      ; HPSINTERFACEFPGA2SDRAM_X52_Y53_N111   ; sysmem_lite:sysmem|sysmem_HPS_fpga_interfaces:fpga_interfaces|f2sdram~FF_1745 ;
; 3.384   ; 0.757   ;    ;      ;        ;                                       ; data path                                                                     ;
;   2.627 ;   0.000 ;    ; uTco ; 1      ; HPSINTERFACEFPGA2SDRAM_X52_Y53_N111   ; sysmem_lite:sysmem|sysmem_HPS_fpga_interfaces:fpga_interfaces|f2sdram~FF_1745 ;
;   2.627 ;   0.000 ; RF ; CELL ; 1      ; HPSINTERFACEFPGA2SDRAM_X52_Y53_N111   ; sysmem|fpga_interfaces|f2sdram|rd_data_0[51]                                  ;
;   3.054 ;   0.427 ; FF ; IC   ; 1      ; FF_X50_Y62_N22                        ; ascal|avl_dw[75]|asdata                                                       ;
;   3.384 ;   0.330 ; FF ; CELL ; 1      ; FF_X50_Y62_N22                        ; ascal:ascal|avl_dw[75]                                                        ;
+---------+---------+----+------+--------+---------------------------------------+-------------------------------------------------------------------------------+

+------------------------------------------------------------------------------------------------------------------------------------------+
; Data Required Path                                                                                                                       ;
+---------+----------+----+------+--------+---------------------------------------+--------------------------------------------------------+
; Total   ; Incr     ; RF ; Type ; Fanout ; Location                              ; Element                                                ;
+---------+----------+----+------+--------+---------------------------------------+--------------------------------------------------------+
; 0.000   ; 0.000    ;    ;      ;        ;                                       ; latch edge time                                        ;
; 3.212   ; 3.212    ;    ;      ;        ;                                       ; clock path                                             ;
;   0.000 ;   0.000  ;    ;      ;        ;                                       ; source latency                                         ;
;   0.000 ;   0.000  ;    ;      ; 1      ; HPSINTERFACECLOCKSRESETS_X52_Y78_N111 ; sysmem|fpga_interfaces|clocks_resets|h2f_user0_clk     ;
;   0.256 ;   0.256  ; RR ; IC   ; 1      ; CLKCTRL_G13                           ; sysmem|fpga_interfaces|h2f_user0_clk[0]~CLKENA0|inclk  ;
;   0.554 ;   0.298  ; RR ; CELL ; 740    ; CLKCTRL_G13                           ; sysmem|fpga_interfaces|h2f_user0_clk[0]~CLKENA0|outclk ;
;   3.080 ;   2.526  ; RR ; IC   ; 1      ; FF_X50_Y62_N22                        ; ascal|avl_dw[75]|clk                                   ;
;   3.642 ;   0.562  ; RR ; CELL ; 1      ; FF_X50_Y62_N22                        ; ascal:ascal|avl_dw[75]                                 ;
;   3.212 ;   -0.430 ;    ;      ;        ;                                       ; clock pessimism removed                                ;
; 3.212   ; 0.000    ;    ;      ;        ;                                       ; clock uncertainty                                      ;
; 3.212   ; 0.000    ;    ; uTh  ; 1      ; FF_X50_Y62_N22                        ; ascal:ascal|avl_dw[75]                                 ;
+---------+----------+----+------+--------+---------------------------------------+--------------------------------------------------------+

----------------------------
; Extra Fitter Information ;
----------------------------
HTML report is unavailable in plain text report export.


Path #2: Hold slack is 0.210 
===============================================================================
+----------------------------------------------------------------------------------------------------+
; Path Summary                                                                                       ;
+--------------------+-------------------------------------------------------------------------------+
; Property           ; Value                                                                         ;
+--------------------+-------------------------------------------------------------------------------+
; From Node          ; sysmem_lite:sysmem|sysmem_HPS_fpga_interfaces:fpga_interfaces|f2sdram~FF_1848 ;
; To Node            ; ascal:ascal|avl_dw[36]                                                        ;
; Launch Clock       ; sysmem|fpga_interfaces|clocks_resets|h2f_user0_clk                            ;
; Latch Clock        ; sysmem|fpga_interfaces|clocks_resets|h2f_user0_clk                            ;
; Data Arrival Time  ; 3.411                                                                         ;
; Data Required Time ; 3.201                                                                         ;
; Slack              ; 0.210                                                                         ;
+--------------------+-------------------------------------------------------------------------------+

+-----------------------------------------------------------------------------------+
; Statistics                                                                        ;
+------------------------+-------+-------+-------------+------------+-------+-------+
; Property               ; Value ; Count ; Total Delay ; % of Total ; Min   ; Max   ;
+------------------------+-------+-------+-------------+------------+-------+-------+
; Hold Relationship      ; 0.000 ;       ;             ;            ;       ;       ;
; Clock Skew             ; 0.555 ;       ;             ;            ;       ;       ;
; Data Delay             ; 0.765 ;       ;             ;            ;       ;       ;
; Number of Logic Levels ;       ; 0     ;             ;            ;       ;       ;
; Physical Delays        ;       ;       ;             ;            ;       ;       ;
;  Arrival Path          ;       ;       ;             ;            ;       ;       ;
;   Clock                ;       ;       ;             ;            ;       ;       ;
;    IC                  ;       ; 2     ; 2.374       ; 90         ; 0.256 ; 2.118 ;
;    Cell                ;       ; 2     ; 0.272       ; 10         ; 0.000 ; 0.272 ;
;   Data                 ;       ;       ;             ;            ;       ;       ;
;    IC                  ;       ; 1     ; 0.484       ; 63         ; 0.484 ; 0.484 ;
;    Cell                ;       ; 2     ; 0.281       ; 37         ; 0.000 ; 0.281 ;
;    uTco                ;       ; 1     ; 0.000       ; 0          ; 0.000 ; 0.000 ;
;  Required Path         ;       ;       ;             ;            ;       ;       ;
;   Clock                ;       ;       ;             ;            ;       ;       ;
;    IC                  ;       ; 2     ; 2.782       ; 77         ; 0.256 ; 2.526 ;
;    Cell                ;       ; 2     ; 0.849       ; 23         ; 0.298 ; 0.551 ;
+------------------------+-------+-------+-------------+------------+-------+-------+
Note: Negative delays are omitted from totals when calculating percentages

+----------------------------------------------------------------------------------------------------------------------------------------------------------------+
; Data Arrival Path                                                                                                                                              ;
+---------+---------+----+------+--------+---------------------------------------+-------------------------------------------------------------------------------+
; Total   ; Incr    ; RF ; Type ; Fanout ; Location                              ; Element                                                                       ;
+---------+---------+----+------+--------+---------------------------------------+-------------------------------------------------------------------------------+
; 0.000   ; 0.000   ;    ;      ;        ;                                       ; launch edge time                                                              ;
; 2.646   ; 2.646   ;    ;      ;        ;                                       ; clock path                                                                    ;
;   0.000 ;   0.000 ;    ;      ;        ;                                       ; source latency                                                                ;
;   0.000 ;   0.000 ;    ;      ; 1      ; HPSINTERFACECLOCKSRESETS_X52_Y78_N111 ; sysmem|fpga_interfaces|clocks_resets|h2f_user0_clk                            ;
;   0.256 ;   0.256 ; RR ; IC   ; 1      ; CLKCTRL_G13                           ; sysmem|fpga_interfaces|h2f_user0_clk[0]~CLKENA0|inclk                         ;
;   0.528 ;   0.272 ; RR ; CELL ; 740    ; CLKCTRL_G13                           ; sysmem|fpga_interfaces|h2f_user0_clk[0]~CLKENA0|outclk                        ;
;   2.646 ;   2.118 ; RR ; IC   ; 88     ; HPSINTERFACEFPGA2SDRAM_X52_Y53_N111   ; sysmem|fpga_interfaces|f2sdram|rd_clk_1                                       ;
;   2.646 ;   0.000 ; RR ; CELL ; 1      ; HPSINTERFACEFPGA2SDRAM_X52_Y53_N111   ; sysmem_lite:sysmem|sysmem_HPS_fpga_interfaces:fpga_interfaces|f2sdram~FF_1848 ;
; 3.411   ; 0.765   ;    ;      ;        ;                                       ; data path                                                                     ;
;   2.646 ;   0.000 ;    ; uTco ; 1      ; HPSINTERFACEFPGA2SDRAM_X52_Y53_N111   ; sysmem_lite:sysmem|sysmem_HPS_fpga_interfaces:fpga_interfaces|f2sdram~FF_1848 ;
;   2.646 ;   0.000 ; RR ; CELL ; 1      ; HPSINTERFACEFPGA2SDRAM_X52_Y53_N111   ; sysmem|fpga_interfaces|f2sdram|rd_data_1[28]                                  ;
;   3.130 ;   0.484 ; RR ; IC   ; 1      ; FF_X48_Y60_N44                        ; ascal|avl_dw[36]|asdata                                                       ;
;   3.411 ;   0.281 ; RR ; CELL ; 1      ; FF_X48_Y60_N44                        ; ascal:ascal|avl_dw[36]                                                        ;
+---------+---------+----+------+--------+---------------------------------------+-------------------------------------------------------------------------------+

+------------------------------------------------------------------------------------------------------------------------------------------+
; Data Required Path                                                                                                                       ;
+---------+----------+----+------+--------+---------------------------------------+--------------------------------------------------------+
; Total   ; Incr     ; RF ; Type ; Fanout ; Location                              ; Element                                                ;
+---------+----------+----+------+--------+---------------------------------------+--------------------------------------------------------+
; 0.000   ; 0.000    ;    ;      ;        ;                                       ; latch edge time                                        ;
; 3.201   ; 3.201    ;    ;      ;        ;                                       ; clock path                                             ;
;   0.000 ;   0.000  ;    ;      ;        ;                                       ; source latency                                         ;
;   0.000 ;   0.000  ;    ;      ; 1      ; HPSINTERFACECLOCKSRESETS_X52_Y78_N111 ; sysmem|fpga_interfaces|clocks_resets|h2f_user0_clk     ;
;   0.256 ;   0.256  ; RR ; IC   ; 1      ; CLKCTRL_G13                           ; sysmem|fpga_interfaces|h2f_user0_clk[0]~CLKENA0|inclk  ;
;   0.554 ;   0.298  ; RR ; CELL ; 740    ; CLKCTRL_G13                           ; sysmem|fpga_interfaces|h2f_user0_clk[0]~CLKENA0|outclk ;
;   3.080 ;   2.526  ; RR ; IC   ; 1      ; FF_X48_Y60_N44                        ; ascal|avl_dw[36]|clk                                   ;
;   3.631 ;   0.551  ; RR ; CELL ; 1      ; FF_X48_Y60_N44                        ; ascal:ascal|avl_dw[36]                                 ;
;   3.201 ;   -0.430 ;    ;      ;        ;                                       ; clock pessimism removed                                ;
; 3.201   ; 0.000    ;    ;      ;        ;                                       ; clock uncertainty                                      ;
; 3.201   ; 0.000    ;    ; uTh  ; 1      ; FF_X48_Y60_N44                        ; ascal:ascal|avl_dw[36]                                 ;
+---------+----------+----+------+--------+---------------------------------------+--------------------------------------------------------+

----------------------------
; Extra Fitter Information ;
----------------------------
HTML report is unavailable in plain text report export.


Path #3: Hold slack is 0.246 
===============================================================================
+--------------------------------------------------------------------------------------------------------------------------------------------------------------------------------------------------------------+
; Path Summary                                                                                                                                                                                                 ;
+--------------------+-----------------------------------------------------------------------------------------------------------------------------------------------------------------------------------------+
; Property           ; Value                                                                                                                                                                                   ;
+--------------------+-----------------------------------------------------------------------------------------------------------------------------------------------------------------------------------------+
; From Node          ; emu:emu|mpeg2_h262_clean_video_queue:mpeg2_h262_clean_video_queue|scfifo:video_fifo|scfifo_fe31:auto_generated|a_dpfifo_mk31:dpfifo|cntr_gi7:usedw_counter|counter_reg_bit[2]~DUPLICATE ;
; To Node            ; emu:emu|mpeg2_h262_clean_video_queue:mpeg2_h262_clean_video_queue|scfifo:video_fifo|scfifo_fe31:auto_generated|a_dpfifo_mk31:dpfifo|cntr_gi7:usedw_counter|counter_reg_bit[2]           ;
; Launch Clock       ; emu|pll|pll_inst|altera_pll_i|general[2].gpll~PLL_OUTPUT_COUNTER|divclk                                                                                                                 ;
; Latch Clock        ; emu|pll|pll_inst|altera_pll_i|general[2].gpll~PLL_OUTPUT_COUNTER|divclk                                                                                                                 ;
; Data Arrival Time  ; 2.687                                                                                                                                                                                   ;
; Data Required Time ; 2.441                                                                                                                                                                                   ;
; Slack              ; 0.246                                                                                                                                                                                   ;
+--------------------+-----------------------------------------------------------------------------------------------------------------------------------------------------------------------------------------+

+-------------------------------------------------------------------------------------+
; Statistics                                                                          ;
+------------------------+-------+-------+-------------+------------+--------+--------+
; Property               ; Value ; Count ; Total Delay ; % of Total ; Min    ; Max    ;
+------------------------+-------+-------+-------------+------------+--------+--------+
; Hold Relationship      ; 0.000 ;       ;             ;            ;        ;        ;
; Clock Skew             ; 0.112 ;       ;             ;            ;        ;        ;
; Data Delay             ; 0.358 ;       ;             ;            ;        ;        ;
; Number of Logic Levels ;       ; 1     ;             ;            ;        ;        ;
; Physical Delays        ;       ;       ;             ;            ;        ;        ;
;  Arrival Path          ;       ;       ;             ;            ;        ;        ;
;   Clock                ;       ;       ;             ;            ;        ;        ;
;    IC                  ;       ; 6     ; 3.961       ; 55         ; 0.000  ; 1.882  ;
;    Cell                ;       ; 5     ; 3.300       ; 45         ; 0.279  ; 1.468  ;
;    PLL Compensation    ;       ; 1     ; -4.932      ; 0          ; -4.932 ; -4.932 ;
;   Data                 ;       ;       ;             ;            ;        ;        ;
;    IC                  ;       ; 2     ; 0.218       ; 61         ; 0.000  ; 0.218  ;
;    Cell                ;       ; 3     ; 0.140       ; 39         ; 0.000  ; 0.070  ;
;    uTco                ;       ; 1     ; 0.000       ; 0          ; 0.000  ; 0.000  ;
;  Required Path         ;       ;       ;             ;            ;        ;        ;
;   Clock                ;       ;       ;             ;            ;        ;        ;
;    IC                  ;       ; 6     ; 4.671       ; 56         ; 0.000  ; 2.297  ;
;    Cell                ;       ; 5     ; 3.711       ; 44         ; 0.304  ; 1.746  ;
;    PLL Compensation    ;       ; 1     ; -3.768      ; 0          ; -3.768 ; -3.768 ;
+------------------------+-------+-------+-------------+------------+--------+--------+
Note: Negative delays are omitted from totals when calculating percentages

+-----------------------------------------------------------------------------------------------------------------------------------------------------------------------------------------------------------------------------------------------------------------+
; Data Arrival Path                                                                                                                                                                                                                                               ;
+----------+----------+----+------+--------+----------------------------+-----------------------------------------------------------------------------------------------------------------------------------------------------------------------------------------+
; Total    ; Incr     ; RF ; Type ; Fanout ; Location                   ; Element                                                                                                                                                                                 ;
+----------+----------+----+------+--------+----------------------------+-----------------------------------------------------------------------------------------------------------------------------------------------------------------------------------------+
; 0.000    ; 0.000    ;    ;      ;        ;                            ; launch edge time                                                                                                                                                                        ;
; 2.329    ; 2.329    ;    ;      ;        ;                            ; clock path                                                                                                                                                                              ;
;   0.000  ;   0.000  ;    ;      ;        ;                            ; source latency                                                                                                                                                                          ;
;   0.000  ;   0.000  ;    ;      ; 1      ; PIN_Y13                    ; FPGA_CLK2_50                                                                                                                                                                            ;
;   0.000  ;   0.000  ; RR ; IC   ; 1      ; IOIBUF_X56_Y0_N1           ; FPGA_CLK2_50~input|i                                                                                                                                                                    ;
;   0.761  ;   0.761  ; RR ; CELL ; 2      ; IOIBUF_X56_Y0_N1           ; FPGA_CLK2_50~input|o                                                                                                                                                                    ;
;   1.932  ;   1.171  ; RR ; IC   ; 1      ; PLLREFCLKSELECT_X89_Y7_N0  ; emu|pll|pll_inst|altera_pll_i|general[0].gpll~PLL_REFCLK_SELECT|clkin[0]                                                                                                                ;
;   2.240  ;   0.308  ; RR ; CELL ; 1      ; PLLREFCLKSELECT_X89_Y7_N0  ; emu|pll|pll_inst|altera_pll_i|general[0].gpll~PLL_REFCLK_SELECT|clkout                                                                                                                  ;
;   2.240  ;   0.000  ; RR ; IC   ; 10     ; FRACTIONALPLL_X89_Y1_N0    ; emu|pll|pll_inst|altera_pll_i|general[0].gpll~FRACTIONAL_PLL|refclkin                                                                                                                   ;
;   -2.692 ;   -4.932 ; RR ; COMP ; 3      ; FRACTIONALPLL_X89_Y1_N0    ; emu|pll|pll_inst|altera_pll_i|general[0].gpll~FRACTIONAL_PLL|vcoph[0]                                                                                                                   ;
;   -2.692 ;   0.000  ; RR ; IC   ; 1      ; PLLOUTPUTCOUNTER_X89_Y6_N1 ; emu|pll|pll_inst|altera_pll_i|general[2].gpll~PLL_OUTPUT_COUNTER|vco0ph[0]                                                                                                              ;
;   -1.224 ;   1.468  ; RR ; CELL ; 1      ; PLLOUTPUTCOUNTER_X89_Y6_N1 ; emu|pll|pll_inst|altera_pll_i|general[2].gpll~PLL_OUTPUT_COUNTER|divclk                                                                                                                 ;
;   -0.316 ;   0.908  ; RR ; IC   ; 1      ; CLKCTRL_G6                 ; emu|pll|pll_inst|altera_pll_i|outclk_wire[2]~CLKENA0|inclk                                                                                                                              ;
;   -0.037 ;   0.279  ; RR ; CELL ; 36211  ; CLKCTRL_G6                 ; emu|pll|pll_inst|altera_pll_i|outclk_wire[2]~CLKENA0|outclk                                                                                                                             ;
;   1.845  ;   1.882  ; RR ; IC   ; 1      ; FF_X46_Y14_N8              ; emu|mpeg2_h262_clean_video_queue|video_fifo|auto_generated|dpfifo|usedw_counter|counter_reg_bit[2]~DUPLICATE|clk                                                                        ;
;   2.329  ;   0.484  ; RR ; CELL ; 1      ; FF_X46_Y14_N8              ; emu:emu|mpeg2_h262_clean_video_queue:mpeg2_h262_clean_video_queue|scfifo:video_fifo|scfifo_fe31:auto_generated|a_dpfifo_mk31:dpfifo|cntr_gi7:usedw_counter|counter_reg_bit[2]~DUPLICATE ;
; 2.687    ; 0.358    ;    ;      ;        ;                            ; data path                                                                                                                                                                               ;
;   2.329  ;   0.000  ;    ; uTco ; 1      ; FF_X46_Y14_N8              ; emu:emu|mpeg2_h262_clean_video_queue:mpeg2_h262_clean_video_queue|scfifo:video_fifo|scfifo_fe31:auto_generated|a_dpfifo_mk31:dpfifo|cntr_gi7:usedw_counter|counter_reg_bit[2]~DUPLICATE ;
;   2.329  ;   0.000  ; FF ; CELL ; 1      ; FF_X46_Y14_N8              ; emu|mpeg2_h262_clean_video_queue|video_fifo|auto_generated|dpfifo|usedw_counter|counter_reg_bit[2]~DUPLICATE|q                                                                          ;
;   2.547  ;   0.218  ; FF ; IC   ; 2      ; LABCELL_X46_Y14_N6         ; emu|mpeg2_h262_clean_video_queue|video_fifo|auto_generated|dpfifo|usedw_counter|counter_comb_bita2|dataf                                                                                ;
;   2.617  ;   0.070  ; FF ; CELL ; 2      ; LABCELL_X46_Y14_N6         ; emu|mpeg2_h262_clean_video_queue|video_fifo|auto_generated|dpfifo|usedw_counter|counter_comb_bita2|sumout                                                                               ;
;   2.617  ;   0.000  ; FF ; IC   ; 1      ; FF_X46_Y14_N7              ; emu|mpeg2_h262_clean_video_queue|video_fifo|auto_generated|dpfifo|usedw_counter|counter_reg_bit[2]|d                                                                                    ;
;   2.687  ;   0.070  ; FF ; CELL ; 1      ; FF_X46_Y14_N7              ; emu:emu|mpeg2_h262_clean_video_queue:mpeg2_h262_clean_video_queue|scfifo:video_fifo|scfifo_fe31:auto_generated|a_dpfifo_mk31:dpfifo|cntr_gi7:usedw_counter|counter_reg_bit[2]           ;
+----------+----------+----+------+--------+----------------------------+-----------------------------------------------------------------------------------------------------------------------------------------------------------------------------------------+

+-------------------------------------------------------------------------------------------------------------------------------------------------------------------------------------------------------------------------------------------------------+
; Data Required Path                                                                                                                                                                                                                                    ;
+----------+----------+----+------+--------+----------------------------+-------------------------------------------------------------------------------------------------------------------------------------------------------------------------------+
; Total    ; Incr     ; RF ; Type ; Fanout ; Location                   ; Element                                                                                                                                                                       ;
+----------+----------+----+------+--------+----------------------------+-------------------------------------------------------------------------------------------------------------------------------------------------------------------------------+
; 0.000    ; 0.000    ;    ;      ;        ;                            ; latch edge time                                                                                                                                                               ;
; 2.441    ; 2.441    ;    ;      ;        ;                            ; clock path                                                                                                                                                                    ;
;   0.000  ;   0.000  ;    ;      ;        ;                            ; source latency                                                                                                                                                                ;
;   0.000  ;   0.000  ;    ;      ; 1      ; PIN_Y13                    ; FPGA_CLK2_50                                                                                                                                                                  ;
;   0.000  ;   0.000  ; RR ; IC   ; 1      ; IOIBUF_X56_Y0_N1           ; FPGA_CLK2_50~input|i                                                                                                                                                          ;
;   0.761  ;   0.761  ; RR ; CELL ; 2      ; IOIBUF_X56_Y0_N1           ; FPGA_CLK2_50~input|o                                                                                                                                                          ;
;   2.096  ;   1.335  ; RR ; IC   ; 1      ; PLLREFCLKSELECT_X89_Y7_N0  ; emu|pll|pll_inst|altera_pll_i|general[0].gpll~PLL_REFCLK_SELECT|clkin[0]                                                                                                      ;
;   2.429  ;   0.333  ; RR ; CELL ; 1      ; PLLREFCLKSELECT_X89_Y7_N0  ; emu|pll|pll_inst|altera_pll_i|general[0].gpll~PLL_REFCLK_SELECT|clkout                                                                                                        ;
;   2.429  ;   0.000  ; RR ; IC   ; 10     ; FRACTIONALPLL_X89_Y1_N0    ; emu|pll|pll_inst|altera_pll_i|general[0].gpll~FRACTIONAL_PLL|refclkin                                                                                                         ;
;   -1.339 ;   -3.768 ; RR ; COMP ; 3      ; FRACTIONALPLL_X89_Y1_N0    ; emu|pll|pll_inst|altera_pll_i|general[0].gpll~FRACTIONAL_PLL|vcoph[0]                                                                                                         ;
;   -1.339 ;   0.000  ; RR ; IC   ; 1      ; PLLOUTPUTCOUNTER_X89_Y6_N1 ; emu|pll|pll_inst|altera_pll_i|general[2].gpll~PLL_OUTPUT_COUNTER|vco0ph[0]                                                                                                    ;
;   0.407  ;   1.746  ; RR ; CELL ; 1      ; PLLOUTPUTCOUNTER_X89_Y6_N1 ; emu|pll|pll_inst|altera_pll_i|general[2].gpll~PLL_OUTPUT_COUNTER|divclk                                                                                                       ;
;   1.446  ;   1.039  ; RR ; IC   ; 1      ; CLKCTRL_G6                 ; emu|pll|pll_inst|altera_pll_i|outclk_wire[2]~CLKENA0|inclk                                                                                                                    ;
;   1.750  ;   0.304  ; RR ; CELL ; 36211  ; CLKCTRL_G6                 ; emu|pll|pll_inst|altera_pll_i|outclk_wire[2]~CLKENA0|outclk                                                                                                                   ;
;   4.047  ;   2.297  ; RR ; IC   ; 1      ; FF_X46_Y14_N7              ; emu|mpeg2_h262_clean_video_queue|video_fifo|auto_generated|dpfifo|usedw_counter|counter_reg_bit[2]|clk                                                                        ;
;   4.614  ;   0.567  ; RR ; CELL ; 1      ; FF_X46_Y14_N7              ; emu:emu|mpeg2_h262_clean_video_queue:mpeg2_h262_clean_video_queue|scfifo:video_fifo|scfifo_fe31:auto_generated|a_dpfifo_mk31:dpfifo|cntr_gi7:usedw_counter|counter_reg_bit[2] ;
;   2.441  ;   -2.173 ;    ;      ;        ;                            ; clock pessimism removed                                                                                                                                                       ;
; 2.441    ; 0.000    ;    ;      ;        ;                            ; clock uncertainty                                                                                                                                                             ;
; 2.441    ; 0.000    ;    ; uTh  ; 1      ; FF_X46_Y14_N7              ; emu:emu|mpeg2_h262_clean_video_queue:mpeg2_h262_clean_video_queue|scfifo:video_fifo|scfifo_fe31:auto_generated|a_dpfifo_mk31:dpfifo|cntr_gi7:usedw_counter|counter_reg_bit[2] ;
+----------+----------+----+------+--------+----------------------------+-------------------------------------------------------------------------------------------------------------------------------------------------------------------------------+

----------------------------
; Extra Fitter Information ;
----------------------------
HTML report is unavailable in plain text report export.


Path #4: Hold slack is 0.247 
===============================================================================
+--------------------------------------------------------------------------------------------------------+
; Path Summary                                                                                           ;
+--------------------+-----------------------------------------------------------------------------------+
; Property           ; Value                                                                             ;
+--------------------+-----------------------------------------------------------------------------------+
; From Node          ; ascal:ascal|o_vcpt_sync[2]                                                        ;
; To Node            ; ascal:ascal|o_vcpt_sync[2]                                                        ;
; Launch Clock       ; pll_hdmi|pll_hdmi_inst|altera_pll_i|cyclonev_pll|counter[0].output_counter|divclk ;
; Latch Clock        ; pll_hdmi|pll_hdmi_inst|altera_pll_i|cyclonev_pll|counter[0].output_counter|divclk ;
; Data Arrival Time  ; 7.551                                                                             ;
; Data Required Time ; 7.304                                                                             ;
; Slack              ; 0.247                                                                             ;
+--------------------+-----------------------------------------------------------------------------------+

+-------------------------------------------------------------------------------------+
; Statistics                                                                          ;
+------------------------+-------+-------+-------------+------------+--------+--------+
; Property               ; Value ; Count ; Total Delay ; % of Total ; Min    ; Max    ;
+------------------------+-------+-------+-------------+------------+--------+--------+
; Hold Relationship      ; 0.000 ;       ;             ;            ;        ;        ;
; Clock Skew             ; 0.109 ;       ;             ;            ;        ;        ;
; Data Delay             ; 0.356 ;       ;             ;            ;        ;        ;
; Number of Logic Levels ;       ; 1     ;             ;            ;        ;        ;
; Physical Delays        ;       ;       ;             ;            ;        ;        ;
;  Arrival Path          ;       ;       ;             ;            ;        ;        ;
;   Clock                ;       ;       ;             ;            ;        ;        ;
;    IC                  ;       ; 6     ; 4.040       ; 55         ; 0.000  ; 1.874  ;
;    Cell                ;       ; 5     ; 3.306       ; 45         ; 0.279  ; 1.466  ;
;    PLL Compensation    ;       ; 1     ; -0.151      ; 0          ; -0.151 ; -0.151 ;
;   Data                 ;       ;       ;             ;            ;        ;        ;
;    IC                  ;       ; 2     ; 0.218       ; 61         ; 0.000  ; 0.218  ;
;    Cell                ;       ; 3     ; 0.138       ; 39         ; 0.000  ; 0.069  ;
;    uTco                ;       ; 1     ; 0.000       ; 0          ; 0.000  ; 0.000  ;
;  Required Path         ;       ;       ;             ;            ;        ;        ;
;   Clock                ;       ;       ;             ;            ;        ;        ;
;    IC                  ;       ; 6     ; 4.755       ; 55         ; 0.000  ; 2.288  ;
;    Cell                ;       ; 6     ; 3.901       ; 45         ; 0.185  ; 1.745  ;
+------------------------+-------+-------+-------------+------------+--------+--------+
Note: Negative delays are omitted from totals when calculating percentages

+------------------------------------------------------------------------------------------------------------------------------------------------------------+
; Data Arrival Path                                                                                                                                          ;
+---------+----------+----+------+--------+---------------------------+--------------------------------------------------------------------------------------+
; Total   ; Incr     ; RF ; Type ; Fanout ; Location                  ; Element                                                                              ;
+---------+----------+----+------+--------+---------------------------+--------------------------------------------------------------------------------------+
; 0.000   ; 0.000    ;    ;      ;        ;                           ; launch edge time                                                                     ;
; 7.195   ; 7.195    ;    ;      ;        ;                           ; clock path                                                                           ;
;   0.000 ;   0.000  ;    ;      ;        ;                           ; source latency                                                                       ;
;   0.000 ;   0.000  ;    ;      ; 1      ; PIN_V11                   ; FPGA_CLK1_50                                                                         ;
;   0.000 ;   0.000  ; RR ; IC   ; 1      ; IOIBUF_X32_Y0_N1          ; FPGA_CLK1_50~input|i                                                                 ;
;   0.761 ;   0.761  ; RR ; CELL ; 2      ; IOIBUF_X32_Y0_N1          ; FPGA_CLK1_50~input|o                                                                 ;
;   1.922 ;   1.161  ; RR ; IC   ; 1      ; PLLREFCLKSELECT_X0_Y7_N0  ; pll_hdmi|pll_hdmi_inst|altera_pll_i|cyclonev_pll|fpll_0|REFCLK_SELECT|clkin[0]       ;
;   2.230 ;   0.308  ; RR ; CELL ; 1      ; PLLREFCLKSELECT_X0_Y7_N0  ; pll_hdmi|pll_hdmi_inst|altera_pll_i|cyclonev_pll|fpll_0|REFCLK_SELECT|clkout         ;
;   2.230 ;   0.000  ; RR ; IC   ; 10     ; FRACTIONALPLL_X0_Y1_N0    ; pll_hdmi|pll_hdmi_inst|altera_pll_i|cyclonev_pll|fpll_0|fpll|refclkin                ;
;   2.079 ;   -0.151 ; RR ; COMP ; 1      ; FRACTIONALPLL_X0_Y1_N0    ; pll_hdmi|pll_hdmi_inst|altera_pll_i|cyclonev_pll|fpll_0|fpll|vcoph[0]                ;
;   2.079 ;   0.000  ; RR ; IC   ; 1      ; PLLOUTPUTCOUNTER_X0_Y5_N1 ; pll_hdmi|pll_hdmi_inst|altera_pll_i|cyclonev_pll|counter[0].output_counter|vco0ph[0] ;
;   3.545 ;   1.466  ; RR ; CELL ; 3      ; PLLOUTPUTCOUNTER_X0_Y5_N1 ; pll_hdmi|pll_hdmi_inst|altera_pll_i|cyclonev_pll|counter[0].output_counter|divclk    ;
;   4.550 ;   1.005  ; RR ; IC   ; 1      ; CLKCTRL_G4                ; pll_hdmi|pll_hdmi_inst|altera_pll_i|cyclonev_pll|divclk[0]~CLKENA0|inclk             ;
;   4.829 ;   0.279  ; RR ; CELL ; 3657   ; CLKCTRL_G4                ; pll_hdmi|pll_hdmi_inst|altera_pll_i|cyclonev_pll|divclk[0]~CLKENA0|outclk            ;
;   6.703 ;   1.874  ; RR ; IC   ; 1      ; FF_X61_Y18_N8             ; ascal|o_vcpt_sync[2]|clk                                                             ;
;   7.195 ;   0.492  ; RR ; CELL ; 1      ; FF_X61_Y18_N8             ; ascal:ascal|o_vcpt_sync[2]                                                           ;
; 7.551   ; 0.356    ;    ;      ;        ;                           ; data path                                                                            ;
;   7.195 ;   0.000  ;    ; uTco ; 1      ; FF_X61_Y18_N8             ; ascal:ascal|o_vcpt_sync[2]                                                           ;
;   7.195 ;   0.000  ; FF ; CELL ; 3      ; FF_X61_Y18_N8             ; ascal|o_vcpt_sync[2]|q                                                               ;
;   7.413 ;   0.218  ; FF ; IC   ; 2      ; LABCELL_X61_Y18_N6        ; ascal|Add179~13|dataf                                                                ;
;   7.482 ;   0.069  ; FR ; CELL ; 1      ; LABCELL_X61_Y18_N6        ; ascal|Add179~13|sumout                                                               ;
;   7.482 ;   0.000  ; RR ; IC   ; 1      ; FF_X61_Y18_N8             ; ascal|o_vcpt_sync[2]|d                                                               ;
;   7.551 ;   0.069  ; RR ; CELL ; 1      ; FF_X61_Y18_N8             ; ascal:ascal|o_vcpt_sync[2]                                                           ;
+---------+----------+----+------+--------+---------------------------+--------------------------------------------------------------------------------------+

+------------------------------------------------------------------------------------------------------------------------------------------------------------+
; Data Required Path                                                                                                                                         ;
+---------+----------+----+------+--------+---------------------------+--------------------------------------------------------------------------------------+
; Total   ; Incr     ; RF ; Type ; Fanout ; Location                  ; Element                                                                              ;
+---------+----------+----+------+--------+---------------------------+--------------------------------------------------------------------------------------+
; 0.000   ; 0.000    ;    ;      ;        ;                           ; latch edge time                                                                      ;
; 7.304   ; 7.304    ;    ;      ;        ;                           ; clock path                                                                           ;
;   0.000 ;   0.000  ;    ;      ;        ;                           ; source latency                                                                       ;
;   0.000 ;   0.000  ;    ;      ; 1      ; PIN_V11                   ; FPGA_CLK1_50                                                                         ;
;   0.000 ;   0.000  ; RR ; IC   ; 1      ; IOIBUF_X32_Y0_N1          ; FPGA_CLK1_50~input|i                                                                 ;
;   0.761 ;   0.761  ; RR ; CELL ; 2      ; IOIBUF_X32_Y0_N1          ; FPGA_CLK1_50~input|o                                                                 ;
;   2.086 ;   1.325  ; RR ; IC   ; 1      ; PLLREFCLKSELECT_X0_Y7_N0  ; pll_hdmi|pll_hdmi_inst|altera_pll_i|cyclonev_pll|fpll_0|REFCLK_SELECT|clkin[0]       ;
;   2.419 ;   0.333  ; RR ; CELL ; 1      ; PLLREFCLKSELECT_X0_Y7_N0  ; pll_hdmi|pll_hdmi_inst|altera_pll_i|cyclonev_pll|fpll_0|REFCLK_SELECT|clkout         ;
;   2.419 ;   0.000  ; RR ; IC   ; 10     ; FRACTIONALPLL_X0_Y1_N0    ; pll_hdmi|pll_hdmi_inst|altera_pll_i|cyclonev_pll|fpll_0|fpll|refclkin                ;
;   2.604 ;   0.185  ; RR ; CELL ; 1      ; FRACTIONALPLL_X0_Y1_N0    ; pll_hdmi|pll_hdmi_inst|altera_pll_i|cyclonev_pll|fpll_0|fpll|vcoph[0]                ;
;   2.604 ;   0.000  ; RR ; IC   ; 1      ; PLLOUTPUTCOUNTER_X0_Y5_N1 ; pll_hdmi|pll_hdmi_inst|altera_pll_i|cyclonev_pll|counter[0].output_counter|vco0ph[0] ;
;   4.349 ;   1.745  ; RR ; CELL ; 3      ; PLLOUTPUTCOUNTER_X0_Y5_N1 ; pll_hdmi|pll_hdmi_inst|altera_pll_i|cyclonev_pll|counter[0].output_counter|divclk    ;
;   5.491 ;   1.142  ; RR ; IC   ; 1      ; CLKCTRL_G4                ; pll_hdmi|pll_hdmi_inst|altera_pll_i|cyclonev_pll|divclk[0]~CLKENA0|inclk             ;
;   5.795 ;   0.304  ; RR ; CELL ; 3657   ; CLKCTRL_G4                ; pll_hdmi|pll_hdmi_inst|altera_pll_i|cyclonev_pll|divclk[0]~CLKENA0|outclk            ;
;   8.083 ;   2.288  ; RR ; IC   ; 1      ; FF_X61_Y18_N8             ; ascal|o_vcpt_sync[2]|clk                                                             ;
;   8.656 ;   0.573  ; RR ; CELL ; 1      ; FF_X61_Y18_N8             ; ascal:ascal|o_vcpt_sync[2]                                                           ;
;   7.304 ;   -1.352 ;    ;      ;        ;                           ; clock pessimism removed                                                              ;
; 7.304   ; 0.000    ;    ;      ;        ;                           ; clock uncertainty                                                                    ;
; 7.304   ; 0.000    ;    ; uTh  ; 1      ; FF_X61_Y18_N8             ; ascal:ascal|o_vcpt_sync[2]                                                           ;
+---------+----------+----+------+--------+---------------------------+--------------------------------------------------------------------------------------+

----------------------------
; Extra Fitter Information ;
----------------------------
HTML report is unavailable in plain text report export.


Path #5: Hold slack is 0.250 
===============================================================================
+----------------------------------------------------------------------------------------------+
; Path Summary                                                                                 ;
+--------------------+-------------------------------------------------------------------------+
; Property           ; Value                                                                   ;
+--------------------+-------------------------------------------------------------------------+
; From Node          ; emu:emu|audio_pcm_test_source:audio_pcm_test_source|phase_left[14]      ;
; To Node            ; emu:emu|audio_pcm_test_source:audio_pcm_test_source|phase_left[14]      ;
; Launch Clock       ; emu|pll|pll_inst|altera_pll_i|general[2].gpll~PLL_OUTPUT_COUNTER|divclk ;
; Latch Clock        ; emu|pll|pll_inst|altera_pll_i|general[2].gpll~PLL_OUTPUT_COUNTER|divclk ;
; Data Arrival Time  ; 2.666                                                                   ;
; Data Required Time ; 2.416                                                                   ;
; Slack              ; 0.250                                                                   ;
+--------------------+-------------------------------------------------------------------------+

+-------------------------------------------------------------------------------------+
; Statistics                                                                          ;
+------------------------+-------+-------+-------------+------------+--------+--------+
; Property               ; Value ; Count ; Total Delay ; % of Total ; Min    ; Max    ;
+------------------------+-------+-------+-------------+------------+--------+--------+
; Hold Relationship      ; 0.000 ;       ;             ;            ;        ;        ;
; Clock Skew             ; 0.109 ;       ;             ;            ;        ;        ;
; Data Delay             ; 0.359 ;       ;             ;            ;        ;        ;
; Number of Logic Levels ;       ; 1     ;             ;            ;        ;        ;
; Physical Delays        ;       ;       ;             ;            ;        ;        ;
;  Arrival Path          ;       ;       ;             ;            ;        ;        ;
;   Clock                ;       ;       ;             ;            ;        ;        ;
;    IC                  ;       ; 6     ; 3.941       ; 54         ; 0.000  ; 1.862  ;
;    Cell                ;       ; 5     ; 3.298       ; 46         ; 0.279  ; 1.468  ;
;    PLL Compensation    ;       ; 1     ; -4.932      ; 0          ; -4.932 ; -4.932 ;
;   Data                 ;       ;       ;             ;            ;        ;        ;
;    IC                  ;       ; 2     ; 0.227       ; 63         ; 0.000  ; 0.227  ;
;    Cell                ;       ; 3     ; 0.132       ; 37         ; 0.000  ; 0.069  ;
;    uTco                ;       ; 1     ; 0.000       ; 0          ; 0.000  ; 0.000  ;
;  Required Path         ;       ;       ;             ;            ;        ;        ;
;   Clock                ;       ;       ;             ;            ;        ;        ;
;    IC                  ;       ; 6     ; 4.645       ; 56         ; 0.000  ; 2.271  ;
;    Cell                ;       ; 5     ; 3.705       ; 44         ; 0.304  ; 1.746  ;
;    PLL Compensation    ;       ; 1     ; -3.768      ; 0          ; -3.768 ; -3.768 ;
+------------------------+-------+-------+-------------+------------+--------+--------+
Note: Negative delays are omitted from totals when calculating percentages

+----------------------------------------------------------------------------------------------------------------------------------------------------+
; Data Arrival Path                                                                                                                                  ;
+----------+----------+----+------+--------+----------------------------+----------------------------------------------------------------------------+
; Total    ; Incr     ; RF ; Type ; Fanout ; Location                   ; Element                                                                    ;
+----------+----------+----+------+--------+----------------------------+----------------------------------------------------------------------------+
; 0.000    ; 0.000    ;    ;      ;        ;                            ; launch edge time                                                           ;
; 2.307    ; 2.307    ;    ;      ;        ;                            ; clock path                                                                 ;
;   0.000  ;   0.000  ;    ;      ;        ;                            ; source latency                                                             ;
;   0.000  ;   0.000  ;    ;      ; 1      ; PIN_Y13                    ; FPGA_CLK2_50                                                               ;
;   0.000  ;   0.000  ; RR ; IC   ; 1      ; IOIBUF_X56_Y0_N1           ; FPGA_CLK2_50~input|i                                                       ;
;   0.761  ;   0.761  ; RR ; CELL ; 2      ; IOIBUF_X56_Y0_N1           ; FPGA_CLK2_50~input|o                                                       ;
;   1.932  ;   1.171  ; RR ; IC   ; 1      ; PLLREFCLKSELECT_X89_Y7_N0  ; emu|pll|pll_inst|altera_pll_i|general[0].gpll~PLL_REFCLK_SELECT|clkin[0]   ;
;   2.240  ;   0.308  ; RR ; CELL ; 1      ; PLLREFCLKSELECT_X89_Y7_N0  ; emu|pll|pll_inst|altera_pll_i|general[0].gpll~PLL_REFCLK_SELECT|clkout     ;
;   2.240  ;   0.000  ; RR ; IC   ; 10     ; FRACTIONALPLL_X89_Y1_N0    ; emu|pll|pll_inst|altera_pll_i|general[0].gpll~FRACTIONAL_PLL|refclkin      ;
;   -2.692 ;   -4.932 ; RR ; COMP ; 3      ; FRACTIONALPLL_X89_Y1_N0    ; emu|pll|pll_inst|altera_pll_i|general[0].gpll~FRACTIONAL_PLL|vcoph[0]      ;
;   -2.692 ;   0.000  ; RR ; IC   ; 1      ; PLLOUTPUTCOUNTER_X89_Y6_N1 ; emu|pll|pll_inst|altera_pll_i|general[2].gpll~PLL_OUTPUT_COUNTER|vco0ph[0] ;
;   -1.224 ;   1.468  ; RR ; CELL ; 1      ; PLLOUTPUTCOUNTER_X89_Y6_N1 ; emu|pll|pll_inst|altera_pll_i|general[2].gpll~PLL_OUTPUT_COUNTER|divclk    ;
;   -0.316 ;   0.908  ; RR ; IC   ; 1      ; CLKCTRL_G6                 ; emu|pll|pll_inst|altera_pll_i|outclk_wire[2]~CLKENA0|inclk                 ;
;   -0.037 ;   0.279  ; RR ; CELL ; 36211  ; CLKCTRL_G6                 ; emu|pll|pll_inst|altera_pll_i|outclk_wire[2]~CLKENA0|outclk                ;
;   1.825  ;   1.862  ; RR ; IC   ; 1      ; FF_X78_Y17_N44             ; emu|audio_pcm_test_source|phase_left[14]|clk                               ;
;   2.307  ;   0.482  ; RR ; CELL ; 1      ; FF_X78_Y17_N44             ; emu:emu|audio_pcm_test_source:audio_pcm_test_source|phase_left[14]         ;
; 2.666    ; 0.359    ;    ;      ;        ;                            ; data path                                                                  ;
;   2.307  ;   0.000  ;    ; uTco ; 1      ; FF_X78_Y17_N44             ; emu:emu|audio_pcm_test_source:audio_pcm_test_source|phase_left[14]         ;
;   2.307  ;   0.000  ; FF ; CELL ; 1      ; FF_X78_Y17_N44             ; emu|audio_pcm_test_source|phase_left[14]|q                                 ;
;   2.534  ;   0.227  ; FF ; IC   ; 2      ; MLABCELL_X78_Y17_N42       ; emu|audio_pcm_test_source|Add0~69|dataf                                    ;
;   2.603  ;   0.069  ; FF ; CELL ; 1      ; MLABCELL_X78_Y17_N42       ; emu|audio_pcm_test_source|Add0~69|sumout                                   ;
;   2.603  ;   0.000  ; FF ; IC   ; 1      ; FF_X78_Y17_N44             ; emu|audio_pcm_test_source|phase_left[14]|d                                 ;
;   2.666  ;   0.063  ; FF ; CELL ; 1      ; FF_X78_Y17_N44             ; emu:emu|audio_pcm_test_source:audio_pcm_test_source|phase_left[14]         ;
+----------+----------+----+------+--------+----------------------------+----------------------------------------------------------------------------+

+----------------------------------------------------------------------------------------------------------------------------------------------------+
; Data Required Path                                                                                                                                 ;
+----------+----------+----+------+--------+----------------------------+----------------------------------------------------------------------------+
; Total    ; Incr     ; RF ; Type ; Fanout ; Location                   ; Element                                                                    ;
+----------+----------+----+------+--------+----------------------------+----------------------------------------------------------------------------+
; 0.000    ; 0.000    ;    ;      ;        ;                            ; latch edge time                                                            ;
; 2.416    ; 2.416    ;    ;      ;        ;                            ; clock path                                                                 ;
;   0.000  ;   0.000  ;    ;      ;        ;                            ; source latency                                                             ;
;   0.000  ;   0.000  ;    ;      ; 1      ; PIN_Y13                    ; FPGA_CLK2_50                                                               ;
;   0.000  ;   0.000  ; RR ; IC   ; 1      ; IOIBUF_X56_Y0_N1           ; FPGA_CLK2_50~input|i                                                       ;
;   0.761  ;   0.761  ; RR ; CELL ; 2      ; IOIBUF_X56_Y0_N1           ; FPGA_CLK2_50~input|o                                                       ;
;   2.096  ;   1.335  ; RR ; IC   ; 1      ; PLLREFCLKSELECT_X89_Y7_N0  ; emu|pll|pll_inst|altera_pll_i|general[0].gpll~PLL_REFCLK_SELECT|clkin[0]   ;
;   2.429  ;   0.333  ; RR ; CELL ; 1      ; PLLREFCLKSELECT_X89_Y7_N0  ; emu|pll|pll_inst|altera_pll_i|general[0].gpll~PLL_REFCLK_SELECT|clkout     ;
;   2.429  ;   0.000  ; RR ; IC   ; 10     ; FRACTIONALPLL_X89_Y1_N0    ; emu|pll|pll_inst|altera_pll_i|general[0].gpll~FRACTIONAL_PLL|refclkin      ;
;   -1.339 ;   -3.768 ; RR ; COMP ; 3      ; FRACTIONALPLL_X89_Y1_N0    ; emu|pll|pll_inst|altera_pll_i|general[0].gpll~FRACTIONAL_PLL|vcoph[0]      ;
;   -1.339 ;   0.000  ; RR ; IC   ; 1      ; PLLOUTPUTCOUNTER_X89_Y6_N1 ; emu|pll|pll_inst|altera_pll_i|general[2].gpll~PLL_OUTPUT_COUNTER|vco0ph[0] ;
;   0.407  ;   1.746  ; RR ; CELL ; 1      ; PLLOUTPUTCOUNTER_X89_Y6_N1 ; emu|pll|pll_inst|altera_pll_i|general[2].gpll~PLL_OUTPUT_COUNTER|divclk    ;
;   1.446  ;   1.039  ; RR ; IC   ; 1      ; CLKCTRL_G6                 ; emu|pll|pll_inst|altera_pll_i|outclk_wire[2]~CLKENA0|inclk                 ;
;   1.750  ;   0.304  ; RR ; CELL ; 36211  ; CLKCTRL_G6                 ; emu|pll|pll_inst|altera_pll_i|outclk_wire[2]~CLKENA0|outclk                ;
;   4.021  ;   2.271  ; RR ; IC   ; 1      ; FF_X78_Y17_N44             ; emu|audio_pcm_test_source|phase_left[14]|clk                               ;
;   4.582  ;   0.561  ; RR ; CELL ; 1      ; FF_X78_Y17_N44             ; emu:emu|audio_pcm_test_source:audio_pcm_test_source|phase_left[14]         ;
;   2.416  ;   -2.166 ;    ;      ;        ;                            ; clock pessimism removed                                                    ;
; 2.416    ; 0.000    ;    ;      ;        ;                            ; clock uncertainty                                                          ;
; 2.416    ; 0.000    ;    ; uTh  ; 1      ; FF_X78_Y17_N44             ; emu:emu|audio_pcm_test_source:audio_pcm_test_source|phase_left[14]         ;
+----------+----------+----+------+--------+----------------------------+----------------------------------------------------------------------------+

----------------------------
; Extra Fitter Information ;
----------------------------
HTML report is unavailable in plain text report export.


