----------------
; Command Info ;
----------------
Report Timing: Found 2 setup paths (0 violated).  Worst case slack is 4.215 

Tcl Command:
    report_timing -setup -file /home/vash/mister-builds/entry679/results/b_transform_iq_intra_weight_input.rpt -to [get_registers {*|mpeg2_h262_p_non_intra_transform:b_transform|iq_intra_weight*}] -npaths 2 -detail full_path

Options:
    -to [get_registers {*|mpeg2_h262_p_non_intra_transform:b_transform|iq_intra_weight*}] 
    -setup 
    -npaths 2 
    -detail full_path 
    -file {/home/vash/mister-builds/entry679/results/b_transform_iq_intra_weight_input.rpt} 

Delay Model:
    Slow 1100mV 100C Model

+-----------------------------------------------------------------------------------------------------------------------------------------------------------------------------------------------------------------------------------------------------------------------------------------------------------------------------------------------------------------------------------------------------------------------------------------------------------------------------------------------------------------------------------------------+
; Summary of Paths                                                                                                                                                                                                                                                                                                                                                                                                                                                                                                                              ;
+-------+-----------------------------------------------------------------------------------------------------------------------------------------------------------------+------------------------------------------------------------------------------------------------------------------------------------------------------------------------+-------------------------------------------------------------------------+-------------------------------------------------------------------------+--------------+------------+------------+
; Slack ; From Node                                                                                                                                                       ; To Node                                                                                                                                                                ; Launch Clock                                                            ; Latch Clock                                                             ; Relationship ; Clock Skew ; Data Delay ;
+-------+-----------------------------------------------------------------------------------------------------------------------------------------------------------------+------------------------------------------------------------------------------------------------------------------------------------------------------------------------+-------------------------------------------------------------------------+-------------------------------------------------------------------------+--------------+------------+------------+
; 4.215 ; emu:emu|mpeg2_h262_two_picture_probe:mpeg2_h262_two_picture_probe|mpeg2_h262_b_core_probe:b_controller|mpeg2_h262_p_non_intra_transform:b_transform|iq_index[2] ; emu:emu|mpeg2_h262_two_picture_probe:mpeg2_h262_two_picture_probe|mpeg2_h262_b_core_probe:b_controller|mpeg2_h262_p_non_intra_transform:b_transform|iq_intra_weight[5] ; emu|pll|pll_inst|altera_pll_i|general[2].gpll~PLL_OUTPUT_COUNTER|divclk ; emu|pll|pll_inst|altera_pll_i|general[2].gpll~PLL_OUTPUT_COUNTER|divclk ; 16.666       ; -0.498     ; 11.833     ;
; 4.224 ; emu:emu|mpeg2_h262_two_picture_probe:mpeg2_h262_two_picture_probe|mpeg2_h262_b_core_probe:b_controller|mpeg2_h262_p_non_intra_transform:b_transform|iq_index[2] ; emu:emu|mpeg2_h262_two_picture_probe:mpeg2_h262_two_picture_probe|mpeg2_h262_b_core_probe:b_controller|mpeg2_h262_p_non_intra_transform:b_transform|iq_intra_weight[5] ; emu|pll|pll_inst|altera_pll_i|general[2].gpll~PLL_OUTPUT_COUNTER|divclk ; emu|pll|pll_inst|altera_pll_i|general[2].gpll~PLL_OUTPUT_COUNTER|divclk ; 16.666       ; -0.498     ; 11.824     ;
+-------+-----------------------------------------------------------------------------------------------------------------------------------------------------------------+------------------------------------------------------------------------------------------------------------------------------------------------------------------------+-------------------------------------------------------------------------+-------------------------------------------------------------------------+--------------+------------+------------+

Path #1: Setup slack is 4.215 
===============================================================================
+---------------------------------------------------------------------------------------------------------------------------------------------------------------------------------------------+
; Path Summary                                                                                                                                                                                ;
+--------------------+------------------------------------------------------------------------------------------------------------------------------------------------------------------------+
; Property           ; Value                                                                                                                                                                  ;
+--------------------+------------------------------------------------------------------------------------------------------------------------------------------------------------------------+
; From Node          ; emu:emu|mpeg2_h262_two_picture_probe:mpeg2_h262_two_picture_probe|mpeg2_h262_b_core_probe:b_controller|mpeg2_h262_p_non_intra_transform:b_transform|iq_index[2]        ;
; To Node            ; emu:emu|mpeg2_h262_two_picture_probe:mpeg2_h262_two_picture_probe|mpeg2_h262_b_core_probe:b_controller|mpeg2_h262_p_non_intra_transform:b_transform|iq_intra_weight[5] ;
; Launch Clock       ; emu|pll|pll_inst|altera_pll_i|general[2].gpll~PLL_OUTPUT_COUNTER|divclk                                                                                                ;
; Latch Clock        ; emu|pll|pll_inst|altera_pll_i|general[2].gpll~PLL_OUTPUT_COUNTER|divclk                                                                                                ;
; Data Arrival Time  ; 16.284                                                                                                                                                                 ;
; Data Required Time ; 20.499                                                                                                                                                                 ;
; Slack              ; 4.215                                                                                                                                                                  ;
+--------------------+------------------------------------------------------------------------------------------------------------------------------------------------------------------------+

+--------------------------------------------------------------------------------------+
; Statistics                                                                           ;
+------------------------+--------+-------+-------------+------------+--------+--------+
; Property               ; Value  ; Count ; Total Delay ; % of Total ; Min    ; Max    ;
+------------------------+--------+-------+-------------+------------+--------+--------+
; Setup Relationship     ; 16.666 ;       ;             ;            ;        ;        ;
; Clock Skew             ; -0.498 ;       ;             ;            ;        ;        ;
; Data Delay             ; 11.833 ;       ;             ;            ;        ;        ;
; Number of Logic Levels ;        ; 7     ;             ;            ;        ;        ;
; Physical Delays        ;        ;       ;             ;            ;        ;        ;
;  Arrival Path          ;        ;       ;             ;            ;        ;        ;
;   Clock                ;        ;       ;             ;            ;        ;        ;
;    IC                  ;        ; 6     ; 4.681       ; 57         ; 0.000  ; 2.327  ;
;    Cell                ;        ; 5     ; 3.530       ; 43         ; 0.322  ; 1.535  ;
;    PLL Compensation    ;        ; 1     ; -3.760      ; 0          ; -3.760 ; -3.760 ;
;   Data                 ;        ;       ;             ;            ;        ;        ;
;    IC                  ;        ; 8     ; 7.864       ; 66         ; 0.230  ; 2.127  ;
;    Cell                ;        ; 9     ; 3.969       ; 34         ; 0.000  ; 0.584  ;
;    uTco                ;        ; 1     ; 0.000       ; 0          ; 0.000  ; 0.000  ;
;  Required Path         ;        ;       ;             ;            ;        ;        ;
;   Clock                ;        ;       ;             ;            ;        ;        ;
;    IC                  ;        ; 6     ; 4.016       ; 56         ; 0.000  ; 1.899  ;
;    Cell                ;        ; 5     ; 3.142       ; 44         ; 0.296  ; 1.268  ;
;    PLL Compensation    ;        ; 1     ; -4.918      ; 0          ; -4.918 ; -4.918 ;
+------------------------+--------+-------+-------------+------------+--------+--------+
Note: Negative delays are omitted from totals when calculating percentages

+------------------------------------------------------------------------------------------------------------------------------------------------------------------------------------------------------------------------------------------------+
; Data Arrival Path                                                                                                                                                                                                                              ;
+----------+----------+----+------+--------+----------------------------+------------------------------------------------------------------------------------------------------------------------------------------------------------------------+
; Total    ; Incr     ; RF ; Type ; Fanout ; Location                   ; Element                                                                                                                                                                ;
+----------+----------+----+------+--------+----------------------------+------------------------------------------------------------------------------------------------------------------------------------------------------------------------+
; 0.000    ; 0.000    ;    ;      ;        ;                            ; launch edge time                                                                                                                                                       ;
; 4.451    ; 4.451    ;    ;      ;        ;                            ; clock path                                                                                                                                                             ;
;   0.000  ;   0.000  ;    ;      ;        ;                            ; source latency                                                                                                                                                         ;
;   0.000  ;   0.000  ;    ;      ; 1      ; PIN_Y13                    ; FPGA_CLK2_50                                                                                                                                                           ;
;   0.000  ;   0.000  ; RR ; IC   ; 1      ; IOIBUF_X56_Y0_N1           ; FPGA_CLK2_50~input|i                                                                                                                                                   ;
;   0.761  ;   0.761  ; RR ; CELL ; 2      ; IOIBUF_X56_Y0_N1           ; FPGA_CLK2_50~input|o                                                                                                                                                   ;
;   2.096  ;   1.335  ; RR ; IC   ; 1      ; PLLREFCLKSELECT_X89_Y7_N0  ; emu|pll|pll_inst|altera_pll_i|general[0].gpll~PLL_REFCLK_SELECT|clkin[0]                                                                                               ;
;   2.429  ;   0.333  ; RR ; CELL ; 1      ; PLLREFCLKSELECT_X89_Y7_N0  ; emu|pll|pll_inst|altera_pll_i|general[0].gpll~PLL_REFCLK_SELECT|clkout                                                                                                 ;
;   2.429  ;   0.000  ; RR ; IC   ; 10     ; FRACTIONALPLL_X89_Y1_N0    ; emu|pll|pll_inst|altera_pll_i|general[0].gpll~FRACTIONAL_PLL|refclkin                                                                                                  ;
;   -1.331 ;   -3.760 ; RR ; COMP ; 3      ; FRACTIONALPLL_X89_Y1_N0    ; emu|pll|pll_inst|altera_pll_i|general[0].gpll~FRACTIONAL_PLL|vcoph[0]                                                                                                  ;
;   -1.331 ;   0.000  ; RR ; IC   ; 1      ; PLLOUTPUTCOUNTER_X89_Y2_N1 ; emu|pll|pll_inst|altera_pll_i|general[2].gpll~PLL_OUTPUT_COUNTER|vco0ph[0]                                                                                             ;
;   0.204  ;   1.535  ; RR ; CELL ; 1      ; PLLOUTPUTCOUNTER_X89_Y2_N1 ; emu|pll|pll_inst|altera_pll_i|general[2].gpll~PLL_OUTPUT_COUNTER|divclk                                                                                                ;
;   1.223  ;   1.019  ; RR ; IC   ; 1      ; CLKCTRL_G11                ; emu|pll|pll_inst|altera_pll_i|outclk_wire[2]~CLKENA0|inclk                                                                                                             ;
;   1.545  ;   0.322  ; RR ; CELL ; 36232  ; CLKCTRL_G11                ; emu|pll|pll_inst|altera_pll_i|outclk_wire[2]~CLKENA0|outclk                                                                                                            ;
;   3.872  ;   2.327  ; RR ; IC   ; 1      ; FF_X68_Y15_N23             ; emu|mpeg2_h262_two_picture_probe|b_controller|b_transform|iq_index[2]|clk                                                                                              ;
;   4.451  ;   0.579  ; RR ; CELL ; 1      ; FF_X68_Y15_N23             ; emu:emu|mpeg2_h262_two_picture_probe:mpeg2_h262_two_picture_probe|mpeg2_h262_b_core_probe:b_controller|mpeg2_h262_p_non_intra_transform:b_transform|iq_index[2]        ;
; 16.284   ; 11.833   ;    ;      ;        ;                            ; data path                                                                                                                                                              ;
;   4.451  ;   0.000  ;    ; uTco ; 1      ; FF_X68_Y15_N23             ; emu:emu|mpeg2_h262_two_picture_probe:mpeg2_h262_two_picture_probe|mpeg2_h262_b_core_probe:b_controller|mpeg2_h262_p_non_intra_transform:b_transform|iq_index[2]        ;
;   4.451  ;   0.000  ; RR ; CELL ; 18     ; FF_X68_Y15_N23             ; emu|mpeg2_h262_two_picture_probe|b_controller|b_transform|iq_index[2]|q                                                                                                ;
;   4.822  ;   0.371  ; RR ; IC   ; 1      ; LABCELL_X68_Y15_N51        ; emu|mpeg2_h262_two_picture_probe|b_controller|b_transform|iq_weight_read_index~0|dataa                                                                                 ;
;   5.406  ;   0.584  ; RR ; CELL ; 7      ; LABCELL_X68_Y15_N51        ; emu|mpeg2_h262_two_picture_probe|b_controller|b_transform|iq_weight_read_index~0|combout                                                                               ;
;   6.121  ;   0.715  ; RR ; IC   ; 1      ; LABCELL_X73_Y15_N24        ; emu|mpeg2_h262_two_picture_probe|b_controller|b_transform|iq_weight_read_index~1|dataa                                                                                 ;
;   6.682  ;   0.561  ; RF ; CELL ; 6      ; LABCELL_X73_Y15_N24        ; emu|mpeg2_h262_two_picture_probe|b_controller|b_transform|iq_weight_read_index~1|combout                                                                               ;
;   6.912  ;   0.230  ; FF ; IC   ; 1      ; LABCELL_X73_Y15_N15        ; emu|mpeg2_h262_two_picture_probe|b_controller|b_transform|iq_weight_read_index[2]~4|dataa                                                                              ;
;   7.451  ;   0.539  ; FF ; CELL ; 119    ; LABCELL_X73_Y15_N15        ; emu|mpeg2_h262_two_picture_probe|b_controller|b_transform|iq_weight_read_index[2]~4|combout                                                                            ;
;   9.323  ;   1.872  ; FF ; IC   ; 1      ; LABCELL_X85_Y18_N18        ; emu|mpeg2_h262_two_picture_probe|b_controller|b_transform|matrices|intra_mem~618|datab                                                                                 ;
;   9.882  ;   0.559  ; FF ; CELL ; 1      ; LABCELL_X85_Y18_N18        ; emu|mpeg2_h262_two_picture_probe|b_controller|b_transform|matrices|intra_mem~618|combout                                                                               ;
;   10.410 ;   0.528  ; FF ; IC   ; 1      ; MLABCELL_X84_Y18_N18       ; emu|mpeg2_h262_two_picture_probe|b_controller|b_transform|matrices|intra_mem~621|dataa                                                                                 ;
;   10.969 ;   0.559  ; FF ; CELL ; 1      ; MLABCELL_X84_Y18_N18       ; emu|mpeg2_h262_two_picture_probe|b_controller|b_transform|matrices|intra_mem~621|combout                                                                               ;
;   11.748 ;   0.779  ; FF ; IC   ; 1      ; LABCELL_X81_Y19_N12        ; emu|mpeg2_h262_two_picture_probe|b_controller|b_transform|matrices|intra_mem~637|datac                                                                                 ;
;   12.256 ;   0.508  ; FF ; CELL ; 1      ; LABCELL_X81_Y19_N12        ; emu|mpeg2_h262_two_picture_probe|b_controller|b_transform|matrices|intra_mem~637|combout                                                                               ;
;   14.383 ;   2.127  ; FF ; IC   ; 1      ; LABCELL_X53_Y15_N48        ; emu|mpeg2_h262_two_picture_probe|b_controller|b_transform|iq_intra_weight~5|dataf                                                                                      ;
;   14.464 ;   0.081  ; FF ; CELL ; 1      ; LABCELL_X53_Y15_N48        ; emu|mpeg2_h262_two_picture_probe|b_controller|b_transform|iq_intra_weight~5|combout                                                                                    ;
;   15.706 ;   1.242  ; FF ; IC   ; 1      ; FF_X52_Y15_N28             ; emu|mpeg2_h262_two_picture_probe|b_controller|b_transform|iq_intra_weight[5]|asdata                                                                                    ;
;   16.284 ;   0.578  ; FF ; CELL ; 1      ; FF_X52_Y15_N28             ; emu:emu|mpeg2_h262_two_picture_probe:mpeg2_h262_two_picture_probe|mpeg2_h262_b_core_probe:b_controller|mpeg2_h262_p_non_intra_transform:b_transform|iq_intra_weight[5] ;
+----------+----------+----+------+--------+----------------------------+------------------------------------------------------------------------------------------------------------------------------------------------------------------------+

+------------------------------------------------------------------------------------------------------------------------------------------------------------------------------------------------------------------------------------------------+
; Data Required Path                                                                                                                                                                                                                             ;
+----------+----------+----+------+--------+----------------------------+------------------------------------------------------------------------------------------------------------------------------------------------------------------------+
; Total    ; Incr     ; RF ; Type ; Fanout ; Location                   ; Element                                                                                                                                                                ;
+----------+----------+----+------+--------+----------------------------+------------------------------------------------------------------------------------------------------------------------------------------------------------------------+
; 16.666   ; 16.666   ;    ;      ;        ;                            ; latch edge time                                                                                                                                                        ;
; 20.619   ; 3.953    ;    ;      ;        ;                            ; clock path                                                                                                                                                             ;
;   16.666 ;   0.000  ;    ;      ;        ;                            ; source latency                                                                                                                                                         ;
;   16.666 ;   0.000  ;    ;      ; 1      ; PIN_Y13                    ; FPGA_CLK2_50                                                                                                                                                           ;
;   16.666 ;   0.000  ; RR ; IC   ; 1      ; IOIBUF_X56_Y0_N1           ; FPGA_CLK2_50~input|i                                                                                                                                                   ;
;   17.427 ;   0.761  ; RR ; CELL ; 2      ; IOIBUF_X56_Y0_N1           ; FPGA_CLK2_50~input|o                                                                                                                                                   ;
;   18.598 ;   1.171  ; RR ; IC   ; 1      ; PLLREFCLKSELECT_X89_Y7_N0  ; emu|pll|pll_inst|altera_pll_i|general[0].gpll~PLL_REFCLK_SELECT|clkin[0]                                                                                               ;
;   18.906 ;   0.308  ; RR ; CELL ; 1      ; PLLREFCLKSELECT_X89_Y7_N0  ; emu|pll|pll_inst|altera_pll_i|general[0].gpll~PLL_REFCLK_SELECT|clkout                                                                                                 ;
;   18.906 ;   0.000  ; RR ; IC   ; 10     ; FRACTIONALPLL_X89_Y1_N0    ; emu|pll|pll_inst|altera_pll_i|general[0].gpll~FRACTIONAL_PLL|refclkin                                                                                                  ;
;   13.988 ;   -4.918 ; RR ; COMP ; 3      ; FRACTIONALPLL_X89_Y1_N0    ; emu|pll|pll_inst|altera_pll_i|general[0].gpll~FRACTIONAL_PLL|vcoph[0]                                                                                                  ;
;   13.988 ;   0.000  ; RR ; IC   ; 1      ; PLLOUTPUTCOUNTER_X89_Y2_N1 ; emu|pll|pll_inst|altera_pll_i|general[2].gpll~PLL_OUTPUT_COUNTER|vco0ph[0]                                                                                             ;
;   15.256 ;   1.268  ; RR ; CELL ; 1      ; PLLOUTPUTCOUNTER_X89_Y2_N1 ; emu|pll|pll_inst|altera_pll_i|general[2].gpll~PLL_OUTPUT_COUNTER|divclk                                                                                                ;
;   16.202 ;   0.946  ; RR ; IC   ; 1      ; CLKCTRL_G11                ; emu|pll|pll_inst|altera_pll_i|outclk_wire[2]~CLKENA0|inclk                                                                                                             ;
;   16.498 ;   0.296  ; RR ; CELL ; 36232  ; CLKCTRL_G11                ; emu|pll|pll_inst|altera_pll_i|outclk_wire[2]~CLKENA0|outclk                                                                                                            ;
;   18.397 ;   1.899  ; RR ; IC   ; 1      ; FF_X52_Y15_N28             ; emu|mpeg2_h262_two_picture_probe|b_controller|b_transform|iq_intra_weight[5]|clk                                                                                       ;
;   18.906 ;   0.509  ; RR ; CELL ; 1      ; FF_X52_Y15_N28             ; emu:emu|mpeg2_h262_two_picture_probe:mpeg2_h262_two_picture_probe|mpeg2_h262_b_core_probe:b_controller|mpeg2_h262_p_non_intra_transform:b_transform|iq_intra_weight[5] ;
;   20.619 ;   1.713  ;    ;      ;        ;                            ; clock pessimism removed                                                                                                                                                ;
; 20.499   ; -0.120   ;    ;      ;        ;                            ; clock uncertainty                                                                                                                                                      ;
; 20.499   ; 0.000    ;    ; uTsu ; 1      ; FF_X52_Y15_N28             ; emu:emu|mpeg2_h262_two_picture_probe:mpeg2_h262_two_picture_probe|mpeg2_h262_b_core_probe:b_controller|mpeg2_h262_p_non_intra_transform:b_transform|iq_intra_weight[5] ;
+----------+----------+----+------+--------+----------------------------+------------------------------------------------------------------------------------------------------------------------------------------------------------------------+

----------------------------
; Extra Fitter Information ;
----------------------------
HTML report is unavailable in plain text report export.


Path #2: Setup slack is 4.224 
===============================================================================
+---------------------------------------------------------------------------------------------------------------------------------------------------------------------------------------------+
; Path Summary                                                                                                                                                                                ;
+--------------------+------------------------------------------------------------------------------------------------------------------------------------------------------------------------+
; Property           ; Value                                                                                                                                                                  ;
+--------------------+------------------------------------------------------------------------------------------------------------------------------------------------------------------------+
; From Node          ; emu:emu|mpeg2_h262_two_picture_probe:mpeg2_h262_two_picture_probe|mpeg2_h262_b_core_probe:b_controller|mpeg2_h262_p_non_intra_transform:b_transform|iq_index[2]        ;
; To Node            ; emu:emu|mpeg2_h262_two_picture_probe:mpeg2_h262_two_picture_probe|mpeg2_h262_b_core_probe:b_controller|mpeg2_h262_p_non_intra_transform:b_transform|iq_intra_weight[5] ;
; Launch Clock       ; emu|pll|pll_inst|altera_pll_i|general[2].gpll~PLL_OUTPUT_COUNTER|divclk                                                                                                ;
; Latch Clock        ; emu|pll|pll_inst|altera_pll_i|general[2].gpll~PLL_OUTPUT_COUNTER|divclk                                                                                                ;
; Data Arrival Time  ; 16.275                                                                                                                                                                 ;
; Data Required Time ; 20.499                                                                                                                                                                 ;
; Slack              ; 4.224                                                                                                                                                                  ;
+--------------------+------------------------------------------------------------------------------------------------------------------------------------------------------------------------+

+--------------------------------------------------------------------------------------+
; Statistics                                                                           ;
+------------------------+--------+-------+-------------+------------+--------+--------+
; Property               ; Value  ; Count ; Total Delay ; % of Total ; Min    ; Max    ;
+------------------------+--------+-------+-------------+------------+--------+--------+
; Setup Relationship     ; 16.666 ;       ;             ;            ;        ;        ;
; Clock Skew             ; -0.498 ;       ;             ;            ;        ;        ;
; Data Delay             ; 11.824 ;       ;             ;            ;        ;        ;
; Number of Logic Levels ;        ; 7     ;             ;            ;        ;        ;
; Physical Delays        ;        ;       ;             ;            ;        ;        ;
;  Arrival Path          ;        ;       ;             ;            ;        ;        ;
;   Clock                ;        ;       ;             ;            ;        ;        ;
;    IC                  ;        ; 6     ; 4.681       ; 57         ; 0.000  ; 2.327  ;
;    Cell                ;        ; 5     ; 3.530       ; 43         ; 0.322  ; 1.535  ;
;    PLL Compensation    ;        ; 1     ; -3.760      ; 0          ; -3.760 ; -3.760 ;
;   Data                 ;        ;       ;             ;            ;        ;        ;
;    IC                  ;        ; 8     ; 7.853       ; 66         ; 0.189  ; 2.127  ;
;    Cell                ;        ; 9     ; 3.971       ; 34         ; 0.000  ; 0.584  ;
;    uTco                ;        ; 1     ; 0.000       ; 0          ; 0.000  ; 0.000  ;
;  Required Path         ;        ;       ;             ;            ;        ;        ;
;   Clock                ;        ;       ;             ;            ;        ;        ;
;    IC                  ;        ; 6     ; 4.016       ; 56         ; 0.000  ; 1.899  ;
;    Cell                ;        ; 5     ; 3.142       ; 44         ; 0.296  ; 1.268  ;
;    PLL Compensation    ;        ; 1     ; -4.918      ; 0          ; -4.918 ; -4.918 ;
+------------------------+--------+-------+-------------+------------+--------+--------+
Note: Negative delays are omitted from totals when calculating percentages

+------------------------------------------------------------------------------------------------------------------------------------------------------------------------------------------------------------------------------------------------+
; Data Arrival Path                                                                                                                                                                                                                              ;
+----------+----------+----+------+--------+----------------------------+------------------------------------------------------------------------------------------------------------------------------------------------------------------------+
; Total    ; Incr     ; RF ; Type ; Fanout ; Location                   ; Element                                                                                                                                                                ;
+----------+----------+----+------+--------+----------------------------+------------------------------------------------------------------------------------------------------------------------------------------------------------------------+
; 0.000    ; 0.000    ;    ;      ;        ;                            ; launch edge time                                                                                                                                                       ;
; 4.451    ; 4.451    ;    ;      ;        ;                            ; clock path                                                                                                                                                             ;
;   0.000  ;   0.000  ;    ;      ;        ;                            ; source latency                                                                                                                                                         ;
;   0.000  ;   0.000  ;    ;      ; 1      ; PIN_Y13                    ; FPGA_CLK2_50                                                                                                                                                           ;
;   0.000  ;   0.000  ; RR ; IC   ; 1      ; IOIBUF_X56_Y0_N1           ; FPGA_CLK2_50~input|i                                                                                                                                                   ;
;   0.761  ;   0.761  ; RR ; CELL ; 2      ; IOIBUF_X56_Y0_N1           ; FPGA_CLK2_50~input|o                                                                                                                                                   ;
;   2.096  ;   1.335  ; RR ; IC   ; 1      ; PLLREFCLKSELECT_X89_Y7_N0  ; emu|pll|pll_inst|altera_pll_i|general[0].gpll~PLL_REFCLK_SELECT|clkin[0]                                                                                               ;
;   2.429  ;   0.333  ; RR ; CELL ; 1      ; PLLREFCLKSELECT_X89_Y7_N0  ; emu|pll|pll_inst|altera_pll_i|general[0].gpll~PLL_REFCLK_SELECT|clkout                                                                                                 ;
;   2.429  ;   0.000  ; RR ; IC   ; 10     ; FRACTIONALPLL_X89_Y1_N0    ; emu|pll|pll_inst|altera_pll_i|general[0].gpll~FRACTIONAL_PLL|refclkin                                                                                                  ;
;   -1.331 ;   -3.760 ; RR ; COMP ; 3      ; FRACTIONALPLL_X89_Y1_N0    ; emu|pll|pll_inst|altera_pll_i|general[0].gpll~FRACTIONAL_PLL|vcoph[0]                                                                                                  ;
;   -1.331 ;   0.000  ; RR ; IC   ; 1      ; PLLOUTPUTCOUNTER_X89_Y2_N1 ; emu|pll|pll_inst|altera_pll_i|general[2].gpll~PLL_OUTPUT_COUNTER|vco0ph[0]                                                                                             ;
;   0.204  ;   1.535  ; RR ; CELL ; 1      ; PLLOUTPUTCOUNTER_X89_Y2_N1 ; emu|pll|pll_inst|altera_pll_i|general[2].gpll~PLL_OUTPUT_COUNTER|divclk                                                                                                ;
;   1.223  ;   1.019  ; RR ; IC   ; 1      ; CLKCTRL_G11                ; emu|pll|pll_inst|altera_pll_i|outclk_wire[2]~CLKENA0|inclk                                                                                                             ;
;   1.545  ;   0.322  ; RR ; CELL ; 36232  ; CLKCTRL_G11                ; emu|pll|pll_inst|altera_pll_i|outclk_wire[2]~CLKENA0|outclk                                                                                                            ;
;   3.872  ;   2.327  ; RR ; IC   ; 1      ; FF_X68_Y15_N23             ; emu|mpeg2_h262_two_picture_probe|b_controller|b_transform|iq_index[2]|clk                                                                                              ;
;   4.451  ;   0.579  ; RR ; CELL ; 1      ; FF_X68_Y15_N23             ; emu:emu|mpeg2_h262_two_picture_probe:mpeg2_h262_two_picture_probe|mpeg2_h262_b_core_probe:b_controller|mpeg2_h262_p_non_intra_transform:b_transform|iq_index[2]        ;
; 16.275   ; 11.824   ;    ;      ;        ;                            ; data path                                                                                                                                                              ;
;   4.451  ;   0.000  ;    ; uTco ; 1      ; FF_X68_Y15_N23             ; emu:emu|mpeg2_h262_two_picture_probe:mpeg2_h262_two_picture_probe|mpeg2_h262_b_core_probe:b_controller|mpeg2_h262_p_non_intra_transform:b_transform|iq_index[2]        ;
;   4.451  ;   0.000  ; RR ; CELL ; 18     ; FF_X68_Y15_N23             ; emu|mpeg2_h262_two_picture_probe|b_controller|b_transform|iq_index[2]|q                                                                                                ;
;   4.822  ;   0.371  ; RR ; IC   ; 1      ; LABCELL_X68_Y15_N51        ; emu|mpeg2_h262_two_picture_probe|b_controller|b_transform|iq_weight_read_index~0|dataa                                                                                 ;
;   5.406  ;   0.584  ; RR ; CELL ; 7      ; LABCELL_X68_Y15_N51        ; emu|mpeg2_h262_two_picture_probe|b_controller|b_transform|iq_weight_read_index~0|combout                                                                               ;
;   6.121  ;   0.715  ; RR ; IC   ; 1      ; LABCELL_X73_Y15_N24        ; emu|mpeg2_h262_two_picture_probe|b_controller|b_transform|iq_weight_read_index~1|dataa                                                                                 ;
;   6.682  ;   0.561  ; RF ; CELL ; 6      ; LABCELL_X73_Y15_N24        ; emu|mpeg2_h262_two_picture_probe|b_controller|b_transform|iq_weight_read_index~1|combout                                                                               ;
;   6.912  ;   0.230  ; FF ; IC   ; 1      ; LABCELL_X73_Y15_N12        ; emu|mpeg2_h262_two_picture_probe|b_controller|b_transform|iq_weight_read_index[5]~7|dataa                                                                              ;
;   7.450  ;   0.538  ; FF ; CELL ; 119    ; LABCELL_X73_Y15_N12        ; emu|mpeg2_h262_two_picture_probe|b_controller|b_transform|iq_weight_read_index[5]~7|combout                                                                            ;
;   9.410  ;   1.960  ; FF ; IC   ; 1      ; MLABCELL_X87_Y17_N15       ; emu|mpeg2_h262_two_picture_probe|b_controller|b_transform|matrices|intra_mem~629|datab                                                                                 ;
;   9.968  ;   0.558  ; FF ; CELL ; 1      ; MLABCELL_X87_Y17_N15       ; emu|mpeg2_h262_two_picture_probe|b_controller|b_transform|matrices|intra_mem~629|combout                                                                               ;
;   10.987 ;   1.019  ; FF ; IC   ; 1      ; LABCELL_X81_Y19_N51        ; emu|mpeg2_h262_two_picture_probe|b_controller|b_transform|matrices|intra_mem~631|datad                                                                                 ;
;   11.495 ;   0.508  ; FF ; CELL ; 1      ; LABCELL_X81_Y19_N51        ; emu|mpeg2_h262_two_picture_probe|b_controller|b_transform|matrices|intra_mem~631|combout                                                                               ;
;   11.684 ;   0.189  ; FF ; IC   ; 1      ; LABCELL_X81_Y19_N12        ; emu|mpeg2_h262_two_picture_probe|b_controller|b_transform|matrices|intra_mem~637|dataa                                                                                 ;
;   12.247 ;   0.563  ; FF ; CELL ; 1      ; LABCELL_X81_Y19_N12        ; emu|mpeg2_h262_two_picture_probe|b_controller|b_transform|matrices|intra_mem~637|combout                                                                               ;
;   14.374 ;   2.127  ; FF ; IC   ; 1      ; LABCELL_X53_Y15_N48        ; emu|mpeg2_h262_two_picture_probe|b_controller|b_transform|iq_intra_weight~5|dataf                                                                                      ;
;   14.455 ;   0.081  ; FF ; CELL ; 1      ; LABCELL_X53_Y15_N48        ; emu|mpeg2_h262_two_picture_probe|b_controller|b_transform|iq_intra_weight~5|combout                                                                                    ;
;   15.697 ;   1.242  ; FF ; IC   ; 1      ; FF_X52_Y15_N28             ; emu|mpeg2_h262_two_picture_probe|b_controller|b_transform|iq_intra_weight[5]|asdata                                                                                    ;
;   16.275 ;   0.578  ; FF ; CELL ; 1      ; FF_X52_Y15_N28             ; emu:emu|mpeg2_h262_two_picture_probe:mpeg2_h262_two_picture_probe|mpeg2_h262_b_core_probe:b_controller|mpeg2_h262_p_non_intra_transform:b_transform|iq_intra_weight[5] ;
+----------+----------+----+------+--------+----------------------------+------------------------------------------------------------------------------------------------------------------------------------------------------------------------+

+------------------------------------------------------------------------------------------------------------------------------------------------------------------------------------------------------------------------------------------------+
; Data Required Path                                                                                                                                                                                                                             ;
+----------+----------+----+------+--------+----------------------------+------------------------------------------------------------------------------------------------------------------------------------------------------------------------+
; Total    ; Incr     ; RF ; Type ; Fanout ; Location                   ; Element                                                                                                                                                                ;
+----------+----------+----+------+--------+----------------------------+------------------------------------------------------------------------------------------------------------------------------------------------------------------------+
; 16.666   ; 16.666   ;    ;      ;        ;                            ; latch edge time                                                                                                                                                        ;
; 20.619   ; 3.953    ;    ;      ;        ;                            ; clock path                                                                                                                                                             ;
;   16.666 ;   0.000  ;    ;      ;        ;                            ; source latency                                                                                                                                                         ;
;   16.666 ;   0.000  ;    ;      ; 1      ; PIN_Y13                    ; FPGA_CLK2_50                                                                                                                                                           ;
;   16.666 ;   0.000  ; RR ; IC   ; 1      ; IOIBUF_X56_Y0_N1           ; FPGA_CLK2_50~input|i                                                                                                                                                   ;
;   17.427 ;   0.761  ; RR ; CELL ; 2      ; IOIBUF_X56_Y0_N1           ; FPGA_CLK2_50~input|o                                                                                                                                                   ;
;   18.598 ;   1.171  ; RR ; IC   ; 1      ; PLLREFCLKSELECT_X89_Y7_N0  ; emu|pll|pll_inst|altera_pll_i|general[0].gpll~PLL_REFCLK_SELECT|clkin[0]                                                                                               ;
;   18.906 ;   0.308  ; RR ; CELL ; 1      ; PLLREFCLKSELECT_X89_Y7_N0  ; emu|pll|pll_inst|altera_pll_i|general[0].gpll~PLL_REFCLK_SELECT|clkout                                                                                                 ;
;   18.906 ;   0.000  ; RR ; IC   ; 10     ; FRACTIONALPLL_X89_Y1_N0    ; emu|pll|pll_inst|altera_pll_i|general[0].gpll~FRACTIONAL_PLL|refclkin                                                                                                  ;
;   13.988 ;   -4.918 ; RR ; COMP ; 3      ; FRACTIONALPLL_X89_Y1_N0    ; emu|pll|pll_inst|altera_pll_i|general[0].gpll~FRACTIONAL_PLL|vcoph[0]                                                                                                  ;
;   13.988 ;   0.000  ; RR ; IC   ; 1      ; PLLOUTPUTCOUNTER_X89_Y2_N1 ; emu|pll|pll_inst|altera_pll_i|general[2].gpll~PLL_OUTPUT_COUNTER|vco0ph[0]                                                                                             ;
;   15.256 ;   1.268  ; RR ; CELL ; 1      ; PLLOUTPUTCOUNTER_X89_Y2_N1 ; emu|pll|pll_inst|altera_pll_i|general[2].gpll~PLL_OUTPUT_COUNTER|divclk                                                                                                ;
;   16.202 ;   0.946  ; RR ; IC   ; 1      ; CLKCTRL_G11                ; emu|pll|pll_inst|altera_pll_i|outclk_wire[2]~CLKENA0|inclk                                                                                                             ;
;   16.498 ;   0.296  ; RR ; CELL ; 36232  ; CLKCTRL_G11                ; emu|pll|pll_inst|altera_pll_i|outclk_wire[2]~CLKENA0|outclk                                                                                                            ;
;   18.397 ;   1.899  ; RR ; IC   ; 1      ; FF_X52_Y15_N28             ; emu|mpeg2_h262_two_picture_probe|b_controller|b_transform|iq_intra_weight[5]|clk                                                                                       ;
;   18.906 ;   0.509  ; RR ; CELL ; 1      ; FF_X52_Y15_N28             ; emu:emu|mpeg2_h262_two_picture_probe:mpeg2_h262_two_picture_probe|mpeg2_h262_b_core_probe:b_controller|mpeg2_h262_p_non_intra_transform:b_transform|iq_intra_weight[5] ;
;   20.619 ;   1.713  ;    ;      ;        ;                            ; clock pessimism removed                                                                                                                                                ;
; 20.499   ; -0.120   ;    ;      ;        ;                            ; clock uncertainty                                                                                                                                                      ;
; 20.499   ; 0.000    ;    ; uTsu ; 1      ; FF_X52_Y15_N28             ; emu:emu|mpeg2_h262_two_picture_probe:mpeg2_h262_two_picture_probe|mpeg2_h262_b_core_probe:b_controller|mpeg2_h262_p_non_intra_transform:b_transform|iq_intra_weight[5] ;
+----------+----------+----+------+--------+----------------------------+------------------------------------------------------------------------------------------------------------------------------------------------------------------------+

----------------------------
; Extra Fitter Information ;
----------------------------
HTML report is unavailable in plain text report export.


