----------------
; Command Info ;
----------------
Report Timing: Found 2 setup paths (0 violated).  Worst case slack is 3.420 

Tcl Command:
    report_timing -setup -file /home/vash/mister-builds/entry679/results/transform_iq_non_intra_weight_output.rpt -from [get_registers {*|mpeg2_h262_p_non_intra_transform:transform|iq_non_intra_weight*}] -npaths 2 -detail full_path

Options:
    -from [get_registers {*|mpeg2_h262_p_non_intra_transform:transform|iq_non_intra_weight*}] 
    -setup 
    -npaths 2 
    -detail full_path 
    -file {/home/vash/mister-builds/entry679/results/transform_iq_non_intra_weight_output.rpt} 

Delay Model:
    Slow 1100mV 100C Model

+----------------------------------------------------------------------------------------------------------------------------------------------------------------------------------------------------------------------------------------------------------------------------------------------------------------------------------------------------------------------------------------------------------------------------------------------------------------------------------------------------------------------------------------------------------------------------------------------------------------------------------------------------------------------------------------------------+
; Summary of Paths                                                                                                                                                                                                                                                                                                                                                                                                                                                                                                                                                                                                                                                                                   ;
+-------+--------------------------------------------------------------------------------------------------------------------------------------------------------------------------------------------------------------------------------+--------------------------------------------------------------------------------------------------------------------------------------------------------------------------------------------------------------------------------------------------------------+-------------------------------------------------------------------------+-------------------------------------------------------------------------+--------------+------------+------------+
; Slack ; From Node                                                                                                                                                                                                                      ; To Node                                                                                                                                                                                                                                                      ; Launch Clock                                                            ; Latch Clock                                                             ; Relationship ; Clock Skew ; Data Delay ;
+-------+--------------------------------------------------------------------------------------------------------------------------------------------------------------------------------------------------------------------------------+--------------------------------------------------------------------------------------------------------------------------------------------------------------------------------------------------------------------------------------------------------------+-------------------------------------------------------------------------+-------------------------------------------------------------------------+--------------+------------+------------+
; 3.420 ; emu:emu|mpeg2_h262_two_picture_probe:mpeg2_h262_two_picture_probe|mpeg2_h262_p_diagnostic_controller:p_controller|mpeg2_h262_p_residual_probe:residual_probe|mpeg2_h262_p_non_intra_transform:transform|iq_non_intra_weight[4] ; emu:emu|mpeg2_h262_two_picture_probe:mpeg2_h262_two_picture_probe|mpeg2_h262_p_diagnostic_controller:p_controller|mpeg2_h262_p_residual_probe:residual_probe|mpeg2_h262_p_non_intra_transform:transform|y0_f00_proven_OTERM97_OTERM9299_OTERM11813           ; emu|pll|pll_inst|altera_pll_i|general[2].gpll~PLL_OUTPUT_COUNTER|divclk ; emu|pll|pll_inst|altera_pll_i|general[2].gpll~PLL_OUTPUT_COUNTER|divclk ; 16.666       ; -0.106     ; 13.020     ;
; 3.452 ; emu:emu|mpeg2_h262_two_picture_probe:mpeg2_h262_two_picture_probe|mpeg2_h262_p_diagnostic_controller:p_controller|mpeg2_h262_p_residual_probe:residual_probe|mpeg2_h262_p_non_intra_transform:transform|iq_non_intra_weight[4] ; emu:emu|mpeg2_h262_two_picture_probe:mpeg2_h262_two_picture_probe|mpeg2_h262_p_diagnostic_controller:p_controller|mpeg2_h262_p_residual_probe:residual_probe|mpeg2_h262_p_non_intra_transform:transform|iq_saturated[8]~1_Duplicate_41_OTERM11550_OTERM14645 ; emu|pll|pll_inst|altera_pll_i|general[2].gpll~PLL_OUTPUT_COUNTER|divclk ; emu|pll|pll_inst|altera_pll_i|general[2].gpll~PLL_OUTPUT_COUNTER|divclk ; 16.666       ; -0.101     ; 12.993     ;
+-------+--------------------------------------------------------------------------------------------------------------------------------------------------------------------------------------------------------------------------------+--------------------------------------------------------------------------------------------------------------------------------------------------------------------------------------------------------------------------------------------------------------+-------------------------------------------------------------------------+-------------------------------------------------------------------------+--------------+------------+------------+

Path #1: Setup slack is 3.420 
===============================================================================
+-------------------------------------------------------------------------------------------------------------------------------------------------------------------------------------------------------------------------------------------------------------------------+
; Path Summary                                                                                                                                                                                                                                                            ;
+--------------------+----------------------------------------------------------------------------------------------------------------------------------------------------------------------------------------------------------------------------------------------------+
; Property           ; Value                                                                                                                                                                                                                                              ;
+--------------------+----------------------------------------------------------------------------------------------------------------------------------------------------------------------------------------------------------------------------------------------------+
; From Node          ; emu:emu|mpeg2_h262_two_picture_probe:mpeg2_h262_two_picture_probe|mpeg2_h262_p_diagnostic_controller:p_controller|mpeg2_h262_p_residual_probe:residual_probe|mpeg2_h262_p_non_intra_transform:transform|iq_non_intra_weight[4]                     ;
; To Node            ; emu:emu|mpeg2_h262_two_picture_probe:mpeg2_h262_two_picture_probe|mpeg2_h262_p_diagnostic_controller:p_controller|mpeg2_h262_p_residual_probe:residual_probe|mpeg2_h262_p_non_intra_transform:transform|y0_f00_proven_OTERM97_OTERM9299_OTERM11813 ;
; Launch Clock       ; emu|pll|pll_inst|altera_pll_i|general[2].gpll~PLL_OUTPUT_COUNTER|divclk                                                                                                                                                                            ;
; Latch Clock        ; emu|pll|pll_inst|altera_pll_i|general[2].gpll~PLL_OUTPUT_COUNTER|divclk                                                                                                                                                                            ;
; Data Arrival Time  ; 17.463                                                                                                                                                                                                                                             ;
; Data Required Time ; 20.883                                                                                                                                                                                                                                             ;
; Slack              ; 3.420                                                                                                                                                                                                                                              ;
+--------------------+----------------------------------------------------------------------------------------------------------------------------------------------------------------------------------------------------------------------------------------------------+

+--------------------------------------------------------------------------------------+
; Statistics                                                                           ;
+------------------------+--------+-------+-------------+------------+--------+--------+
; Property               ; Value  ; Count ; Total Delay ; % of Total ; Min    ; Max    ;
+------------------------+--------+-------+-------------+------------+--------+--------+
; Setup Relationship     ; 16.666 ;       ;             ;            ;        ;        ;
; Clock Skew             ; -0.106 ;       ;             ;            ;        ;        ;
; Data Delay             ; 13.020 ;       ;             ;            ;        ;        ;
; Number of Logic Levels ;        ; 8     ;             ;            ;        ;        ;
; Physical Delays        ;        ;       ;             ;            ;        ;        ;
;  Arrival Path          ;        ;       ;             ;            ;        ;        ;
;   Clock                ;        ;       ;             ;            ;        ;        ;
;    IC                  ;        ; 6     ; 4.682       ; 57         ; 0.000  ; 2.328  ;
;    Cell                ;        ; 5     ; 3.521       ; 43         ; 0.322  ; 1.535  ;
;    PLL Compensation    ;        ; 1     ; -3.760      ; 0          ; -3.760 ; -3.760 ;
;   Data                 ;        ;       ;             ;            ;        ;        ;
;    IC                  ;        ; 33    ; 5.128       ; 39         ; 0.000  ; 1.028  ;
;    Cell                ;        ; 34    ; 7.892       ; 61         ; 0.000  ; 3.882  ;
;    uTco                ;        ; 1     ; 0.000       ; 0          ; 0.000  ; 0.000  ;
;  Required Path         ;        ;       ;             ;            ;        ;        ;
;   Clock                ;        ;       ;             ;            ;        ;        ;
;    IC                  ;        ; 6     ; 4.011       ; 56         ; 0.000  ; 1.894  ;
;    Cell                ;        ; 5     ; 3.147       ; 44         ; 0.296  ; 1.268  ;
;    PLL Compensation    ;        ; 1     ; -4.918      ; 0          ; -4.918 ; -4.918 ;
+------------------------+--------+-------+-------------+------------+--------+--------+
Note: Negative delays are omitted from totals when calculating percentages

+----------------------------------------------------------------------------------------------------------------------------------------------------------------------------------------------------------------------------------------------------------------------------------------------------------------------------+
; Data Arrival Path                                                                                                                                                                                                                                                                                                          ;
+----------+----------+----+------+--------+----------------------------+----------------------------------------------------------------------------------------------------------------------------------------------------------------------------------------------------------------------------------------------------+
; Total    ; Incr     ; RF ; Type ; Fanout ; Location                   ; Element                                                                                                                                                                                                                                            ;
+----------+----------+----+------+--------+----------------------------+----------------------------------------------------------------------------------------------------------------------------------------------------------------------------------------------------------------------------------------------------+
; 0.000    ; 0.000    ;    ;      ;        ;                            ; launch edge time                                                                                                                                                                                                                                   ;
; 4.443    ; 4.443    ;    ;      ;        ;                            ; clock path                                                                                                                                                                                                                                         ;
;   0.000  ;   0.000  ;    ;      ;        ;                            ; source latency                                                                                                                                                                                                                                     ;
;   0.000  ;   0.000  ;    ;      ; 1      ; PIN_Y13                    ; FPGA_CLK2_50                                                                                                                                                                                                                                       ;
;   0.000  ;   0.000  ; RR ; IC   ; 1      ; IOIBUF_X56_Y0_N1           ; FPGA_CLK2_50~input|i                                                                                                                                                                                                                               ;
;   0.761  ;   0.761  ; RR ; CELL ; 2      ; IOIBUF_X56_Y0_N1           ; FPGA_CLK2_50~input|o                                                                                                                                                                                                                               ;
;   2.096  ;   1.335  ; RR ; IC   ; 1      ; PLLREFCLKSELECT_X89_Y7_N0  ; emu|pll|pll_inst|altera_pll_i|general[0].gpll~PLL_REFCLK_SELECT|clkin[0]                                                                                                                                                                           ;
;   2.429  ;   0.333  ; RR ; CELL ; 1      ; PLLREFCLKSELECT_X89_Y7_N0  ; emu|pll|pll_inst|altera_pll_i|general[0].gpll~PLL_REFCLK_SELECT|clkout                                                                                                                                                                             ;
;   2.429  ;   0.000  ; RR ; IC   ; 10     ; FRACTIONALPLL_X89_Y1_N0    ; emu|pll|pll_inst|altera_pll_i|general[0].gpll~FRACTIONAL_PLL|refclkin                                                                                                                                                                              ;
;   -1.331 ;   -3.760 ; RR ; COMP ; 3      ; FRACTIONALPLL_X89_Y1_N0    ; emu|pll|pll_inst|altera_pll_i|general[0].gpll~FRACTIONAL_PLL|vcoph[0]                                                                                                                                                                              ;
;   -1.331 ;   0.000  ; RR ; IC   ; 1      ; PLLOUTPUTCOUNTER_X89_Y2_N1 ; emu|pll|pll_inst|altera_pll_i|general[2].gpll~PLL_OUTPUT_COUNTER|vco0ph[0]                                                                                                                                                                         ;
;   0.204  ;   1.535  ; RR ; CELL ; 1      ; PLLOUTPUTCOUNTER_X89_Y2_N1 ; emu|pll|pll_inst|altera_pll_i|general[2].gpll~PLL_OUTPUT_COUNTER|divclk                                                                                                                                                                            ;
;   1.223  ;   1.019  ; RR ; IC   ; 1      ; CLKCTRL_G11                ; emu|pll|pll_inst|altera_pll_i|outclk_wire[2]~CLKENA0|inclk                                                                                                                                                                                         ;
;   1.545  ;   0.322  ; RR ; CELL ; 36232  ; CLKCTRL_G11                ; emu|pll|pll_inst|altera_pll_i|outclk_wire[2]~CLKENA0|outclk                                                                                                                                                                                        ;
;   3.873  ;   2.328  ; RR ; IC   ; 1      ; FF_X18_Y7_N13              ; emu|mpeg2_h262_two_picture_probe|p_controller|residual_probe|transform|iq_non_intra_weight[4]|clk                                                                                                                                                  ;
;   4.443  ;   0.570  ; RR ; CELL ; 1      ; FF_X18_Y7_N13              ; emu:emu|mpeg2_h262_two_picture_probe:mpeg2_h262_two_picture_probe|mpeg2_h262_p_diagnostic_controller:p_controller|mpeg2_h262_p_residual_probe:residual_probe|mpeg2_h262_p_non_intra_transform:transform|iq_non_intra_weight[4]                     ;
; 17.463   ; 13.020   ;    ;      ;        ;                            ; data path                                                                                                                                                                                                                                          ;
;   4.443  ;   0.000  ;    ; uTco ; 1      ; FF_X18_Y7_N13              ; emu:emu|mpeg2_h262_two_picture_probe:mpeg2_h262_two_picture_probe|mpeg2_h262_p_diagnostic_controller:p_controller|mpeg2_h262_p_residual_probe:residual_probe|mpeg2_h262_p_non_intra_transform:transform|iq_non_intra_weight[4]                     ;
;   4.443  ;   0.000  ; FF ; CELL ; 1      ; FF_X18_Y7_N13              ; emu|mpeg2_h262_two_picture_probe|p_controller|residual_probe|transform|iq_non_intra_weight[4]|q                                                                                                                                                    ;
;   5.471  ;   1.028  ; FF ; IC   ; 1      ; LABCELL_X19_Y10_N36        ; emu|mpeg2_h262_two_picture_probe|p_controller|residual_probe|transform|iq_multiplier_b[4]~23|datag                                                                                                                                                 ;
;   5.879  ;   0.408  ; FF ; CELL ; 1      ; LABCELL_X19_Y10_N36        ; emu|mpeg2_h262_two_picture_probe|p_controller|residual_probe|transform|iq_multiplier_b[4]~23|combout                                                                                                                                               ;
;   6.686  ;   0.807  ; FF ; IC   ; 32     ; DSP_X20_Y10_N0             ; emu|mpeg2_h262_two_picture_probe|p_controller|residual_probe|transform|Mult0~mac|ay[4]                                                                                                                                                             ;
;   10.568 ;   3.882  ; FF ; CELL ; 3      ; DSP_X20_Y10_N0             ; emu|mpeg2_h262_two_picture_probe|p_controller|residual_probe|transform|Mult0~mac|resulta[0]                                                                                                                                                        ;
;   11.423 ;   0.855  ; FF ; IC   ; 1      ; MLABCELL_X21_Y10_N51       ; emu|mpeg2_h262_two_picture_probe|p_controller|residual_probe|transform|WideOr0~0|datab                                                                                                                                                             ;
;   11.980 ;   0.557  ; FR ; CELL ; 1      ; MLABCELL_X21_Y10_N51       ; emu|mpeg2_h262_two_picture_probe|p_controller|residual_probe|transform|WideOr0~0|combout                                                                                                                                                           ;
;   12.318 ;   0.338  ; RR ; IC   ; 1      ; LABCELL_X22_Y10_N0         ; emu|mpeg2_h262_two_picture_probe|p_controller|residual_probe|transform|Add2~118|datac                                                                                                                                                              ;
;   13.140 ;   0.822  ; RF ; CELL ; 1      ; LABCELL_X22_Y10_N0         ; emu|mpeg2_h262_two_picture_probe|p_controller|residual_probe|transform|Add2~118|cout                                                                                                                                                               ;
;   13.140 ;   0.000  ; FF ; IC   ; 2      ; LABCELL_X22_Y10_N3         ; emu|mpeg2_h262_two_picture_probe|p_controller|residual_probe|transform|Add2~85|cin                                                                                                                                                                 ;
;   13.140 ;   0.000  ; FF ; CELL ; 1      ; LABCELL_X22_Y10_N3         ; emu|mpeg2_h262_two_picture_probe|p_controller|residual_probe|transform|Add2~85|cout                                                                                                                                                                ;
;   13.140 ;   0.000  ; FF ; IC   ; 2      ; LABCELL_X22_Y10_N6         ; emu|mpeg2_h262_two_picture_probe|p_controller|residual_probe|transform|Add2~97|cin                                                                                                                                                                 ;
;   13.185 ;   0.045  ; FF ; CELL ; 1      ; LABCELL_X22_Y10_N6         ; emu|mpeg2_h262_two_picture_probe|p_controller|residual_probe|transform|Add2~97|cout                                                                                                                                                                ;
;   13.185 ;   0.000  ; FF ; IC   ; 2      ; LABCELL_X22_Y10_N9         ; emu|mpeg2_h262_two_picture_probe|p_controller|residual_probe|transform|Add2~93|cin                                                                                                                                                                 ;
;   13.185 ;   0.000  ; FF ; CELL ; 1      ; LABCELL_X22_Y10_N9         ; emu|mpeg2_h262_two_picture_probe|p_controller|residual_probe|transform|Add2~93|cout                                                                                                                                                                ;
;   13.185 ;   0.000  ; FF ; IC   ; 2      ; LABCELL_X22_Y10_N12        ; emu|mpeg2_h262_two_picture_probe|p_controller|residual_probe|transform|Add2~89|cin                                                                                                                                                                 ;
;   13.230 ;   0.045  ; FF ; CELL ; 1      ; LABCELL_X22_Y10_N12        ; emu|mpeg2_h262_two_picture_probe|p_controller|residual_probe|transform|Add2~89|cout                                                                                                                                                                ;
;   13.230 ;   0.000  ; FF ; IC   ; 2      ; LABCELL_X22_Y10_N15        ; emu|mpeg2_h262_two_picture_probe|p_controller|residual_probe|transform|Add2~113|cin                                                                                                                                                                ;
;   13.230 ;   0.000  ; FF ; CELL ; 1      ; LABCELL_X22_Y10_N15        ; emu|mpeg2_h262_two_picture_probe|p_controller|residual_probe|transform|Add2~113|cout                                                                                                                                                               ;
;   13.230 ;   0.000  ; FF ; IC   ; 2      ; LABCELL_X22_Y10_N18        ; emu|mpeg2_h262_two_picture_probe|p_controller|residual_probe|transform|Add2~77|cin                                                                                                                                                                 ;
;   13.275 ;   0.045  ; FF ; CELL ; 1      ; LABCELL_X22_Y10_N18        ; emu|mpeg2_h262_two_picture_probe|p_controller|residual_probe|transform|Add2~77|cout                                                                                                                                                                ;
;   13.275 ;   0.000  ; FF ; IC   ; 2      ; LABCELL_X22_Y10_N21        ; emu|mpeg2_h262_two_picture_probe|p_controller|residual_probe|transform|Add2~109|cin                                                                                                                                                                ;
;   13.275 ;   0.000  ; FF ; CELL ; 1      ; LABCELL_X22_Y10_N21        ; emu|mpeg2_h262_two_picture_probe|p_controller|residual_probe|transform|Add2~109|cout                                                                                                                                                               ;
;   13.275 ;   0.000  ; FF ; IC   ; 2      ; LABCELL_X22_Y10_N24        ; emu|mpeg2_h262_two_picture_probe|p_controller|residual_probe|transform|Add2~105|cin                                                                                                                                                                ;
;   13.332 ;   0.057  ; FF ; CELL ; 1      ; LABCELL_X22_Y10_N24        ; emu|mpeg2_h262_two_picture_probe|p_controller|residual_probe|transform|Add2~105|cout                                                                                                                                                               ;
;   13.332 ;   0.000  ; FF ; IC   ; 2      ; LABCELL_X22_Y10_N27        ; emu|mpeg2_h262_two_picture_probe|p_controller|residual_probe|transform|Add2~1|cin                                                                                                                                                                  ;
;   13.332 ;   0.000  ; FF ; CELL ; 1      ; LABCELL_X22_Y10_N27        ; emu|mpeg2_h262_two_picture_probe|p_controller|residual_probe|transform|Add2~1|cout                                                                                                                                                                 ;
;   13.332 ;   0.000  ; FF ; IC   ; 2      ; LABCELL_X22_Y10_N30        ; emu|mpeg2_h262_two_picture_probe|p_controller|residual_probe|transform|Add2~101|cin                                                                                                                                                                ;
;   13.450 ;   0.118  ; FF ; CELL ; 1      ; LABCELL_X22_Y10_N30        ; emu|mpeg2_h262_two_picture_probe|p_controller|residual_probe|transform|Add2~101|cout                                                                                                                                                               ;
;   13.450 ;   0.000  ; FF ; IC   ; 2      ; LABCELL_X22_Y10_N33        ; emu|mpeg2_h262_two_picture_probe|p_controller|residual_probe|transform|Add2~81|cin                                                                                                                                                                 ;
;   13.450 ;   0.000  ; FF ; CELL ; 1      ; LABCELL_X22_Y10_N33        ; emu|mpeg2_h262_two_picture_probe|p_controller|residual_probe|transform|Add2~81|cout                                                                                                                                                                ;
;   13.450 ;   0.000  ; FF ; IC   ; 2      ; LABCELL_X22_Y10_N36        ; emu|mpeg2_h262_two_picture_probe|p_controller|residual_probe|transform|Add2~33|cin                                                                                                                                                                 ;
;   13.495 ;   0.045  ; FF ; CELL ; 1      ; LABCELL_X22_Y10_N36        ; emu|mpeg2_h262_two_picture_probe|p_controller|residual_probe|transform|Add2~33|cout                                                                                                                                                                ;
;   13.495 ;   0.000  ; FF ; IC   ; 2      ; LABCELL_X22_Y10_N39        ; emu|mpeg2_h262_two_picture_probe|p_controller|residual_probe|transform|Add2~37|cin                                                                                                                                                                 ;
;   13.495 ;   0.000  ; FF ; CELL ; 1      ; LABCELL_X22_Y10_N39        ; emu|mpeg2_h262_two_picture_probe|p_controller|residual_probe|transform|Add2~37|cout                                                                                                                                                                ;
;   13.495 ;   0.000  ; FF ; IC   ; 2      ; LABCELL_X22_Y10_N42        ; emu|mpeg2_h262_two_picture_probe|p_controller|residual_probe|transform|Add2~65|cin                                                                                                                                                                 ;
;   13.540 ;   0.045  ; FF ; CELL ; 1      ; LABCELL_X22_Y10_N42        ; emu|mpeg2_h262_two_picture_probe|p_controller|residual_probe|transform|Add2~65|cout                                                                                                                                                                ;
;   13.540 ;   0.000  ; FF ; IC   ; 2      ; LABCELL_X22_Y10_N45        ; emu|mpeg2_h262_two_picture_probe|p_controller|residual_probe|transform|Add2~69|cin                                                                                                                                                                 ;
;   13.540 ;   0.000  ; FF ; CELL ; 1      ; LABCELL_X22_Y10_N45        ; emu|mpeg2_h262_two_picture_probe|p_controller|residual_probe|transform|Add2~69|cout                                                                                                                                                                ;
;   13.540 ;   0.000  ; FF ; IC   ; 2      ; LABCELL_X22_Y10_N48        ; emu|mpeg2_h262_two_picture_probe|p_controller|residual_probe|transform|Add2~57|cin                                                                                                                                                                 ;
;   13.585 ;   0.045  ; FF ; CELL ; 1      ; LABCELL_X22_Y10_N48        ; emu|mpeg2_h262_two_picture_probe|p_controller|residual_probe|transform|Add2~57|cout                                                                                                                                                                ;
;   13.585 ;   0.000  ; FF ; IC   ; 2      ; LABCELL_X22_Y10_N51        ; emu|mpeg2_h262_two_picture_probe|p_controller|residual_probe|transform|Add2~61|cin                                                                                                                                                                 ;
;   13.585 ;   0.000  ; FF ; CELL ; 1      ; LABCELL_X22_Y10_N51        ; emu|mpeg2_h262_two_picture_probe|p_controller|residual_probe|transform|Add2~61|cout                                                                                                                                                                ;
;   13.585 ;   0.000  ; FF ; IC   ; 2      ; LABCELL_X22_Y10_N54        ; emu|mpeg2_h262_two_picture_probe|p_controller|residual_probe|transform|Add2~17|cin                                                                                                                                                                 ;
;   13.628 ;   0.043  ; FF ; CELL ; 1      ; LABCELL_X22_Y10_N54        ; emu|mpeg2_h262_two_picture_probe|p_controller|residual_probe|transform|Add2~17|cout                                                                                                                                                                ;
;   13.628 ;   0.000  ; FF ; IC   ; 2      ; LABCELL_X22_Y10_N57        ; emu|mpeg2_h262_two_picture_probe|p_controller|residual_probe|transform|Add2~13|cin                                                                                                                                                                 ;
;   13.628 ;   0.000  ; FF ; CELL ; 1      ; LABCELL_X22_Y10_N57        ; emu|mpeg2_h262_two_picture_probe|p_controller|residual_probe|transform|Add2~13|cout                                                                                                                                                                ;
;   13.628 ;   0.000  ; FF ; IC   ; 2      ; LABCELL_X22_Y9_N0          ; emu|mpeg2_h262_two_picture_probe|p_controller|residual_probe|transform|Add2~29|cin                                                                                                                                                                 ;
;   13.740 ;   0.112  ; FF ; CELL ; 1      ; LABCELL_X22_Y9_N0          ; emu|mpeg2_h262_two_picture_probe|p_controller|residual_probe|transform|Add2~29|cout                                                                                                                                                                ;
;   13.740 ;   0.000  ; FF ; IC   ; 2      ; LABCELL_X22_Y9_N3          ; emu|mpeg2_h262_two_picture_probe|p_controller|residual_probe|transform|Add2~41|cin                                                                                                                                                                 ;
;   13.740 ;   0.000  ; FF ; CELL ; 1      ; LABCELL_X22_Y9_N3          ; emu|mpeg2_h262_two_picture_probe|p_controller|residual_probe|transform|Add2~41|cout                                                                                                                                                                ;
;   13.740 ;   0.000  ; FF ; IC   ; 2      ; LABCELL_X22_Y9_N6          ; emu|mpeg2_h262_two_picture_probe|p_controller|residual_probe|transform|Add2~21|cin                                                                                                                                                                 ;
;   13.785 ;   0.045  ; FF ; CELL ; 1      ; LABCELL_X22_Y9_N6          ; emu|mpeg2_h262_two_picture_probe|p_controller|residual_probe|transform|Add2~21|cout                                                                                                                                                                ;
;   13.785 ;   0.000  ; FF ; IC   ; 2      ; LABCELL_X22_Y9_N9          ; emu|mpeg2_h262_two_picture_probe|p_controller|residual_probe|transform|Add2~9|cin                                                                                                                                                                  ;
;   13.785 ;   0.000  ; FF ; CELL ; 1      ; LABCELL_X22_Y9_N9          ; emu|mpeg2_h262_two_picture_probe|p_controller|residual_probe|transform|Add2~9|cout                                                                                                                                                                 ;
;   13.785 ;   0.000  ; FF ; IC   ; 2      ; LABCELL_X22_Y9_N12         ; emu|mpeg2_h262_two_picture_probe|p_controller|residual_probe|transform|Add2~73|cin                                                                                                                                                                 ;
;   14.156 ;   0.371  ; FR ; CELL ; 1      ; LABCELL_X22_Y9_N12         ; emu|mpeg2_h262_two_picture_probe|p_controller|residual_probe|transform|Add2~73|sumout                                                                                                                                                              ;
;   14.818 ;   0.662  ; RR ; IC   ; 1      ; LABCELL_X19_Y9_N36         ; emu|mpeg2_h262_two_picture_probe|p_controller|residual_probe|transform|iq_unclipped[23]~22|dataf                                                                                                                                                   ;
;   14.910 ;   0.092  ; RF ; CELL ; 4      ; LABCELL_X19_Y9_N36         ; emu|mpeg2_h262_two_picture_probe|p_controller|residual_probe|transform|iq_unclipped[23]~22|combout                                                                                                                                                 ;
;   15.642 ;   0.732  ; FF ; IC   ; 1      ; MLABCELL_X25_Y9_N33        ; emu|mpeg2_h262_two_picture_probe|p_controller|residual_probe|transform|LessThan2~2_Duplicate|datad                                                                                                                                                 ;
;   16.041 ;   0.399  ; FF ; CELL ; 5      ; MLABCELL_X25_Y9_N33        ; emu|mpeg2_h262_two_picture_probe|p_controller|residual_probe|transform|LessThan2~2_Duplicate|combout                                                                                                                                               ;
;   16.355 ;   0.314  ; FF ; IC   ; 1      ; MLABCELL_X25_Y9_N0         ; emu|mpeg2_h262_two_picture_probe|p_controller|residual_probe|transform|LessThan2~3_Duplicate_Duplicate_Duplicate|dataf                                                                                                                             ;
;   16.435 ;   0.080  ; FF ; CELL ; 2      ; MLABCELL_X25_Y9_N0         ; emu|mpeg2_h262_two_picture_probe|p_controller|residual_probe|transform|LessThan2~3_Duplicate_Duplicate_Duplicate|combout                                                                                                                           ;
;   16.827 ;   0.392  ; FF ; IC   ; 1      ; LABCELL_X24_Y9_N51         ; emu|mpeg2_h262_two_picture_probe|p_controller|residual_probe|transform|iq_saturated[8]~25_Duplicate_Duplicate|datad                                                                                                                                ;
;   17.203 ;   0.376  ; FF ; CELL ; 1      ; LABCELL_X24_Y9_N51         ; emu|mpeg2_h262_two_picture_probe|p_controller|residual_probe|transform|iq_saturated[8]~25_Duplicate_Duplicate|combout                                                                                                                              ;
;   17.203 ;   0.000  ; FF ; IC   ; 1      ; FF_X24_Y9_N52              ; emu|mpeg2_h262_two_picture_probe|p_controller|residual_probe|transform|y0_f00_proven_OTERM97_OTERM9299_NEW_REG11812|d                                                                                                                              ;
;   17.463 ;   0.260  ; FF ; CELL ; 1      ; FF_X24_Y9_N52              ; emu:emu|mpeg2_h262_two_picture_probe:mpeg2_h262_two_picture_probe|mpeg2_h262_p_diagnostic_controller:p_controller|mpeg2_h262_p_residual_probe:residual_probe|mpeg2_h262_p_non_intra_transform:transform|y0_f00_proven_OTERM97_OTERM9299_OTERM11813 ;
+----------+----------+----+------+--------+----------------------------+----------------------------------------------------------------------------------------------------------------------------------------------------------------------------------------------------------------------------------------------------+

+----------------------------------------------------------------------------------------------------------------------------------------------------------------------------------------------------------------------------------------------------------------------------------------------------------------------------+
; Data Required Path                                                                                                                                                                                                                                                                                                         ;
+----------+----------+----+------+--------+----------------------------+----------------------------------------------------------------------------------------------------------------------------------------------------------------------------------------------------------------------------------------------------+
; Total    ; Incr     ; RF ; Type ; Fanout ; Location                   ; Element                                                                                                                                                                                                                                            ;
+----------+----------+----+------+--------+----------------------------+----------------------------------------------------------------------------------------------------------------------------------------------------------------------------------------------------------------------------------------------------+
; 16.666   ; 16.666   ;    ;      ;        ;                            ; latch edge time                                                                                                                                                                                                                                    ;
; 21.003   ; 4.337    ;    ;      ;        ;                            ; clock path                                                                                                                                                                                                                                         ;
;   16.666 ;   0.000  ;    ;      ;        ;                            ; source latency                                                                                                                                                                                                                                     ;
;   16.666 ;   0.000  ;    ;      ; 1      ; PIN_Y13                    ; FPGA_CLK2_50                                                                                                                                                                                                                                       ;
;   16.666 ;   0.000  ; RR ; IC   ; 1      ; IOIBUF_X56_Y0_N1           ; FPGA_CLK2_50~input|i                                                                                                                                                                                                                               ;
;   17.427 ;   0.761  ; RR ; CELL ; 2      ; IOIBUF_X56_Y0_N1           ; FPGA_CLK2_50~input|o                                                                                                                                                                                                                               ;
;   18.598 ;   1.171  ; RR ; IC   ; 1      ; PLLREFCLKSELECT_X89_Y7_N0  ; emu|pll|pll_inst|altera_pll_i|general[0].gpll~PLL_REFCLK_SELECT|clkin[0]                                                                                                                                                                           ;
;   18.906 ;   0.308  ; RR ; CELL ; 1      ; PLLREFCLKSELECT_X89_Y7_N0  ; emu|pll|pll_inst|altera_pll_i|general[0].gpll~PLL_REFCLK_SELECT|clkout                                                                                                                                                                             ;
;   18.906 ;   0.000  ; RR ; IC   ; 10     ; FRACTIONALPLL_X89_Y1_N0    ; emu|pll|pll_inst|altera_pll_i|general[0].gpll~FRACTIONAL_PLL|refclkin                                                                                                                                                                              ;
;   13.988 ;   -4.918 ; RR ; COMP ; 3      ; FRACTIONALPLL_X89_Y1_N0    ; emu|pll|pll_inst|altera_pll_i|general[0].gpll~FRACTIONAL_PLL|vcoph[0]                                                                                                                                                                              ;
;   13.988 ;   0.000  ; RR ; IC   ; 1      ; PLLOUTPUTCOUNTER_X89_Y2_N1 ; emu|pll|pll_inst|altera_pll_i|general[2].gpll~PLL_OUTPUT_COUNTER|vco0ph[0]                                                                                                                                                                         ;
;   15.256 ;   1.268  ; RR ; CELL ; 1      ; PLLOUTPUTCOUNTER_X89_Y2_N1 ; emu|pll|pll_inst|altera_pll_i|general[2].gpll~PLL_OUTPUT_COUNTER|divclk                                                                                                                                                                            ;
;   16.202 ;   0.946  ; RR ; IC   ; 1      ; CLKCTRL_G11                ; emu|pll|pll_inst|altera_pll_i|outclk_wire[2]~CLKENA0|inclk                                                                                                                                                                                         ;
;   16.498 ;   0.296  ; RR ; CELL ; 36232  ; CLKCTRL_G11                ; emu|pll|pll_inst|altera_pll_i|outclk_wire[2]~CLKENA0|outclk                                                                                                                                                                                        ;
;   18.392 ;   1.894  ; RR ; IC   ; 1      ; FF_X24_Y9_N52              ; emu|mpeg2_h262_two_picture_probe|p_controller|residual_probe|transform|y0_f00_proven_OTERM97_OTERM9299_NEW_REG11812|clk                                                                                                                            ;
;   18.906 ;   0.514  ; RR ; CELL ; 1      ; FF_X24_Y9_N52              ; emu:emu|mpeg2_h262_two_picture_probe:mpeg2_h262_two_picture_probe|mpeg2_h262_p_diagnostic_controller:p_controller|mpeg2_h262_p_residual_probe:residual_probe|mpeg2_h262_p_non_intra_transform:transform|y0_f00_proven_OTERM97_OTERM9299_OTERM11813 ;
;   21.003 ;   2.097  ;    ;      ;        ;                            ; clock pessimism removed                                                                                                                                                                                                                            ;
; 20.883   ; -0.120   ;    ;      ;        ;                            ; clock uncertainty                                                                                                                                                                                                                                  ;
; 20.883   ; 0.000    ;    ; uTsu ; 1      ; FF_X24_Y9_N52              ; emu:emu|mpeg2_h262_two_picture_probe:mpeg2_h262_two_picture_probe|mpeg2_h262_p_diagnostic_controller:p_controller|mpeg2_h262_p_residual_probe:residual_probe|mpeg2_h262_p_non_intra_transform:transform|y0_f00_proven_OTERM97_OTERM9299_OTERM11813 ;
+----------+----------+----+------+--------+----------------------------+----------------------------------------------------------------------------------------------------------------------------------------------------------------------------------------------------------------------------------------------------+

----------------------------
; Extra Fitter Information ;
----------------------------
HTML report is unavailable in plain text report export.


Path #2: Setup slack is 3.452 
===============================================================================
+-----------------------------------------------------------------------------------------------------------------------------------------------------------------------------------------------------------------------------------------------------------------------------------+
; Path Summary                                                                                                                                                                                                                                                                      ;
+--------------------+--------------------------------------------------------------------------------------------------------------------------------------------------------------------------------------------------------------------------------------------------------------+
; Property           ; Value                                                                                                                                                                                                                                                        ;
+--------------------+--------------------------------------------------------------------------------------------------------------------------------------------------------------------------------------------------------------------------------------------------------------+
; From Node          ; emu:emu|mpeg2_h262_two_picture_probe:mpeg2_h262_two_picture_probe|mpeg2_h262_p_diagnostic_controller:p_controller|mpeg2_h262_p_residual_probe:residual_probe|mpeg2_h262_p_non_intra_transform:transform|iq_non_intra_weight[4]                               ;
; To Node            ; emu:emu|mpeg2_h262_two_picture_probe:mpeg2_h262_two_picture_probe|mpeg2_h262_p_diagnostic_controller:p_controller|mpeg2_h262_p_residual_probe:residual_probe|mpeg2_h262_p_non_intra_transform:transform|iq_saturated[8]~1_Duplicate_41_OTERM11550_OTERM14645 ;
; Launch Clock       ; emu|pll|pll_inst|altera_pll_i|general[2].gpll~PLL_OUTPUT_COUNTER|divclk                                                                                                                                                                                      ;
; Latch Clock        ; emu|pll|pll_inst|altera_pll_i|general[2].gpll~PLL_OUTPUT_COUNTER|divclk                                                                                                                                                                                      ;
; Data Arrival Time  ; 17.436                                                                                                                                                                                                                                                       ;
; Data Required Time ; 20.888                                                                                                                                                                                                                                                       ;
; Slack              ; 3.452                                                                                                                                                                                                                                                        ;
+--------------------+--------------------------------------------------------------------------------------------------------------------------------------------------------------------------------------------------------------------------------------------------------------+

+--------------------------------------------------------------------------------------+
; Statistics                                                                           ;
+------------------------+--------+-------+-------------+------------+--------+--------+
; Property               ; Value  ; Count ; Total Delay ; % of Total ; Min    ; Max    ;
+------------------------+--------+-------+-------------+------------+--------+--------+
; Setup Relationship     ; 16.666 ;       ;             ;            ;        ;        ;
; Clock Skew             ; -0.101 ;       ;             ;            ;        ;        ;
; Data Delay             ; 12.993 ;       ;             ;            ;        ;        ;
; Number of Logic Levels ;        ; 8     ;             ;            ;        ;        ;
; Physical Delays        ;        ;       ;             ;            ;        ;        ;
;  Arrival Path          ;        ;       ;             ;            ;        ;        ;
;   Clock                ;        ;       ;             ;            ;        ;        ;
;    IC                  ;        ; 6     ; 4.682       ; 57         ; 0.000  ; 2.328  ;
;    Cell                ;        ; 5     ; 3.521       ; 43         ; 0.322  ; 1.535  ;
;    PLL Compensation    ;        ; 1     ; -3.760      ; 0          ; -3.760 ; -3.760 ;
;   Data                 ;        ;       ;             ;            ;        ;        ;
;    IC                  ;        ; 33    ; 5.129       ; 39         ; 0.000  ; 1.028  ;
;    Cell                ;        ; 34    ; 7.864       ; 61         ; 0.000  ; 3.882  ;
;    uTco                ;        ; 1     ; 0.000       ; 0          ; 0.000  ; 0.000  ;
;  Required Path         ;        ;       ;             ;            ;        ;        ;
;   Clock                ;        ;       ;             ;            ;        ;        ;
;    IC                  ;        ; 6     ; 4.011       ; 56         ; 0.000  ; 1.894  ;
;    Cell                ;        ; 5     ; 3.152       ; 44         ; 0.296  ; 1.268  ;
;    PLL Compensation    ;        ; 1     ; -4.918      ; 0          ; -4.918 ; -4.918 ;
+------------------------+--------+-------+-------------+------------+--------+--------+
Note: Negative delays are omitted from totals when calculating percentages

+--------------------------------------------------------------------------------------------------------------------------------------------------------------------------------------------------------------------------------------------------------------------------------------------------------------------------------------+
; Data Arrival Path                                                                                                                                                                                                                                                                                                                    ;
+----------+----------+----+------+--------+----------------------------+--------------------------------------------------------------------------------------------------------------------------------------------------------------------------------------------------------------------------------------------------------------+
; Total    ; Incr     ; RF ; Type ; Fanout ; Location                   ; Element                                                                                                                                                                                                                                                      ;
+----------+----------+----+------+--------+----------------------------+--------------------------------------------------------------------------------------------------------------------------------------------------------------------------------------------------------------------------------------------------------------+
; 0.000    ; 0.000    ;    ;      ;        ;                            ; launch edge time                                                                                                                                                                                                                                             ;
; 4.443    ; 4.443    ;    ;      ;        ;                            ; clock path                                                                                                                                                                                                                                                   ;
;   0.000  ;   0.000  ;    ;      ;        ;                            ; source latency                                                                                                                                                                                                                                               ;
;   0.000  ;   0.000  ;    ;      ; 1      ; PIN_Y13                    ; FPGA_CLK2_50                                                                                                                                                                                                                                                 ;
;   0.000  ;   0.000  ; RR ; IC   ; 1      ; IOIBUF_X56_Y0_N1           ; FPGA_CLK2_50~input|i                                                                                                                                                                                                                                         ;
;   0.761  ;   0.761  ; RR ; CELL ; 2      ; IOIBUF_X56_Y0_N1           ; FPGA_CLK2_50~input|o                                                                                                                                                                                                                                         ;
;   2.096  ;   1.335  ; RR ; IC   ; 1      ; PLLREFCLKSELECT_X89_Y7_N0  ; emu|pll|pll_inst|altera_pll_i|general[0].gpll~PLL_REFCLK_SELECT|clkin[0]                                                                                                                                                                                     ;
;   2.429  ;   0.333  ; RR ; CELL ; 1      ; PLLREFCLKSELECT_X89_Y7_N0  ; emu|pll|pll_inst|altera_pll_i|general[0].gpll~PLL_REFCLK_SELECT|clkout                                                                                                                                                                                       ;
;   2.429  ;   0.000  ; RR ; IC   ; 10     ; FRACTIONALPLL_X89_Y1_N0    ; emu|pll|pll_inst|altera_pll_i|general[0].gpll~FRACTIONAL_PLL|refclkin                                                                                                                                                                                        ;
;   -1.331 ;   -3.760 ; RR ; COMP ; 3      ; FRACTIONALPLL_X89_Y1_N0    ; emu|pll|pll_inst|altera_pll_i|general[0].gpll~FRACTIONAL_PLL|vcoph[0]                                                                                                                                                                                        ;
;   -1.331 ;   0.000  ; RR ; IC   ; 1      ; PLLOUTPUTCOUNTER_X89_Y2_N1 ; emu|pll|pll_inst|altera_pll_i|general[2].gpll~PLL_OUTPUT_COUNTER|vco0ph[0]                                                                                                                                                                                   ;
;   0.204  ;   1.535  ; RR ; CELL ; 1      ; PLLOUTPUTCOUNTER_X89_Y2_N1 ; emu|pll|pll_inst|altera_pll_i|general[2].gpll~PLL_OUTPUT_COUNTER|divclk                                                                                                                                                                                      ;
;   1.223  ;   1.019  ; RR ; IC   ; 1      ; CLKCTRL_G11                ; emu|pll|pll_inst|altera_pll_i|outclk_wire[2]~CLKENA0|inclk                                                                                                                                                                                                   ;
;   1.545  ;   0.322  ; RR ; CELL ; 36232  ; CLKCTRL_G11                ; emu|pll|pll_inst|altera_pll_i|outclk_wire[2]~CLKENA0|outclk                                                                                                                                                                                                  ;
;   3.873  ;   2.328  ; RR ; IC   ; 1      ; FF_X18_Y7_N13              ; emu|mpeg2_h262_two_picture_probe|p_controller|residual_probe|transform|iq_non_intra_weight[4]|clk                                                                                                                                                            ;
;   4.443  ;   0.570  ; RR ; CELL ; 1      ; FF_X18_Y7_N13              ; emu:emu|mpeg2_h262_two_picture_probe:mpeg2_h262_two_picture_probe|mpeg2_h262_p_diagnostic_controller:p_controller|mpeg2_h262_p_residual_probe:residual_probe|mpeg2_h262_p_non_intra_transform:transform|iq_non_intra_weight[4]                               ;
; 17.436   ; 12.993   ;    ;      ;        ;                            ; data path                                                                                                                                                                                                                                                    ;
;   4.443  ;   0.000  ;    ; uTco ; 1      ; FF_X18_Y7_N13              ; emu:emu|mpeg2_h262_two_picture_probe:mpeg2_h262_two_picture_probe|mpeg2_h262_p_diagnostic_controller:p_controller|mpeg2_h262_p_residual_probe:residual_probe|mpeg2_h262_p_non_intra_transform:transform|iq_non_intra_weight[4]                               ;
;   4.443  ;   0.000  ; FF ; CELL ; 1      ; FF_X18_Y7_N13              ; emu|mpeg2_h262_two_picture_probe|p_controller|residual_probe|transform|iq_non_intra_weight[4]|q                                                                                                                                                              ;
;   5.471  ;   1.028  ; FF ; IC   ; 1      ; LABCELL_X19_Y10_N36        ; emu|mpeg2_h262_two_picture_probe|p_controller|residual_probe|transform|iq_multiplier_b[4]~23|datag                                                                                                                                                           ;
;   5.879  ;   0.408  ; FF ; CELL ; 1      ; LABCELL_X19_Y10_N36        ; emu|mpeg2_h262_two_picture_probe|p_controller|residual_probe|transform|iq_multiplier_b[4]~23|combout                                                                                                                                                         ;
;   6.686  ;   0.807  ; FF ; IC   ; 32     ; DSP_X20_Y10_N0             ; emu|mpeg2_h262_two_picture_probe|p_controller|residual_probe|transform|Mult0~mac|ay[4]                                                                                                                                                                       ;
;   10.568 ;   3.882  ; FF ; CELL ; 3      ; DSP_X20_Y10_N0             ; emu|mpeg2_h262_two_picture_probe|p_controller|residual_probe|transform|Mult0~mac|resulta[0]                                                                                                                                                                  ;
;   11.423 ;   0.855  ; FF ; IC   ; 1      ; MLABCELL_X21_Y10_N51       ; emu|mpeg2_h262_two_picture_probe|p_controller|residual_probe|transform|WideOr0~0|datab                                                                                                                                                                       ;
;   11.980 ;   0.557  ; FR ; CELL ; 1      ; MLABCELL_X21_Y10_N51       ; emu|mpeg2_h262_two_picture_probe|p_controller|residual_probe|transform|WideOr0~0|combout                                                                                                                                                                     ;
;   12.318 ;   0.338  ; RR ; IC   ; 1      ; LABCELL_X22_Y10_N0         ; emu|mpeg2_h262_two_picture_probe|p_controller|residual_probe|transform|Add2~118|datac                                                                                                                                                                        ;
;   13.140 ;   0.822  ; RF ; CELL ; 1      ; LABCELL_X22_Y10_N0         ; emu|mpeg2_h262_two_picture_probe|p_controller|residual_probe|transform|Add2~118|cout                                                                                                                                                                         ;
;   13.140 ;   0.000  ; FF ; IC   ; 2      ; LABCELL_X22_Y10_N3         ; emu|mpeg2_h262_two_picture_probe|p_controller|residual_probe|transform|Add2~85|cin                                                                                                                                                                           ;
;   13.140 ;   0.000  ; FF ; CELL ; 1      ; LABCELL_X22_Y10_N3         ; emu|mpeg2_h262_two_picture_probe|p_controller|residual_probe|transform|Add2~85|cout                                                                                                                                                                          ;
;   13.140 ;   0.000  ; FF ; IC   ; 2      ; LABCELL_X22_Y10_N6         ; emu|mpeg2_h262_two_picture_probe|p_controller|residual_probe|transform|Add2~97|cin                                                                                                                                                                           ;
;   13.185 ;   0.045  ; FF ; CELL ; 1      ; LABCELL_X22_Y10_N6         ; emu|mpeg2_h262_two_picture_probe|p_controller|residual_probe|transform|Add2~97|cout                                                                                                                                                                          ;
;   13.185 ;   0.000  ; FF ; IC   ; 2      ; LABCELL_X22_Y10_N9         ; emu|mpeg2_h262_two_picture_probe|p_controller|residual_probe|transform|Add2~93|cin                                                                                                                                                                           ;
;   13.185 ;   0.000  ; FF ; CELL ; 1      ; LABCELL_X22_Y10_N9         ; emu|mpeg2_h262_two_picture_probe|p_controller|residual_probe|transform|Add2~93|cout                                                                                                                                                                          ;
;   13.185 ;   0.000  ; FF ; IC   ; 2      ; LABCELL_X22_Y10_N12        ; emu|mpeg2_h262_two_picture_probe|p_controller|residual_probe|transform|Add2~89|cin                                                                                                                                                                           ;
;   13.230 ;   0.045  ; FF ; CELL ; 1      ; LABCELL_X22_Y10_N12        ; emu|mpeg2_h262_two_picture_probe|p_controller|residual_probe|transform|Add2~89|cout                                                                                                                                                                          ;
;   13.230 ;   0.000  ; FF ; IC   ; 2      ; LABCELL_X22_Y10_N15        ; emu|mpeg2_h262_two_picture_probe|p_controller|residual_probe|transform|Add2~113|cin                                                                                                                                                                          ;
;   13.230 ;   0.000  ; FF ; CELL ; 1      ; LABCELL_X22_Y10_N15        ; emu|mpeg2_h262_two_picture_probe|p_controller|residual_probe|transform|Add2~113|cout                                                                                                                                                                         ;
;   13.230 ;   0.000  ; FF ; IC   ; 2      ; LABCELL_X22_Y10_N18        ; emu|mpeg2_h262_two_picture_probe|p_controller|residual_probe|transform|Add2~77|cin                                                                                                                                                                           ;
;   13.275 ;   0.045  ; FF ; CELL ; 1      ; LABCELL_X22_Y10_N18        ; emu|mpeg2_h262_two_picture_probe|p_controller|residual_probe|transform|Add2~77|cout                                                                                                                                                                          ;
;   13.275 ;   0.000  ; FF ; IC   ; 2      ; LABCELL_X22_Y10_N21        ; emu|mpeg2_h262_two_picture_probe|p_controller|residual_probe|transform|Add2~109|cin                                                                                                                                                                          ;
;   13.275 ;   0.000  ; FF ; CELL ; 1      ; LABCELL_X22_Y10_N21        ; emu|mpeg2_h262_two_picture_probe|p_controller|residual_probe|transform|Add2~109|cout                                                                                                                                                                         ;
;   13.275 ;   0.000  ; FF ; IC   ; 2      ; LABCELL_X22_Y10_N24        ; emu|mpeg2_h262_two_picture_probe|p_controller|residual_probe|transform|Add2~105|cin                                                                                                                                                                          ;
;   13.332 ;   0.057  ; FF ; CELL ; 1      ; LABCELL_X22_Y10_N24        ; emu|mpeg2_h262_two_picture_probe|p_controller|residual_probe|transform|Add2~105|cout                                                                                                                                                                         ;
;   13.332 ;   0.000  ; FF ; IC   ; 2      ; LABCELL_X22_Y10_N27        ; emu|mpeg2_h262_two_picture_probe|p_controller|residual_probe|transform|Add2~1|cin                                                                                                                                                                            ;
;   13.332 ;   0.000  ; FF ; CELL ; 1      ; LABCELL_X22_Y10_N27        ; emu|mpeg2_h262_two_picture_probe|p_controller|residual_probe|transform|Add2~1|cout                                                                                                                                                                           ;
;   13.332 ;   0.000  ; FF ; IC   ; 2      ; LABCELL_X22_Y10_N30        ; emu|mpeg2_h262_two_picture_probe|p_controller|residual_probe|transform|Add2~101|cin                                                                                                                                                                          ;
;   13.450 ;   0.118  ; FF ; CELL ; 1      ; LABCELL_X22_Y10_N30        ; emu|mpeg2_h262_two_picture_probe|p_controller|residual_probe|transform|Add2~101|cout                                                                                                                                                                         ;
;   13.450 ;   0.000  ; FF ; IC   ; 2      ; LABCELL_X22_Y10_N33        ; emu|mpeg2_h262_two_picture_probe|p_controller|residual_probe|transform|Add2~81|cin                                                                                                                                                                           ;
;   13.450 ;   0.000  ; FF ; CELL ; 1      ; LABCELL_X22_Y10_N33        ; emu|mpeg2_h262_two_picture_probe|p_controller|residual_probe|transform|Add2~81|cout                                                                                                                                                                          ;
;   13.450 ;   0.000  ; FF ; IC   ; 2      ; LABCELL_X22_Y10_N36        ; emu|mpeg2_h262_two_picture_probe|p_controller|residual_probe|transform|Add2~33|cin                                                                                                                                                                           ;
;   13.495 ;   0.045  ; FF ; CELL ; 1      ; LABCELL_X22_Y10_N36        ; emu|mpeg2_h262_two_picture_probe|p_controller|residual_probe|transform|Add2~33|cout                                                                                                                                                                          ;
;   13.495 ;   0.000  ; FF ; IC   ; 2      ; LABCELL_X22_Y10_N39        ; emu|mpeg2_h262_two_picture_probe|p_controller|residual_probe|transform|Add2~37|cin                                                                                                                                                                           ;
;   13.495 ;   0.000  ; FF ; CELL ; 1      ; LABCELL_X22_Y10_N39        ; emu|mpeg2_h262_two_picture_probe|p_controller|residual_probe|transform|Add2~37|cout                                                                                                                                                                          ;
;   13.495 ;   0.000  ; FF ; IC   ; 2      ; LABCELL_X22_Y10_N42        ; emu|mpeg2_h262_two_picture_probe|p_controller|residual_probe|transform|Add2~65|cin                                                                                                                                                                           ;
;   13.540 ;   0.045  ; FF ; CELL ; 1      ; LABCELL_X22_Y10_N42        ; emu|mpeg2_h262_two_picture_probe|p_controller|residual_probe|transform|Add2~65|cout                                                                                                                                                                          ;
;   13.540 ;   0.000  ; FF ; IC   ; 2      ; LABCELL_X22_Y10_N45        ; emu|mpeg2_h262_two_picture_probe|p_controller|residual_probe|transform|Add2~69|cin                                                                                                                                                                           ;
;   13.540 ;   0.000  ; FF ; CELL ; 1      ; LABCELL_X22_Y10_N45        ; emu|mpeg2_h262_two_picture_probe|p_controller|residual_probe|transform|Add2~69|cout                                                                                                                                                                          ;
;   13.540 ;   0.000  ; FF ; IC   ; 2      ; LABCELL_X22_Y10_N48        ; emu|mpeg2_h262_two_picture_probe|p_controller|residual_probe|transform|Add2~57|cin                                                                                                                                                                           ;
;   13.585 ;   0.045  ; FF ; CELL ; 1      ; LABCELL_X22_Y10_N48        ; emu|mpeg2_h262_two_picture_probe|p_controller|residual_probe|transform|Add2~57|cout                                                                                                                                                                          ;
;   13.585 ;   0.000  ; FF ; IC   ; 2      ; LABCELL_X22_Y10_N51        ; emu|mpeg2_h262_two_picture_probe|p_controller|residual_probe|transform|Add2~61|cin                                                                                                                                                                           ;
;   13.585 ;   0.000  ; FF ; CELL ; 1      ; LABCELL_X22_Y10_N51        ; emu|mpeg2_h262_two_picture_probe|p_controller|residual_probe|transform|Add2~61|cout                                                                                                                                                                          ;
;   13.585 ;   0.000  ; FF ; IC   ; 2      ; LABCELL_X22_Y10_N54        ; emu|mpeg2_h262_two_picture_probe|p_controller|residual_probe|transform|Add2~17|cin                                                                                                                                                                           ;
;   13.628 ;   0.043  ; FF ; CELL ; 1      ; LABCELL_X22_Y10_N54        ; emu|mpeg2_h262_two_picture_probe|p_controller|residual_probe|transform|Add2~17|cout                                                                                                                                                                          ;
;   13.628 ;   0.000  ; FF ; IC   ; 2      ; LABCELL_X22_Y10_N57        ; emu|mpeg2_h262_two_picture_probe|p_controller|residual_probe|transform|Add2~13|cin                                                                                                                                                                           ;
;   13.628 ;   0.000  ; FF ; CELL ; 1      ; LABCELL_X22_Y10_N57        ; emu|mpeg2_h262_two_picture_probe|p_controller|residual_probe|transform|Add2~13|cout                                                                                                                                                                          ;
;   13.628 ;   0.000  ; FF ; IC   ; 2      ; LABCELL_X22_Y9_N0          ; emu|mpeg2_h262_two_picture_probe|p_controller|residual_probe|transform|Add2~29|cin                                                                                                                                                                           ;
;   13.740 ;   0.112  ; FF ; CELL ; 1      ; LABCELL_X22_Y9_N0          ; emu|mpeg2_h262_two_picture_probe|p_controller|residual_probe|transform|Add2~29|cout                                                                                                                                                                          ;
;   13.740 ;   0.000  ; FF ; IC   ; 2      ; LABCELL_X22_Y9_N3          ; emu|mpeg2_h262_two_picture_probe|p_controller|residual_probe|transform|Add2~41|cin                                                                                                                                                                           ;
;   13.740 ;   0.000  ; FF ; CELL ; 1      ; LABCELL_X22_Y9_N3          ; emu|mpeg2_h262_two_picture_probe|p_controller|residual_probe|transform|Add2~41|cout                                                                                                                                                                          ;
;   13.740 ;   0.000  ; FF ; IC   ; 2      ; LABCELL_X22_Y9_N6          ; emu|mpeg2_h262_two_picture_probe|p_controller|residual_probe|transform|Add2~21|cin                                                                                                                                                                           ;
;   13.785 ;   0.045  ; FF ; CELL ; 1      ; LABCELL_X22_Y9_N6          ; emu|mpeg2_h262_two_picture_probe|p_controller|residual_probe|transform|Add2~21|cout                                                                                                                                                                          ;
;   13.785 ;   0.000  ; FF ; IC   ; 2      ; LABCELL_X22_Y9_N9          ; emu|mpeg2_h262_two_picture_probe|p_controller|residual_probe|transform|Add2~9|cin                                                                                                                                                                            ;
;   13.785 ;   0.000  ; FF ; CELL ; 1      ; LABCELL_X22_Y9_N9          ; emu|mpeg2_h262_two_picture_probe|p_controller|residual_probe|transform|Add2~9|cout                                                                                                                                                                           ;
;   13.785 ;   0.000  ; FF ; IC   ; 2      ; LABCELL_X22_Y9_N12         ; emu|mpeg2_h262_two_picture_probe|p_controller|residual_probe|transform|Add2~73|cin                                                                                                                                                                           ;
;   14.156 ;   0.371  ; FR ; CELL ; 1      ; LABCELL_X22_Y9_N12         ; emu|mpeg2_h262_two_picture_probe|p_controller|residual_probe|transform|Add2~73|sumout                                                                                                                                                                        ;
;   14.818 ;   0.662  ; RR ; IC   ; 1      ; LABCELL_X19_Y9_N36         ; emu|mpeg2_h262_two_picture_probe|p_controller|residual_probe|transform|iq_unclipped[23]~22|dataf                                                                                                                                                             ;
;   14.910 ;   0.092  ; RF ; CELL ; 4      ; LABCELL_X19_Y9_N36         ; emu|mpeg2_h262_two_picture_probe|p_controller|residual_probe|transform|iq_unclipped[23]~22|combout                                                                                                                                                           ;
;   15.642 ;   0.732  ; FF ; IC   ; 1      ; MLABCELL_X25_Y9_N33        ; emu|mpeg2_h262_two_picture_probe|p_controller|residual_probe|transform|LessThan2~2_Duplicate|datad                                                                                                                                                           ;
;   16.041 ;   0.399  ; FF ; CELL ; 5      ; MLABCELL_X25_Y9_N33        ; emu|mpeg2_h262_two_picture_probe|p_controller|residual_probe|transform|LessThan2~2_Duplicate|combout                                                                                                                                                         ;
;   16.355 ;   0.314  ; FF ; IC   ; 1      ; MLABCELL_X25_Y9_N0         ; emu|mpeg2_h262_two_picture_probe|p_controller|residual_probe|transform|LessThan2~3_Duplicate_Duplicate_Duplicate|dataf                                                                                                                                       ;
;   16.435 ;   0.080  ; FF ; CELL ; 2      ; MLABCELL_X25_Y9_N0         ; emu|mpeg2_h262_two_picture_probe|p_controller|residual_probe|transform|LessThan2~3_Duplicate_Duplicate_Duplicate|combout                                                                                                                                     ;
;   16.828 ;   0.393  ; FF ; IC   ; 1      ; LABCELL_X24_Y9_N48         ; emu|mpeg2_h262_two_picture_probe|p_controller|residual_probe|transform|iq_saturated[8]~25_Duplicate_47|datad                                                                                                                                                 ;
;   17.176 ;   0.348  ; FF ; CELL ; 1      ; LABCELL_X24_Y9_N48         ; emu|mpeg2_h262_two_picture_probe|p_controller|residual_probe|transform|iq_saturated[8]~25_Duplicate_47|combout                                                                                                                                               ;
;   17.176 ;   0.000  ; FF ; IC   ; 1      ; FF_X24_Y9_N49              ; emu|mpeg2_h262_two_picture_probe|p_controller|residual_probe|transform|iq_saturated[8]~1_Duplicate_41_OTERM11550_NEW_REG14644|d                                                                                                                              ;
;   17.436 ;   0.260  ; FF ; CELL ; 1      ; FF_X24_Y9_N49              ; emu:emu|mpeg2_h262_two_picture_probe:mpeg2_h262_two_picture_probe|mpeg2_h262_p_diagnostic_controller:p_controller|mpeg2_h262_p_residual_probe:residual_probe|mpeg2_h262_p_non_intra_transform:transform|iq_saturated[8]~1_Duplicate_41_OTERM11550_OTERM14645 ;
+----------+----------+----+------+--------+----------------------------+--------------------------------------------------------------------------------------------------------------------------------------------------------------------------------------------------------------------------------------------------------------+

+--------------------------------------------------------------------------------------------------------------------------------------------------------------------------------------------------------------------------------------------------------------------------------------------------------------------------------------+
; Data Required Path                                                                                                                                                                                                                                                                                                                   ;
+----------+----------+----+------+--------+----------------------------+--------------------------------------------------------------------------------------------------------------------------------------------------------------------------------------------------------------------------------------------------------------+
; Total    ; Incr     ; RF ; Type ; Fanout ; Location                   ; Element                                                                                                                                                                                                                                                      ;
+----------+----------+----+------+--------+----------------------------+--------------------------------------------------------------------------------------------------------------------------------------------------------------------------------------------------------------------------------------------------------------+
; 16.666   ; 16.666   ;    ;      ;        ;                            ; latch edge time                                                                                                                                                                                                                                              ;
; 21.008   ; 4.342    ;    ;      ;        ;                            ; clock path                                                                                                                                                                                                                                                   ;
;   16.666 ;   0.000  ;    ;      ;        ;                            ; source latency                                                                                                                                                                                                                                               ;
;   16.666 ;   0.000  ;    ;      ; 1      ; PIN_Y13                    ; FPGA_CLK2_50                                                                                                                                                                                                                                                 ;
;   16.666 ;   0.000  ; RR ; IC   ; 1      ; IOIBUF_X56_Y0_N1           ; FPGA_CLK2_50~input|i                                                                                                                                                                                                                                         ;
;   17.427 ;   0.761  ; RR ; CELL ; 2      ; IOIBUF_X56_Y0_N1           ; FPGA_CLK2_50~input|o                                                                                                                                                                                                                                         ;
;   18.598 ;   1.171  ; RR ; IC   ; 1      ; PLLREFCLKSELECT_X89_Y7_N0  ; emu|pll|pll_inst|altera_pll_i|general[0].gpll~PLL_REFCLK_SELECT|clkin[0]                                                                                                                                                                                     ;
;   18.906 ;   0.308  ; RR ; CELL ; 1      ; PLLREFCLKSELECT_X89_Y7_N0  ; emu|pll|pll_inst|altera_pll_i|general[0].gpll~PLL_REFCLK_SELECT|clkout                                                                                                                                                                                       ;
;   18.906 ;   0.000  ; RR ; IC   ; 10     ; FRACTIONALPLL_X89_Y1_N0    ; emu|pll|pll_inst|altera_pll_i|general[0].gpll~FRACTIONAL_PLL|refclkin                                                                                                                                                                                        ;
;   13.988 ;   -4.918 ; RR ; COMP ; 3      ; FRACTIONALPLL_X89_Y1_N0    ; emu|pll|pll_inst|altera_pll_i|general[0].gpll~FRACTIONAL_PLL|vcoph[0]                                                                                                                                                                                        ;
;   13.988 ;   0.000  ; RR ; IC   ; 1      ; PLLOUTPUTCOUNTER_X89_Y2_N1 ; emu|pll|pll_inst|altera_pll_i|general[2].gpll~PLL_OUTPUT_COUNTER|vco0ph[0]                                                                                                                                                                                   ;
;   15.256 ;   1.268  ; RR ; CELL ; 1      ; PLLOUTPUTCOUNTER_X89_Y2_N1 ; emu|pll|pll_inst|altera_pll_i|general[2].gpll~PLL_OUTPUT_COUNTER|divclk                                                                                                                                                                                      ;
;   16.202 ;   0.946  ; RR ; IC   ; 1      ; CLKCTRL_G11                ; emu|pll|pll_inst|altera_pll_i|outclk_wire[2]~CLKENA0|inclk                                                                                                                                                                                                   ;
;   16.498 ;   0.296  ; RR ; CELL ; 36232  ; CLKCTRL_G11                ; emu|pll|pll_inst|altera_pll_i|outclk_wire[2]~CLKENA0|outclk                                                                                                                                                                                                  ;
;   18.392 ;   1.894  ; RR ; IC   ; 1      ; FF_X24_Y9_N49              ; emu|mpeg2_h262_two_picture_probe|p_controller|residual_probe|transform|iq_saturated[8]~1_Duplicate_41_OTERM11550_NEW_REG14644|clk                                                                                                                            ;
;   18.911 ;   0.519  ; RR ; CELL ; 1      ; FF_X24_Y9_N49              ; emu:emu|mpeg2_h262_two_picture_probe:mpeg2_h262_two_picture_probe|mpeg2_h262_p_diagnostic_controller:p_controller|mpeg2_h262_p_residual_probe:residual_probe|mpeg2_h262_p_non_intra_transform:transform|iq_saturated[8]~1_Duplicate_41_OTERM11550_OTERM14645 ;
;   21.008 ;   2.097  ;    ;      ;        ;                            ; clock pessimism removed                                                                                                                                                                                                                                      ;
; 20.888   ; -0.120   ;    ;      ;        ;                            ; clock uncertainty                                                                                                                                                                                                                                            ;
; 20.888   ; 0.000    ;    ; uTsu ; 1      ; FF_X24_Y9_N49              ; emu:emu|mpeg2_h262_two_picture_probe:mpeg2_h262_two_picture_probe|mpeg2_h262_p_diagnostic_controller:p_controller|mpeg2_h262_p_residual_probe:residual_probe|mpeg2_h262_p_non_intra_transform:transform|iq_saturated[8]~1_Duplicate_41_OTERM11550_OTERM14645 ;
+----------+----------+----+------+--------+----------------------------+--------------------------------------------------------------------------------------------------------------------------------------------------------------------------------------------------------------------------------------------------------------+

----------------------------
; Extra Fitter Information ;
----------------------------
HTML report is unavailable in plain text report export.


