----------------
; Command Info ;
----------------
Report Timing: Found 2 setup paths (0 violated).  Worst case slack is 5.438 

Tcl Command:
    report_timing -setup -file /home/vash/mister-builds/entry681/results/b_transform_iq_intra_weight_input.rpt -to [get_registers {*|mpeg2_h262_p_non_intra_transform:b_transform|iq_intra_weight*}] -npaths 2 -detail full_path

Options:
    -to [get_registers {*|mpeg2_h262_p_non_intra_transform:b_transform|iq_intra_weight*}] 
    -setup 
    -npaths 2 
    -detail full_path 
    -file {/home/vash/mister-builds/entry681/results/b_transform_iq_intra_weight_input.rpt} 

Delay Model:
    Slow 1100mV 100C Model

+-----------------------------------------------------------------------------------------------------------------------------------------------------------------------------------------------------------------------------------------------------------------------------------------------------------------------------------------------------------------------------------------------------------------------------------------------------------------------------------------------------------------------------------------------+
; Summary of Paths                                                                                                                                                                                                                                                                                                                                                                                                                                                                                                                              ;
+-------+-----------------------------------------------------------------------------------------------------------------------------------------------------------------+------------------------------------------------------------------------------------------------------------------------------------------------------------------------+-------------------------------------------------------------------------+-------------------------------------------------------------------------+--------------+------------+------------+
; Slack ; From Node                                                                                                                                                       ; To Node                                                                                                                                                                ; Launch Clock                                                            ; Latch Clock                                                             ; Relationship ; Clock Skew ; Data Delay ;
+-------+-----------------------------------------------------------------------------------------------------------------------------------------------------------------+------------------------------------------------------------------------------------------------------------------------------------------------------------------------+-------------------------------------------------------------------------+-------------------------------------------------------------------------+--------------+------------+------------+
; 5.438 ; emu:emu|mpeg2_h262_two_picture_probe:mpeg2_h262_two_picture_probe|mpeg2_h262_b_core_probe:b_controller|mpeg2_h262_p_non_intra_transform:b_transform|iq_index[1] ; emu:emu|mpeg2_h262_two_picture_probe:mpeg2_h262_two_picture_probe|mpeg2_h262_b_core_probe:b_controller|mpeg2_h262_p_non_intra_transform:b_transform|iq_intra_weight[6] ; emu|pll|pll_inst|altera_pll_i|general[2].gpll~PLL_OUTPUT_COUNTER|divclk ; emu|pll|pll_inst|altera_pll_i|general[2].gpll~PLL_OUTPUT_COUNTER|divclk ; 16.666       ; -0.107     ; 11.001     ;
; 5.444 ; emu:emu|mpeg2_h262_two_picture_probe:mpeg2_h262_two_picture_probe|mpeg2_h262_b_core_probe:b_controller|mpeg2_h262_p_non_intra_transform:b_transform|iq_index[2] ; emu:emu|mpeg2_h262_two_picture_probe:mpeg2_h262_two_picture_probe|mpeg2_h262_b_core_probe:b_controller|mpeg2_h262_p_non_intra_transform:b_transform|iq_intra_weight[6] ; emu|pll|pll_inst|altera_pll_i|general[2].gpll~PLL_OUTPUT_COUNTER|divclk ; emu|pll|pll_inst|altera_pll_i|general[2].gpll~PLL_OUTPUT_COUNTER|divclk ; 16.666       ; -0.107     ; 10.995     ;
+-------+-----------------------------------------------------------------------------------------------------------------------------------------------------------------+------------------------------------------------------------------------------------------------------------------------------------------------------------------------+-------------------------------------------------------------------------+-------------------------------------------------------------------------+--------------+------------+------------+

Path #1: Setup slack is 5.438 
===============================================================================
+---------------------------------------------------------------------------------------------------------------------------------------------------------------------------------------------+
; Path Summary                                                                                                                                                                                ;
+--------------------+------------------------------------------------------------------------------------------------------------------------------------------------------------------------+
; Property           ; Value                                                                                                                                                                  ;
+--------------------+------------------------------------------------------------------------------------------------------------------------------------------------------------------------+
; From Node          ; emu:emu|mpeg2_h262_two_picture_probe:mpeg2_h262_two_picture_probe|mpeg2_h262_b_core_probe:b_controller|mpeg2_h262_p_non_intra_transform:b_transform|iq_index[1]        ;
; To Node            ; emu:emu|mpeg2_h262_two_picture_probe:mpeg2_h262_two_picture_probe|mpeg2_h262_b_core_probe:b_controller|mpeg2_h262_p_non_intra_transform:b_transform|iq_intra_weight[6] ;
; Launch Clock       ; emu|pll|pll_inst|altera_pll_i|general[2].gpll~PLL_OUTPUT_COUNTER|divclk                                                                                                ;
; Latch Clock        ; emu|pll|pll_inst|altera_pll_i|general[2].gpll~PLL_OUTPUT_COUNTER|divclk                                                                                                ;
; Data Arrival Time  ; 15.421                                                                                                                                                                 ;
; Data Required Time ; 20.859                                                                                                                                                                 ;
; Slack              ; 5.438                                                                                                                                                                  ;
+--------------------+------------------------------------------------------------------------------------------------------------------------------------------------------------------------+

+--------------------------------------------------------------------------------------+
; Statistics                                                                           ;
+------------------------+--------+-------+-------------+------------+--------+--------+
; Property               ; Value  ; Count ; Total Delay ; % of Total ; Min    ; Max    ;
+------------------------+--------+-------+-------------+------------+--------+--------+
; Setup Relationship     ; 16.666 ;       ;             ;            ;        ;        ;
; Clock Skew             ; -0.107 ;       ;             ;            ;        ;        ;
; Data Delay             ; 11.001 ;       ;             ;            ;        ;        ;
; Number of Logic Levels ;        ; 7     ;             ;            ;        ;        ;
; Physical Delays        ;        ;       ;             ;            ;        ;        ;
;  Arrival Path          ;        ;       ;             ;            ;        ;        ;
;   Clock                ;        ;       ;             ;            ;        ;        ;
;    IC                  ;        ; 6     ; 4.672       ; 57         ; 0.000  ; 2.319  ;
;    Cell                ;        ; 5     ; 3.516       ; 43         ; 0.322  ; 1.535  ;
;    PLL Compensation    ;        ; 1     ; -3.768      ; 0          ; -3.768 ; -3.768 ;
;   Data                 ;        ;       ;             ;            ;        ;        ;
;    IC                  ;        ; 8     ; 7.570       ; 69         ; 0.257  ; 1.850  ;
;    Cell                ;        ; 9     ; 3.431       ; 31         ; 0.000  ; 0.592  ;
;    uTco                ;        ; 1     ; 0.000       ; 0          ; 0.000  ; 0.000  ;
;  Required Path         ;        ;       ;             ;            ;        ;        ;
;   Clock                ;        ;       ;             ;            ;        ;        ;
;    IC                  ;        ; 6     ; 4.001       ; 56         ; 0.000  ; 1.886  ;
;    Cell                ;        ; 5     ; 3.144       ; 44         ; 0.296  ; 1.268  ;
;    PLL Compensation    ;        ; 1     ; -4.932      ; 0          ; -4.932 ; -4.932 ;
+------------------------+--------+-------+-------------+------------+--------+--------+
Note: Negative delays are omitted from totals when calculating percentages

+------------------------------------------------------------------------------------------------------------------------------------------------------------------------------------------------------------------------------------------------+
; Data Arrival Path                                                                                                                                                                                                                              ;
+----------+----------+----+------+--------+----------------------------+------------------------------------------------------------------------------------------------------------------------------------------------------------------------+
; Total    ; Incr     ; RF ; Type ; Fanout ; Location                   ; Element                                                                                                                                                                ;
+----------+----------+----+------+--------+----------------------------+------------------------------------------------------------------------------------------------------------------------------------------------------------------------+
; 0.000    ; 0.000    ;    ;      ;        ;                            ; launch edge time                                                                                                                                                       ;
; 4.420    ; 4.420    ;    ;      ;        ;                            ; clock path                                                                                                                                                             ;
;   0.000  ;   0.000  ;    ;      ;        ;                            ; source latency                                                                                                                                                         ;
;   0.000  ;   0.000  ;    ;      ; 1      ; PIN_Y13                    ; FPGA_CLK2_50                                                                                                                                                           ;
;   0.000  ;   0.000  ; RR ; IC   ; 1      ; IOIBUF_X56_Y0_N1           ; FPGA_CLK2_50~input|i                                                                                                                                                   ;
;   0.761  ;   0.761  ; RR ; CELL ; 2      ; IOIBUF_X56_Y0_N1           ; FPGA_CLK2_50~input|o                                                                                                                                                   ;
;   2.096  ;   1.335  ; RR ; IC   ; 1      ; PLLREFCLKSELECT_X89_Y7_N0  ; emu|pll|pll_inst|altera_pll_i|general[0].gpll~PLL_REFCLK_SELECT|clkin[0]                                                                                               ;
;   2.429  ;   0.333  ; RR ; CELL ; 1      ; PLLREFCLKSELECT_X89_Y7_N0  ; emu|pll|pll_inst|altera_pll_i|general[0].gpll~PLL_REFCLK_SELECT|clkout                                                                                                 ;
;   2.429  ;   0.000  ; RR ; IC   ; 10     ; FRACTIONALPLL_X89_Y1_N0    ; emu|pll|pll_inst|altera_pll_i|general[0].gpll~FRACTIONAL_PLL|refclkin                                                                                                  ;
;   -1.339 ;   -3.768 ; RR ; COMP ; 3      ; FRACTIONALPLL_X89_Y1_N0    ; emu|pll|pll_inst|altera_pll_i|general[0].gpll~FRACTIONAL_PLL|vcoph[0]                                                                                                  ;
;   -1.339 ;   0.000  ; RR ; IC   ; 1      ; PLLOUTPUTCOUNTER_X89_Y0_N1 ; emu|pll|pll_inst|altera_pll_i|general[2].gpll~PLL_OUTPUT_COUNTER|vco0ph[0]                                                                                             ;
;   0.196  ;   1.535  ; RR ; CELL ; 1      ; PLLOUTPUTCOUNTER_X89_Y0_N1 ; emu|pll|pll_inst|altera_pll_i|general[2].gpll~PLL_OUTPUT_COUNTER|divclk                                                                                                ;
;   1.214  ;   1.018  ; RR ; IC   ; 1      ; CLKCTRL_G11                ; emu|pll|pll_inst|altera_pll_i|outclk_wire[2]~CLKENA0|inclk                                                                                                             ;
;   1.536  ;   0.322  ; RR ; CELL ; 36256  ; CLKCTRL_G11                ; emu|pll|pll_inst|altera_pll_i|outclk_wire[2]~CLKENA0|outclk                                                                                                            ;
;   3.855  ;   2.319  ; RR ; IC   ; 1      ; FF_X64_Y17_N26             ; emu|mpeg2_h262_two_picture_probe|b_controller|b_transform|iq_index[1]|clk                                                                                              ;
;   4.420  ;   0.565  ; RR ; CELL ; 1      ; FF_X64_Y17_N26             ; emu:emu|mpeg2_h262_two_picture_probe:mpeg2_h262_two_picture_probe|mpeg2_h262_b_core_probe:b_controller|mpeg2_h262_p_non_intra_transform:b_transform|iq_index[1]        ;
; 15.421   ; 11.001   ;    ;      ;        ;                            ; data path                                                                                                                                                              ;
;   4.420  ;   0.000  ;    ; uTco ; 1      ; FF_X64_Y17_N26             ; emu:emu|mpeg2_h262_two_picture_probe:mpeg2_h262_two_picture_probe|mpeg2_h262_b_core_probe:b_controller|mpeg2_h262_p_non_intra_transform:b_transform|iq_index[1]        ;
;   4.420  ;   0.000  ; FF ; CELL ; 27     ; FF_X64_Y17_N26             ; emu|mpeg2_h262_two_picture_probe|b_controller|b_transform|iq_index[1]|q                                                                                                ;
;   4.870  ;   0.450  ; FF ; IC   ; 1      ; LABCELL_X63_Y17_N18        ; emu|mpeg2_h262_two_picture_probe|b_controller|b_transform|iq_weight_read_index~0|datab                                                                                 ;
;   5.400  ;   0.530  ; FF ; CELL ; 7      ; LABCELL_X63_Y17_N18        ; emu|mpeg2_h262_two_picture_probe|b_controller|b_transform|iq_weight_read_index~0|combout                                                                               ;
;   6.367  ;   0.967  ; FF ; IC   ; 1      ; LABCELL_X60_Y16_N51        ; emu|mpeg2_h262_two_picture_probe|b_controller|b_transform|iq_weight_read_index~1|dataf                                                                                 ;
;   6.464  ;   0.097  ; FR ; CELL ; 6      ; LABCELL_X60_Y16_N51        ; emu|mpeg2_h262_two_picture_probe|b_controller|b_transform|iq_weight_read_index~1|combout                                                                               ;
;   6.749  ;   0.285  ; RR ; IC   ; 1      ; LABCELL_X60_Y16_N48        ; emu|mpeg2_h262_two_picture_probe|b_controller|b_transform|iq_weight_read_index[4]~6|datac                                                                              ;
;   7.216  ;   0.467  ; RF ; CELL ; 124    ; LABCELL_X60_Y16_N48        ; emu|mpeg2_h262_two_picture_probe|b_controller|b_transform|iq_weight_read_index[4]~6|combout                                                                            ;
;   9.066  ;   1.850  ; FF ; IC   ; 1      ; MLABCELL_X59_Y13_N0        ; emu|mpeg2_h262_two_picture_probe|b_controller|b_transform|matrices|intra_mem~656|datad                                                                                 ;
;   9.576  ;   0.510  ; FF ; CELL ; 1      ; MLABCELL_X59_Y13_N0        ; emu|mpeg2_h262_two_picture_probe|b_controller|b_transform|matrices|intra_mem~656|combout                                                                               ;
;   9.833  ;   0.257  ; FF ; IC   ; 1      ; MLABCELL_X59_Y13_N51       ; emu|mpeg2_h262_two_picture_probe|b_controller|b_transform|matrices|intra_mem~657|datad                                                                                 ;
;   10.339 ;   0.506  ; FF ; CELL ; 1      ; MLABCELL_X59_Y13_N51       ; emu|mpeg2_h262_two_picture_probe|b_controller|b_transform|matrices|intra_mem~657|combout                                                                               ;
;   11.596 ;   1.257  ; FF ; IC   ; 1      ; LABCELL_X62_Y14_N12        ; emu|mpeg2_h262_two_picture_probe|b_controller|b_transform|matrices|intra_mem~658|datae                                                                                 ;
;   11.817 ;   0.221  ; FF ; CELL ; 1      ; LABCELL_X62_Y14_N12        ; emu|mpeg2_h262_two_picture_probe|b_controller|b_transform|matrices|intra_mem~658|combout                                                                               ;
;   12.587 ;   0.770  ; FF ; IC   ; 1      ; LABCELL_X57_Y14_N54        ; emu|mpeg2_h262_two_picture_probe|b_controller|b_transform|iq_intra_weight~4|datac                                                                                      ;
;   13.095 ;   0.508  ; FF ; CELL ; 1      ; LABCELL_X57_Y14_N54        ; emu|mpeg2_h262_two_picture_probe|b_controller|b_transform|iq_intra_weight~4|combout                                                                                    ;
;   14.829 ;   1.734  ; FF ; IC   ; 1      ; FF_X57_Y16_N2              ; emu|mpeg2_h262_two_picture_probe|b_controller|b_transform|iq_intra_weight[6]|asdata                                                                                    ;
;   15.421 ;   0.592  ; FF ; CELL ; 1      ; FF_X57_Y16_N2              ; emu:emu|mpeg2_h262_two_picture_probe:mpeg2_h262_two_picture_probe|mpeg2_h262_b_core_probe:b_controller|mpeg2_h262_p_non_intra_transform:b_transform|iq_intra_weight[6] ;
+----------+----------+----+------+--------+----------------------------+------------------------------------------------------------------------------------------------------------------------------------------------------------------------+

+------------------------------------------------------------------------------------------------------------------------------------------------------------------------------------------------------------------------------------------------+
; Data Required Path                                                                                                                                                                                                                             ;
+----------+----------+----+------+--------+----------------------------+------------------------------------------------------------------------------------------------------------------------------------------------------------------------+
; Total    ; Incr     ; RF ; Type ; Fanout ; Location                   ; Element                                                                                                                                                                ;
+----------+----------+----+------+--------+----------------------------+------------------------------------------------------------------------------------------------------------------------------------------------------------------------+
; 16.666   ; 16.666   ;    ;      ;        ;                            ; latch edge time                                                                                                                                                        ;
; 20.979   ; 4.313    ;    ;      ;        ;                            ; clock path                                                                                                                                                             ;
;   16.666 ;   0.000  ;    ;      ;        ;                            ; source latency                                                                                                                                                         ;
;   16.666 ;   0.000  ;    ;      ; 1      ; PIN_Y13                    ; FPGA_CLK2_50                                                                                                                                                           ;
;   16.666 ;   0.000  ; RR ; IC   ; 1      ; IOIBUF_X56_Y0_N1           ; FPGA_CLK2_50~input|i                                                                                                                                                   ;
;   17.427 ;   0.761  ; RR ; CELL ; 2      ; IOIBUF_X56_Y0_N1           ; FPGA_CLK2_50~input|o                                                                                                                                                   ;
;   18.598 ;   1.171  ; RR ; IC   ; 1      ; PLLREFCLKSELECT_X89_Y7_N0  ; emu|pll|pll_inst|altera_pll_i|general[0].gpll~PLL_REFCLK_SELECT|clkin[0]                                                                                               ;
;   18.906 ;   0.308  ; RR ; CELL ; 1      ; PLLREFCLKSELECT_X89_Y7_N0  ; emu|pll|pll_inst|altera_pll_i|general[0].gpll~PLL_REFCLK_SELECT|clkout                                                                                                 ;
;   18.906 ;   0.000  ; RR ; IC   ; 10     ; FRACTIONALPLL_X89_Y1_N0    ; emu|pll|pll_inst|altera_pll_i|general[0].gpll~FRACTIONAL_PLL|refclkin                                                                                                  ;
;   13.974 ;   -4.932 ; RR ; COMP ; 3      ; FRACTIONALPLL_X89_Y1_N0    ; emu|pll|pll_inst|altera_pll_i|general[0].gpll~FRACTIONAL_PLL|vcoph[0]                                                                                                  ;
;   13.974 ;   0.000  ; RR ; IC   ; 1      ; PLLOUTPUTCOUNTER_X89_Y0_N1 ; emu|pll|pll_inst|altera_pll_i|general[2].gpll~PLL_OUTPUT_COUNTER|vco0ph[0]                                                                                             ;
;   15.242 ;   1.268  ; RR ; CELL ; 1      ; PLLOUTPUTCOUNTER_X89_Y0_N1 ; emu|pll|pll_inst|altera_pll_i|general[2].gpll~PLL_OUTPUT_COUNTER|divclk                                                                                                ;
;   16.186 ;   0.944  ; RR ; IC   ; 1      ; CLKCTRL_G11                ; emu|pll|pll_inst|altera_pll_i|outclk_wire[2]~CLKENA0|inclk                                                                                                             ;
;   16.482 ;   0.296  ; RR ; CELL ; 36256  ; CLKCTRL_G11                ; emu|pll|pll_inst|altera_pll_i|outclk_wire[2]~CLKENA0|outclk                                                                                                            ;
;   18.368 ;   1.886  ; RR ; IC   ; 1      ; FF_X57_Y16_N2              ; emu|mpeg2_h262_two_picture_probe|b_controller|b_transform|iq_intra_weight[6]|clk                                                                                       ;
;   18.879 ;   0.511  ; RR ; CELL ; 1      ; FF_X57_Y16_N2              ; emu:emu|mpeg2_h262_two_picture_probe:mpeg2_h262_two_picture_probe|mpeg2_h262_b_core_probe:b_controller|mpeg2_h262_p_non_intra_transform:b_transform|iq_intra_weight[6] ;
;   20.979 ;   2.100  ;    ;      ;        ;                            ; clock pessimism removed                                                                                                                                                ;
; 20.859   ; -0.120   ;    ;      ;        ;                            ; clock uncertainty                                                                                                                                                      ;
; 20.859   ; 0.000    ;    ; uTsu ; 1      ; FF_X57_Y16_N2              ; emu:emu|mpeg2_h262_two_picture_probe:mpeg2_h262_two_picture_probe|mpeg2_h262_b_core_probe:b_controller|mpeg2_h262_p_non_intra_transform:b_transform|iq_intra_weight[6] ;
+----------+----------+----+------+--------+----------------------------+------------------------------------------------------------------------------------------------------------------------------------------------------------------------+

----------------------------
; Extra Fitter Information ;
----------------------------
HTML report is unavailable in plain text report export.


Path #2: Setup slack is 5.444 
===============================================================================
+---------------------------------------------------------------------------------------------------------------------------------------------------------------------------------------------+
; Path Summary                                                                                                                                                                                ;
+--------------------+------------------------------------------------------------------------------------------------------------------------------------------------------------------------+
; Property           ; Value                                                                                                                                                                  ;
+--------------------+------------------------------------------------------------------------------------------------------------------------------------------------------------------------+
; From Node          ; emu:emu|mpeg2_h262_two_picture_probe:mpeg2_h262_two_picture_probe|mpeg2_h262_b_core_probe:b_controller|mpeg2_h262_p_non_intra_transform:b_transform|iq_index[2]        ;
; To Node            ; emu:emu|mpeg2_h262_two_picture_probe:mpeg2_h262_two_picture_probe|mpeg2_h262_b_core_probe:b_controller|mpeg2_h262_p_non_intra_transform:b_transform|iq_intra_weight[6] ;
; Launch Clock       ; emu|pll|pll_inst|altera_pll_i|general[2].gpll~PLL_OUTPUT_COUNTER|divclk                                                                                                ;
; Latch Clock        ; emu|pll|pll_inst|altera_pll_i|general[2].gpll~PLL_OUTPUT_COUNTER|divclk                                                                                                ;
; Data Arrival Time  ; 15.415                                                                                                                                                                 ;
; Data Required Time ; 20.859                                                                                                                                                                 ;
; Slack              ; 5.444                                                                                                                                                                  ;
+--------------------+------------------------------------------------------------------------------------------------------------------------------------------------------------------------+

+--------------------------------------------------------------------------------------+
; Statistics                                                                           ;
+------------------------+--------+-------+-------------+------------+--------+--------+
; Property               ; Value  ; Count ; Total Delay ; % of Total ; Min    ; Max    ;
+------------------------+--------+-------+-------------+------------+--------+--------+
; Setup Relationship     ; 16.666 ;       ;             ;            ;        ;        ;
; Clock Skew             ; -0.107 ;       ;             ;            ;        ;        ;
; Data Delay             ; 10.995 ;       ;             ;            ;        ;        ;
; Number of Logic Levels ;        ; 7     ;             ;            ;        ;        ;
; Physical Delays        ;        ;       ;             ;            ;        ;        ;
;  Arrival Path          ;        ;       ;             ;            ;        ;        ;
;   Clock                ;        ;       ;             ;            ;        ;        ;
;    IC                  ;        ; 6     ; 4.672       ; 57         ; 0.000  ; 2.319  ;
;    Cell                ;        ; 5     ; 3.516       ; 43         ; 0.322  ; 1.535  ;
;    PLL Compensation    ;        ; 1     ; -3.768      ; 0          ; -3.768 ; -3.768 ;
;   Data                 ;        ;       ;             ;            ;        ;        ;
;    IC                  ;        ; 8     ; 7.743       ; 70         ; 0.257  ; 1.850  ;
;    Cell                ;        ; 9     ; 3.252       ; 30         ; 0.000  ; 0.592  ;
;    uTco                ;        ; 1     ; 0.000       ; 0          ; 0.000  ; 0.000  ;
;  Required Path         ;        ;       ;             ;            ;        ;        ;
;   Clock                ;        ;       ;             ;            ;        ;        ;
;    IC                  ;        ; 6     ; 4.001       ; 56         ; 0.000  ; 1.886  ;
;    Cell                ;        ; 5     ; 3.144       ; 44         ; 0.296  ; 1.268  ;
;    PLL Compensation    ;        ; 1     ; -4.932      ; 0          ; -4.932 ; -4.932 ;
+------------------------+--------+-------+-------------+------------+--------+--------+
Note: Negative delays are omitted from totals when calculating percentages

+------------------------------------------------------------------------------------------------------------------------------------------------------------------------------------------------------------------------------------------------+
; Data Arrival Path                                                                                                                                                                                                                              ;
+----------+----------+----+------+--------+----------------------------+------------------------------------------------------------------------------------------------------------------------------------------------------------------------+
; Total    ; Incr     ; RF ; Type ; Fanout ; Location                   ; Element                                                                                                                                                                ;
+----------+----------+----+------+--------+----------------------------+------------------------------------------------------------------------------------------------------------------------------------------------------------------------+
; 0.000    ; 0.000    ;    ;      ;        ;                            ; launch edge time                                                                                                                                                       ;
; 4.420    ; 4.420    ;    ;      ;        ;                            ; clock path                                                                                                                                                             ;
;   0.000  ;   0.000  ;    ;      ;        ;                            ; source latency                                                                                                                                                         ;
;   0.000  ;   0.000  ;    ;      ; 1      ; PIN_Y13                    ; FPGA_CLK2_50                                                                                                                                                           ;
;   0.000  ;   0.000  ; RR ; IC   ; 1      ; IOIBUF_X56_Y0_N1           ; FPGA_CLK2_50~input|i                                                                                                                                                   ;
;   0.761  ;   0.761  ; RR ; CELL ; 2      ; IOIBUF_X56_Y0_N1           ; FPGA_CLK2_50~input|o                                                                                                                                                   ;
;   2.096  ;   1.335  ; RR ; IC   ; 1      ; PLLREFCLKSELECT_X89_Y7_N0  ; emu|pll|pll_inst|altera_pll_i|general[0].gpll~PLL_REFCLK_SELECT|clkin[0]                                                                                               ;
;   2.429  ;   0.333  ; RR ; CELL ; 1      ; PLLREFCLKSELECT_X89_Y7_N0  ; emu|pll|pll_inst|altera_pll_i|general[0].gpll~PLL_REFCLK_SELECT|clkout                                                                                                 ;
;   2.429  ;   0.000  ; RR ; IC   ; 10     ; FRACTIONALPLL_X89_Y1_N0    ; emu|pll|pll_inst|altera_pll_i|general[0].gpll~FRACTIONAL_PLL|refclkin                                                                                                  ;
;   -1.339 ;   -3.768 ; RR ; COMP ; 3      ; FRACTIONALPLL_X89_Y1_N0    ; emu|pll|pll_inst|altera_pll_i|general[0].gpll~FRACTIONAL_PLL|vcoph[0]                                                                                                  ;
;   -1.339 ;   0.000  ; RR ; IC   ; 1      ; PLLOUTPUTCOUNTER_X89_Y0_N1 ; emu|pll|pll_inst|altera_pll_i|general[2].gpll~PLL_OUTPUT_COUNTER|vco0ph[0]                                                                                             ;
;   0.196  ;   1.535  ; RR ; CELL ; 1      ; PLLOUTPUTCOUNTER_X89_Y0_N1 ; emu|pll|pll_inst|altera_pll_i|general[2].gpll~PLL_OUTPUT_COUNTER|divclk                                                                                                ;
;   1.214  ;   1.018  ; RR ; IC   ; 1      ; CLKCTRL_G11                ; emu|pll|pll_inst|altera_pll_i|outclk_wire[2]~CLKENA0|inclk                                                                                                             ;
;   1.536  ;   0.322  ; RR ; CELL ; 36256  ; CLKCTRL_G11                ; emu|pll|pll_inst|altera_pll_i|outclk_wire[2]~CLKENA0|outclk                                                                                                            ;
;   3.855  ;   2.319  ; RR ; IC   ; 1      ; FF_X64_Y17_N8              ; emu|mpeg2_h262_two_picture_probe|b_controller|b_transform|iq_index[2]|clk                                                                                              ;
;   4.420  ;   0.565  ; RR ; CELL ; 1      ; FF_X64_Y17_N8              ; emu:emu|mpeg2_h262_two_picture_probe:mpeg2_h262_two_picture_probe|mpeg2_h262_b_core_probe:b_controller|mpeg2_h262_p_non_intra_transform:b_transform|iq_index[2]        ;
; 15.415   ; 10.995   ;    ;      ;        ;                            ; data path                                                                                                                                                              ;
;   4.420  ;   0.000  ;    ; uTco ; 1      ; FF_X64_Y17_N8              ; emu:emu|mpeg2_h262_two_picture_probe:mpeg2_h262_two_picture_probe|mpeg2_h262_b_core_probe:b_controller|mpeg2_h262_p_non_intra_transform:b_transform|iq_index[2]        ;
;   4.420  ;   0.000  ; FF ; CELL ; 18     ; FF_X64_Y17_N8              ; emu|mpeg2_h262_two_picture_probe|b_controller|b_transform|iq_index[2]|q                                                                                                ;
;   5.043  ;   0.623  ; FF ; IC   ; 1      ; LABCELL_X63_Y17_N18        ; emu|mpeg2_h262_two_picture_probe|b_controller|b_transform|iq_weight_read_index~0|datad                                                                                 ;
;   5.394  ;   0.351  ; FF ; CELL ; 7      ; LABCELL_X63_Y17_N18        ; emu|mpeg2_h262_two_picture_probe|b_controller|b_transform|iq_weight_read_index~0|combout                                                                               ;
;   6.361  ;   0.967  ; FF ; IC   ; 1      ; LABCELL_X60_Y16_N51        ; emu|mpeg2_h262_two_picture_probe|b_controller|b_transform|iq_weight_read_index~1|dataf                                                                                 ;
;   6.458  ;   0.097  ; FR ; CELL ; 6      ; LABCELL_X60_Y16_N51        ; emu|mpeg2_h262_two_picture_probe|b_controller|b_transform|iq_weight_read_index~1|combout                                                                               ;
;   6.743  ;   0.285  ; RR ; IC   ; 1      ; LABCELL_X60_Y16_N48        ; emu|mpeg2_h262_two_picture_probe|b_controller|b_transform|iq_weight_read_index[4]~6|datac                                                                              ;
;   7.210  ;   0.467  ; RF ; CELL ; 124    ; LABCELL_X60_Y16_N48        ; emu|mpeg2_h262_two_picture_probe|b_controller|b_transform|iq_weight_read_index[4]~6|combout                                                                            ;
;   9.060  ;   1.850  ; FF ; IC   ; 1      ; MLABCELL_X59_Y13_N0        ; emu|mpeg2_h262_two_picture_probe|b_controller|b_transform|matrices|intra_mem~656|datad                                                                                 ;
;   9.570  ;   0.510  ; FF ; CELL ; 1      ; MLABCELL_X59_Y13_N0        ; emu|mpeg2_h262_two_picture_probe|b_controller|b_transform|matrices|intra_mem~656|combout                                                                               ;
;   9.827  ;   0.257  ; FF ; IC   ; 1      ; MLABCELL_X59_Y13_N51       ; emu|mpeg2_h262_two_picture_probe|b_controller|b_transform|matrices|intra_mem~657|datad                                                                                 ;
;   10.333 ;   0.506  ; FF ; CELL ; 1      ; MLABCELL_X59_Y13_N51       ; emu|mpeg2_h262_two_picture_probe|b_controller|b_transform|matrices|intra_mem~657|combout                                                                               ;
;   11.590 ;   1.257  ; FF ; IC   ; 1      ; LABCELL_X62_Y14_N12        ; emu|mpeg2_h262_two_picture_probe|b_controller|b_transform|matrices|intra_mem~658|datae                                                                                 ;
;   11.811 ;   0.221  ; FF ; CELL ; 1      ; LABCELL_X62_Y14_N12        ; emu|mpeg2_h262_two_picture_probe|b_controller|b_transform|matrices|intra_mem~658|combout                                                                               ;
;   12.581 ;   0.770  ; FF ; IC   ; 1      ; LABCELL_X57_Y14_N54        ; emu|mpeg2_h262_two_picture_probe|b_controller|b_transform|iq_intra_weight~4|datac                                                                                      ;
;   13.089 ;   0.508  ; FF ; CELL ; 1      ; LABCELL_X57_Y14_N54        ; emu|mpeg2_h262_two_picture_probe|b_controller|b_transform|iq_intra_weight~4|combout                                                                                    ;
;   14.823 ;   1.734  ; FF ; IC   ; 1      ; FF_X57_Y16_N2              ; emu|mpeg2_h262_two_picture_probe|b_controller|b_transform|iq_intra_weight[6]|asdata                                                                                    ;
;   15.415 ;   0.592  ; FF ; CELL ; 1      ; FF_X57_Y16_N2              ; emu:emu|mpeg2_h262_two_picture_probe:mpeg2_h262_two_picture_probe|mpeg2_h262_b_core_probe:b_controller|mpeg2_h262_p_non_intra_transform:b_transform|iq_intra_weight[6] ;
+----------+----------+----+------+--------+----------------------------+------------------------------------------------------------------------------------------------------------------------------------------------------------------------+

+------------------------------------------------------------------------------------------------------------------------------------------------------------------------------------------------------------------------------------------------+
; Data Required Path                                                                                                                                                                                                                             ;
+----------+----------+----+------+--------+----------------------------+------------------------------------------------------------------------------------------------------------------------------------------------------------------------+
; Total    ; Incr     ; RF ; Type ; Fanout ; Location                   ; Element                                                                                                                                                                ;
+----------+----------+----+------+--------+----------------------------+------------------------------------------------------------------------------------------------------------------------------------------------------------------------+
; 16.666   ; 16.666   ;    ;      ;        ;                            ; latch edge time                                                                                                                                                        ;
; 20.979   ; 4.313    ;    ;      ;        ;                            ; clock path                                                                                                                                                             ;
;   16.666 ;   0.000  ;    ;      ;        ;                            ; source latency                                                                                                                                                         ;
;   16.666 ;   0.000  ;    ;      ; 1      ; PIN_Y13                    ; FPGA_CLK2_50                                                                                                                                                           ;
;   16.666 ;   0.000  ; RR ; IC   ; 1      ; IOIBUF_X56_Y0_N1           ; FPGA_CLK2_50~input|i                                                                                                                                                   ;
;   17.427 ;   0.761  ; RR ; CELL ; 2      ; IOIBUF_X56_Y0_N1           ; FPGA_CLK2_50~input|o                                                                                                                                                   ;
;   18.598 ;   1.171  ; RR ; IC   ; 1      ; PLLREFCLKSELECT_X89_Y7_N0  ; emu|pll|pll_inst|altera_pll_i|general[0].gpll~PLL_REFCLK_SELECT|clkin[0]                                                                                               ;
;   18.906 ;   0.308  ; RR ; CELL ; 1      ; PLLREFCLKSELECT_X89_Y7_N0  ; emu|pll|pll_inst|altera_pll_i|general[0].gpll~PLL_REFCLK_SELECT|clkout                                                                                                 ;
;   18.906 ;   0.000  ; RR ; IC   ; 10     ; FRACTIONALPLL_X89_Y1_N0    ; emu|pll|pll_inst|altera_pll_i|general[0].gpll~FRACTIONAL_PLL|refclkin                                                                                                  ;
;   13.974 ;   -4.932 ; RR ; COMP ; 3      ; FRACTIONALPLL_X89_Y1_N0    ; emu|pll|pll_inst|altera_pll_i|general[0].gpll~FRACTIONAL_PLL|vcoph[0]                                                                                                  ;
;   13.974 ;   0.000  ; RR ; IC   ; 1      ; PLLOUTPUTCOUNTER_X89_Y0_N1 ; emu|pll|pll_inst|altera_pll_i|general[2].gpll~PLL_OUTPUT_COUNTER|vco0ph[0]                                                                                             ;
;   15.242 ;   1.268  ; RR ; CELL ; 1      ; PLLOUTPUTCOUNTER_X89_Y0_N1 ; emu|pll|pll_inst|altera_pll_i|general[2].gpll~PLL_OUTPUT_COUNTER|divclk                                                                                                ;
;   16.186 ;   0.944  ; RR ; IC   ; 1      ; CLKCTRL_G11                ; emu|pll|pll_inst|altera_pll_i|outclk_wire[2]~CLKENA0|inclk                                                                                                             ;
;   16.482 ;   0.296  ; RR ; CELL ; 36256  ; CLKCTRL_G11                ; emu|pll|pll_inst|altera_pll_i|outclk_wire[2]~CLKENA0|outclk                                                                                                            ;
;   18.368 ;   1.886  ; RR ; IC   ; 1      ; FF_X57_Y16_N2              ; emu|mpeg2_h262_two_picture_probe|b_controller|b_transform|iq_intra_weight[6]|clk                                                                                       ;
;   18.879 ;   0.511  ; RR ; CELL ; 1      ; FF_X57_Y16_N2              ; emu:emu|mpeg2_h262_two_picture_probe:mpeg2_h262_two_picture_probe|mpeg2_h262_b_core_probe:b_controller|mpeg2_h262_p_non_intra_transform:b_transform|iq_intra_weight[6] ;
;   20.979 ;   2.100  ;    ;      ;        ;                            ; clock pessimism removed                                                                                                                                                ;
; 20.859   ; -0.120   ;    ;      ;        ;                            ; clock uncertainty                                                                                                                                                      ;
; 20.859   ; 0.000    ;    ; uTsu ; 1      ; FF_X57_Y16_N2              ; emu:emu|mpeg2_h262_two_picture_probe:mpeg2_h262_two_picture_probe|mpeg2_h262_b_core_probe:b_controller|mpeg2_h262_p_non_intra_transform:b_transform|iq_intra_weight[6] ;
+----------+----------+----+------+--------+----------------------------+------------------------------------------------------------------------------------------------------------------------------------------------------------------------+

----------------------------
; Extra Fitter Information ;
----------------------------
HTML report is unavailable in plain text report export.


