----------------
; Command Info ;
----------------
Report Timing: Found 5 hold paths (0 violated).  Worst case slack is 0.250 

Tcl Command:
    report_timing -hold -file /home/vash/mister-builds/entry681/results/hold_paths.rpt -npaths 5 -detail full_path

Options:
    -hold 
    -npaths 5 
    -detail full_path 
    -file {/home/vash/mister-builds/entry681/results/hold_paths.rpt} 

Delay Model:
    Slow 1100mV 100C Model

+------------------------------------------------------------------------------------------------------------------------------------------------------------------------------------------------------------------------------------------------------------------------------------------------------------------------------------------------+
; Summary of Paths                                                                                                                                                                                                                                                                                                                               ;
+-------+---------------------------------------------------------------------+---------------------------------------------------------------------+-------------------------------------------------------------------------+-------------------------------------------------------------------------+--------------+------------+------------+
; Slack ; From Node                                                           ; To Node                                                             ; Launch Clock                                                            ; Latch Clock                                                             ; Relationship ; Clock Skew ; Data Delay ;
+-------+---------------------------------------------------------------------+---------------------------------------------------------------------+-------------------------------------------------------------------------+-------------------------------------------------------------------------+--------------+------------+------------+
; 0.250 ; sys_umuldiv:ar_muldiv|sys_udiv:udiv|rem[29]                         ; sys_umuldiv:ar_muldiv|sys_udiv:udiv|rem[30]                         ; emu|pll|pll_inst|altera_pll_i|general[1].gpll~PLL_OUTPUT_COUNTER|divclk ; emu|pll|pll_inst|altera_pll_i|general[1].gpll~PLL_OUTPUT_COUNTER|divclk ; 0.000        ; 0.112      ; 0.362      ;
; 0.251 ; pll_hdmi_adj:pll_hdmi_adj|i_linecpt[2]                              ; pll_hdmi_adj:pll_hdmi_adj|i_linecpt[2]                              ; emu|pll|pll_inst|altera_pll_i|general[1].gpll~PLL_OUTPUT_COUNTER|divclk ; emu|pll|pll_inst|altera_pll_i|general[1].gpll~PLL_OUTPUT_COUNTER|divclk ; 0.000        ; 0.111      ; 0.362      ;
; 0.251 ; sys_umuldiv:ar_muldiv|sys_umul:umul|result[14]~DUPLICATE            ; sys_umuldiv:ar_muldiv|sys_umul:umul|result[14]                      ; emu|pll|pll_inst|altera_pll_i|general[1].gpll~PLL_OUTPUT_COUNTER|divclk ; emu|pll|pll_inst|altera_pll_i|general[1].gpll~PLL_OUTPUT_COUNTER|divclk ; 0.000        ; 0.113      ; 0.364      ;
; 0.254 ; emu:emu|audio_pcm_test_source:audio_pcm_test_source|phase_left[14]  ; emu:emu|audio_pcm_test_source:audio_pcm_test_source|phase_left[14]  ; emu|pll|pll_inst|altera_pll_i|general[2].gpll~PLL_OUTPUT_COUNTER|divclk ; emu|pll|pll_inst|altera_pll_i|general[2].gpll~PLL_OUTPUT_COUNTER|divclk ; 0.000        ; 0.109      ; 0.363      ;
; 0.254 ; emu:emu|audio_pcm_test_source:audio_pcm_test_source|phase_right[15] ; emu:emu|audio_pcm_test_source:audio_pcm_test_source|phase_right[15] ; emu|pll|pll_inst|altera_pll_i|general[2].gpll~PLL_OUTPUT_COUNTER|divclk ; emu|pll|pll_inst|altera_pll_i|general[2].gpll~PLL_OUTPUT_COUNTER|divclk ; 0.000        ; 0.109      ; 0.363      ;
+-------+---------------------------------------------------------------------+---------------------------------------------------------------------+-------------------------------------------------------------------------+-------------------------------------------------------------------------+--------------+------------+------------+

Path #1: Hold slack is 0.250 
===============================================================================
+----------------------------------------------------------------------------------------------+
; Path Summary                                                                                 ;
+--------------------+-------------------------------------------------------------------------+
; Property           ; Value                                                                   ;
+--------------------+-------------------------------------------------------------------------+
; From Node          ; sys_umuldiv:ar_muldiv|sys_udiv:udiv|rem[29]                             ;
; To Node            ; sys_umuldiv:ar_muldiv|sys_udiv:udiv|rem[30]                             ;
; Launch Clock       ; emu|pll|pll_inst|altera_pll_i|general[1].gpll~PLL_OUTPUT_COUNTER|divclk ;
; Latch Clock        ; emu|pll|pll_inst|altera_pll_i|general[1].gpll~PLL_OUTPUT_COUNTER|divclk ;
; Data Arrival Time  ; 2.662                                                                   ;
; Data Required Time ; 2.412                                                                   ;
; Slack              ; 0.250                                                                   ;
+--------------------+-------------------------------------------------------------------------+

+-------------------------------------------------------------------------------------+
; Statistics                                                                          ;
+------------------------+-------+-------+-------------+------------+--------+--------+
; Property               ; Value ; Count ; Total Delay ; % of Total ; Min    ; Max    ;
+------------------------+-------+-------+-------------+------------+--------+--------+
; Hold Relationship      ; 0.000 ;       ;             ;            ;        ;        ;
; Clock Skew             ; 0.112 ;       ;             ;            ;        ;        ;
; Data Delay             ; 0.362 ;       ;             ;            ;        ;        ;
; Number of Logic Levels ;       ; 1     ;             ;            ;        ;        ;
; Physical Delays        ;       ;       ;             ;            ;        ;        ;
;  Arrival Path          ;       ;       ;             ;            ;        ;        ;
;   Clock                ;       ;       ;             ;            ;        ;        ;
;    IC                  ;       ; 6     ; 3.903       ; 54         ; 0.000  ; 1.825  ;
;    Cell                ;       ; 5     ; 3.329       ; 46         ; 0.279  ; 1.468  ;
;    PLL Compensation    ;       ; 1     ; -4.932      ; 0          ; -4.932 ; -4.932 ;
;   Data                 ;       ;       ;             ;            ;        ;        ;
;    IC                  ;       ; 2     ; 0.226       ; 62         ; 0.000  ; 0.226  ;
;    Cell                ;       ; 3     ; 0.136       ; 38         ; 0.000  ; 0.069  ;
;    uTco                ;       ; 1     ; 0.000       ; 0          ; 0.000  ; 0.000  ;
;  Required Path         ;       ;       ;             ;            ;        ;        ;
;   Clock                ;       ;       ;             ;            ;        ;        ;
;    IC                  ;       ; 6     ; 4.601       ; 55         ; 0.000  ; 2.228  ;
;    Cell                ;       ; 5     ; 3.740       ; 45         ; 0.304  ; 1.747  ;
;    PLL Compensation    ;       ; 1     ; -3.768      ; 0          ; -3.768 ; -3.768 ;
+------------------------+-------+-------+-------------+------------+--------+--------+
Note: Negative delays are omitted from totals when calculating percentages

+----------------------------------------------------------------------------------------------------------------------------------------------------+
; Data Arrival Path                                                                                                                                  ;
+----------+----------+----+------+--------+----------------------------+----------------------------------------------------------------------------+
; Total    ; Incr     ; RF ; Type ; Fanout ; Location                   ; Element                                                                    ;
+----------+----------+----+------+--------+----------------------------+----------------------------------------------------------------------------+
; 0.000    ; 0.000    ;    ;      ;        ;                            ; launch edge time                                                           ;
; 2.300    ; 2.300    ;    ;      ;        ;                            ; clock path                                                                 ;
;   0.000  ;   0.000  ;    ;      ;        ;                            ; source latency                                                             ;
;   0.000  ;   0.000  ;    ;      ; 1      ; PIN_Y13                    ; FPGA_CLK2_50                                                               ;
;   0.000  ;   0.000  ; RR ; IC   ; 1      ; IOIBUF_X56_Y0_N1           ; FPGA_CLK2_50~input|i                                                       ;
;   0.761  ;   0.761  ; RR ; CELL ; 2      ; IOIBUF_X56_Y0_N1           ; FPGA_CLK2_50~input|o                                                       ;
;   1.932  ;   1.171  ; RR ; IC   ; 1      ; PLLREFCLKSELECT_X89_Y7_N0  ; emu|pll|pll_inst|altera_pll_i|general[0].gpll~PLL_REFCLK_SELECT|clkin[0]   ;
;   2.240  ;   0.308  ; RR ; CELL ; 1      ; PLLREFCLKSELECT_X89_Y7_N0  ; emu|pll|pll_inst|altera_pll_i|general[0].gpll~PLL_REFCLK_SELECT|clkout     ;
;   2.240  ;   0.000  ; RR ; IC   ; 10     ; FRACTIONALPLL_X89_Y1_N0    ; emu|pll|pll_inst|altera_pll_i|general[0].gpll~FRACTIONAL_PLL|refclkin      ;
;   -2.692 ;   -4.932 ; RR ; COMP ; 3      ; FRACTIONALPLL_X89_Y1_N0    ; emu|pll|pll_inst|altera_pll_i|general[0].gpll~FRACTIONAL_PLL|vcoph[0]      ;
;   -2.692 ;   0.000  ; RR ; IC   ; 1      ; PLLOUTPUTCOUNTER_X89_Y7_N1 ; emu|pll|pll_inst|altera_pll_i|general[1].gpll~PLL_OUTPUT_COUNTER|vco0ph[0] ;
;   -1.224 ;   1.468  ; RR ; CELL ; 3      ; PLLOUTPUTCOUNTER_X89_Y7_N1 ; emu|pll|pll_inst|altera_pll_i|general[1].gpll~PLL_OUTPUT_COUNTER|divclk    ;
;   -0.317 ;   0.907  ; RR ; IC   ; 1      ; CLKCTRL_G6                 ; emu|pll|pll_inst|altera_pll_i|outclk_wire[1]~CLKENA0|inclk                 ;
;   -0.038 ;   0.279  ; RR ; CELL ; 7670   ; CLKCTRL_G6                 ; emu|pll|pll_inst|altera_pll_i|outclk_wire[1]~CLKENA0|outclk                ;
;   1.787  ;   1.825  ; RR ; IC   ; 1      ; FF_X74_Y28_N17             ; ar_muldiv|udiv|rem[29]|clk                                                 ;
;   2.300  ;   0.513  ; RR ; CELL ; 1      ; FF_X74_Y28_N17             ; sys_umuldiv:ar_muldiv|sys_udiv:udiv|rem[29]                                ;
; 2.662    ; 0.362    ;    ;      ;        ;                            ; data path                                                                  ;
;   2.300  ;   0.000  ;    ; uTco ; 1      ; FF_X74_Y28_N17             ; sys_umuldiv:ar_muldiv|sys_udiv:udiv|rem[29]                                ;
;   2.300  ;   0.000  ; FF ; CELL ; 1      ; FF_X74_Y28_N17             ; ar_muldiv|udiv|rem[29]|q                                                   ;
;   2.526  ;   0.226  ; FF ; IC   ; 2      ; LABCELL_X74_Y28_N18        ; ar_muldiv|udiv|Add2~29|dataf                                               ;
;   2.595  ;   0.069  ; FR ; CELL ; 1      ; LABCELL_X74_Y28_N18        ; ar_muldiv|udiv|Add2~29|sumout                                              ;
;   2.595  ;   0.000  ; RR ; IC   ; 1      ; FF_X74_Y28_N19             ; ar_muldiv|udiv|rem[30]|d                                                   ;
;   2.662  ;   0.067  ; RR ; CELL ; 1      ; FF_X74_Y28_N19             ; sys_umuldiv:ar_muldiv|sys_udiv:udiv|rem[30]                                ;
+----------+----------+----+------+--------+----------------------------+----------------------------------------------------------------------------+

+----------------------------------------------------------------------------------------------------------------------------------------------------+
; Data Required Path                                                                                                                                 ;
+----------+----------+----+------+--------+----------------------------+----------------------------------------------------------------------------+
; Total    ; Incr     ; RF ; Type ; Fanout ; Location                   ; Element                                                                    ;
+----------+----------+----+------+--------+----------------------------+----------------------------------------------------------------------------+
; 0.000    ; 0.000    ;    ;      ;        ;                            ; latch edge time                                                            ;
; 2.412    ; 2.412    ;    ;      ;        ;                            ; clock path                                                                 ;
;   0.000  ;   0.000  ;    ;      ;        ;                            ; source latency                                                             ;
;   0.000  ;   0.000  ;    ;      ; 1      ; PIN_Y13                    ; FPGA_CLK2_50                                                               ;
;   0.000  ;   0.000  ; RR ; IC   ; 1      ; IOIBUF_X56_Y0_N1           ; FPGA_CLK2_50~input|i                                                       ;
;   0.761  ;   0.761  ; RR ; CELL ; 2      ; IOIBUF_X56_Y0_N1           ; FPGA_CLK2_50~input|o                                                       ;
;   2.096  ;   1.335  ; RR ; IC   ; 1      ; PLLREFCLKSELECT_X89_Y7_N0  ; emu|pll|pll_inst|altera_pll_i|general[0].gpll~PLL_REFCLK_SELECT|clkin[0]   ;
;   2.429  ;   0.333  ; RR ; CELL ; 1      ; PLLREFCLKSELECT_X89_Y7_N0  ; emu|pll|pll_inst|altera_pll_i|general[0].gpll~PLL_REFCLK_SELECT|clkout     ;
;   2.429  ;   0.000  ; RR ; IC   ; 10     ; FRACTIONALPLL_X89_Y1_N0    ; emu|pll|pll_inst|altera_pll_i|general[0].gpll~FRACTIONAL_PLL|refclkin      ;
;   -1.339 ;   -3.768 ; RR ; COMP ; 3      ; FRACTIONALPLL_X89_Y1_N0    ; emu|pll|pll_inst|altera_pll_i|general[0].gpll~FRACTIONAL_PLL|vcoph[0]      ;
;   -1.339 ;   0.000  ; RR ; IC   ; 1      ; PLLOUTPUTCOUNTER_X89_Y7_N1 ; emu|pll|pll_inst|altera_pll_i|general[1].gpll~PLL_OUTPUT_COUNTER|vco0ph[0] ;
;   0.408  ;   1.747  ; RR ; CELL ; 3      ; PLLOUTPUTCOUNTER_X89_Y7_N1 ; emu|pll|pll_inst|altera_pll_i|general[1].gpll~PLL_OUTPUT_COUNTER|divclk    ;
;   1.446  ;   1.038  ; RR ; IC   ; 1      ; CLKCTRL_G6                 ; emu|pll|pll_inst|altera_pll_i|outclk_wire[1]~CLKENA0|inclk                 ;
;   1.750  ;   0.304  ; RR ; CELL ; 7670   ; CLKCTRL_G6                 ; emu|pll|pll_inst|altera_pll_i|outclk_wire[1]~CLKENA0|outclk                ;
;   3.978  ;   2.228  ; RR ; IC   ; 1      ; FF_X74_Y28_N19             ; ar_muldiv|udiv|rem[30]|clk                                                 ;
;   4.573  ;   0.595  ; RR ; CELL ; 1      ; FF_X74_Y28_N19             ; sys_umuldiv:ar_muldiv|sys_udiv:udiv|rem[30]                                ;
;   2.412  ;   -2.161 ;    ;      ;        ;                            ; clock pessimism removed                                                    ;
; 2.412    ; 0.000    ;    ;      ;        ;                            ; clock uncertainty                                                          ;
; 2.412    ; 0.000    ;    ; uTh  ; 1      ; FF_X74_Y28_N19             ; sys_umuldiv:ar_muldiv|sys_udiv:udiv|rem[30]                                ;
+----------+----------+----+------+--------+----------------------------+----------------------------------------------------------------------------+

----------------------------
; Extra Fitter Information ;
----------------------------
HTML report is unavailable in plain text report export.


Path #2: Hold slack is 0.251 
===============================================================================
+----------------------------------------------------------------------------------------------+
; Path Summary                                                                                 ;
+--------------------+-------------------------------------------------------------------------+
; Property           ; Value                                                                   ;
+--------------------+-------------------------------------------------------------------------+
; From Node          ; pll_hdmi_adj:pll_hdmi_adj|i_linecpt[2]                                  ;
; To Node            ; pll_hdmi_adj:pll_hdmi_adj|i_linecpt[2]                                  ;
; Launch Clock       ; emu|pll|pll_inst|altera_pll_i|general[1].gpll~PLL_OUTPUT_COUNTER|divclk ;
; Latch Clock        ; emu|pll|pll_inst|altera_pll_i|general[1].gpll~PLL_OUTPUT_COUNTER|divclk ;
; Data Arrival Time  ; 2.646                                                                   ;
; Data Required Time ; 2.395                                                                   ;
; Slack              ; 0.251                                                                   ;
+--------------------+-------------------------------------------------------------------------+

+-------------------------------------------------------------------------------------+
; Statistics                                                                          ;
+------------------------+-------+-------+-------------+------------+--------+--------+
; Property               ; Value ; Count ; Total Delay ; % of Total ; Min    ; Max    ;
+------------------------+-------+-------+-------------+------------+--------+--------+
; Hold Relationship      ; 0.000 ;       ;             ;            ;        ;        ;
; Clock Skew             ; 0.111 ;       ;             ;            ;        ;        ;
; Data Delay             ; 0.362 ;       ;             ;            ;        ;        ;
; Number of Logic Levels ;       ; 1     ;             ;            ;        ;        ;
; Physical Delays        ;       ;       ;             ;            ;        ;        ;
;  Arrival Path          ;       ;       ;             ;            ;        ;        ;
;   Clock                ;       ;       ;             ;            ;        ;        ;
;    IC                  ;       ; 6     ; 3.903       ; 54         ; 0.000  ; 1.825  ;
;    Cell                ;       ; 5     ; 3.313       ; 46         ; 0.279  ; 1.468  ;
;    PLL Compensation    ;       ; 1     ; -4.932      ; 0          ; -4.932 ; -4.932 ;
;   Data                 ;       ;       ;             ;            ;        ;        ;
;    IC                  ;       ; 2     ; 0.224       ; 62         ; 0.000  ; 0.224  ;
;    Cell                ;       ; 3     ; 0.138       ; 38         ; 0.000  ; 0.069  ;
;    uTco                ;       ; 1     ; 0.000       ; 0          ; 0.000  ; 0.000  ;
;  Required Path         ;       ;       ;             ;            ;        ;        ;
;   Clock                ;       ;       ;             ;            ;        ;        ;
;    IC                  ;       ; 6     ; 4.601       ; 55         ; 0.000  ; 2.228  ;
;    Cell                ;       ; 5     ; 3.723       ; 45         ; 0.304  ; 1.747  ;
;    PLL Compensation    ;       ; 1     ; -3.768      ; 0          ; -3.768 ; -3.768 ;
+------------------------+-------+-------+-------------+------------+--------+--------+
Note: Negative delays are omitted from totals when calculating percentages

+----------------------------------------------------------------------------------------------------------------------------------------------------+
; Data Arrival Path                                                                                                                                  ;
+----------+----------+----+------+--------+----------------------------+----------------------------------------------------------------------------+
; Total    ; Incr     ; RF ; Type ; Fanout ; Location                   ; Element                                                                    ;
+----------+----------+----+------+--------+----------------------------+----------------------------------------------------------------------------+
; 0.000    ; 0.000    ;    ;      ;        ;                            ; launch edge time                                                           ;
; 2.284    ; 2.284    ;    ;      ;        ;                            ; clock path                                                                 ;
;   0.000  ;   0.000  ;    ;      ;        ;                            ; source latency                                                             ;
;   0.000  ;   0.000  ;    ;      ; 1      ; PIN_Y13                    ; FPGA_CLK2_50                                                               ;
;   0.000  ;   0.000  ; RR ; IC   ; 1      ; IOIBUF_X56_Y0_N1           ; FPGA_CLK2_50~input|i                                                       ;
;   0.761  ;   0.761  ; RR ; CELL ; 2      ; IOIBUF_X56_Y0_N1           ; FPGA_CLK2_50~input|o                                                       ;
;   1.932  ;   1.171  ; RR ; IC   ; 1      ; PLLREFCLKSELECT_X89_Y7_N0  ; emu|pll|pll_inst|altera_pll_i|general[0].gpll~PLL_REFCLK_SELECT|clkin[0]   ;
;   2.240  ;   0.308  ; RR ; CELL ; 1      ; PLLREFCLKSELECT_X89_Y7_N0  ; emu|pll|pll_inst|altera_pll_i|general[0].gpll~PLL_REFCLK_SELECT|clkout     ;
;   2.240  ;   0.000  ; RR ; IC   ; 10     ; FRACTIONALPLL_X89_Y1_N0    ; emu|pll|pll_inst|altera_pll_i|general[0].gpll~FRACTIONAL_PLL|refclkin      ;
;   -2.692 ;   -4.932 ; RR ; COMP ; 3      ; FRACTIONALPLL_X89_Y1_N0    ; emu|pll|pll_inst|altera_pll_i|general[0].gpll~FRACTIONAL_PLL|vcoph[0]      ;
;   -2.692 ;   0.000  ; RR ; IC   ; 1      ; PLLOUTPUTCOUNTER_X89_Y7_N1 ; emu|pll|pll_inst|altera_pll_i|general[1].gpll~PLL_OUTPUT_COUNTER|vco0ph[0] ;
;   -1.224 ;   1.468  ; RR ; CELL ; 3      ; PLLOUTPUTCOUNTER_X89_Y7_N1 ; emu|pll|pll_inst|altera_pll_i|general[1].gpll~PLL_OUTPUT_COUNTER|divclk    ;
;   -0.317 ;   0.907  ; RR ; IC   ; 1      ; CLKCTRL_G6                 ; emu|pll|pll_inst|altera_pll_i|outclk_wire[1]~CLKENA0|inclk                 ;
;   -0.038 ;   0.279  ; RR ; CELL ; 7670   ; CLKCTRL_G6                 ; emu|pll|pll_inst|altera_pll_i|outclk_wire[1]~CLKENA0|outclk                ;
;   1.787  ;   1.825  ; RR ; IC   ; 1      ; FF_X55_Y28_N8              ; pll_hdmi_adj|i_linecpt[2]|clk                                              ;
;   2.284  ;   0.497  ; RR ; CELL ; 1      ; FF_X55_Y28_N8              ; pll_hdmi_adj:pll_hdmi_adj|i_linecpt[2]                                     ;
; 2.646    ; 0.362    ;    ;      ;        ;                            ; data path                                                                  ;
;   2.284  ;   0.000  ;    ; uTco ; 1      ; FF_X55_Y28_N8              ; pll_hdmi_adj:pll_hdmi_adj|i_linecpt[2]                                     ;
;   2.284  ;   0.000  ; FF ; CELL ; 2      ; FF_X55_Y28_N8              ; pll_hdmi_adj|i_linecpt[2]|q                                                ;
;   2.508  ;   0.224  ; FF ; IC   ; 2      ; LABCELL_X55_Y28_N6         ; pll_hdmi_adj|Add0~21|dataf                                                 ;
;   2.577  ;   0.069  ; FR ; CELL ; 1      ; LABCELL_X55_Y28_N6         ; pll_hdmi_adj|Add0~21|sumout                                                ;
;   2.577  ;   0.000  ; RR ; IC   ; 1      ; FF_X55_Y28_N8              ; pll_hdmi_adj|i_linecpt[2]|d                                                ;
;   2.646  ;   0.069  ; RR ; CELL ; 1      ; FF_X55_Y28_N8              ; pll_hdmi_adj:pll_hdmi_adj|i_linecpt[2]                                     ;
+----------+----------+----+------+--------+----------------------------+----------------------------------------------------------------------------+

+----------------------------------------------------------------------------------------------------------------------------------------------------+
; Data Required Path                                                                                                                                 ;
+----------+----------+----+------+--------+----------------------------+----------------------------------------------------------------------------+
; Total    ; Incr     ; RF ; Type ; Fanout ; Location                   ; Element                                                                    ;
+----------+----------+----+------+--------+----------------------------+----------------------------------------------------------------------------+
; 0.000    ; 0.000    ;    ;      ;        ;                            ; latch edge time                                                            ;
; 2.395    ; 2.395    ;    ;      ;        ;                            ; clock path                                                                 ;
;   0.000  ;   0.000  ;    ;      ;        ;                            ; source latency                                                             ;
;   0.000  ;   0.000  ;    ;      ; 1      ; PIN_Y13                    ; FPGA_CLK2_50                                                               ;
;   0.000  ;   0.000  ; RR ; IC   ; 1      ; IOIBUF_X56_Y0_N1           ; FPGA_CLK2_50~input|i                                                       ;
;   0.761  ;   0.761  ; RR ; CELL ; 2      ; IOIBUF_X56_Y0_N1           ; FPGA_CLK2_50~input|o                                                       ;
;   2.096  ;   1.335  ; RR ; IC   ; 1      ; PLLREFCLKSELECT_X89_Y7_N0  ; emu|pll|pll_inst|altera_pll_i|general[0].gpll~PLL_REFCLK_SELECT|clkin[0]   ;
;   2.429  ;   0.333  ; RR ; CELL ; 1      ; PLLREFCLKSELECT_X89_Y7_N0  ; emu|pll|pll_inst|altera_pll_i|general[0].gpll~PLL_REFCLK_SELECT|clkout     ;
;   2.429  ;   0.000  ; RR ; IC   ; 10     ; FRACTIONALPLL_X89_Y1_N0    ; emu|pll|pll_inst|altera_pll_i|general[0].gpll~FRACTIONAL_PLL|refclkin      ;
;   -1.339 ;   -3.768 ; RR ; COMP ; 3      ; FRACTIONALPLL_X89_Y1_N0    ; emu|pll|pll_inst|altera_pll_i|general[0].gpll~FRACTIONAL_PLL|vcoph[0]      ;
;   -1.339 ;   0.000  ; RR ; IC   ; 1      ; PLLOUTPUTCOUNTER_X89_Y7_N1 ; emu|pll|pll_inst|altera_pll_i|general[1].gpll~PLL_OUTPUT_COUNTER|vco0ph[0] ;
;   0.408  ;   1.747  ; RR ; CELL ; 3      ; PLLOUTPUTCOUNTER_X89_Y7_N1 ; emu|pll|pll_inst|altera_pll_i|general[1].gpll~PLL_OUTPUT_COUNTER|divclk    ;
;   1.446  ;   1.038  ; RR ; IC   ; 1      ; CLKCTRL_G6                 ; emu|pll|pll_inst|altera_pll_i|outclk_wire[1]~CLKENA0|inclk                 ;
;   1.750  ;   0.304  ; RR ; CELL ; 7670   ; CLKCTRL_G6                 ; emu|pll|pll_inst|altera_pll_i|outclk_wire[1]~CLKENA0|outclk                ;
;   3.978  ;   2.228  ; RR ; IC   ; 1      ; FF_X55_Y28_N8              ; pll_hdmi_adj|i_linecpt[2]|clk                                              ;
;   4.556  ;   0.578  ; RR ; CELL ; 1      ; FF_X55_Y28_N8              ; pll_hdmi_adj:pll_hdmi_adj|i_linecpt[2]                                     ;
;   2.395  ;   -2.161 ;    ;      ;        ;                            ; clock pessimism removed                                                    ;
; 2.395    ; 0.000    ;    ;      ;        ;                            ; clock uncertainty                                                          ;
; 2.395    ; 0.000    ;    ; uTh  ; 1      ; FF_X55_Y28_N8              ; pll_hdmi_adj:pll_hdmi_adj|i_linecpt[2]                                     ;
+----------+----------+----+------+--------+----------------------------+----------------------------------------------------------------------------+

----------------------------
; Extra Fitter Information ;
----------------------------
HTML report is unavailable in plain text report export.


Path #3: Hold slack is 0.251 
===============================================================================
+----------------------------------------------------------------------------------------------+
; Path Summary                                                                                 ;
+--------------------+-------------------------------------------------------------------------+
; Property           ; Value                                                                   ;
+--------------------+-------------------------------------------------------------------------+
; From Node          ; sys_umuldiv:ar_muldiv|sys_umul:umul|result[14]~DUPLICATE                ;
; To Node            ; sys_umuldiv:ar_muldiv|sys_umul:umul|result[14]                          ;
; Launch Clock       ; emu|pll|pll_inst|altera_pll_i|general[1].gpll~PLL_OUTPUT_COUNTER|divclk ;
; Latch Clock        ; emu|pll|pll_inst|altera_pll_i|general[1].gpll~PLL_OUTPUT_COUNTER|divclk ;
; Data Arrival Time  ; 2.658                                                                   ;
; Data Required Time ; 2.407                                                                   ;
; Slack              ; 0.251                                                                   ;
+--------------------+-------------------------------------------------------------------------+

+-------------------------------------------------------------------------------------+
; Statistics                                                                          ;
+------------------------+-------+-------+-------------+------------+--------+--------+
; Property               ; Value ; Count ; Total Delay ; % of Total ; Min    ; Max    ;
+------------------------+-------+-------+-------------+------------+--------+--------+
; Hold Relationship      ; 0.000 ;       ;             ;            ;        ;        ;
; Clock Skew             ; 0.113 ;       ;             ;            ;        ;        ;
; Data Delay             ; 0.364 ;       ;             ;            ;        ;        ;
; Number of Logic Levels ;       ; 1     ;             ;            ;        ;        ;
; Physical Delays        ;       ;       ;             ;            ;        ;        ;
;  Arrival Path          ;       ;       ;             ;            ;        ;        ;
;   Clock                ;       ;       ;             ;            ;        ;        ;
;    IC                  ;       ; 6     ; 3.913       ; 54         ; 0.000  ; 1.835  ;
;    Cell                ;       ; 5     ; 3.313       ; 46         ; 0.279  ; 1.468  ;
;    PLL Compensation    ;       ; 1     ; -4.932      ; 0          ; -4.932 ; -4.932 ;
;   Data                 ;       ;       ;             ;            ;        ;        ;
;    IC                  ;       ; 2     ; 0.224       ; 62         ; 0.000  ; 0.224  ;
;    Cell                ;       ; 3     ; 0.140       ; 38         ; 0.000  ; 0.070  ;
;    uTco                ;       ; 1     ; 0.000       ; 0          ; 0.000  ; 0.000  ;
;  Required Path         ;       ;       ;             ;            ;        ;        ;
;   Clock                ;       ;       ;             ;            ;        ;        ;
;    IC                  ;       ; 6     ; 4.611       ; 55         ; 0.000  ; 2.238  ;
;    Cell                ;       ; 5     ; 3.727       ; 45         ; 0.304  ; 1.747  ;
;    PLL Compensation    ;       ; 1     ; -3.768      ; 0          ; -3.768 ; -3.768 ;
+------------------------+-------+-------+-------------+------------+--------+--------+
Note: Negative delays are omitted from totals when calculating percentages

+----------------------------------------------------------------------------------------------------------------------------------------------------+
; Data Arrival Path                                                                                                                                  ;
+----------+----------+----+------+--------+----------------------------+----------------------------------------------------------------------------+
; Total    ; Incr     ; RF ; Type ; Fanout ; Location                   ; Element                                                                    ;
+----------+----------+----+------+--------+----------------------------+----------------------------------------------------------------------------+
; 0.000    ; 0.000    ;    ;      ;        ;                            ; launch edge time                                                           ;
; 2.294    ; 2.294    ;    ;      ;        ;                            ; clock path                                                                 ;
;   0.000  ;   0.000  ;    ;      ;        ;                            ; source latency                                                             ;
;   0.000  ;   0.000  ;    ;      ; 1      ; PIN_Y13                    ; FPGA_CLK2_50                                                               ;
;   0.000  ;   0.000  ; RR ; IC   ; 1      ; IOIBUF_X56_Y0_N1           ; FPGA_CLK2_50~input|i                                                       ;
;   0.761  ;   0.761  ; RR ; CELL ; 2      ; IOIBUF_X56_Y0_N1           ; FPGA_CLK2_50~input|o                                                       ;
;   1.932  ;   1.171  ; RR ; IC   ; 1      ; PLLREFCLKSELECT_X89_Y7_N0  ; emu|pll|pll_inst|altera_pll_i|general[0].gpll~PLL_REFCLK_SELECT|clkin[0]   ;
;   2.240  ;   0.308  ; RR ; CELL ; 1      ; PLLREFCLKSELECT_X89_Y7_N0  ; emu|pll|pll_inst|altera_pll_i|general[0].gpll~PLL_REFCLK_SELECT|clkout     ;
;   2.240  ;   0.000  ; RR ; IC   ; 10     ; FRACTIONALPLL_X89_Y1_N0    ; emu|pll|pll_inst|altera_pll_i|general[0].gpll~FRACTIONAL_PLL|refclkin      ;
;   -2.692 ;   -4.932 ; RR ; COMP ; 3      ; FRACTIONALPLL_X89_Y1_N0    ; emu|pll|pll_inst|altera_pll_i|general[0].gpll~FRACTIONAL_PLL|vcoph[0]      ;
;   -2.692 ;   0.000  ; RR ; IC   ; 1      ; PLLOUTPUTCOUNTER_X89_Y7_N1 ; emu|pll|pll_inst|altera_pll_i|general[1].gpll~PLL_OUTPUT_COUNTER|vco0ph[0] ;
;   -1.224 ;   1.468  ; RR ; CELL ; 3      ; PLLOUTPUTCOUNTER_X89_Y7_N1 ; emu|pll|pll_inst|altera_pll_i|general[1].gpll~PLL_OUTPUT_COUNTER|divclk    ;
;   -0.317 ;   0.907  ; RR ; IC   ; 1      ; CLKCTRL_G6                 ; emu|pll|pll_inst|altera_pll_i|outclk_wire[1]~CLKENA0|inclk                 ;
;   -0.038 ;   0.279  ; RR ; CELL ; 7670   ; CLKCTRL_G6                 ; emu|pll|pll_inst|altera_pll_i|outclk_wire[1]~CLKENA0|outclk                ;
;   1.797  ;   1.835  ; RR ; IC   ; 1      ; FF_X74_Y26_N14             ; ar_muldiv|umul|result[14]~DUPLICATE|clk                                    ;
;   2.294  ;   0.497  ; RR ; CELL ; 1      ; FF_X74_Y26_N14             ; sys_umuldiv:ar_muldiv|sys_umul:umul|result[14]~DUPLICATE                   ;
; 2.658    ; 0.364    ;    ;      ;        ;                            ; data path                                                                  ;
;   2.294  ;   0.000  ;    ; uTco ; 1      ; FF_X74_Y26_N14             ; sys_umuldiv:ar_muldiv|sys_umul:umul|result[14]~DUPLICATE                   ;
;   2.294  ;   0.000  ; FF ; CELL ; 1      ; FF_X74_Y26_N14             ; ar_muldiv|umul|result[14]~DUPLICATE|q                                      ;
;   2.518  ;   0.224  ; FF ; IC   ; 2      ; LABCELL_X74_Y26_N12        ; ar_muldiv|umul|Add0~37|dataf                                               ;
;   2.588  ;   0.070  ; FF ; CELL ; 2      ; LABCELL_X74_Y26_N12        ; ar_muldiv|umul|Add0~37|sumout                                              ;
;   2.588  ;   0.000  ; FF ; IC   ; 1      ; FF_X74_Y26_N13             ; ar_muldiv|umul|result[14]|d                                                ;
;   2.658  ;   0.070  ; FF ; CELL ; 1      ; FF_X74_Y26_N13             ; sys_umuldiv:ar_muldiv|sys_umul:umul|result[14]                             ;
+----------+----------+----+------+--------+----------------------------+----------------------------------------------------------------------------+

+----------------------------------------------------------------------------------------------------------------------------------------------------+
; Data Required Path                                                                                                                                 ;
+----------+----------+----+------+--------+----------------------------+----------------------------------------------------------------------------+
; Total    ; Incr     ; RF ; Type ; Fanout ; Location                   ; Element                                                                    ;
+----------+----------+----+------+--------+----------------------------+----------------------------------------------------------------------------+
; 0.000    ; 0.000    ;    ;      ;        ;                            ; latch edge time                                                            ;
; 2.407    ; 2.407    ;    ;      ;        ;                            ; clock path                                                                 ;
;   0.000  ;   0.000  ;    ;      ;        ;                            ; source latency                                                             ;
;   0.000  ;   0.000  ;    ;      ; 1      ; PIN_Y13                    ; FPGA_CLK2_50                                                               ;
;   0.000  ;   0.000  ; RR ; IC   ; 1      ; IOIBUF_X56_Y0_N1           ; FPGA_CLK2_50~input|i                                                       ;
;   0.761  ;   0.761  ; RR ; CELL ; 2      ; IOIBUF_X56_Y0_N1           ; FPGA_CLK2_50~input|o                                                       ;
;   2.096  ;   1.335  ; RR ; IC   ; 1      ; PLLREFCLKSELECT_X89_Y7_N0  ; emu|pll|pll_inst|altera_pll_i|general[0].gpll~PLL_REFCLK_SELECT|clkin[0]   ;
;   2.429  ;   0.333  ; RR ; CELL ; 1      ; PLLREFCLKSELECT_X89_Y7_N0  ; emu|pll|pll_inst|altera_pll_i|general[0].gpll~PLL_REFCLK_SELECT|clkout     ;
;   2.429  ;   0.000  ; RR ; IC   ; 10     ; FRACTIONALPLL_X89_Y1_N0    ; emu|pll|pll_inst|altera_pll_i|general[0].gpll~FRACTIONAL_PLL|refclkin      ;
;   -1.339 ;   -3.768 ; RR ; COMP ; 3      ; FRACTIONALPLL_X89_Y1_N0    ; emu|pll|pll_inst|altera_pll_i|general[0].gpll~FRACTIONAL_PLL|vcoph[0]      ;
;   -1.339 ;   0.000  ; RR ; IC   ; 1      ; PLLOUTPUTCOUNTER_X89_Y7_N1 ; emu|pll|pll_inst|altera_pll_i|general[1].gpll~PLL_OUTPUT_COUNTER|vco0ph[0] ;
;   0.408  ;   1.747  ; RR ; CELL ; 3      ; PLLOUTPUTCOUNTER_X89_Y7_N1 ; emu|pll|pll_inst|altera_pll_i|general[1].gpll~PLL_OUTPUT_COUNTER|divclk    ;
;   1.446  ;   1.038  ; RR ; IC   ; 1      ; CLKCTRL_G6                 ; emu|pll|pll_inst|altera_pll_i|outclk_wire[1]~CLKENA0|inclk                 ;
;   1.750  ;   0.304  ; RR ; CELL ; 7670   ; CLKCTRL_G6                 ; emu|pll|pll_inst|altera_pll_i|outclk_wire[1]~CLKENA0|outclk                ;
;   3.988  ;   2.238  ; RR ; IC   ; 1      ; FF_X74_Y26_N13             ; ar_muldiv|umul|result[14]|clk                                              ;
;   4.570  ;   0.582  ; RR ; CELL ; 1      ; FF_X74_Y26_N13             ; sys_umuldiv:ar_muldiv|sys_umul:umul|result[14]                             ;
;   2.407  ;   -2.163 ;    ;      ;        ;                            ; clock pessimism removed                                                    ;
; 2.407    ; 0.000    ;    ;      ;        ;                            ; clock uncertainty                                                          ;
; 2.407    ; 0.000    ;    ; uTh  ; 1      ; FF_X74_Y26_N13             ; sys_umuldiv:ar_muldiv|sys_umul:umul|result[14]                             ;
+----------+----------+----+------+--------+----------------------------+----------------------------------------------------------------------------+

----------------------------
; Extra Fitter Information ;
----------------------------
HTML report is unavailable in plain text report export.


Path #4: Hold slack is 0.254 
===============================================================================
+----------------------------------------------------------------------------------------------+
; Path Summary                                                                                 ;
+--------------------+-------------------------------------------------------------------------+
; Property           ; Value                                                                   ;
+--------------------+-------------------------------------------------------------------------+
; From Node          ; emu:emu|audio_pcm_test_source:audio_pcm_test_source|phase_left[14]      ;
; To Node            ; emu:emu|audio_pcm_test_source:audio_pcm_test_source|phase_left[14]      ;
; Launch Clock       ; emu|pll|pll_inst|altera_pll_i|general[2].gpll~PLL_OUTPUT_COUNTER|divclk ;
; Latch Clock        ; emu|pll|pll_inst|altera_pll_i|general[2].gpll~PLL_OUTPUT_COUNTER|divclk ;
; Data Arrival Time  ; 2.547                                                                   ;
; Data Required Time ; 2.293                                                                   ;
; Slack              ; 0.254                                                                   ;
+--------------------+-------------------------------------------------------------------------+

+-------------------------------------------------------------------------------------+
; Statistics                                                                          ;
+------------------------+-------+-------+-------------+------------+--------+--------+
; Property               ; Value ; Count ; Total Delay ; % of Total ; Min    ; Max    ;
+------------------------+-------+-------+-------------+------------+--------+--------+
; Hold Relationship      ; 0.000 ;       ;             ;            ;        ;        ;
; Clock Skew             ; 0.109 ;       ;             ;            ;        ;        ;
; Data Delay             ; 0.363 ;       ;             ;            ;        ;        ;
; Number of Logic Levels ;       ; 1     ;             ;            ;        ;        ;
; Physical Delays        ;       ;       ;             ;            ;        ;        ;
;  Arrival Path          ;       ;       ;             ;            ;        ;        ;
;   Clock                ;       ;       ;             ;            ;        ;        ;
;    IC                  ;       ; 6     ; 3.999       ; 56         ; 0.000  ; 1.884  ;
;    Cell                ;       ; 5     ; 3.117       ; 44         ; 0.296  ; 1.268  ;
;    PLL Compensation    ;       ; 1     ; -4.932      ; 0          ; -4.932 ; -4.932 ;
;   Data                 ;       ;       ;             ;            ;        ;        ;
;    IC                  ;       ; 2     ; 0.225       ; 62         ; 0.000  ; 0.225  ;
;    Cell                ;       ; 3     ; 0.138       ; 38         ; 0.000  ; 0.069  ;
;    uTco                ;       ; 1     ; 0.000       ; 0          ; 0.000  ; 0.000  ;
;  Required Path         ;       ;       ;             ;            ;        ;        ;
;   Clock                ;       ;       ;             ;            ;        ;        ;
;    IC                  ;       ; 6     ; 4.661       ; 57         ; 0.000  ; 2.308  ;
;    Cell                ;       ; 5     ; 3.515       ; 43         ; 0.322  ; 1.535  ;
;    PLL Compensation    ;       ; 1     ; -3.768      ; 0          ; -3.768 ; -3.768 ;
+------------------------+-------+-------+-------------+------------+--------+--------+
Note: Negative delays are omitted from totals when calculating percentages

+----------------------------------------------------------------------------------------------------------------------------------------------------+
; Data Arrival Path                                                                                                                                  ;
+----------+----------+----+------+--------+----------------------------+----------------------------------------------------------------------------+
; Total    ; Incr     ; RF ; Type ; Fanout ; Location                   ; Element                                                                    ;
+----------+----------+----+------+--------+----------------------------+----------------------------------------------------------------------------+
; 0.000    ; 0.000    ;    ;      ;        ;                            ; launch edge time                                                           ;
; 2.184    ; 2.184    ;    ;      ;        ;                            ; clock path                                                                 ;
;   0.000  ;   0.000  ;    ;      ;        ;                            ; source latency                                                             ;
;   0.000  ;   0.000  ;    ;      ; 1      ; PIN_Y13                    ; FPGA_CLK2_50                                                               ;
;   0.000  ;   0.000  ; RR ; IC   ; 1      ; IOIBUF_X56_Y0_N1           ; FPGA_CLK2_50~input|i                                                       ;
;   0.761  ;   0.761  ; RR ; CELL ; 2      ; IOIBUF_X56_Y0_N1           ; FPGA_CLK2_50~input|o                                                       ;
;   1.932  ;   1.171  ; RR ; IC   ; 1      ; PLLREFCLKSELECT_X89_Y7_N0  ; emu|pll|pll_inst|altera_pll_i|general[0].gpll~PLL_REFCLK_SELECT|clkin[0]   ;
;   2.240  ;   0.308  ; RR ; CELL ; 1      ; PLLREFCLKSELECT_X89_Y7_N0  ; emu|pll|pll_inst|altera_pll_i|general[0].gpll~PLL_REFCLK_SELECT|clkout     ;
;   2.240  ;   0.000  ; RR ; IC   ; 10     ; FRACTIONALPLL_X89_Y1_N0    ; emu|pll|pll_inst|altera_pll_i|general[0].gpll~FRACTIONAL_PLL|refclkin      ;
;   -2.692 ;   -4.932 ; RR ; COMP ; 3      ; FRACTIONALPLL_X89_Y1_N0    ; emu|pll|pll_inst|altera_pll_i|general[0].gpll~FRACTIONAL_PLL|vcoph[0]      ;
;   -2.692 ;   0.000  ; RR ; IC   ; 1      ; PLLOUTPUTCOUNTER_X89_Y0_N1 ; emu|pll|pll_inst|altera_pll_i|general[2].gpll~PLL_OUTPUT_COUNTER|vco0ph[0] ;
;   -1.424 ;   1.268  ; RR ; CELL ; 1      ; PLLOUTPUTCOUNTER_X89_Y0_N1 ; emu|pll|pll_inst|altera_pll_i|general[2].gpll~PLL_OUTPUT_COUNTER|divclk    ;
;   -0.480 ;   0.944  ; RR ; IC   ; 1      ; CLKCTRL_G11                ; emu|pll|pll_inst|altera_pll_i|outclk_wire[2]~CLKENA0|inclk                 ;
;   -0.184 ;   0.296  ; RR ; CELL ; 36256  ; CLKCTRL_G11                ; emu|pll|pll_inst|altera_pll_i|outclk_wire[2]~CLKENA0|outclk                ;
;   1.700  ;   1.884  ; RR ; IC   ; 1      ; FF_X57_Y36_N44             ; emu|audio_pcm_test_source|phase_left[14]|clk                               ;
;   2.184  ;   0.484  ; RR ; CELL ; 1      ; FF_X57_Y36_N44             ; emu:emu|audio_pcm_test_source:audio_pcm_test_source|phase_left[14]         ;
; 2.547    ; 0.363    ;    ;      ;        ;                            ; data path                                                                  ;
;   2.184  ;   0.000  ;    ; uTco ; 1      ; FF_X57_Y36_N44             ; emu:emu|audio_pcm_test_source:audio_pcm_test_source|phase_left[14]         ;
;   2.184  ;   0.000  ; FF ; CELL ; 1      ; FF_X57_Y36_N44             ; emu|audio_pcm_test_source|phase_left[14]|q                                 ;
;   2.409  ;   0.225  ; FF ; IC   ; 2      ; LABCELL_X57_Y36_N42        ; emu|audio_pcm_test_source|Add0~69|dataf                                    ;
;   2.478  ;   0.069  ; FR ; CELL ; 1      ; LABCELL_X57_Y36_N42        ; emu|audio_pcm_test_source|Add0~69|sumout                                   ;
;   2.478  ;   0.000  ; RR ; IC   ; 1      ; FF_X57_Y36_N44             ; emu|audio_pcm_test_source|phase_left[14]|d                                 ;
;   2.547  ;   0.069  ; RR ; CELL ; 1      ; FF_X57_Y36_N44             ; emu:emu|audio_pcm_test_source:audio_pcm_test_source|phase_left[14]         ;
+----------+----------+----+------+--------+----------------------------+----------------------------------------------------------------------------+

+----------------------------------------------------------------------------------------------------------------------------------------------------+
; Data Required Path                                                                                                                                 ;
+----------+----------+----+------+--------+----------------------------+----------------------------------------------------------------------------+
; Total    ; Incr     ; RF ; Type ; Fanout ; Location                   ; Element                                                                    ;
+----------+----------+----+------+--------+----------------------------+----------------------------------------------------------------------------+
; 0.000    ; 0.000    ;    ;      ;        ;                            ; latch edge time                                                            ;
; 2.293    ; 2.293    ;    ;      ;        ;                            ; clock path                                                                 ;
;   0.000  ;   0.000  ;    ;      ;        ;                            ; source latency                                                             ;
;   0.000  ;   0.000  ;    ;      ; 1      ; PIN_Y13                    ; FPGA_CLK2_50                                                               ;
;   0.000  ;   0.000  ; RR ; IC   ; 1      ; IOIBUF_X56_Y0_N1           ; FPGA_CLK2_50~input|i                                                       ;
;   0.761  ;   0.761  ; RR ; CELL ; 2      ; IOIBUF_X56_Y0_N1           ; FPGA_CLK2_50~input|o                                                       ;
;   2.096  ;   1.335  ; RR ; IC   ; 1      ; PLLREFCLKSELECT_X89_Y7_N0  ; emu|pll|pll_inst|altera_pll_i|general[0].gpll~PLL_REFCLK_SELECT|clkin[0]   ;
;   2.429  ;   0.333  ; RR ; CELL ; 1      ; PLLREFCLKSELECT_X89_Y7_N0  ; emu|pll|pll_inst|altera_pll_i|general[0].gpll~PLL_REFCLK_SELECT|clkout     ;
;   2.429  ;   0.000  ; RR ; IC   ; 10     ; FRACTIONALPLL_X89_Y1_N0    ; emu|pll|pll_inst|altera_pll_i|general[0].gpll~FRACTIONAL_PLL|refclkin      ;
;   -1.339 ;   -3.768 ; RR ; COMP ; 3      ; FRACTIONALPLL_X89_Y1_N0    ; emu|pll|pll_inst|altera_pll_i|general[0].gpll~FRACTIONAL_PLL|vcoph[0]      ;
;   -1.339 ;   0.000  ; RR ; IC   ; 1      ; PLLOUTPUTCOUNTER_X89_Y0_N1 ; emu|pll|pll_inst|altera_pll_i|general[2].gpll~PLL_OUTPUT_COUNTER|vco0ph[0] ;
;   0.196  ;   1.535  ; RR ; CELL ; 1      ; PLLOUTPUTCOUNTER_X89_Y0_N1 ; emu|pll|pll_inst|altera_pll_i|general[2].gpll~PLL_OUTPUT_COUNTER|divclk    ;
;   1.214  ;   1.018  ; RR ; IC   ; 1      ; CLKCTRL_G11                ; emu|pll|pll_inst|altera_pll_i|outclk_wire[2]~CLKENA0|inclk                 ;
;   1.536  ;   0.322  ; RR ; CELL ; 36256  ; CLKCTRL_G11                ; emu|pll|pll_inst|altera_pll_i|outclk_wire[2]~CLKENA0|outclk                ;
;   3.844  ;   2.308  ; RR ; IC   ; 1      ; FF_X57_Y36_N44             ; emu|audio_pcm_test_source|phase_left[14]|clk                               ;
;   4.408  ;   0.564  ; RR ; CELL ; 1      ; FF_X57_Y36_N44             ; emu:emu|audio_pcm_test_source:audio_pcm_test_source|phase_left[14]         ;
;   2.293  ;   -2.115 ;    ;      ;        ;                            ; clock pessimism removed                                                    ;
; 2.293    ; 0.000    ;    ;      ;        ;                            ; clock uncertainty                                                          ;
; 2.293    ; 0.000    ;    ; uTh  ; 1      ; FF_X57_Y36_N44             ; emu:emu|audio_pcm_test_source:audio_pcm_test_source|phase_left[14]         ;
+----------+----------+----+------+--------+----------------------------+----------------------------------------------------------------------------+

----------------------------
; Extra Fitter Information ;
----------------------------
HTML report is unavailable in plain text report export.


Path #5: Hold slack is 0.254 
===============================================================================
+----------------------------------------------------------------------------------------------+
; Path Summary                                                                                 ;
+--------------------+-------------------------------------------------------------------------+
; Property           ; Value                                                                   ;
+--------------------+-------------------------------------------------------------------------+
; From Node          ; emu:emu|audio_pcm_test_source:audio_pcm_test_source|phase_right[15]     ;
; To Node            ; emu:emu|audio_pcm_test_source:audio_pcm_test_source|phase_right[15]     ;
; Launch Clock       ; emu|pll|pll_inst|altera_pll_i|general[2].gpll~PLL_OUTPUT_COUNTER|divclk ;
; Latch Clock        ; emu|pll|pll_inst|altera_pll_i|general[2].gpll~PLL_OUTPUT_COUNTER|divclk ;
; Data Arrival Time  ; 2.546                                                                   ;
; Data Required Time ; 2.292                                                                   ;
; Slack              ; 0.254                                                                   ;
+--------------------+-------------------------------------------------------------------------+

+-------------------------------------------------------------------------------------+
; Statistics                                                                          ;
+------------------------+-------+-------+-------------+------------+--------+--------+
; Property               ; Value ; Count ; Total Delay ; % of Total ; Min    ; Max    ;
+------------------------+-------+-------+-------------+------------+--------+--------+
; Hold Relationship      ; 0.000 ;       ;             ;            ;        ;        ;
; Clock Skew             ; 0.109 ;       ;             ;            ;        ;        ;
; Data Delay             ; 0.363 ;       ;             ;            ;        ;        ;
; Number of Logic Levels ;       ; 1     ;             ;            ;        ;        ;
; Physical Delays        ;       ;       ;             ;            ;        ;        ;
;  Arrival Path          ;       ;       ;             ;            ;        ;        ;
;   Clock                ;       ;       ;             ;            ;        ;        ;
;    IC                  ;       ; 6     ; 3.998       ; 56         ; 0.000  ; 1.883  ;
;    Cell                ;       ; 5     ; 3.117       ; 44         ; 0.296  ; 1.268  ;
;    PLL Compensation    ;       ; 1     ; -4.932      ; 0          ; -4.932 ; -4.932 ;
;   Data                 ;       ;       ;             ;            ;        ;        ;
;    IC                  ;       ; 2     ; 0.225       ; 62         ; 0.000  ; 0.225  ;
;    Cell                ;       ; 3     ; 0.138       ; 38         ; 0.000  ; 0.069  ;
;    uTco                ;       ; 1     ; 0.000       ; 0          ; 0.000  ; 0.000  ;
;  Required Path         ;       ;       ;             ;            ;        ;        ;
;   Clock                ;       ;       ;             ;            ;        ;        ;
;    IC                  ;       ; 6     ; 4.660       ; 57         ; 0.000  ; 2.307  ;
;    Cell                ;       ; 5     ; 3.515       ; 43         ; 0.322  ; 1.535  ;
;    PLL Compensation    ;       ; 1     ; -3.768      ; 0          ; -3.768 ; -3.768 ;
+------------------------+-------+-------+-------------+------------+--------+--------+
Note: Negative delays are omitted from totals when calculating percentages

+----------------------------------------------------------------------------------------------------------------------------------------------------+
; Data Arrival Path                                                                                                                                  ;
+----------+----------+----+------+--------+----------------------------+----------------------------------------------------------------------------+
; Total    ; Incr     ; RF ; Type ; Fanout ; Location                   ; Element                                                                    ;
+----------+----------+----+------+--------+----------------------------+----------------------------------------------------------------------------+
; 0.000    ; 0.000    ;    ;      ;        ;                            ; launch edge time                                                           ;
; 2.183    ; 2.183    ;    ;      ;        ;                            ; clock path                                                                 ;
;   0.000  ;   0.000  ;    ;      ;        ;                            ; source latency                                                             ;
;   0.000  ;   0.000  ;    ;      ; 1      ; PIN_Y13                    ; FPGA_CLK2_50                                                               ;
;   0.000  ;   0.000  ; RR ; IC   ; 1      ; IOIBUF_X56_Y0_N1           ; FPGA_CLK2_50~input|i                                                       ;
;   0.761  ;   0.761  ; RR ; CELL ; 2      ; IOIBUF_X56_Y0_N1           ; FPGA_CLK2_50~input|o                                                       ;
;   1.932  ;   1.171  ; RR ; IC   ; 1      ; PLLREFCLKSELECT_X89_Y7_N0  ; emu|pll|pll_inst|altera_pll_i|general[0].gpll~PLL_REFCLK_SELECT|clkin[0]   ;
;   2.240  ;   0.308  ; RR ; CELL ; 1      ; PLLREFCLKSELECT_X89_Y7_N0  ; emu|pll|pll_inst|altera_pll_i|general[0].gpll~PLL_REFCLK_SELECT|clkout     ;
;   2.240  ;   0.000  ; RR ; IC   ; 10     ; FRACTIONALPLL_X89_Y1_N0    ; emu|pll|pll_inst|altera_pll_i|general[0].gpll~FRACTIONAL_PLL|refclkin      ;
;   -2.692 ;   -4.932 ; RR ; COMP ; 3      ; FRACTIONALPLL_X89_Y1_N0    ; emu|pll|pll_inst|altera_pll_i|general[0].gpll~FRACTIONAL_PLL|vcoph[0]      ;
;   -2.692 ;   0.000  ; RR ; IC   ; 1      ; PLLOUTPUTCOUNTER_X89_Y0_N1 ; emu|pll|pll_inst|altera_pll_i|general[2].gpll~PLL_OUTPUT_COUNTER|vco0ph[0] ;
;   -1.424 ;   1.268  ; RR ; CELL ; 1      ; PLLOUTPUTCOUNTER_X89_Y0_N1 ; emu|pll|pll_inst|altera_pll_i|general[2].gpll~PLL_OUTPUT_COUNTER|divclk    ;
;   -0.480 ;   0.944  ; RR ; IC   ; 1      ; CLKCTRL_G11                ; emu|pll|pll_inst|altera_pll_i|outclk_wire[2]~CLKENA0|inclk                 ;
;   -0.184 ;   0.296  ; RR ; CELL ; 36256  ; CLKCTRL_G11                ; emu|pll|pll_inst|altera_pll_i|outclk_wire[2]~CLKENA0|outclk                ;
;   1.699  ;   1.883  ; RR ; IC   ; 1      ; FF_X56_Y36_N44             ; emu|audio_pcm_test_source|phase_right[15]|clk                              ;
;   2.183  ;   0.484  ; RR ; CELL ; 1      ; FF_X56_Y36_N44             ; emu:emu|audio_pcm_test_source:audio_pcm_test_source|phase_right[15]        ;
; 2.546    ; 0.363    ;    ;      ;        ;                            ; data path                                                                  ;
;   2.183  ;   0.000  ;    ; uTco ; 1      ; FF_X56_Y36_N44             ; emu:emu|audio_pcm_test_source:audio_pcm_test_source|phase_right[15]        ;
;   2.183  ;   0.000  ; FF ; CELL ; 1      ; FF_X56_Y36_N44             ; emu|audio_pcm_test_source|phase_right[15]|q                                ;
;   2.408  ;   0.225  ; FF ; IC   ; 2      ; LABCELL_X56_Y36_N42        ; emu|audio_pcm_test_source|Add1~65|dataf                                    ;
;   2.477  ;   0.069  ; FR ; CELL ; 1      ; LABCELL_X56_Y36_N42        ; emu|audio_pcm_test_source|Add1~65|sumout                                   ;
;   2.477  ;   0.000  ; RR ; IC   ; 1      ; FF_X56_Y36_N44             ; emu|audio_pcm_test_source|phase_right[15]|d                                ;
;   2.546  ;   0.069  ; RR ; CELL ; 1      ; FF_X56_Y36_N44             ; emu:emu|audio_pcm_test_source:audio_pcm_test_source|phase_right[15]        ;
+----------+----------+----+------+--------+----------------------------+----------------------------------------------------------------------------+

+----------------------------------------------------------------------------------------------------------------------------------------------------+
; Data Required Path                                                                                                                                 ;
+----------+----------+----+------+--------+----------------------------+----------------------------------------------------------------------------+
; Total    ; Incr     ; RF ; Type ; Fanout ; Location                   ; Element                                                                    ;
+----------+----------+----+------+--------+----------------------------+----------------------------------------------------------------------------+
; 0.000    ; 0.000    ;    ;      ;        ;                            ; latch edge time                                                            ;
; 2.292    ; 2.292    ;    ;      ;        ;                            ; clock path                                                                 ;
;   0.000  ;   0.000  ;    ;      ;        ;                            ; source latency                                                             ;
;   0.000  ;   0.000  ;    ;      ; 1      ; PIN_Y13                    ; FPGA_CLK2_50                                                               ;
;   0.000  ;   0.000  ; RR ; IC   ; 1      ; IOIBUF_X56_Y0_N1           ; FPGA_CLK2_50~input|i                                                       ;
;   0.761  ;   0.761  ; RR ; CELL ; 2      ; IOIBUF_X56_Y0_N1           ; FPGA_CLK2_50~input|o                                                       ;
;   2.096  ;   1.335  ; RR ; IC   ; 1      ; PLLREFCLKSELECT_X89_Y7_N0  ; emu|pll|pll_inst|altera_pll_i|general[0].gpll~PLL_REFCLK_SELECT|clkin[0]   ;
;   2.429  ;   0.333  ; RR ; CELL ; 1      ; PLLREFCLKSELECT_X89_Y7_N0  ; emu|pll|pll_inst|altera_pll_i|general[0].gpll~PLL_REFCLK_SELECT|clkout     ;
;   2.429  ;   0.000  ; RR ; IC   ; 10     ; FRACTIONALPLL_X89_Y1_N0    ; emu|pll|pll_inst|altera_pll_i|general[0].gpll~FRACTIONAL_PLL|refclkin      ;
;   -1.339 ;   -3.768 ; RR ; COMP ; 3      ; FRACTIONALPLL_X89_Y1_N0    ; emu|pll|pll_inst|altera_pll_i|general[0].gpll~FRACTIONAL_PLL|vcoph[0]      ;
;   -1.339 ;   0.000  ; RR ; IC   ; 1      ; PLLOUTPUTCOUNTER_X89_Y0_N1 ; emu|pll|pll_inst|altera_pll_i|general[2].gpll~PLL_OUTPUT_COUNTER|vco0ph[0] ;
;   0.196  ;   1.535  ; RR ; CELL ; 1      ; PLLOUTPUTCOUNTER_X89_Y0_N1 ; emu|pll|pll_inst|altera_pll_i|general[2].gpll~PLL_OUTPUT_COUNTER|divclk    ;
;   1.214  ;   1.018  ; RR ; IC   ; 1      ; CLKCTRL_G11                ; emu|pll|pll_inst|altera_pll_i|outclk_wire[2]~CLKENA0|inclk                 ;
;   1.536  ;   0.322  ; RR ; CELL ; 36256  ; CLKCTRL_G11                ; emu|pll|pll_inst|altera_pll_i|outclk_wire[2]~CLKENA0|outclk                ;
;   3.843  ;   2.307  ; RR ; IC   ; 1      ; FF_X56_Y36_N44             ; emu|audio_pcm_test_source|phase_right[15]|clk                              ;
;   4.407  ;   0.564  ; RR ; CELL ; 1      ; FF_X56_Y36_N44             ; emu:emu|audio_pcm_test_source:audio_pcm_test_source|phase_right[15]        ;
;   2.292  ;   -2.115 ;    ;      ;        ;                            ; clock pessimism removed                                                    ;
; 2.292    ; 0.000    ;    ;      ;        ;                            ; clock uncertainty                                                          ;
; 2.292    ; 0.000    ;    ; uTh  ; 1      ; FF_X56_Y36_N44             ; emu:emu|audio_pcm_test_source:audio_pcm_test_source|phase_right[15]        ;
+----------+----------+----+------+--------+----------------------------+----------------------------------------------------------------------------+

----------------------------
; Extra Fitter Information ;
----------------------------
HTML report is unavailable in plain text report export.


