----------------
; Command Info ;
----------------
Report Timing: Found 2 setup paths (0 violated).  Worst case slack is 4.869 

Tcl Command:
    report_timing -setup -file /home/vash/mister-builds/entry679/results/b_transform_iq_non_intra_weight_input.rpt -to [get_registers {*|mpeg2_h262_p_non_intra_transform:b_transform|iq_non_intra_weight*}] -npaths 2 -detail full_path

Options:
    -to [get_registers {*|mpeg2_h262_p_non_intra_transform:b_transform|iq_non_intra_weight*}] 
    -setup 
    -npaths 2 
    -detail full_path 
    -file {/home/vash/mister-builds/entry679/results/b_transform_iq_non_intra_weight_input.rpt} 

Delay Model:
    Slow 1100mV 100C Model

+---------------------------------------------------------------------------------------------------------------------------------------------------------------------------------------------------------------------------------------------------------------------------------------------------------------------------------------------------------------------------------------------------------------------------------------------------------------------------------------------------------------------------------------------------+
; Summary of Paths                                                                                                                                                                                                                                                                                                                                                                                                                                                                                                                                  ;
+-------+-----------------------------------------------------------------------------------------------------------------------------------------------------------------+----------------------------------------------------------------------------------------------------------------------------------------------------------------------------+-------------------------------------------------------------------------+-------------------------------------------------------------------------+--------------+------------+------------+
; Slack ; From Node                                                                                                                                                       ; To Node                                                                                                                                                                    ; Launch Clock                                                            ; Latch Clock                                                             ; Relationship ; Clock Skew ; Data Delay ;
+-------+-----------------------------------------------------------------------------------------------------------------------------------------------------------------+----------------------------------------------------------------------------------------------------------------------------------------------------------------------------+-------------------------------------------------------------------------+-------------------------------------------------------------------------+--------------+------------+------------+
; 4.869 ; emu:emu|mpeg2_h262_two_picture_probe:mpeg2_h262_two_picture_probe|mpeg2_h262_b_core_probe:b_controller|mpeg2_h262_p_non_intra_transform:b_transform|iq_index[0] ; emu:emu|mpeg2_h262_two_picture_probe:mpeg2_h262_two_picture_probe|mpeg2_h262_b_core_probe:b_controller|mpeg2_h262_p_non_intra_transform:b_transform|iq_non_intra_weight[7] ; emu|pll|pll_inst|altera_pll_i|general[2].gpll~PLL_OUTPUT_COUNTER|divclk ; emu|pll|pll_inst|altera_pll_i|general[2].gpll~PLL_OUTPUT_COUNTER|divclk ; 16.666       ; -0.493     ; 11.184     ;
; 4.948 ; emu:emu|mpeg2_h262_two_picture_probe:mpeg2_h262_two_picture_probe|mpeg2_h262_b_core_probe:b_controller|mpeg2_h262_p_non_intra_transform:b_transform|iq_index[2] ; emu:emu|mpeg2_h262_two_picture_probe:mpeg2_h262_two_picture_probe|mpeg2_h262_b_core_probe:b_controller|mpeg2_h262_p_non_intra_transform:b_transform|iq_non_intra_weight[7] ; emu|pll|pll_inst|altera_pll_i|general[2].gpll~PLL_OUTPUT_COUNTER|divclk ; emu|pll|pll_inst|altera_pll_i|general[2].gpll~PLL_OUTPUT_COUNTER|divclk ; 16.666       ; -0.493     ; 11.105     ;
+-------+-----------------------------------------------------------------------------------------------------------------------------------------------------------------+----------------------------------------------------------------------------------------------------------------------------------------------------------------------------+-------------------------------------------------------------------------+-------------------------------------------------------------------------+--------------+------------+------------+

Path #1: Setup slack is 4.869 
===============================================================================
+-------------------------------------------------------------------------------------------------------------------------------------------------------------------------------------------------+
; Path Summary                                                                                                                                                                                    ;
+--------------------+----------------------------------------------------------------------------------------------------------------------------------------------------------------------------+
; Property           ; Value                                                                                                                                                                      ;
+--------------------+----------------------------------------------------------------------------------------------------------------------------------------------------------------------------+
; From Node          ; emu:emu|mpeg2_h262_two_picture_probe:mpeg2_h262_two_picture_probe|mpeg2_h262_b_core_probe:b_controller|mpeg2_h262_p_non_intra_transform:b_transform|iq_index[0]            ;
; To Node            ; emu:emu|mpeg2_h262_two_picture_probe:mpeg2_h262_two_picture_probe|mpeg2_h262_b_core_probe:b_controller|mpeg2_h262_p_non_intra_transform:b_transform|iq_non_intra_weight[7] ;
; Launch Clock       ; emu|pll|pll_inst|altera_pll_i|general[2].gpll~PLL_OUTPUT_COUNTER|divclk                                                                                                    ;
; Latch Clock        ; emu|pll|pll_inst|altera_pll_i|general[2].gpll~PLL_OUTPUT_COUNTER|divclk                                                                                                    ;
; Data Arrival Time  ; 15.635                                                                                                                                                                     ;
; Data Required Time ; 20.504                                                                                                                                                                     ;
; Slack              ; 4.869                                                                                                                                                                      ;
+--------------------+----------------------------------------------------------------------------------------------------------------------------------------------------------------------------+

+--------------------------------------------------------------------------------------+
; Statistics                                                                           ;
+------------------------+--------+-------+-------------+------------+--------+--------+
; Property               ; Value  ; Count ; Total Delay ; % of Total ; Min    ; Max    ;
+------------------------+--------+-------+-------------+------------+--------+--------+
; Setup Relationship     ; 16.666 ;       ;             ;            ;        ;        ;
; Clock Skew             ; -0.493 ;       ;             ;            ;        ;        ;
; Data Delay             ; 11.184 ;       ;             ;            ;        ;        ;
; Number of Logic Levels ;        ; 6     ;             ;            ;        ;        ;
; Physical Delays        ;        ;       ;             ;            ;        ;        ;
;  Arrival Path          ;        ;       ;             ;            ;        ;        ;
;   Clock                ;        ;       ;             ;            ;        ;        ;
;    IC                  ;        ; 6     ; 4.681       ; 57         ; 0.000  ; 2.327  ;
;    Cell                ;        ; 5     ; 3.530       ; 43         ; 0.322  ; 1.535  ;
;    PLL Compensation    ;        ; 1     ; -3.760      ; 0          ; -3.760 ; -3.760 ;
;   Data                 ;        ;       ;             ;            ;        ;        ;
;    IC                  ;        ; 7     ; 7.757       ; 69         ; 0.744  ; 1.592  ;
;    Cell                ;        ; 8     ; 3.427       ; 31         ; 0.000  ; 0.613  ;
;    uTco                ;        ; 1     ; 0.000       ; 0          ; 0.000  ; 0.000  ;
;  Required Path         ;        ;       ;             ;            ;        ;        ;
;   Clock                ;        ;       ;             ;            ;        ;        ;
;    IC                  ;        ; 6     ; 4.015       ; 56         ; 0.000  ; 1.898  ;
;    Cell                ;        ; 5     ; 3.148       ; 44         ; 0.296  ; 1.268  ;
;    PLL Compensation    ;        ; 1     ; -4.918      ; 0          ; -4.918 ; -4.918 ;
+------------------------+--------+-------+-------------+------------+--------+--------+
Note: Negative delays are omitted from totals when calculating percentages

+----------------------------------------------------------------------------------------------------------------------------------------------------------------------------------------------------------------------------------------------------+
; Data Arrival Path                                                                                                                                                                                                                                  ;
+----------+----------+----+------+--------+----------------------------+----------------------------------------------------------------------------------------------------------------------------------------------------------------------------+
; Total    ; Incr     ; RF ; Type ; Fanout ; Location                   ; Element                                                                                                                                                                    ;
+----------+----------+----+------+--------+----------------------------+----------------------------------------------------------------------------------------------------------------------------------------------------------------------------+
; 0.000    ; 0.000    ;    ;      ;        ;                            ; launch edge time                                                                                                                                                           ;
; 4.451    ; 4.451    ;    ;      ;        ;                            ; clock path                                                                                                                                                                 ;
;   0.000  ;   0.000  ;    ;      ;        ;                            ; source latency                                                                                                                                                             ;
;   0.000  ;   0.000  ;    ;      ; 1      ; PIN_Y13                    ; FPGA_CLK2_50                                                                                                                                                               ;
;   0.000  ;   0.000  ; RR ; IC   ; 1      ; IOIBUF_X56_Y0_N1           ; FPGA_CLK2_50~input|i                                                                                                                                                       ;
;   0.761  ;   0.761  ; RR ; CELL ; 2      ; IOIBUF_X56_Y0_N1           ; FPGA_CLK2_50~input|o                                                                                                                                                       ;
;   2.096  ;   1.335  ; RR ; IC   ; 1      ; PLLREFCLKSELECT_X89_Y7_N0  ; emu|pll|pll_inst|altera_pll_i|general[0].gpll~PLL_REFCLK_SELECT|clkin[0]                                                                                                   ;
;   2.429  ;   0.333  ; RR ; CELL ; 1      ; PLLREFCLKSELECT_X89_Y7_N0  ; emu|pll|pll_inst|altera_pll_i|general[0].gpll~PLL_REFCLK_SELECT|clkout                                                                                                     ;
;   2.429  ;   0.000  ; RR ; IC   ; 10     ; FRACTIONALPLL_X89_Y1_N0    ; emu|pll|pll_inst|altera_pll_i|general[0].gpll~FRACTIONAL_PLL|refclkin                                                                                                      ;
;   -1.331 ;   -3.760 ; RR ; COMP ; 3      ; FRACTIONALPLL_X89_Y1_N0    ; emu|pll|pll_inst|altera_pll_i|general[0].gpll~FRACTIONAL_PLL|vcoph[0]                                                                                                      ;
;   -1.331 ;   0.000  ; RR ; IC   ; 1      ; PLLOUTPUTCOUNTER_X89_Y2_N1 ; emu|pll|pll_inst|altera_pll_i|general[2].gpll~PLL_OUTPUT_COUNTER|vco0ph[0]                                                                                                 ;
;   0.204  ;   1.535  ; RR ; CELL ; 1      ; PLLOUTPUTCOUNTER_X89_Y2_N1 ; emu|pll|pll_inst|altera_pll_i|general[2].gpll~PLL_OUTPUT_COUNTER|divclk                                                                                                    ;
;   1.223  ;   1.019  ; RR ; IC   ; 1      ; CLKCTRL_G11                ; emu|pll|pll_inst|altera_pll_i|outclk_wire[2]~CLKENA0|inclk                                                                                                                 ;
;   1.545  ;   0.322  ; RR ; CELL ; 36232  ; CLKCTRL_G11                ; emu|pll|pll_inst|altera_pll_i|outclk_wire[2]~CLKENA0|outclk                                                                                                                ;
;   3.872  ;   2.327  ; RR ; IC   ; 1      ; FF_X68_Y15_N11             ; emu|mpeg2_h262_two_picture_probe|b_controller|b_transform|iq_index[0]|clk                                                                                                  ;
;   4.451  ;   0.579  ; RR ; CELL ; 1      ; FF_X68_Y15_N11             ; emu:emu|mpeg2_h262_two_picture_probe:mpeg2_h262_two_picture_probe|mpeg2_h262_b_core_probe:b_controller|mpeg2_h262_p_non_intra_transform:b_transform|iq_index[0]            ;
; 15.635   ; 11.184   ;    ;      ;        ;                            ; data path                                                                                                                                                                  ;
;   4.451  ;   0.000  ;    ; uTco ; 1      ; FF_X68_Y15_N11             ; emu:emu|mpeg2_h262_two_picture_probe:mpeg2_h262_two_picture_probe|mpeg2_h262_b_core_probe:b_controller|mpeg2_h262_p_non_intra_transform:b_transform|iq_index[0]            ;
;   4.451  ;   0.000  ; RR ; CELL ; 35     ; FF_X68_Y15_N11             ; emu|mpeg2_h262_two_picture_probe|b_controller|b_transform|iq_index[0]|q                                                                                                    ;
;   5.195  ;   0.744  ; RR ; IC   ; 1      ; LABCELL_X66_Y15_N30        ; emu|mpeg2_h262_two_picture_probe|b_controller|b_transform|Add0~1|datab                                                                                                     ;
;   5.752  ;   0.557  ; RF ; CELL ; 9      ; LABCELL_X66_Y15_N30        ; emu|mpeg2_h262_two_picture_probe|b_controller|b_transform|Add0~1|combout                                                                                                   ;
;   6.749  ;   0.997  ; FF ; IC   ; 1      ; LABCELL_X73_Y15_N0         ; emu|mpeg2_h262_two_picture_probe|b_controller|b_transform|iq_weight_read_index[3]~5|datac                                                                                  ;
;   7.240  ;   0.491  ; FF ; CELL ; 118    ; LABCELL_X73_Y15_N0         ; emu|mpeg2_h262_two_picture_probe|b_controller|b_transform|iq_weight_read_index[3]~5|combout                                                                                ;
;   8.718  ;   1.478  ; FF ; IC   ; 1      ; LABCELL_X81_Y17_N24        ; emu|mpeg2_h262_two_picture_probe|b_controller|b_transform|matrices|non_intra_mem~676|dataa                                                                                 ;
;   9.281  ;   0.563  ; FF ; CELL ; 1      ; LABCELL_X81_Y17_N24        ; emu|mpeg2_h262_two_picture_probe|b_controller|b_transform|matrices|non_intra_mem~676|combout                                                                               ;
;   10.473 ;   1.192  ; FF ; IC   ; 1      ; LABCELL_X75_Y15_N30        ; emu|mpeg2_h262_two_picture_probe|b_controller|b_transform|matrices|non_intra_mem~677|datab                                                                                 ;
;   11.032 ;   0.559  ; FF ; CELL ; 1      ; LABCELL_X75_Y15_N30        ; emu|mpeg2_h262_two_picture_probe|b_controller|b_transform|matrices|non_intra_mem~677|combout                                                                               ;
;   11.832 ;   0.800  ; FF ; IC   ; 1      ; LABCELL_X80_Y15_N54        ; emu|mpeg2_h262_two_picture_probe|b_controller|b_transform|matrices|non_intra_mem~678|dataa                                                                                 ;
;   12.395 ;   0.563  ; FF ; CELL ; 1      ; LABCELL_X80_Y15_N54        ; emu|mpeg2_h262_two_picture_probe|b_controller|b_transform|matrices|non_intra_mem~678|combout                                                                               ;
;   13.987 ;   1.592  ; FF ; IC   ; 1      ; LABCELL_X57_Y15_N12        ; emu|mpeg2_h262_two_picture_probe|b_controller|b_transform|iq_non_intra_weight~6|dataf                                                                                      ;
;   14.068 ;   0.081  ; FF ; CELL ; 1      ; LABCELL_X57_Y15_N12        ; emu|mpeg2_h262_two_picture_probe|b_controller|b_transform|iq_non_intra_weight~6|combout                                                                                    ;
;   15.022 ;   0.954  ; FF ; IC   ; 1      ; FF_X53_Y15_N34             ; emu|mpeg2_h262_two_picture_probe|b_controller|b_transform|iq_non_intra_weight[7]|asdata                                                                                    ;
;   15.635 ;   0.613  ; FF ; CELL ; 1      ; FF_X53_Y15_N34             ; emu:emu|mpeg2_h262_two_picture_probe:mpeg2_h262_two_picture_probe|mpeg2_h262_b_core_probe:b_controller|mpeg2_h262_p_non_intra_transform:b_transform|iq_non_intra_weight[7] ;
+----------+----------+----+------+--------+----------------------------+----------------------------------------------------------------------------------------------------------------------------------------------------------------------------+

+----------------------------------------------------------------------------------------------------------------------------------------------------------------------------------------------------------------------------------------------------+
; Data Required Path                                                                                                                                                                                                                                 ;
+----------+----------+----+------+--------+----------------------------+----------------------------------------------------------------------------------------------------------------------------------------------------------------------------+
; Total    ; Incr     ; RF ; Type ; Fanout ; Location                   ; Element                                                                                                                                                                    ;
+----------+----------+----+------+--------+----------------------------+----------------------------------------------------------------------------------------------------------------------------------------------------------------------------+
; 16.666   ; 16.666   ;    ;      ;        ;                            ; latch edge time                                                                                                                                                            ;
; 20.624   ; 3.958    ;    ;      ;        ;                            ; clock path                                                                                                                                                                 ;
;   16.666 ;   0.000  ;    ;      ;        ;                            ; source latency                                                                                                                                                             ;
;   16.666 ;   0.000  ;    ;      ; 1      ; PIN_Y13                    ; FPGA_CLK2_50                                                                                                                                                               ;
;   16.666 ;   0.000  ; RR ; IC   ; 1      ; IOIBUF_X56_Y0_N1           ; FPGA_CLK2_50~input|i                                                                                                                                                       ;
;   17.427 ;   0.761  ; RR ; CELL ; 2      ; IOIBUF_X56_Y0_N1           ; FPGA_CLK2_50~input|o                                                                                                                                                       ;
;   18.598 ;   1.171  ; RR ; IC   ; 1      ; PLLREFCLKSELECT_X89_Y7_N0  ; emu|pll|pll_inst|altera_pll_i|general[0].gpll~PLL_REFCLK_SELECT|clkin[0]                                                                                                   ;
;   18.906 ;   0.308  ; RR ; CELL ; 1      ; PLLREFCLKSELECT_X89_Y7_N0  ; emu|pll|pll_inst|altera_pll_i|general[0].gpll~PLL_REFCLK_SELECT|clkout                                                                                                     ;
;   18.906 ;   0.000  ; RR ; IC   ; 10     ; FRACTIONALPLL_X89_Y1_N0    ; emu|pll|pll_inst|altera_pll_i|general[0].gpll~FRACTIONAL_PLL|refclkin                                                                                                      ;
;   13.988 ;   -4.918 ; RR ; COMP ; 3      ; FRACTIONALPLL_X89_Y1_N0    ; emu|pll|pll_inst|altera_pll_i|general[0].gpll~FRACTIONAL_PLL|vcoph[0]                                                                                                      ;
;   13.988 ;   0.000  ; RR ; IC   ; 1      ; PLLOUTPUTCOUNTER_X89_Y2_N1 ; emu|pll|pll_inst|altera_pll_i|general[2].gpll~PLL_OUTPUT_COUNTER|vco0ph[0]                                                                                                 ;
;   15.256 ;   1.268  ; RR ; CELL ; 1      ; PLLOUTPUTCOUNTER_X89_Y2_N1 ; emu|pll|pll_inst|altera_pll_i|general[2].gpll~PLL_OUTPUT_COUNTER|divclk                                                                                                    ;
;   16.202 ;   0.946  ; RR ; IC   ; 1      ; CLKCTRL_G11                ; emu|pll|pll_inst|altera_pll_i|outclk_wire[2]~CLKENA0|inclk                                                                                                                 ;
;   16.498 ;   0.296  ; RR ; CELL ; 36232  ; CLKCTRL_G11                ; emu|pll|pll_inst|altera_pll_i|outclk_wire[2]~CLKENA0|outclk                                                                                                                ;
;   18.396 ;   1.898  ; RR ; IC   ; 1      ; FF_X53_Y15_N34             ; emu|mpeg2_h262_two_picture_probe|b_controller|b_transform|iq_non_intra_weight[7]|clk                                                                                       ;
;   18.911 ;   0.515  ; RR ; CELL ; 1      ; FF_X53_Y15_N34             ; emu:emu|mpeg2_h262_two_picture_probe:mpeg2_h262_two_picture_probe|mpeg2_h262_b_core_probe:b_controller|mpeg2_h262_p_non_intra_transform:b_transform|iq_non_intra_weight[7] ;
;   20.624 ;   1.713  ;    ;      ;        ;                            ; clock pessimism removed                                                                                                                                                    ;
; 20.504   ; -0.120   ;    ;      ;        ;                            ; clock uncertainty                                                                                                                                                          ;
; 20.504   ; 0.000    ;    ; uTsu ; 1      ; FF_X53_Y15_N34             ; emu:emu|mpeg2_h262_two_picture_probe:mpeg2_h262_two_picture_probe|mpeg2_h262_b_core_probe:b_controller|mpeg2_h262_p_non_intra_transform:b_transform|iq_non_intra_weight[7] ;
+----------+----------+----+------+--------+----------------------------+----------------------------------------------------------------------------------------------------------------------------------------------------------------------------+

----------------------------
; Extra Fitter Information ;
----------------------------
HTML report is unavailable in plain text report export.


Path #2: Setup slack is 4.948 
===============================================================================
+-------------------------------------------------------------------------------------------------------------------------------------------------------------------------------------------------+
; Path Summary                                                                                                                                                                                    ;
+--------------------+----------------------------------------------------------------------------------------------------------------------------------------------------------------------------+
; Property           ; Value                                                                                                                                                                      ;
+--------------------+----------------------------------------------------------------------------------------------------------------------------------------------------------------------------+
; From Node          ; emu:emu|mpeg2_h262_two_picture_probe:mpeg2_h262_two_picture_probe|mpeg2_h262_b_core_probe:b_controller|mpeg2_h262_p_non_intra_transform:b_transform|iq_index[2]            ;
; To Node            ; emu:emu|mpeg2_h262_two_picture_probe:mpeg2_h262_two_picture_probe|mpeg2_h262_b_core_probe:b_controller|mpeg2_h262_p_non_intra_transform:b_transform|iq_non_intra_weight[7] ;
; Launch Clock       ; emu|pll|pll_inst|altera_pll_i|general[2].gpll~PLL_OUTPUT_COUNTER|divclk                                                                                                    ;
; Latch Clock        ; emu|pll|pll_inst|altera_pll_i|general[2].gpll~PLL_OUTPUT_COUNTER|divclk                                                                                                    ;
; Data Arrival Time  ; 15.556                                                                                                                                                                     ;
; Data Required Time ; 20.504                                                                                                                                                                     ;
; Slack              ; 4.948                                                                                                                                                                      ;
+--------------------+----------------------------------------------------------------------------------------------------------------------------------------------------------------------------+

+--------------------------------------------------------------------------------------+
; Statistics                                                                           ;
+------------------------+--------+-------+-------------+------------+--------+--------+
; Property               ; Value  ; Count ; Total Delay ; % of Total ; Min    ; Max    ;
+------------------------+--------+-------+-------------+------------+--------+--------+
; Setup Relationship     ; 16.666 ;       ;             ;            ;        ;        ;
; Clock Skew             ; -0.493 ;       ;             ;            ;        ;        ;
; Data Delay             ; 11.105 ;       ;             ;            ;        ;        ;
; Number of Logic Levels ;        ; 6     ;             ;            ;        ;        ;
; Physical Delays        ;        ;       ;             ;            ;        ;        ;
;  Arrival Path          ;        ;       ;             ;            ;        ;        ;
;   Clock                ;        ;       ;             ;            ;        ;        ;
;    IC                  ;        ; 6     ; 4.681       ; 57         ; 0.000  ; 2.327  ;
;    Cell                ;        ; 5     ; 3.530       ; 43         ; 0.322  ; 1.535  ;
;    PLL Compensation    ;        ; 1     ; -3.760      ; 0          ; -3.760 ; -3.760 ;
;   Data                 ;        ;       ;             ;            ;        ;        ;
;    IC                  ;        ; 7     ; 7.668       ; 69         ; 0.655  ; 1.592  ;
;    Cell                ;        ; 8     ; 3.437       ; 31         ; 0.000  ; 0.613  ;
;    uTco                ;        ; 1     ; 0.000       ; 0          ; 0.000  ; 0.000  ;
;  Required Path         ;        ;       ;             ;            ;        ;        ;
;   Clock                ;        ;       ;             ;            ;        ;        ;
;    IC                  ;        ; 6     ; 4.015       ; 56         ; 0.000  ; 1.898  ;
;    Cell                ;        ; 5     ; 3.148       ; 44         ; 0.296  ; 1.268  ;
;    PLL Compensation    ;        ; 1     ; -4.918      ; 0          ; -4.918 ; -4.918 ;
+------------------------+--------+-------+-------------+------------+--------+--------+
Note: Negative delays are omitted from totals when calculating percentages

+----------------------------------------------------------------------------------------------------------------------------------------------------------------------------------------------------------------------------------------------------+
; Data Arrival Path                                                                                                                                                                                                                                  ;
+----------+----------+----+------+--------+----------------------------+----------------------------------------------------------------------------------------------------------------------------------------------------------------------------+
; Total    ; Incr     ; RF ; Type ; Fanout ; Location                   ; Element                                                                                                                                                                    ;
+----------+----------+----+------+--------+----------------------------+----------------------------------------------------------------------------------------------------------------------------------------------------------------------------+
; 0.000    ; 0.000    ;    ;      ;        ;                            ; launch edge time                                                                                                                                                           ;
; 4.451    ; 4.451    ;    ;      ;        ;                            ; clock path                                                                                                                                                                 ;
;   0.000  ;   0.000  ;    ;      ;        ;                            ; source latency                                                                                                                                                             ;
;   0.000  ;   0.000  ;    ;      ; 1      ; PIN_Y13                    ; FPGA_CLK2_50                                                                                                                                                               ;
;   0.000  ;   0.000  ; RR ; IC   ; 1      ; IOIBUF_X56_Y0_N1           ; FPGA_CLK2_50~input|i                                                                                                                                                       ;
;   0.761  ;   0.761  ; RR ; CELL ; 2      ; IOIBUF_X56_Y0_N1           ; FPGA_CLK2_50~input|o                                                                                                                                                       ;
;   2.096  ;   1.335  ; RR ; IC   ; 1      ; PLLREFCLKSELECT_X89_Y7_N0  ; emu|pll|pll_inst|altera_pll_i|general[0].gpll~PLL_REFCLK_SELECT|clkin[0]                                                                                                   ;
;   2.429  ;   0.333  ; RR ; CELL ; 1      ; PLLREFCLKSELECT_X89_Y7_N0  ; emu|pll|pll_inst|altera_pll_i|general[0].gpll~PLL_REFCLK_SELECT|clkout                                                                                                     ;
;   2.429  ;   0.000  ; RR ; IC   ; 10     ; FRACTIONALPLL_X89_Y1_N0    ; emu|pll|pll_inst|altera_pll_i|general[0].gpll~FRACTIONAL_PLL|refclkin                                                                                                      ;
;   -1.331 ;   -3.760 ; RR ; COMP ; 3      ; FRACTIONALPLL_X89_Y1_N0    ; emu|pll|pll_inst|altera_pll_i|general[0].gpll~FRACTIONAL_PLL|vcoph[0]                                                                                                      ;
;   -1.331 ;   0.000  ; RR ; IC   ; 1      ; PLLOUTPUTCOUNTER_X89_Y2_N1 ; emu|pll|pll_inst|altera_pll_i|general[2].gpll~PLL_OUTPUT_COUNTER|vco0ph[0]                                                                                                 ;
;   0.204  ;   1.535  ; RR ; CELL ; 1      ; PLLOUTPUTCOUNTER_X89_Y2_N1 ; emu|pll|pll_inst|altera_pll_i|general[2].gpll~PLL_OUTPUT_COUNTER|divclk                                                                                                    ;
;   1.223  ;   1.019  ; RR ; IC   ; 1      ; CLKCTRL_G11                ; emu|pll|pll_inst|altera_pll_i|outclk_wire[2]~CLKENA0|inclk                                                                                                                 ;
;   1.545  ;   0.322  ; RR ; CELL ; 36232  ; CLKCTRL_G11                ; emu|pll|pll_inst|altera_pll_i|outclk_wire[2]~CLKENA0|outclk                                                                                                                ;
;   3.872  ;   2.327  ; RR ; IC   ; 1      ; FF_X68_Y15_N23             ; emu|mpeg2_h262_two_picture_probe|b_controller|b_transform|iq_index[2]|clk                                                                                                  ;
;   4.451  ;   0.579  ; RR ; CELL ; 1      ; FF_X68_Y15_N23             ; emu:emu|mpeg2_h262_two_picture_probe:mpeg2_h262_two_picture_probe|mpeg2_h262_b_core_probe:b_controller|mpeg2_h262_p_non_intra_transform:b_transform|iq_index[2]            ;
; 15.556   ; 11.105   ;    ;      ;        ;                            ; data path                                                                                                                                                                  ;
;   4.451  ;   0.000  ;    ; uTco ; 1      ; FF_X68_Y15_N23             ; emu:emu|mpeg2_h262_two_picture_probe:mpeg2_h262_two_picture_probe|mpeg2_h262_b_core_probe:b_controller|mpeg2_h262_p_non_intra_transform:b_transform|iq_index[2]            ;
;   4.451  ;   0.000  ; RR ; CELL ; 18     ; FF_X68_Y15_N23             ; emu|mpeg2_h262_two_picture_probe|b_controller|b_transform|iq_index[2]|q                                                                                                    ;
;   5.106  ;   0.655  ; RR ; IC   ; 1      ; LABCELL_X66_Y15_N30        ; emu|mpeg2_h262_two_picture_probe|b_controller|b_transform|Add0~1|dataa                                                                                                     ;
;   5.673  ;   0.567  ; RF ; CELL ; 9      ; LABCELL_X66_Y15_N30        ; emu|mpeg2_h262_two_picture_probe|b_controller|b_transform|Add0~1|combout                                                                                                   ;
;   6.670  ;   0.997  ; FF ; IC   ; 1      ; LABCELL_X73_Y15_N0         ; emu|mpeg2_h262_two_picture_probe|b_controller|b_transform|iq_weight_read_index[3]~5|datac                                                                                  ;
;   7.161  ;   0.491  ; FF ; CELL ; 118    ; LABCELL_X73_Y15_N0         ; emu|mpeg2_h262_two_picture_probe|b_controller|b_transform|iq_weight_read_index[3]~5|combout                                                                                ;
;   8.639  ;   1.478  ; FF ; IC   ; 1      ; LABCELL_X81_Y17_N24        ; emu|mpeg2_h262_two_picture_probe|b_controller|b_transform|matrices|non_intra_mem~676|dataa                                                                                 ;
;   9.202  ;   0.563  ; FF ; CELL ; 1      ; LABCELL_X81_Y17_N24        ; emu|mpeg2_h262_two_picture_probe|b_controller|b_transform|matrices|non_intra_mem~676|combout                                                                               ;
;   10.394 ;   1.192  ; FF ; IC   ; 1      ; LABCELL_X75_Y15_N30        ; emu|mpeg2_h262_two_picture_probe|b_controller|b_transform|matrices|non_intra_mem~677|datab                                                                                 ;
;   10.953 ;   0.559  ; FF ; CELL ; 1      ; LABCELL_X75_Y15_N30        ; emu|mpeg2_h262_two_picture_probe|b_controller|b_transform|matrices|non_intra_mem~677|combout                                                                               ;
;   11.753 ;   0.800  ; FF ; IC   ; 1      ; LABCELL_X80_Y15_N54        ; emu|mpeg2_h262_two_picture_probe|b_controller|b_transform|matrices|non_intra_mem~678|dataa                                                                                 ;
;   12.316 ;   0.563  ; FF ; CELL ; 1      ; LABCELL_X80_Y15_N54        ; emu|mpeg2_h262_two_picture_probe|b_controller|b_transform|matrices|non_intra_mem~678|combout                                                                               ;
;   13.908 ;   1.592  ; FF ; IC   ; 1      ; LABCELL_X57_Y15_N12        ; emu|mpeg2_h262_two_picture_probe|b_controller|b_transform|iq_non_intra_weight~6|dataf                                                                                      ;
;   13.989 ;   0.081  ; FF ; CELL ; 1      ; LABCELL_X57_Y15_N12        ; emu|mpeg2_h262_two_picture_probe|b_controller|b_transform|iq_non_intra_weight~6|combout                                                                                    ;
;   14.943 ;   0.954  ; FF ; IC   ; 1      ; FF_X53_Y15_N34             ; emu|mpeg2_h262_two_picture_probe|b_controller|b_transform|iq_non_intra_weight[7]|asdata                                                                                    ;
;   15.556 ;   0.613  ; FF ; CELL ; 1      ; FF_X53_Y15_N34             ; emu:emu|mpeg2_h262_two_picture_probe:mpeg2_h262_two_picture_probe|mpeg2_h262_b_core_probe:b_controller|mpeg2_h262_p_non_intra_transform:b_transform|iq_non_intra_weight[7] ;
+----------+----------+----+------+--------+----------------------------+----------------------------------------------------------------------------------------------------------------------------------------------------------------------------+

+----------------------------------------------------------------------------------------------------------------------------------------------------------------------------------------------------------------------------------------------------+
; Data Required Path                                                                                                                                                                                                                                 ;
+----------+----------+----+------+--------+----------------------------+----------------------------------------------------------------------------------------------------------------------------------------------------------------------------+
; Total    ; Incr     ; RF ; Type ; Fanout ; Location                   ; Element                                                                                                                                                                    ;
+----------+----------+----+------+--------+----------------------------+----------------------------------------------------------------------------------------------------------------------------------------------------------------------------+
; 16.666   ; 16.666   ;    ;      ;        ;                            ; latch edge time                                                                                                                                                            ;
; 20.624   ; 3.958    ;    ;      ;        ;                            ; clock path                                                                                                                                                                 ;
;   16.666 ;   0.000  ;    ;      ;        ;                            ; source latency                                                                                                                                                             ;
;   16.666 ;   0.000  ;    ;      ; 1      ; PIN_Y13                    ; FPGA_CLK2_50                                                                                                                                                               ;
;   16.666 ;   0.000  ; RR ; IC   ; 1      ; IOIBUF_X56_Y0_N1           ; FPGA_CLK2_50~input|i                                                                                                                                                       ;
;   17.427 ;   0.761  ; RR ; CELL ; 2      ; IOIBUF_X56_Y0_N1           ; FPGA_CLK2_50~input|o                                                                                                                                                       ;
;   18.598 ;   1.171  ; RR ; IC   ; 1      ; PLLREFCLKSELECT_X89_Y7_N0  ; emu|pll|pll_inst|altera_pll_i|general[0].gpll~PLL_REFCLK_SELECT|clkin[0]                                                                                                   ;
;   18.906 ;   0.308  ; RR ; CELL ; 1      ; PLLREFCLKSELECT_X89_Y7_N0  ; emu|pll|pll_inst|altera_pll_i|general[0].gpll~PLL_REFCLK_SELECT|clkout                                                                                                     ;
;   18.906 ;   0.000  ; RR ; IC   ; 10     ; FRACTIONALPLL_X89_Y1_N0    ; emu|pll|pll_inst|altera_pll_i|general[0].gpll~FRACTIONAL_PLL|refclkin                                                                                                      ;
;   13.988 ;   -4.918 ; RR ; COMP ; 3      ; FRACTIONALPLL_X89_Y1_N0    ; emu|pll|pll_inst|altera_pll_i|general[0].gpll~FRACTIONAL_PLL|vcoph[0]                                                                                                      ;
;   13.988 ;   0.000  ; RR ; IC   ; 1      ; PLLOUTPUTCOUNTER_X89_Y2_N1 ; emu|pll|pll_inst|altera_pll_i|general[2].gpll~PLL_OUTPUT_COUNTER|vco0ph[0]                                                                                                 ;
;   15.256 ;   1.268  ; RR ; CELL ; 1      ; PLLOUTPUTCOUNTER_X89_Y2_N1 ; emu|pll|pll_inst|altera_pll_i|general[2].gpll~PLL_OUTPUT_COUNTER|divclk                                                                                                    ;
;   16.202 ;   0.946  ; RR ; IC   ; 1      ; CLKCTRL_G11                ; emu|pll|pll_inst|altera_pll_i|outclk_wire[2]~CLKENA0|inclk                                                                                                                 ;
;   16.498 ;   0.296  ; RR ; CELL ; 36232  ; CLKCTRL_G11                ; emu|pll|pll_inst|altera_pll_i|outclk_wire[2]~CLKENA0|outclk                                                                                                                ;
;   18.396 ;   1.898  ; RR ; IC   ; 1      ; FF_X53_Y15_N34             ; emu|mpeg2_h262_two_picture_probe|b_controller|b_transform|iq_non_intra_weight[7]|clk                                                                                       ;
;   18.911 ;   0.515  ; RR ; CELL ; 1      ; FF_X53_Y15_N34             ; emu:emu|mpeg2_h262_two_picture_probe:mpeg2_h262_two_picture_probe|mpeg2_h262_b_core_probe:b_controller|mpeg2_h262_p_non_intra_transform:b_transform|iq_non_intra_weight[7] ;
;   20.624 ;   1.713  ;    ;      ;        ;                            ; clock pessimism removed                                                                                                                                                    ;
; 20.504   ; -0.120   ;    ;      ;        ;                            ; clock uncertainty                                                                                                                                                          ;
; 20.504   ; 0.000    ;    ; uTsu ; 1      ; FF_X53_Y15_N34             ; emu:emu|mpeg2_h262_two_picture_probe:mpeg2_h262_two_picture_probe|mpeg2_h262_b_core_probe:b_controller|mpeg2_h262_p_non_intra_transform:b_transform|iq_non_intra_weight[7] ;
+----------+----------+----+------+--------+----------------------------+----------------------------------------------------------------------------------------------------------------------------------------------------------------------------+

----------------------------
; Extra Fitter Information ;
----------------------------
HTML report is unavailable in plain text report export.


